make[2]: Entering directory '/home/albresky/repos/openwrt-6.x/scripts/config'
make[2]: 'conf' is up to date.
make[2]: Leaving directory '/home/albresky/repos/openwrt-6.x/scripts/config'
Makefile:41: warning: overriding recipe for target '/home/albresky/repos/openwrt-6.x/build_dir/target-aarch64_cortex-a53_musl/linux-qualcommax_ipq60xx/tmp/libwrt-qualcommax-ipq60xx-jdcloud_ax1800-pro-squashfs-sysupgrade.bin'
Makefile:41: warning: ignoring old recipe for target '/home/albresky/repos/openwrt-6.x/build_dir/target-aarch64_cortex-a53_musl/linux-qualcommax_ipq60xx/tmp/libwrt-qualcommax-ipq60xx-jdcloud_ax1800-pro-squashfs-sysupgrade.bin'
Makefile:41: warning: overriding recipe for target '/home/albresky/repos/openwrt-6.x/bin/targets/qualcommax/ipq60xx/libwrt-qualcommax-ipq60xx-jdcloud_ax1800-pro-squashfs-sysupgrade.bin.gz'
Makefile:41: warning: ignoring old recipe for target '/home/albresky/repos/openwrt-6.x/bin/targets/qualcommax/ipq60xx/libwrt-qualcommax-ipq60xx-jdcloud_ax1800-pro-squashfs-sysupgrade.bin.gz'
Makefile:41: warning: overriding recipe for target '/home/albresky/repos/openwrt-6.x/bin/targets/qualcommax/ipq60xx/libwrt-qualcommax-ipq60xx-jdcloud_ax1800-pro-squashfs-sysupgrade.bin'
Makefile:41: warning: ignoring old recipe for target '/home/albresky/repos/openwrt-6.x/bin/targets/qualcommax/ipq60xx/libwrt-qualcommax-ipq60xx-jdcloud_ax1800-pro-squashfs-sysupgrade.bin'
Makefile:41: warning: overriding recipe for target '/home/albresky/repos/openwrt-6.x/build_dir/target-aarch64_cortex-a53_musl/json_info_files/libwrt-qualcommax-ipq60xx-jdcloud_ax1800-pro-squashfs-sysupgrade.bin.json'
Makefile:41: warning: ignoring old recipe for target '/home/albresky/repos/openwrt-6.x/build_dir/target-aarch64_cortex-a53_musl/json_info_files/libwrt-qualcommax-ipq60xx-jdcloud_ax1800-pro-squashfs-sysupgrade.bin.json'
Makefile:41: warning: overriding recipe for target '/home/albresky/repos/openwrt-6.x/build_dir/target-aarch64_cortex-a53_musl/linux-qualcommax_ipq60xx/tmp/libwrt-qualcommax-ipq60xx-jdcloud_ax6600-squashfs-sysupgrade.bin'
Makefile:41: warning: ignoring old recipe for target '/home/albresky/repos/openwrt-6.x/build_dir/target-aarch64_cortex-a53_musl/linux-qualcommax_ipq60xx/tmp/libwrt-qualcommax-ipq60xx-jdcloud_ax6600-squashfs-sysupgrade.bin'
Makefile:41: warning: overriding recipe for target '/home/albresky/repos/openwrt-6.x/bin/targets/qualcommax/ipq60xx/libwrt-qualcommax-ipq60xx-jdcloud_ax6600-squashfs-sysupgrade.bin.gz'
Makefile:41: warning: ignoring old recipe for target '/home/albresky/repos/openwrt-6.x/bin/targets/qualcommax/ipq60xx/libwrt-qualcommax-ipq60xx-jdcloud_ax6600-squashfs-sysupgrade.bin.gz'
Makefile:41: warning: overriding recipe for target '/home/albresky/repos/openwrt-6.x/bin/targets/qualcommax/ipq60xx/libwrt-qualcommax-ipq60xx-jdcloud_ax6600-squashfs-sysupgrade.bin'
Makefile:41: warning: ignoring old recipe for target '/home/albresky/repos/openwrt-6.x/bin/targets/qualcommax/ipq60xx/libwrt-qualcommax-ipq60xx-jdcloud_ax6600-squashfs-sysupgrade.bin'
Makefile:41: warning: overriding recipe for target '/home/albresky/repos/openwrt-6.x/build_dir/target-aarch64_cortex-a53_musl/json_info_files/libwrt-qualcommax-ipq60xx-jdcloud_ax6600-squashfs-sysupgrade.bin.json'
Makefile:41: warning: ignoring old recipe for target '/home/albresky/repos/openwrt-6.x/build_dir/target-aarch64_cortex-a53_musl/json_info_files/libwrt-qualcommax-ipq60xx-jdcloud_ax6600-squashfs-sysupgrade.bin.json'
Makefile:41: warning: overriding recipe for target '/home/albresky/repos/openwrt-6.x/build_dir/target-aarch64_cortex-a53_musl/linux-qualcommax_ipq60xx/tmp/libwrt-qualcommax-ipq60xx-redmi_ax5-jdcloud-squashfs-sysupgrade.bin'
Makefile:41: warning: ignoring old recipe for target '/home/albresky/repos/openwrt-6.x/build_dir/target-aarch64_cortex-a53_musl/linux-qualcommax_ipq60xx/tmp/libwrt-qualcommax-ipq60xx-redmi_ax5-jdcloud-squashfs-sysupgrade.bin'
Makefile:41: warning: overriding recipe for target '/home/albresky/repos/openwrt-6.x/bin/targets/qualcommax/ipq60xx/libwrt-qualcommax-ipq60xx-redmi_ax5-jdcloud-squashfs-sysupgrade.bin.gz'
Makefile:41: warning: ignoring old recipe for target '/home/albresky/repos/openwrt-6.x/bin/targets/qualcommax/ipq60xx/libwrt-qualcommax-ipq60xx-redmi_ax5-jdcloud-squashfs-sysupgrade.bin.gz'
Makefile:41: warning: overriding recipe for target '/home/albresky/repos/openwrt-6.x/bin/targets/qualcommax/ipq60xx/libwrt-qualcommax-ipq60xx-redmi_ax5-jdcloud-squashfs-sysupgrade.bin'
Makefile:41: warning: ignoring old recipe for target '/home/albresky/repos/openwrt-6.x/bin/targets/qualcommax/ipq60xx/libwrt-qualcommax-ipq60xx-redmi_ax5-jdcloud-squashfs-sysupgrade.bin'
Makefile:41: warning: overriding recipe for target '/home/albresky/repos/openwrt-6.x/build_dir/target-aarch64_cortex-a53_musl/json_info_files/libwrt-qualcommax-ipq60xx-redmi_ax5-jdcloud-squashfs-sysupgrade.bin.json'
Makefile:41: warning: ignoring old recipe for target '/home/albresky/repos/openwrt-6.x/build_dir/target-aarch64_cortex-a53_musl/json_info_files/libwrt-qualcommax-ipq60xx-redmi_ax5-jdcloud-squashfs-sysupgrade.bin.json'
time: target/linux/prereq#0.09#0.22#0.30
WARNING: your configuration is out of sync. Please run make menuconfig, oldconfig or defconfig!
make[1]: Entering directory '/home/albresky/repos/openwrt-6.x'
make[2]: Entering directory '/home/albresky/repos/openwrt-6.x'
+ mkdir -p /home/albresky/repos/openwrt-6.x/staging_dir/target-aarch64_cortex-a53_musl
+ cd /home/albresky/repos/openwrt-6.x/staging_dir/target-aarch64_cortex-a53_musl
+ mkdir -p bin lib stamp usr/include usr/lib
mkdir -p /home/albresky/repos/openwrt-6.x/build_dir/target-aarch64_cortex-a53_musl/stamp
touch /home/albresky/repos/openwrt-6.x/staging_dir/target-aarch64_cortex-a53_musl/.prepared
make[3]: Entering directory '/home/albresky/repos/openwrt-6.x/target/linux'
make[4]: Entering directory '/home/albresky/repos/openwrt-6.x/target/linux/qualcommax'
rm -f /home/albresky/repos/openwrt-6.x/build_dir/target-aarch64_cortex-a53_musl/linux-qualcommax_ipq60xx/linux-6.6.42/localversion
/home/albresky/repos/openwrt-6.x/scripts/kconfig.pl  + + /home/albresky/repos/openwrt-6.x/target/linux/generic/config-6.6 /home/albresky/repos/openwrt-6.x/target/linux/qualcommax/config-6.6 /home/albresky/repos/openwrt-6.x/target/linux/qualcommax/ipq60xx/config-default > /home/albresky/repos/openwrt-6.x/build_dir/target-aarch64_cortex-a53_musl/linux-qualcommax_ipq60xx/linux-6.6.42/.config.target
awk '/^(#[[:space:]]+)?CONFIG_KERNEL/{sub("CONFIG_KERNEL_","CONFIG_");print}' /home/albresky/repos/openwrt-6.x/.config >> /home/albresky/repos/openwrt-6.x/build_dir/target-aarch64_cortex-a53_musl/linux-qualcommax_ipq60xx/linux-6.6.42/.config.target
echo "# CONFIG_KALLSYMS_EXTRA_PASS is not set" >> /home/albresky/repos/openwrt-6.x/build_dir/target-aarch64_cortex-a53_musl/linux-qualcommax_ipq60xx/linux-6.6.42/.config.target
echo "# CONFIG_KALLSYMS_ALL is not set" >> /home/albresky/repos/openwrt-6.x/build_dir/target-aarch64_cortex-a53_musl/linux-qualcommax_ipq60xx/linux-6.6.42/.config.target
echo "CONFIG_KALLSYMS_UNCOMPRESSED=y" >> /home/albresky/repos/openwrt-6.x/build_dir/target-aarch64_cortex-a53_musl/linux-qualcommax_ipq60xx/linux-6.6.42/.config.target
/home/albresky/repos/openwrt-6.x/scripts/package-metadata.pl kconfig /home/albresky/repos/openwrt-6.x/tmp/.packageinfo /home/albresky/repos/openwrt-6.x/.config 6.6 > /home/albresky/repos/openwrt-6.x/build_dir/target-aarch64_cortex-a53_musl/linux-qualcommax_ipq60xx/linux-6.6.42/.config.override
/home/albresky/repos/openwrt-6.x/scripts/kconfig.pl 'm+' '+' /home/albresky/repos/openwrt-6.x/build_dir/target-aarch64_cortex-a53_musl/linux-qualcommax_ipq60xx/linux-6.6.42/.config.target /dev/null /home/albresky/repos/openwrt-6.x/build_dir/target-aarch64_cortex-a53_musl/linux-qualcommax_ipq60xx/linux-6.6.42/.config.override > /home/albresky/repos/openwrt-6.x/build_dir/target-aarch64_cortex-a53_musl/linux-qualcommax_ipq60xx/linux-6.6.42/.config.set
mv /home/albresky/repos/openwrt-6.x/build_dir/target-aarch64_cortex-a53_musl/linux-qualcommax_ipq60xx/linux-6.6.42/.config.set /home/albresky/repos/openwrt-6.x/build_dir/target-aarch64_cortex-a53_musl/linux-qualcommax_ipq60xx/linux-6.6.42/.config.old
grep -v INITRAMFS /home/albresky/repos/openwrt-6.x/build_dir/target-aarch64_cortex-a53_musl/linux-qualcommax_ipq60xx/linux-6.6.42/.config.old > /home/albresky/repos/openwrt-6.x/build_dir/target-aarch64_cortex-a53_musl/linux-qualcommax_ipq60xx/linux-6.6.42/.config.set
echo 'CONFIG_INITRAMFS_SOURCE=""' >> /home/albresky/repos/openwrt-6.x/build_dir/target-aarch64_cortex-a53_musl/linux-qualcommax_ipq60xx/linux-6.6.42/.config.set
echo '# CONFIG_INITRAMFS_FORCE is not set' >> /home/albresky/repos/openwrt-6.x/build_dir/target-aarch64_cortex-a53_musl/linux-qualcommax_ipq60xx/linux-6.6.42/.config.set
echo "# CONFIG_INITRAMFS_PRESERVE_MTIME is not set" >> /home/albresky/repos/openwrt-6.x/build_dir/target-aarch64_cortex-a53_musl/linux-qualcommax_ipq60xx/linux-6.6.42/.config.set
rm -rf /home/albresky/repos/openwrt-6.x/build_dir/target-aarch64_cortex-a53_musl/linux-qualcommax_ipq60xx/modules
cmp -s /home/albresky/repos/openwrt-6.x/build_dir/target-aarch64_cortex-a53_musl/linux-qualcommax_ipq60xx/linux-6.6.42/.config.set /home/albresky/repos/openwrt-6.x/build_dir/target-aarch64_cortex-a53_musl/linux-qualcommax_ipq60xx/linux-6.6.42/.config.prev || { cp /home/albresky/repos/openwrt-6.x/build_dir/target-aarch64_cortex-a53_musl/linux-qualcommax_ipq60xx/linux-6.6.42/.config.set /home/albresky/repos/openwrt-6.x/build_dir/target-aarch64_cortex-a53_musl/linux-qualcommax_ipq60xx/linux-6.6.42/.config; cp /home/albresky/repos/openwrt-6.x/build_dir/target-aarch64_cortex-a53_musl/linux-qualcommax_ipq60xx/linux-6.6.42/.config.set /home/albresky/repos/openwrt-6.x/build_dir/target-aarch64_cortex-a53_musl/linux-qualcommax_ipq60xx/linux-6.6.42/.config.prev; }
export MAKEFLAGS= ; [ -d /home/albresky/repos/openwrt-6.x/build_dir/target-aarch64_cortex-a53_musl/linux-qualcommax_ipq60xx/linux-6.6.42/user_headers ] || make -C /home/albresky/repos/openwrt-6.x/build_dir/target-aarch64_cortex-a53_musl/linux-qualcommax_ipq60xx/linux-6.6.42 KCFLAGS="-fmacro-prefix-map=/home/albresky/repos/openwrt-6.x/build_dir/target-aarch64_cortex-a53_musl=target-aarch64_cortex-a53_musl -fno-caller-saves " HOSTCFLAGS="-O2 -I/home/albresky/repos/openwrt-6.x/staging_dir/host/include  -Wall -Wmissing-prototypes -Wstrict-prototypes" CROSS_COMPILE="aarch64-openwrt-linux-musl-" ARCH="arm64" KBUILD_HAVE_NLS=no KBUILD_BUILD_USER="Albresky" KBUILD_BUILD_HOST="" KBUILD_BUILD_TIMESTAMP="Sun Jul 28 15:04:06 2024" KBUILD_BUILD_VERSION="0" KBUILD_HOSTLDFLAGS="-L/home/albresky/repos/openwrt-6.x/staging_dir/host/lib" CONFIG_SHELL="bash" V=''  cmd_syscalls=  CC="aarch64-openwrt-linux-musl-gcc" KERNELRELEASE=6.6.42  INSTALL_HDR_PATH=/home/albresky/repos/openwrt-6.x/build_dir/target-aarch64_cortex-a53_musl/linux-qualcommax_ipq60xx/linux-6.6.42/user_headers headers_install
grep '=[ym]' /home/albresky/repos/openwrt-6.x/build_dir/target-aarch64_cortex-a53_musl/linux-qualcommax_ipq60xx/linux-6.6.42/.config.set | LC_ALL=C sort | /home/albresky/repos/openwrt-6.x/staging_dir/host/bin/mkhash md5 > /home/albresky/repos/openwrt-6.x/build_dir/target-aarch64_cortex-a53_musl/linux-qualcommax_ipq60xx/linux-6.6.42/.vermagic
touch /home/albresky/repos/openwrt-6.x/build_dir/target-aarch64_cortex-a53_musl/linux-qualcommax_ipq60xx/linux-6.6.42/.configured
rm -f /home/albresky/repos/openwrt-6.x/build_dir/target-aarch64_cortex-a53_musl/linux-qualcommax_ipq60xx/linux-6.6.42/vmlinux /home/albresky/repos/openwrt-6.x/build_dir/target-aarch64_cortex-a53_musl/linux-qualcommax_ipq60xx/linux-6.6.42/System.map
make -C /home/albresky/repos/openwrt-6.x/build_dir/target-aarch64_cortex-a53_musl/linux-qualcommax_ipq60xx/linux-6.6.42 KCFLAGS="-fmacro-prefix-map=/home/albresky/repos/openwrt-6.x/build_dir/target-aarch64_cortex-a53_musl=target-aarch64_cortex-a53_musl -fno-caller-saves " HOSTCFLAGS="-O2 -I/home/albresky/repos/openwrt-6.x/staging_dir/host/include  -Wall -Wmissing-prototypes -Wstrict-prototypes" CROSS_COMPILE="aarch64-openwrt-linux-musl-" ARCH="arm64" KBUILD_HAVE_NLS=no KBUILD_BUILD_USER="Albresky" KBUILD_BUILD_HOST="" KBUILD_BUILD_TIMESTAMP="Sun Jul 28 15:04:06 2024" KBUILD_BUILD_VERSION="0" KBUILD_HOSTLDFLAGS="-L/home/albresky/repos/openwrt-6.x/staging_dir/host/lib" CONFIG_SHELL="bash" V=''  cmd_syscalls=  CC="aarch64-openwrt-linux-musl-gcc" KERNELRELEASE=6.6.42 Image modules
make[5]: Entering directory '/home/albresky/repos/openwrt-6.x/build_dir/target-aarch64_cortex-a53_musl/linux-qualcommax_ipq60xx/linux-6.6.42'
  UPD     init/utsversion-tmp.h
  CC      init/version.o
  AR      init/built-in.a
  GEN     usr/initramfs_data.cpio
  COPY    usr/initramfs_inc_data
  AS      usr/initramfs_data.o
  AR      usr/built-in.a
  AR      built-in.a
  AR      vmlinux.a
  LD      vmlinux.o
  OBJCOPY modules.builtin.modinfo
  GEN     modules.builtin
  MODPOST Module.symvers
  UPD     include/generated/utsversion.h
  CC      init/version-timestamp.o
  LD      .tmp_vmlinux.kallsyms1
  NM      .tmp_vmlinux.kallsyms1.syms
  KSYMS   .tmp_vmlinux.kallsyms1.S
  AS      .tmp_vmlinux.kallsyms1.o
  LD      .tmp_vmlinux.kallsyms2
  NM      .tmp_vmlinux.kallsyms2.syms
  KSYMS   .tmp_vmlinux.kallsyms2.S
  AS      .tmp_vmlinux.kallsyms2.o
  LD      vmlinux
  NM      System.map
  SORTTAB vmlinux
  OBJCOPY arch/arm64/boot/Image
make[5]: Leaving directory '/home/albresky/repos/openwrt-6.x/build_dir/target-aarch64_cortex-a53_musl/linux-qualcommax_ipq60xx/linux-6.6.42'
# If .config did not change, use the previous timestamp to avoid package rebuilds
cmp -s /home/albresky/repos/openwrt-6.x/build_dir/target-aarch64_cortex-a53_musl/linux-qualcommax_ipq60xx/linux-6.6.42/.config /home/albresky/repos/openwrt-6.x/build_dir/target-aarch64_cortex-a53_musl/linux-qualcommax_ipq60xx/linux-6.6.42/.config.modules.save && mv /home/albresky/repos/openwrt-6.x/build_dir/target-aarch64_cortex-a53_musl/linux-qualcommax_ipq60xx/linux-6.6.42/.config.modules.save /home/albresky/repos/openwrt-6.x/build_dir/target-aarch64_cortex-a53_musl/linux-qualcommax_ipq60xx/linux-6.6.42/.config; cp -fpR /home/albresky/repos/openwrt-6.x/build_dir/target-aarch64_cortex-a53_musl/linux-qualcommax_ipq60xx/linux-6.6.42/.config /home/albresky/repos/openwrt-6.x/build_dir/target-aarch64_cortex-a53_musl/linux-qualcommax_ipq60xx/linux-6.6.42/.config.modules.save
touch /home/albresky/repos/openwrt-6.x/build_dir/target-aarch64_cortex-a53_musl/linux-qualcommax_ipq60xx/linux-6.6.42/.modules
make -C image compile TARGET_BUILD=
make[5]: Entering directory '/home/albresky/repos/openwrt-6.x/target/linux/qualcommax/image'
Makefile:41: warning: overriding recipe for target '/home/albresky/repos/openwrt-6.x/build_dir/target-aarch64_cortex-a53_musl/linux-qualcommax_ipq60xx/tmp/libwrt-qualcommax-ipq60xx-jdcloud_ax1800-pro-squashfs-sysupgrade.bin'
Makefile:41: warning: ignoring old recipe for target '/home/albresky/repos/openwrt-6.x/build_dir/target-aarch64_cortex-a53_musl/linux-qualcommax_ipq60xx/tmp/libwrt-qualcommax-ipq60xx-jdcloud_ax1800-pro-squashfs-sysupgrade.bin'
Makefile:41: warning: overriding recipe for target '/home/albresky/repos/openwrt-6.x/bin/targets/qualcommax/ipq60xx/libwrt-qualcommax-ipq60xx-jdcloud_ax1800-pro-squashfs-sysupgrade.bin.gz'
Makefile:41: warning: ignoring old recipe for target '/home/albresky/repos/openwrt-6.x/bin/targets/qualcommax/ipq60xx/libwrt-qualcommax-ipq60xx-jdcloud_ax1800-pro-squashfs-sysupgrade.bin.gz'
Makefile:41: warning: overriding recipe for target '/home/albresky/repos/openwrt-6.x/bin/targets/qualcommax/ipq60xx/libwrt-qualcommax-ipq60xx-jdcloud_ax1800-pro-squashfs-sysupgrade.bin'
Makefile:41: warning: ignoring old recipe for target '/home/albresky/repos/openwrt-6.x/bin/targets/qualcommax/ipq60xx/libwrt-qualcommax-ipq60xx-jdcloud_ax1800-pro-squashfs-sysupgrade.bin'
Makefile:41: warning: overriding recipe for target '/home/albresky/repos/openwrt-6.x/build_dir/target-aarch64_cortex-a53_musl/json_info_files/libwrt-qualcommax-ipq60xx-jdcloud_ax1800-pro-squashfs-sysupgrade.bin.json'
Makefile:41: warning: ignoring old recipe for target '/home/albresky/repos/openwrt-6.x/build_dir/target-aarch64_cortex-a53_musl/json_info_files/libwrt-qualcommax-ipq60xx-jdcloud_ax1800-pro-squashfs-sysupgrade.bin.json'
Makefile:41: warning: overriding recipe for target '/home/albresky/repos/openwrt-6.x/build_dir/target-aarch64_cortex-a53_musl/linux-qualcommax_ipq60xx/tmp/libwrt-qualcommax-ipq60xx-jdcloud_ax6600-squashfs-sysupgrade.bin'
Makefile:41: warning: ignoring old recipe for target '/home/albresky/repos/openwrt-6.x/build_dir/target-aarch64_cortex-a53_musl/linux-qualcommax_ipq60xx/tmp/libwrt-qualcommax-ipq60xx-jdcloud_ax6600-squashfs-sysupgrade.bin'
Makefile:41: warning: overriding recipe for target '/home/albresky/repos/openwrt-6.x/bin/targets/qualcommax/ipq60xx/libwrt-qualcommax-ipq60xx-jdcloud_ax6600-squashfs-sysupgrade.bin.gz'
Makefile:41: warning: ignoring old recipe for target '/home/albresky/repos/openwrt-6.x/bin/targets/qualcommax/ipq60xx/libwrt-qualcommax-ipq60xx-jdcloud_ax6600-squashfs-sysupgrade.bin.gz'
Makefile:41: warning: overriding recipe for target '/home/albresky/repos/openwrt-6.x/bin/targets/qualcommax/ipq60xx/libwrt-qualcommax-ipq60xx-jdcloud_ax6600-squashfs-sysupgrade.bin'
Makefile:41: warning: ignoring old recipe for target '/home/albresky/repos/openwrt-6.x/bin/targets/qualcommax/ipq60xx/libwrt-qualcommax-ipq60xx-jdcloud_ax6600-squashfs-sysupgrade.bin'
Makefile:41: warning: overriding recipe for target '/home/albresky/repos/openwrt-6.x/build_dir/target-aarch64_cortex-a53_musl/json_info_files/libwrt-qualcommax-ipq60xx-jdcloud_ax6600-squashfs-sysupgrade.bin.json'
Makefile:41: warning: ignoring old recipe for target '/home/albresky/repos/openwrt-6.x/build_dir/target-aarch64_cortex-a53_musl/json_info_files/libwrt-qualcommax-ipq60xx-jdcloud_ax6600-squashfs-sysupgrade.bin.json'
Makefile:41: warning: overriding recipe for target '/home/albresky/repos/openwrt-6.x/build_dir/target-aarch64_cortex-a53_musl/linux-qualcommax_ipq60xx/tmp/libwrt-qualcommax-ipq60xx-redmi_ax5-jdcloud-squashfs-sysupgrade.bin'
Makefile:41: warning: ignoring old recipe for target '/home/albresky/repos/openwrt-6.x/build_dir/target-aarch64_cortex-a53_musl/linux-qualcommax_ipq60xx/tmp/libwrt-qualcommax-ipq60xx-redmi_ax5-jdcloud-squashfs-sysupgrade.bin'
Makefile:41: warning: overriding recipe for target '/home/albresky/repos/openwrt-6.x/bin/targets/qualcommax/ipq60xx/libwrt-qualcommax-ipq60xx-redmi_ax5-jdcloud-squashfs-sysupgrade.bin.gz'
Makefile:41: warning: ignoring old recipe for target '/home/albresky/repos/openwrt-6.x/bin/targets/qualcommax/ipq60xx/libwrt-qualcommax-ipq60xx-redmi_ax5-jdcloud-squashfs-sysupgrade.bin.gz'
Makefile:41: warning: overriding recipe for target '/home/albresky/repos/openwrt-6.x/bin/targets/qualcommax/ipq60xx/libwrt-qualcommax-ipq60xx-redmi_ax5-jdcloud-squashfs-sysupgrade.bin'
Makefile:41: warning: ignoring old recipe for target '/home/albresky/repos/openwrt-6.x/bin/targets/qualcommax/ipq60xx/libwrt-qualcommax-ipq60xx-redmi_ax5-jdcloud-squashfs-sysupgrade.bin'
Makefile:41: warning: overriding recipe for target '/home/albresky/repos/openwrt-6.x/build_dir/target-aarch64_cortex-a53_musl/json_info_files/libwrt-qualcommax-ipq60xx-redmi_ax5-jdcloud-squashfs-sysupgrade.bin.json'
Makefile:41: warning: ignoring old recipe for target '/home/albresky/repos/openwrt-6.x/build_dir/target-aarch64_cortex-a53_musl/json_info_files/libwrt-qualcommax-ipq60xx-redmi_ax5-jdcloud-squashfs-sysupgrade.bin.json'
make[5]: Nothing to be done for 'compile'.
make[5]: Leaving directory '/home/albresky/repos/openwrt-6.x/target/linux/qualcommax/image'
make[4]: Leaving directory '/home/albresky/repos/openwrt-6.x/target/linux/qualcommax'
make[3]: Leaving directory '/home/albresky/repos/openwrt-6.x/target/linux'
time: target/linux/compile#6.30#9.31#15.51
make[2]: Leaving directory '/home/albresky/repos/openwrt-6.x'
export MAKEFLAGS= ;make -w -r buildinfo
make[2]: Entering directory '/home/albresky/repos/openwrt-6.x'
 make[3] diffconfig buildversion feedsversion
 make[4] scripts/config/conf
make[2]: Leaving directory '/home/albresky/repos/openwrt-6.x'
make[2]: Entering directory '/home/albresky/repos/openwrt-6.x'
rm -rf /home/albresky/repos/openwrt-6.x/staging_dir/target-aarch64_cortex-a53_musl/root-qualcommax
make[2]: Leaving directory '/home/albresky/repos/openwrt-6.x'
make[2]: Entering directory '/home/albresky/repos/openwrt-6.x'
make[3]: Entering directory '/home/albresky/repos/openwrt-6.x/package/libs/libjson-c'
make[3]: Leaving directory '/home/albresky/repos/openwrt-6.x/package/libs/libjson-c'
time: package/libs/libjson-c/host-compile#0.17#0.14#0.27
make[3]: Entering directory '/home/albresky/repos/openwrt-6.x/package/libs/libubox'
make[3]: Leaving directory '/home/albresky/repos/openwrt-6.x/package/libs/libubox'
time: package/libs/libubox/host-compile#0.15#0.17#0.28
make[3]: Entering directory '/home/albresky/repos/openwrt-6.x/package/system/opkg'
make[3]: Leaving directory '/home/albresky/repos/openwrt-6.x/package/system/opkg'
time: package/system/opkg/host-compile#0.15#0.19#0.30
make[3]: Entering directory '/home/albresky/repos/openwrt-6.x/package/libs/toolchain'
mkdir -p /home/albresky/repos/openwrt-6.x/staging_dir/target-aarch64_cortex-a53_musl/root-qualcommax/stamp
SHELL= flock /home/albresky/repos/openwrt-6.x/tmp/.root-copy.flock -c 'cp -fpR /home/albresky/repos/openwrt-6.x/build_dir/target-aarch64_cortex-a53_musl/toolchain/.pkgdir/libc/. /home/albresky/repos/openwrt-6.x/staging_dir/target-aarch64_cortex-a53_musl/root-qualcommax/'
touch /home/albresky/repos/openwrt-6.x/staging_dir/target-aarch64_cortex-a53_musl/root-qualcommax/stamp/.libc_installed
echo "libc" >> /home/albresky/repos/openwrt-6.x/staging_dir/target-aarch64_cortex-a53_musl/pkginfo/toolchain.default.install
mkdir -p /home/albresky/repos/openwrt-6.x/staging_dir/target-aarch64_cortex-a53_musl/root-qualcommax/stamp
echo '1' | cmp -s - /home/albresky/repos/openwrt-6.x/staging_dir/target-aarch64_cortex-a53_musl/pkginfo/libgcc.version || { echo '1' > /home/albresky/repos/openwrt-6.x/staging_dir/target-aarch64_cortex-a53_musl/pkginfo/libgcc.version;  } 
SHELL= flock /home/albresky/repos/openwrt-6.x/tmp/.root-copy.flock -c 'cp -fpR /home/albresky/repos/openwrt-6.x/build_dir/target-aarch64_cortex-a53_musl/toolchain/.pkgdir/libgcc/. /home/albresky/repos/openwrt-6.x/staging_dir/target-aarch64_cortex-a53_musl/root-qualcommax/'
touch /home/albresky/repos/openwrt-6.x/staging_dir/target-aarch64_cortex-a53_musl/root-qualcommax/stamp/.libgcc_installed
echo "libgcc" >> /home/albresky/repos/openwrt-6.x/staging_dir/target-aarch64_cortex-a53_musl/pkginfo/toolchain.default.install
mkdir -p /home/albresky/repos/openwrt-6.x/staging_dir/target-aarch64_cortex-a53_musl/root-qualcommax/stamp
echo '1' | cmp -s - /home/albresky/repos/openwrt-6.x/staging_dir/target-aarch64_cortex-a53_musl/pkginfo/libatomic.version || { echo '1' > /home/albresky/repos/openwrt-6.x/staging_dir/target-aarch64_cortex-a53_musl/pkginfo/libatomic.version;  } 
SHELL= flock /home/albresky/repos/openwrt-6.x/tmp/.root-copy.flock -c 'cp -fpR /home/albresky/repos/openwrt-6.x/build_dir/target-aarch64_cortex-a53_musl/toolchain/.pkgdir/libatomic/. /home/albresky/repos/openwrt-6.x/staging_dir/target-aarch64_cortex-a53_musl/root-qualcommax/'
touch /home/albresky/repos/openwrt-6.x/staging_dir/target-aarch64_cortex-a53_musl/root-qualcommax/stamp/.libatomic_installed
echo "libatomic" >> /home/albresky/repos/openwrt-6.x/staging_dir/target-aarch64_cortex-a53_musl/pkginfo/toolchain.default.install
mkdir -p /home/albresky/repos/openwrt-6.x/staging_dir/target-aarch64_cortex-a53_musl/root-qualcommax/stamp
echo '6' | cmp -s - /home/albresky/repos/openwrt-6.x/staging_dir/target-aarch64_cortex-a53_musl/pkginfo/libstdcpp.version || { echo '6' > /home/albresky/repos/openwrt-6.x/staging_dir/target-aarch64_cortex-a53_musl/pkginfo/libstdcpp.version;  } 
SHELL= flock /home/albresky/repos/openwrt-6.x/tmp/.root-copy.flock -c 'cp -fpR /home/albresky/repos/openwrt-6.x/build_dir/target-aarch64_cortex-a53_musl/toolchain/.pkgdir/libstdcpp/. /home/albresky/repos/openwrt-6.x/staging_dir/target-aarch64_cortex-a53_musl/root-qualcommax/'
touch /home/albresky/repos/openwrt-6.x/staging_dir/target-aarch64_cortex-a53_musl/root-qualcommax/stamp/.libstdcpp_installed
echo "libstdcpp" >> /home/albresky/repos/openwrt-6.x/staging_dir/target-aarch64_cortex-a53_musl/pkginfo/toolchain.default.install
mkdir -p /home/albresky/repos/openwrt-6.x/staging_dir/target-aarch64_cortex-a53_musl/root-qualcommax/stamp
SHELL= flock /home/albresky/repos/openwrt-6.x/tmp/.root-copy.flock -c 'cp -fpR /home/albresky/repos/openwrt-6.x/build_dir/target-aarch64_cortex-a53_musl/toolchain/.pkgdir/libpthread/. /home/albresky/repos/openwrt-6.x/staging_dir/target-aarch64_cortex-a53_musl/root-qualcommax/'
touch /home/albresky/repos/openwrt-6.x/staging_dir/target-aarch64_cortex-a53_musl/root-qualcommax/stamp/.libpthread_installed
echo "libpthread" >> /home/albresky/repos/openwrt-6.x/staging_dir/target-aarch64_cortex-a53_musl/pkginfo/toolchain.default.install
mkdir -p /home/albresky/repos/openwrt-6.x/staging_dir/target-aarch64_cortex-a53_musl/root-qualcommax/stamp
SHELL= flock /home/albresky/repos/openwrt-6.x/tmp/.root-copy.flock -c 'cp -fpR /home/albresky/repos/openwrt-6.x/build_dir/target-aarch64_cortex-a53_musl/toolchain/.pkgdir/librt/. /home/albresky/repos/openwrt-6.x/staging_dir/target-aarch64_cortex-a53_musl/root-qualcommax/'
touch /home/albresky/repos/openwrt-6.x/staging_dir/target-aarch64_cortex-a53_musl/root-qualcommax/stamp/.librt_installed
echo "librt" >> /home/albresky/repos/openwrt-6.x/staging_dir/target-aarch64_cortex-a53_musl/pkginfo/toolchain.default.install
make[3]: Leaving directory '/home/albresky/repos/openwrt-6.x/package/libs/toolchain'
time: package/libs/toolchain/compile#0.15#0.29#0.42
make[3]: Entering directory '/home/albresky/repos/openwrt-6.x/package/libs/libnl-tiny'
mkdir -p /home/albresky/repos/openwrt-6.x/staging_dir/target-aarch64_cortex-a53_musl/root-qualcommax/stamp
echo '1' | cmp -s - /home/albresky/repos/openwrt-6.x/staging_dir/target-aarch64_cortex-a53_musl/pkginfo/libnl-tiny.version || { echo '1' > /home/albresky/repos/openwrt-6.x/staging_dir/target-aarch64_cortex-a53_musl/pkginfo/libnl-tiny.version;  } 
SHELL= flock /home/albresky/repos/openwrt-6.x/tmp/.root-copy.flock -c 'cp -fpR /home/albresky/repos/openwrt-6.x/build_dir/target-aarch64_cortex-a53_musl/libnl-tiny-2023.12.05~965c4bf4/.pkgdir/libnl-tiny/. /home/albresky/repos/openwrt-6.x/staging_dir/target-aarch64_cortex-a53_musl/root-qualcommax/'
touch /home/albresky/repos/openwrt-6.x/staging_dir/target-aarch64_cortex-a53_musl/root-qualcommax/stamp/.libnl-tiny_installed
echo "libnl-tiny" >> /home/albresky/repos/openwrt-6.x/staging_dir/target-aarch64_cortex-a53_musl/pkginfo/libnl-tiny.default.install
make[3]: Leaving directory '/home/albresky/repos/openwrt-6.x/package/libs/libnl-tiny'
time: package/libs/libnl-tiny/compile#0.13#0.13#0.23
make[3]: Entering directory '/home/albresky/repos/openwrt-6.x/package/libs/libjson-c'
mkdir -p /home/albresky/repos/openwrt-6.x/staging_dir/target-aarch64_cortex-a53_musl/root-qualcommax/stamp
echo '5' | cmp -s - /home/albresky/repos/openwrt-6.x/staging_dir/target-aarch64_cortex-a53_musl/pkginfo/libjson-c.version || { echo '5' > /home/albresky/repos/openwrt-6.x/staging_dir/target-aarch64_cortex-a53_musl/pkginfo/libjson-c.version;  } 
SHELL= flock /home/albresky/repos/openwrt-6.x/tmp/.root-copy.flock -c 'cp -fpR /home/albresky/repos/openwrt-6.x/build_dir/target-aarch64_cortex-a53_musl/json-c-0.17/.pkgdir/libjson-c/. /home/albresky/repos/openwrt-6.x/staging_dir/target-aarch64_cortex-a53_musl/root-qualcommax/'
touch /home/albresky/repos/openwrt-6.x/staging_dir/target-aarch64_cortex-a53_musl/root-qualcommax/stamp/.libjson-c_installed
echo "libjson-c" >> /home/albresky/repos/openwrt-6.x/staging_dir/target-aarch64_cortex-a53_musl/pkginfo/libjson-c.default.install
make[3]: Leaving directory '/home/albresky/repos/openwrt-6.x/package/libs/libjson-c'
time: package/libs/libjson-c/compile#0.17#0.20#0.33
make[3]: Entering directory '/home/albresky/repos/openwrt-6.x/package/utils/lua'
mkdir -p /home/albresky/repos/openwrt-6.x/staging_dir/target-aarch64_cortex-a53_musl/root-qualcommax/stamp
echo '5.1.5' | cmp -s - /home/albresky/repos/openwrt-6.x/staging_dir/target-aarch64_cortex-a53_musl/pkginfo/liblua.version || { echo '5.1.5' > /home/albresky/repos/openwrt-6.x/staging_dir/target-aarch64_cortex-a53_musl/pkginfo/liblua.version;  } 
SHELL= flock /home/albresky/repos/openwrt-6.x/tmp/.root-copy.flock -c 'cp -fpR /home/albresky/repos/openwrt-6.x/build_dir/target-aarch64_cortex-a53_musl/lua-5.1.5/.pkgdir/liblua/. /home/albresky/repos/openwrt-6.x/staging_dir/target-aarch64_cortex-a53_musl/root-qualcommax/'
touch /home/albresky/repos/openwrt-6.x/staging_dir/target-aarch64_cortex-a53_musl/root-qualcommax/stamp/.liblua_installed
echo "liblua" >> /home/albresky/repos/openwrt-6.x/staging_dir/target-aarch64_cortex-a53_musl/pkginfo/lua.default.install
mkdir -p /home/albresky/repos/openwrt-6.x/staging_dir/target-aarch64_cortex-a53_musl/root-qualcommax/stamp
SHELL= flock /home/albresky/repos/openwrt-6.x/tmp/.root-copy.flock -c 'cp -fpR /home/albresky/repos/openwrt-6.x/build_dir/target-aarch64_cortex-a53_musl/lua-5.1.5/.pkgdir/lua/. /home/albresky/repos/openwrt-6.x/staging_dir/target-aarch64_cortex-a53_musl/root-qualcommax/'
touch /home/albresky/repos/openwrt-6.x/staging_dir/target-aarch64_cortex-a53_musl/root-qualcommax/stamp/.lua_installed
echo "lua" >> /home/albresky/repos/openwrt-6.x/staging_dir/target-aarch64_cortex-a53_musl/pkginfo/lua.default.install
make[3]: Leaving directory '/home/albresky/repos/openwrt-6.x/package/utils/lua'
time: package/utils/lua/compile#0.18#0.21#0.36
make[3]: Entering directory '/home/albresky/repos/openwrt-6.x/package/libs/libubox'
mkdir -p /home/albresky/repos/openwrt-6.x/staging_dir/target-aarch64_cortex-a53_musl/root-qualcommax/stamp
echo '20240329' | cmp -s - /home/albresky/repos/openwrt-6.x/staging_dir/target-aarch64_cortex-a53_musl/pkginfo/libubox.version || { echo '20240329' > /home/albresky/repos/openwrt-6.x/staging_dir/target-aarch64_cortex-a53_musl/pkginfo/libubox.version;  } 
SHELL= flock /home/albresky/repos/openwrt-6.x/tmp/.root-copy.flock -c 'cp -fpR /home/albresky/repos/openwrt-6.x/build_dir/target-aarch64_cortex-a53_musl/libubox-2024.03.29~eb9bcb64/.pkgdir/libubox/. /home/albresky/repos/openwrt-6.x/staging_dir/target-aarch64_cortex-a53_musl/root-qualcommax/'
touch /home/albresky/repos/openwrt-6.x/staging_dir/target-aarch64_cortex-a53_musl/root-qualcommax/stamp/.libubox_installed
echo "libubox" >> /home/albresky/repos/openwrt-6.x/staging_dir/target-aarch64_cortex-a53_musl/pkginfo/libubox.default.install
mkdir -p /home/albresky/repos/openwrt-6.x/staging_dir/target-aarch64_cortex-a53_musl/root-qualcommax/stamp
echo '20240329' | cmp -s - /home/albresky/repos/openwrt-6.x/staging_dir/target-aarch64_cortex-a53_musl/pkginfo/libblobmsg-json.version || { echo '20240329' > /home/albresky/repos/openwrt-6.x/staging_dir/target-aarch64_cortex-a53_musl/pkginfo/libblobmsg-json.version;  } 
SHELL= flock /home/albresky/repos/openwrt-6.x/tmp/.root-copy.flock -c 'cp -fpR /home/albresky/repos/openwrt-6.x/build_dir/target-aarch64_cortex-a53_musl/libubox-2024.03.29~eb9bcb64/.pkgdir/libblobmsg-json/. /home/albresky/repos/openwrt-6.x/staging_dir/target-aarch64_cortex-a53_musl/root-qualcommax/'
touch /home/albresky/repos/openwrt-6.x/staging_dir/target-aarch64_cortex-a53_musl/root-qualcommax/stamp/.libblobmsg-json_installed
echo "libblobmsg-json" >> /home/albresky/repos/openwrt-6.x/staging_dir/target-aarch64_cortex-a53_musl/pkginfo/libubox.default.install
mkdir -p /home/albresky/repos/openwrt-6.x/staging_dir/target-aarch64_cortex-a53_musl/root-qualcommax/stamp
SHELL= flock /home/albresky/repos/openwrt-6.x/tmp/.root-copy.flock -c 'cp -fpR /home/albresky/repos/openwrt-6.x/build_dir/target-aarch64_cortex-a53_musl/libubox-2024.03.29~eb9bcb64/.pkgdir/jshn/. /home/albresky/repos/openwrt-6.x/staging_dir/target-aarch64_cortex-a53_musl/root-qualcommax/'
touch /home/albresky/repos/openwrt-6.x/staging_dir/target-aarch64_cortex-a53_musl/root-qualcommax/stamp/.jshn_installed
echo "jshn" >> /home/albresky/repos/openwrt-6.x/staging_dir/target-aarch64_cortex-a53_musl/pkginfo/libubox.default.install
mkdir -p /home/albresky/repos/openwrt-6.x/staging_dir/target-aarch64_cortex-a53_musl/root-qualcommax/stamp
echo '20240329' | cmp -s - /home/albresky/repos/openwrt-6.x/staging_dir/target-aarch64_cortex-a53_musl/pkginfo/libjson-script.version || { echo '20240329' > /home/albresky/repos/openwrt-6.x/staging_dir/target-aarch64_cortex-a53_musl/pkginfo/libjson-script.version;  } 
SHELL= flock /home/albresky/repos/openwrt-6.x/tmp/.root-copy.flock -c 'cp -fpR /home/albresky/repos/openwrt-6.x/build_dir/target-aarch64_cortex-a53_musl/libubox-2024.03.29~eb9bcb64/.pkgdir/libjson-script/. /home/albresky/repos/openwrt-6.x/staging_dir/target-aarch64_cortex-a53_musl/root-qualcommax/'
touch /home/albresky/repos/openwrt-6.x/staging_dir/target-aarch64_cortex-a53_musl/root-qualcommax/stamp/.libjson-script_installed
echo "libjson-script" >> /home/albresky/repos/openwrt-6.x/staging_dir/target-aarch64_cortex-a53_musl/pkginfo/libubox.default.install
make[3]: Leaving directory '/home/albresky/repos/openwrt-6.x/package/libs/libubox'
time: package/libs/libubox/compile#0.17#0.27#0.41
make[3]: Entering directory '/home/albresky/repos/openwrt-6.x/package/system/ubus'
mkdir -p /home/albresky/repos/openwrt-6.x/staging_dir/target-aarch64_cortex-a53_musl/root-qualcommax/stamp
echo '20231128' | cmp -s - /home/albresky/repos/openwrt-6.x/staging_dir/target-aarch64_cortex-a53_musl/pkginfo/libubus.version || { echo '20231128' > /home/albresky/repos/openwrt-6.x/staging_dir/target-aarch64_cortex-a53_musl/pkginfo/libubus.version;  } 
SHELL= flock /home/albresky/repos/openwrt-6.x/tmp/.root-copy.flock -c 'cp -fpR /home/albresky/repos/openwrt-6.x/build_dir/target-aarch64_cortex-a53_musl/ubus-2023.11.28~f84eb599/.pkgdir/libubus/. /home/albresky/repos/openwrt-6.x/staging_dir/target-aarch64_cortex-a53_musl/root-qualcommax/'
touch /home/albresky/repos/openwrt-6.x/staging_dir/target-aarch64_cortex-a53_musl/root-qualcommax/stamp/.libubus_installed
echo "libubus" >> /home/albresky/repos/openwrt-6.x/staging_dir/target-aarch64_cortex-a53_musl/pkginfo/ubus.default.install
mkdir -p /home/albresky/repos/openwrt-6.x/staging_dir/target-aarch64_cortex-a53_musl/root-qualcommax/stamp
SHELL= flock /home/albresky/repos/openwrt-6.x/tmp/.root-copy.flock -c 'cp -fpR /home/albresky/repos/openwrt-6.x/build_dir/target-aarch64_cortex-a53_musl/ubus-2023.11.28~f84eb599/.pkgdir/libubus-lua/. /home/albresky/repos/openwrt-6.x/staging_dir/target-aarch64_cortex-a53_musl/root-qualcommax/'
touch /home/albresky/repos/openwrt-6.x/staging_dir/target-aarch64_cortex-a53_musl/root-qualcommax/stamp/.libubus-lua_installed
echo "libubus-lua" >> /home/albresky/repos/openwrt-6.x/staging_dir/target-aarch64_cortex-a53_musl/pkginfo/ubus.default.install
mkdir -p /home/albresky/repos/openwrt-6.x/staging_dir/target-aarch64_cortex-a53_musl/root-qualcommax/stamp
SHELL= flock /home/albresky/repos/openwrt-6.x/tmp/.root-copy.flock -c 'cp -fpR /home/albresky/repos/openwrt-6.x/build_dir/target-aarch64_cortex-a53_musl/ubus-2023.11.28~f84eb599/.pkgdir/ubus/. /home/albresky/repos/openwrt-6.x/staging_dir/target-aarch64_cortex-a53_musl/root-qualcommax/'
touch /home/albresky/repos/openwrt-6.x/staging_dir/target-aarch64_cortex-a53_musl/root-qualcommax/stamp/.ubus_installed
echo "ubus" >> /home/albresky/repos/openwrt-6.x/staging_dir/target-aarch64_cortex-a53_musl/pkginfo/ubus.default.install
mkdir -p /home/albresky/repos/openwrt-6.x/staging_dir/target-aarch64_cortex-a53_musl/root-qualcommax/stamp
SHELL= flock /home/albresky/repos/openwrt-6.x/tmp/.root-copy.flock -c 'cp -fpR /home/albresky/repos/openwrt-6.x/build_dir/target-aarch64_cortex-a53_musl/ubus-2023.11.28~f84eb599/.pkgdir/ubusd/. /home/albresky/repos/openwrt-6.x/staging_dir/target-aarch64_cortex-a53_musl/root-qualcommax/'
touch /home/albresky/repos/openwrt-6.x/staging_dir/target-aarch64_cortex-a53_musl/root-qualcommax/stamp/.ubusd_installed
echo "ubusd" >> /home/albresky/repos/openwrt-6.x/staging_dir/target-aarch64_cortex-a53_musl/pkginfo/ubus.default.install
make[3]: Leaving directory '/home/albresky/repos/openwrt-6.x/package/system/ubus'
time: package/system/ubus/compile#0.15#0.17#0.30
make[3]: Entering directory '/home/albresky/repos/openwrt-6.x/package/system/uci'
mkdir -p /home/albresky/repos/openwrt-6.x/staging_dir/target-aarch64_cortex-a53_musl/root-qualcommax/stamp
echo '20130104' | cmp -s - /home/albresky/repos/openwrt-6.x/staging_dir/target-aarch64_cortex-a53_musl/pkginfo/libuci.version || { echo '20130104' > /home/albresky/repos/openwrt-6.x/staging_dir/target-aarch64_cortex-a53_musl/pkginfo/libuci.version;  } 
SHELL= flock /home/albresky/repos/openwrt-6.x/tmp/.root-copy.flock -c 'cp -fpR /home/albresky/repos/openwrt-6.x/build_dir/target-aarch64_cortex-a53_musl/uci-2023.08.10~5781664d/.pkgdir/libuci/. /home/albresky/repos/openwrt-6.x/staging_dir/target-aarch64_cortex-a53_musl/root-qualcommax/'
touch /home/albresky/repos/openwrt-6.x/staging_dir/target-aarch64_cortex-a53_musl/root-qualcommax/stamp/.libuci_installed
echo "libuci" >> /home/albresky/repos/openwrt-6.x/staging_dir/target-aarch64_cortex-a53_musl/pkginfo/uci.default.install
mkdir -p /home/albresky/repos/openwrt-6.x/staging_dir/target-aarch64_cortex-a53_musl/root-qualcommax/stamp
SHELL= flock /home/albresky/repos/openwrt-6.x/tmp/.root-copy.flock -c 'cp -fpR /home/albresky/repos/openwrt-6.x/build_dir/target-aarch64_cortex-a53_musl/uci-2023.08.10~5781664d/.pkgdir/uci/. /home/albresky/repos/openwrt-6.x/staging_dir/target-aarch64_cortex-a53_musl/root-qualcommax/'
touch /home/albresky/repos/openwrt-6.x/staging_dir/target-aarch64_cortex-a53_musl/root-qualcommax/stamp/.uci_installed
echo "uci" >> /home/albresky/repos/openwrt-6.x/staging_dir/target-aarch64_cortex-a53_musl/pkginfo/uci.default.install
make[3]: Leaving directory '/home/albresky/repos/openwrt-6.x/package/system/uci'
time: package/system/uci/compile#0.14#0.17#0.31
make[3]: Entering directory '/home/albresky/repos/openwrt-6.x/package/utils/ucode'
mkdir -p /home/albresky/repos/openwrt-6.x/staging_dir/target-aarch64_cortex-a53_musl/root-qualcommax/stamp
echo '20230711' | cmp -s - /home/albresky/repos/openwrt-6.x/staging_dir/target-aarch64_cortex-a53_musl/pkginfo/libucode.version || { echo '20230711' > /home/albresky/repos/openwrt-6.x/staging_dir/target-aarch64_cortex-a53_musl/pkginfo/libucode.version;  } 
SHELL= flock /home/albresky/repos/openwrt-6.x/tmp/.root-copy.flock -c 'cp -fpR /home/albresky/repos/openwrt-6.x/build_dir/target-aarch64_cortex-a53_musl/ucode-2024.07.11~1a8a0bcf/.pkgdir/libucode/. /home/albresky/repos/openwrt-6.x/staging_dir/target-aarch64_cortex-a53_musl/root-qualcommax/'
touch /home/albresky/repos/openwrt-6.x/staging_dir/target-aarch64_cortex-a53_musl/root-qualcommax/stamp/.libucode_installed
echo "libucode" >> /home/albresky/repos/openwrt-6.x/staging_dir/target-aarch64_cortex-a53_musl/pkginfo/ucode.default.install
mkdir -p /home/albresky/repos/openwrt-6.x/staging_dir/target-aarch64_cortex-a53_musl/root-qualcommax/stamp
SHELL= flock /home/albresky/repos/openwrt-6.x/tmp/.root-copy.flock -c 'cp -fpR /home/albresky/repos/openwrt-6.x/build_dir/target-aarch64_cortex-a53_musl/ucode-2024.07.11~1a8a0bcf/.pkgdir/ucode/. /home/albresky/repos/openwrt-6.x/staging_dir/target-aarch64_cortex-a53_musl/root-qualcommax/'
touch /home/albresky/repos/openwrt-6.x/staging_dir/target-aarch64_cortex-a53_musl/root-qualcommax/stamp/.ucode_installed
echo "ucode" >> /home/albresky/repos/openwrt-6.x/staging_dir/target-aarch64_cortex-a53_musl/pkginfo/ucode.default.install
mkdir -p /home/albresky/repos/openwrt-6.x/staging_dir/target-aarch64_cortex-a53_musl/root-qualcommax/stamp
SHELL= flock /home/albresky/repos/openwrt-6.x/tmp/.root-copy.flock -c 'cp -fpR /home/albresky/repos/openwrt-6.x/build_dir/target-aarch64_cortex-a53_musl/ucode-2024.07.11~1a8a0bcf/.pkgdir/ucode-mod-fs/. /home/albresky/repos/openwrt-6.x/staging_dir/target-aarch64_cortex-a53_musl/root-qualcommax/'
touch /home/albresky/repos/openwrt-6.x/staging_dir/target-aarch64_cortex-a53_musl/root-qualcommax/stamp/.ucode-mod-fs_installed
echo "ucode-mod-fs" >> /home/albresky/repos/openwrt-6.x/staging_dir/target-aarch64_cortex-a53_musl/pkginfo/ucode.default.install
mkdir -p /home/albresky/repos/openwrt-6.x/staging_dir/target-aarch64_cortex-a53_musl/root-qualcommax/stamp
SHELL= flock /home/albresky/repos/openwrt-6.x/tmp/.root-copy.flock -c 'cp -fpR /home/albresky/repos/openwrt-6.x/build_dir/target-aarch64_cortex-a53_musl/ucode-2024.07.11~1a8a0bcf/.pkgdir/ucode-mod-math/. /home/albresky/repos/openwrt-6.x/staging_dir/target-aarch64_cortex-a53_musl/root-qualcommax/'
touch /home/albresky/repos/openwrt-6.x/staging_dir/target-aarch64_cortex-a53_musl/root-qualcommax/stamp/.ucode-mod-math_installed
echo "ucode-mod-math" >> /home/albresky/repos/openwrt-6.x/staging_dir/target-aarch64_cortex-a53_musl/pkginfo/ucode.default.install
mkdir -p /home/albresky/repos/openwrt-6.x/staging_dir/target-aarch64_cortex-a53_musl/root-qualcommax/stamp
SHELL= flock /home/albresky/repos/openwrt-6.x/tmp/.root-copy.flock -c 'cp -fpR /home/albresky/repos/openwrt-6.x/build_dir/target-aarch64_cortex-a53_musl/ucode-2024.07.11~1a8a0bcf/.pkgdir/ucode-mod-nl80211/. /home/albresky/repos/openwrt-6.x/staging_dir/target-aarch64_cortex-a53_musl/root-qualcommax/'
touch /home/albresky/repos/openwrt-6.x/staging_dir/target-aarch64_cortex-a53_musl/root-qualcommax/stamp/.ucode-mod-nl80211_installed
echo "ucode-mod-nl80211" >> /home/albresky/repos/openwrt-6.x/staging_dir/target-aarch64_cortex-a53_musl/pkginfo/ucode.default.install
mkdir -p /home/albresky/repos/openwrt-6.x/staging_dir/target-aarch64_cortex-a53_musl/root-qualcommax/stamp
SHELL= flock /home/albresky/repos/openwrt-6.x/tmp/.root-copy.flock -c 'cp -fpR /home/albresky/repos/openwrt-6.x/build_dir/target-aarch64_cortex-a53_musl/ucode-2024.07.11~1a8a0bcf/.pkgdir/ucode-mod-rtnl/. /home/albresky/repos/openwrt-6.x/staging_dir/target-aarch64_cortex-a53_musl/root-qualcommax/'
touch /home/albresky/repos/openwrt-6.x/staging_dir/target-aarch64_cortex-a53_musl/root-qualcommax/stamp/.ucode-mod-rtnl_installed
echo "ucode-mod-rtnl" >> /home/albresky/repos/openwrt-6.x/staging_dir/target-aarch64_cortex-a53_musl/pkginfo/ucode.default.install
mkdir -p /home/albresky/repos/openwrt-6.x/staging_dir/target-aarch64_cortex-a53_musl/root-qualcommax/stamp
SHELL= flock /home/albresky/repos/openwrt-6.x/tmp/.root-copy.flock -c 'cp -fpR /home/albresky/repos/openwrt-6.x/build_dir/target-aarch64_cortex-a53_musl/ucode-2024.07.11~1a8a0bcf/.pkgdir/ucode-mod-ubus/. /home/albresky/repos/openwrt-6.x/staging_dir/target-aarch64_cortex-a53_musl/root-qualcommax/'
touch /home/albresky/repos/openwrt-6.x/staging_dir/target-aarch64_cortex-a53_musl/root-qualcommax/stamp/.ucode-mod-ubus_installed
echo "ucode-mod-ubus" >> /home/albresky/repos/openwrt-6.x/staging_dir/target-aarch64_cortex-a53_musl/pkginfo/ucode.default.install
mkdir -p /home/albresky/repos/openwrt-6.x/staging_dir/target-aarch64_cortex-a53_musl/root-qualcommax/stamp
SHELL= flock /home/albresky/repos/openwrt-6.x/tmp/.root-copy.flock -c 'cp -fpR /home/albresky/repos/openwrt-6.x/build_dir/target-aarch64_cortex-a53_musl/ucode-2024.07.11~1a8a0bcf/.pkgdir/ucode-mod-uci/. /home/albresky/repos/openwrt-6.x/staging_dir/target-aarch64_cortex-a53_musl/root-qualcommax/'
touch /home/albresky/repos/openwrt-6.x/staging_dir/target-aarch64_cortex-a53_musl/root-qualcommax/stamp/.ucode-mod-uci_installed
echo "ucode-mod-uci" >> /home/albresky/repos/openwrt-6.x/staging_dir/target-aarch64_cortex-a53_musl/pkginfo/ucode.default.install
mkdir -p /home/albresky/repos/openwrt-6.x/staging_dir/target-aarch64_cortex-a53_musl/root-qualcommax/stamp
SHELL= flock /home/albresky/repos/openwrt-6.x/tmp/.root-copy.flock -c 'cp -fpR /home/albresky/repos/openwrt-6.x/build_dir/target-aarch64_cortex-a53_musl/ucode-2024.07.11~1a8a0bcf/.pkgdir/ucode-mod-uloop/. /home/albresky/repos/openwrt-6.x/staging_dir/target-aarch64_cortex-a53_musl/root-qualcommax/'
touch /home/albresky/repos/openwrt-6.x/staging_dir/target-aarch64_cortex-a53_musl/root-qualcommax/stamp/.ucode-mod-uloop_installed
echo "ucode-mod-uloop" >> /home/albresky/repos/openwrt-6.x/staging_dir/target-aarch64_cortex-a53_musl/pkginfo/ucode.default.install
make[3]: Leaving directory '/home/albresky/repos/openwrt-6.x/package/utils/ucode'
time: package/utils/ucode/compile#0.19#0.34#0.49
make[3]: Entering directory '/home/albresky/repos/openwrt-6.x/package/libs/udebug'
mkdir -p /home/albresky/repos/openwrt-6.x/staging_dir/target-aarch64_cortex-a53_musl/root-qualcommax/stamp
SHELL= flock /home/albresky/repos/openwrt-6.x/tmp/.root-copy.flock -c 'cp -fpR /home/albresky/repos/openwrt-6.x/build_dir/target-aarch64_cortex-a53_musl/udebug-2023.12.06~6d3f51f9/.pkgdir/libudebug/. /home/albresky/repos/openwrt-6.x/staging_dir/target-aarch64_cortex-a53_musl/root-qualcommax/'
touch /home/albresky/repos/openwrt-6.x/staging_dir/target-aarch64_cortex-a53_musl/root-qualcommax/stamp/.libudebug_installed
echo "libudebug" >> /home/albresky/repos/openwrt-6.x/staging_dir/target-aarch64_cortex-a53_musl/pkginfo/udebug.default.install
make[3]: Leaving directory '/home/albresky/repos/openwrt-6.x/package/libs/udebug'
time: package/libs/udebug/compile#0.14#0.17#0.30
make[3]: Entering directory '/home/albresky/repos/openwrt-6.x/package/network/config/netifd'
mkdir -p /home/albresky/repos/openwrt-6.x/staging_dir/target-aarch64_cortex-a53_musl/root-qualcommax/stamp
SHELL= flock /home/albresky/repos/openwrt-6.x/tmp/.root-copy.flock -c 'cp -fpR /home/albresky/repos/openwrt-6.x/build_dir/target-aarch64_cortex-a53_musl/netifd-2024.01.04~f01345ec/.pkgdir/netifd/. /home/albresky/repos/openwrt-6.x/staging_dir/target-aarch64_cortex-a53_musl/root-qualcommax/'
touch /home/albresky/repos/openwrt-6.x/staging_dir/target-aarch64_cortex-a53_musl/root-qualcommax/stamp/.netifd_installed
echo "netifd" >> /home/albresky/repos/openwrt-6.x/staging_dir/target-aarch64_cortex-a53_musl/pkginfo/netifd.default.install
make[3]: Leaving directory '/home/albresky/repos/openwrt-6.x/package/network/config/netifd'
time: package/network/config/netifd/compile#0.12#0.15#0.24
make[3]: Entering directory '/home/albresky/repos/openwrt-6.x/package/firmware/linux-firmware'
make[3]: Nothing to be done for 'compile'.
make[3]: Leaving directory '/home/albresky/repos/openwrt-6.x/package/firmware/linux-firmware'
time: package/firmware/linux-firmware/compile#0.13#0.10#0.22
make[3]: Entering directory '/home/albresky/repos/openwrt-6.x/package/kernel/gpio-button-hotplug'
mkdir -p /home/albresky/repos/openwrt-6.x/staging_dir/target-aarch64_cortex-a53_musl/root-qualcommax/stamp
SHELL= flock /home/albresky/repos/openwrt-6.x/tmp/.root-copy.flock -c 'cp -fpR /home/albresky/repos/openwrt-6.x/build_dir/target-aarch64_cortex-a53_musl/linux-qualcommax_ipq60xx/gpio-button-hotplug/.pkgdir/kmod-gpio-button-hotplug/. /home/albresky/repos/openwrt-6.x/staging_dir/target-aarch64_cortex-a53_musl/root-qualcommax/'
touch /home/albresky/repos/openwrt-6.x/staging_dir/target-aarch64_cortex-a53_musl/root-qualcommax/stamp/.kmod-gpio-button-hotplug_installed
echo "kmod-gpio-button-hotplug" >> /home/albresky/repos/openwrt-6.x/staging_dir/target-aarch64_cortex-a53_musl/pkginfo/gpio-button-hotplug.default.install
make[3]: Leaving directory '/home/albresky/repos/openwrt-6.x/package/kernel/gpio-button-hotplug'
time: package/kernel/gpio-button-hotplug/compile#0.14#0.12#0.24
make[3]: Entering directory '/home/albresky/repos/openwrt-6.x/package/kernel/linux'
mkdir -p /home/albresky/repos/openwrt-6.x/staging_dir/target-aarch64_cortex-a53_musl/root-qualcommax/stamp

SHELL= flock /home/albresky/repos/openwrt-6.x/tmp/.root-copy.flock -c 'cp -fpR /home/albresky/repos/openwrt-6.x/build_dir/target-aarch64_cortex-a53_musl/linux-qualcommax_ipq60xx/packages/.pkgdir/kernel/. /home/albresky/repos/openwrt-6.x/staging_dir/target-aarch64_cortex-a53_musl/root-qualcommax/'
touch /home/albresky/repos/openwrt-6.x/staging_dir/target-aarch64_cortex-a53_musl/root-qualcommax/stamp/.kernel_installed
echo "kernel" >> /home/albresky/repos/openwrt-6.x/staging_dir/target-aarch64_cortex-a53_musl/pkginfo/linux.default.install
mkdir -p /home/albresky/repos/openwrt-6.x/staging_dir/target-aarch64_cortex-a53_musl/root-qualcommax/stamp

SHELL= flock /home/albresky/repos/openwrt-6.x/tmp/.root-copy.flock -c 'cp -fpR /home/albresky/repos/openwrt-6.x/build_dir/target-aarch64_cortex-a53_musl/linux-qualcommax_ipq60xx/packages/.pkgdir/kmod-dax/. /home/albresky/repos/openwrt-6.x/staging_dir/target-aarch64_cortex-a53_musl/root-qualcommax/'
touch /home/albresky/repos/openwrt-6.x/staging_dir/target-aarch64_cortex-a53_musl/root-qualcommax/stamp/.kmod-dax_installed
echo "kmod-dax" >> /home/albresky/repos/openwrt-6.x/staging_dir/target-aarch64_cortex-a53_musl/pkginfo/linux.default.install
mkdir -p /home/albresky/repos/openwrt-6.x/staging_dir/target-aarch64_cortex-a53_musl/root-qualcommax/stamp

SHELL= flock /home/albresky/repos/openwrt-6.x/tmp/.root-copy.flock -c 'cp -fpR /home/albresky/repos/openwrt-6.x/build_dir/target-aarch64_cortex-a53_musl/linux-qualcommax_ipq60xx/packages/.pkgdir/kmod-dm/. /home/albresky/repos/openwrt-6.x/staging_dir/target-aarch64_cortex-a53_musl/root-qualcommax/'
touch /home/albresky/repos/openwrt-6.x/staging_dir/target-aarch64_cortex-a53_musl/root-qualcommax/stamp/.kmod-dm_installed
echo "kmod-dm" >> /home/albresky/repos/openwrt-6.x/staging_dir/target-aarch64_cortex-a53_musl/pkginfo/linux.default.install
mkdir -p /home/albresky/repos/openwrt-6.x/staging_dir/target-aarch64_cortex-a53_musl/root-qualcommax/stamp

SHELL= flock /home/albresky/repos/openwrt-6.x/tmp/.root-copy.flock -c 'cp -fpR /home/albresky/repos/openwrt-6.x/build_dir/target-aarch64_cortex-a53_musl/linux-qualcommax_ipq60xx/packages/.pkgdir/kmod-md-mod/. /home/albresky/repos/openwrt-6.x/staging_dir/target-aarch64_cortex-a53_musl/root-qualcommax/'
touch /home/albresky/repos/openwrt-6.x/staging_dir/target-aarch64_cortex-a53_musl/root-qualcommax/stamp/.kmod-md-mod_installed
echo "kmod-md-mod" >> /home/albresky/repos/openwrt-6.x/staging_dir/target-aarch64_cortex-a53_musl/pkginfo/linux.default.install
mkdir -p /home/albresky/repos/openwrt-6.x/staging_dir/target-aarch64_cortex-a53_musl/root-qualcommax/stamp

SHELL= flock /home/albresky/repos/openwrt-6.x/tmp/.root-copy.flock -c 'cp -fpR /home/albresky/repos/openwrt-6.x/build_dir/target-aarch64_cortex-a53_musl/linux-qualcommax_ipq60xx/packages/.pkgdir/kmod-md-raid0/. /home/albresky/repos/openwrt-6.x/staging_dir/target-aarch64_cortex-a53_musl/root-qualcommax/'
touch /home/albresky/repos/openwrt-6.x/staging_dir/target-aarch64_cortex-a53_musl/root-qualcommax/stamp/.kmod-md-raid0_installed
echo "kmod-md-raid0" >> /home/albresky/repos/openwrt-6.x/staging_dir/target-aarch64_cortex-a53_musl/pkginfo/linux.default.install
mkdir -p /home/albresky/repos/openwrt-6.x/staging_dir/target-aarch64_cortex-a53_musl/root-qualcommax/stamp

SHELL= flock /home/albresky/repos/openwrt-6.x/tmp/.root-copy.flock -c 'cp -fpR /home/albresky/repos/openwrt-6.x/build_dir/target-aarch64_cortex-a53_musl/linux-qualcommax_ipq60xx/packages/.pkgdir/kmod-md-raid1/. /home/albresky/repos/openwrt-6.x/staging_dir/target-aarch64_cortex-a53_musl/root-qualcommax/'
touch /home/albresky/repos/openwrt-6.x/staging_dir/target-aarch64_cortex-a53_musl/root-qualcommax/stamp/.kmod-md-raid1_installed
echo "kmod-md-raid1" >> /home/albresky/repos/openwrt-6.x/staging_dir/target-aarch64_cortex-a53_musl/pkginfo/linux.default.install
mkdir -p /home/albresky/repos/openwrt-6.x/staging_dir/target-aarch64_cortex-a53_musl/root-qualcommax/stamp

SHELL= flock /home/albresky/repos/openwrt-6.x/tmp/.root-copy.flock -c 'cp -fpR /home/albresky/repos/openwrt-6.x/build_dir/target-aarch64_cortex-a53_musl/linux-qualcommax_ipq60xx/packages/.pkgdir/kmod-md-raid10/. /home/albresky/repos/openwrt-6.x/staging_dir/target-aarch64_cortex-a53_musl/root-qualcommax/'
touch /home/albresky/repos/openwrt-6.x/staging_dir/target-aarch64_cortex-a53_musl/root-qualcommax/stamp/.kmod-md-raid10_installed
echo "kmod-md-raid10" >> /home/albresky/repos/openwrt-6.x/staging_dir/target-aarch64_cortex-a53_musl/pkginfo/linux.default.install
mkdir -p /home/albresky/repos/openwrt-6.x/staging_dir/target-aarch64_cortex-a53_musl/root-qualcommax/stamp

SHELL= flock /home/albresky/repos/openwrt-6.x/tmp/.root-copy.flock -c 'cp -fpR /home/albresky/repos/openwrt-6.x/build_dir/target-aarch64_cortex-a53_musl/linux-qualcommax_ipq60xx/packages/.pkgdir/kmod-md-raid456/. /home/albresky/repos/openwrt-6.x/staging_dir/target-aarch64_cortex-a53_musl/root-qualcommax/'
touch /home/albresky/repos/openwrt-6.x/staging_dir/target-aarch64_cortex-a53_musl/root-qualcommax/stamp/.kmod-md-raid456_installed
echo "kmod-md-raid456" >> /home/albresky/repos/openwrt-6.x/staging_dir/target-aarch64_cortex-a53_musl/pkginfo/linux.default.install
mkdir -p /home/albresky/repos/openwrt-6.x/staging_dir/target-aarch64_cortex-a53_musl/root-qualcommax/stamp

SHELL= flock /home/albresky/repos/openwrt-6.x/tmp/.root-copy.flock -c 'cp -fpR /home/albresky/repos/openwrt-6.x/build_dir/target-aarch64_cortex-a53_musl/linux-qualcommax_ipq60xx/packages/.pkgdir/kmod-crypto-acompress/. /home/albresky/repos/openwrt-6.x/staging_dir/target-aarch64_cortex-a53_musl/root-qualcommax/'
touch /home/albresky/repos/openwrt-6.x/staging_dir/target-aarch64_cortex-a53_musl/root-qualcommax/stamp/.kmod-crypto-acompress_installed
echo "kmod-crypto-acompress" >> /home/albresky/repos/openwrt-6.x/staging_dir/target-aarch64_cortex-a53_musl/pkginfo/linux.default.install
mkdir -p /home/albresky/repos/openwrt-6.x/staging_dir/target-aarch64_cortex-a53_musl/root-qualcommax/stamp

SHELL= flock /home/albresky/repos/openwrt-6.x/tmp/.root-copy.flock -c 'cp -fpR /home/albresky/repos/openwrt-6.x/build_dir/target-aarch64_cortex-a53_musl/linux-qualcommax_ipq60xx/packages/.pkgdir/kmod-crypto-aead/. /home/albresky/repos/openwrt-6.x/staging_dir/target-aarch64_cortex-a53_musl/root-qualcommax/'
touch /home/albresky/repos/openwrt-6.x/staging_dir/target-aarch64_cortex-a53_musl/root-qualcommax/stamp/.kmod-crypto-aead_installed
echo "kmod-crypto-aead" >> /home/albresky/repos/openwrt-6.x/staging_dir/target-aarch64_cortex-a53_musl/pkginfo/linux.default.install
mkdir -p /home/albresky/repos/openwrt-6.x/staging_dir/target-aarch64_cortex-a53_musl/root-qualcommax/stamp

SHELL= flock /home/albresky/repos/openwrt-6.x/tmp/.root-copy.flock -c 'cp -fpR /home/albresky/repos/openwrt-6.x/build_dir/target-aarch64_cortex-a53_musl/linux-qualcommax_ipq60xx/packages/.pkgdir/kmod-crypto-arc4/. /home/albresky/repos/openwrt-6.x/staging_dir/target-aarch64_cortex-a53_musl/root-qualcommax/'
touch /home/albresky/repos/openwrt-6.x/staging_dir/target-aarch64_cortex-a53_musl/root-qualcommax/stamp/.kmod-crypto-arc4_installed
echo "kmod-crypto-arc4" >> /home/albresky/repos/openwrt-6.x/staging_dir/target-aarch64_cortex-a53_musl/pkginfo/linux.default.install
mkdir -p /home/albresky/repos/openwrt-6.x/staging_dir/target-aarch64_cortex-a53_musl/root-qualcommax/stamp

SHELL= flock /home/albresky/repos/openwrt-6.x/tmp/.root-copy.flock -c 'cp -fpR /home/albresky/repos/openwrt-6.x/build_dir/target-aarch64_cortex-a53_musl/linux-qualcommax_ipq60xx/packages/.pkgdir/kmod-crypto-authenc/. /home/albresky/repos/openwrt-6.x/staging_dir/target-aarch64_cortex-a53_musl/root-qualcommax/'
touch /home/albresky/repos/openwrt-6.x/staging_dir/target-aarch64_cortex-a53_musl/root-qualcommax/stamp/.kmod-crypto-authenc_installed
echo "kmod-crypto-authenc" >> /home/albresky/repos/openwrt-6.x/staging_dir/target-aarch64_cortex-a53_musl/pkginfo/linux.default.install
mkdir -p /home/albresky/repos/openwrt-6.x/staging_dir/target-aarch64_cortex-a53_musl/root-qualcommax/stamp

SHELL= flock /home/albresky/repos/openwrt-6.x/tmp/.root-copy.flock -c 'cp -fpR /home/albresky/repos/openwrt-6.x/build_dir/target-aarch64_cortex-a53_musl/linux-qualcommax_ipq60xx/packages/.pkgdir/kmod-crypto-blake2b/. /home/albresky/repos/openwrt-6.x/staging_dir/target-aarch64_cortex-a53_musl/root-qualcommax/'
touch /home/albresky/repos/openwrt-6.x/staging_dir/target-aarch64_cortex-a53_musl/root-qualcommax/stamp/.kmod-crypto-blake2b_installed
echo "kmod-crypto-blake2b" >> /home/albresky/repos/openwrt-6.x/staging_dir/target-aarch64_cortex-a53_musl/pkginfo/linux.default.install
mkdir -p /home/albresky/repos/openwrt-6.x/staging_dir/target-aarch64_cortex-a53_musl/root-qualcommax/stamp

SHELL= flock /home/albresky/repos/openwrt-6.x/tmp/.root-copy.flock -c 'cp -fpR /home/albresky/repos/openwrt-6.x/build_dir/target-aarch64_cortex-a53_musl/linux-qualcommax_ipq60xx/packages/.pkgdir/kmod-crypto-cbc/. /home/albresky/repos/openwrt-6.x/staging_dir/target-aarch64_cortex-a53_musl/root-qualcommax/'
touch /home/albresky/repos/openwrt-6.x/staging_dir/target-aarch64_cortex-a53_musl/root-qualcommax/stamp/.kmod-crypto-cbc_installed
echo "kmod-crypto-cbc" >> /home/albresky/repos/openwrt-6.x/staging_dir/target-aarch64_cortex-a53_musl/pkginfo/linux.default.install
mkdir -p /home/albresky/repos/openwrt-6.x/staging_dir/target-aarch64_cortex-a53_musl/root-qualcommax/stamp

SHELL= flock /home/albresky/repos/openwrt-6.x/tmp/.root-copy.flock -c 'cp -fpR /home/albresky/repos/openwrt-6.x/build_dir/target-aarch64_cortex-a53_musl/linux-qualcommax_ipq60xx/packages/.pkgdir/kmod-crypto-ccm/. /home/albresky/repos/openwrt-6.x/staging_dir/target-aarch64_cortex-a53_musl/root-qualcommax/'
touch /home/albresky/repos/openwrt-6.x/staging_dir/target-aarch64_cortex-a53_musl/root-qualcommax/stamp/.kmod-crypto-ccm_installed
echo "kmod-crypto-ccm" >> /home/albresky/repos/openwrt-6.x/staging_dir/target-aarch64_cortex-a53_musl/pkginfo/linux.default.install
mkdir -p /home/albresky/repos/openwrt-6.x/staging_dir/target-aarch64_cortex-a53_musl/root-qualcommax/stamp

SHELL= flock /home/albresky/repos/openwrt-6.x/tmp/.root-copy.flock -c 'cp -fpR /home/albresky/repos/openwrt-6.x/build_dir/target-aarch64_cortex-a53_musl/linux-qualcommax_ipq60xx/packages/.pkgdir/kmod-crypto-cmac/. /home/albresky/repos/openwrt-6.x/staging_dir/target-aarch64_cortex-a53_musl/root-qualcommax/'
touch /home/albresky/repos/openwrt-6.x/staging_dir/target-aarch64_cortex-a53_musl/root-qualcommax/stamp/.kmod-crypto-cmac_installed
echo "kmod-crypto-cmac" >> /home/albresky/repos/openwrt-6.x/staging_dir/target-aarch64_cortex-a53_musl/pkginfo/linux.default.install
mkdir -p /home/albresky/repos/openwrt-6.x/staging_dir/target-aarch64_cortex-a53_musl/root-qualcommax/stamp

SHELL= flock /home/albresky/repos/openwrt-6.x/tmp/.root-copy.flock -c 'cp -fpR /home/albresky/repos/openwrt-6.x/build_dir/target-aarch64_cortex-a53_musl/linux-qualcommax_ipq60xx/packages/.pkgdir/kmod-crypto-crc32/. /home/albresky/repos/openwrt-6.x/staging_dir/target-aarch64_cortex-a53_musl/root-qualcommax/'
touch /home/albresky/repos/openwrt-6.x/staging_dir/target-aarch64_cortex-a53_musl/root-qualcommax/stamp/.kmod-crypto-crc32_installed
echo "kmod-crypto-crc32" >> /home/albresky/repos/openwrt-6.x/staging_dir/target-aarch64_cortex-a53_musl/pkginfo/linux.default.install
mkdir -p /home/albresky/repos/openwrt-6.x/staging_dir/target-aarch64_cortex-a53_musl/root-qualcommax/stamp

SHELL= flock /home/albresky/repos/openwrt-6.x/tmp/.root-copy.flock -c 'cp -fpR /home/albresky/repos/openwrt-6.x/build_dir/target-aarch64_cortex-a53_musl/linux-qualcommax_ipq60xx/packages/.pkgdir/kmod-crypto-crc32c/. /home/albresky/repos/openwrt-6.x/staging_dir/target-aarch64_cortex-a53_musl/root-qualcommax/'
touch /home/albresky/repos/openwrt-6.x/staging_dir/target-aarch64_cortex-a53_musl/root-qualcommax/stamp/.kmod-crypto-crc32c_installed
echo "kmod-crypto-crc32c" >> /home/albresky/repos/openwrt-6.x/staging_dir/target-aarch64_cortex-a53_musl/pkginfo/linux.default.install
mkdir -p /home/albresky/repos/openwrt-6.x/staging_dir/target-aarch64_cortex-a53_musl/root-qualcommax/stamp

SHELL= flock /home/albresky/repos/openwrt-6.x/tmp/.root-copy.flock -c 'cp -fpR /home/albresky/repos/openwrt-6.x/build_dir/target-aarch64_cortex-a53_musl/linux-qualcommax_ipq60xx/packages/.pkgdir/kmod-crypto-ctr/. /home/albresky/repos/openwrt-6.x/staging_dir/target-aarch64_cortex-a53_musl/root-qualcommax/'
touch /home/albresky/repos/openwrt-6.x/staging_dir/target-aarch64_cortex-a53_musl/root-qualcommax/stamp/.kmod-crypto-ctr_installed
echo "kmod-crypto-ctr" >> /home/albresky/repos/openwrt-6.x/staging_dir/target-aarch64_cortex-a53_musl/pkginfo/linux.default.install
mkdir -p /home/albresky/repos/openwrt-6.x/staging_dir/target-aarch64_cortex-a53_musl/root-qualcommax/stamp

SHELL= flock /home/albresky/repos/openwrt-6.x/tmp/.root-copy.flock -c 'cp -fpR /home/albresky/repos/openwrt-6.x/build_dir/target-aarch64_cortex-a53_musl/linux-qualcommax_ipq60xx/packages/.pkgdir/kmod-crypto-ecb/. /home/albresky/repos/openwrt-6.x/staging_dir/target-aarch64_cortex-a53_musl/root-qualcommax/'
touch /home/albresky/repos/openwrt-6.x/staging_dir/target-aarch64_cortex-a53_musl/root-qualcommax/stamp/.kmod-crypto-ecb_installed
echo "kmod-crypto-ecb" >> /home/albresky/repos/openwrt-6.x/staging_dir/target-aarch64_cortex-a53_musl/pkginfo/linux.default.install
mkdir -p /home/albresky/repos/openwrt-6.x/staging_dir/target-aarch64_cortex-a53_musl/root-qualcommax/stamp

SHELL= flock /home/albresky/repos/openwrt-6.x/tmp/.root-copy.flock -c 'cp -fpR /home/albresky/repos/openwrt-6.x/build_dir/target-aarch64_cortex-a53_musl/linux-qualcommax_ipq60xx/packages/.pkgdir/kmod-crypto-gcm/. /home/albresky/repos/openwrt-6.x/staging_dir/target-aarch64_cortex-a53_musl/root-qualcommax/'
touch /home/albresky/repos/openwrt-6.x/staging_dir/target-aarch64_cortex-a53_musl/root-qualcommax/stamp/.kmod-crypto-gcm_installed
echo "kmod-crypto-gcm" >> /home/albresky/repos/openwrt-6.x/staging_dir/target-aarch64_cortex-a53_musl/pkginfo/linux.default.install
mkdir -p /home/albresky/repos/openwrt-6.x/staging_dir/target-aarch64_cortex-a53_musl/root-qualcommax/stamp

SHELL= flock /home/albresky/repos/openwrt-6.x/tmp/.root-copy.flock -c 'cp -fpR /home/albresky/repos/openwrt-6.x/build_dir/target-aarch64_cortex-a53_musl/linux-qualcommax_ipq60xx/packages/.pkgdir/kmod-crypto-gf128/. /home/albresky/repos/openwrt-6.x/staging_dir/target-aarch64_cortex-a53_musl/root-qualcommax/'
touch /home/albresky/repos/openwrt-6.x/staging_dir/target-aarch64_cortex-a53_musl/root-qualcommax/stamp/.kmod-crypto-gf128_installed
echo "kmod-crypto-gf128" >> /home/albresky/repos/openwrt-6.x/staging_dir/target-aarch64_cortex-a53_musl/pkginfo/linux.default.install
mkdir -p /home/albresky/repos/openwrt-6.x/staging_dir/target-aarch64_cortex-a53_musl/root-qualcommax/stamp

SHELL= flock /home/albresky/repos/openwrt-6.x/tmp/.root-copy.flock -c 'cp -fpR /home/albresky/repos/openwrt-6.x/build_dir/target-aarch64_cortex-a53_musl/linux-qualcommax_ipq60xx/packages/.pkgdir/kmod-crypto-ghash/. /home/albresky/repos/openwrt-6.x/staging_dir/target-aarch64_cortex-a53_musl/root-qualcommax/'
touch /home/albresky/repos/openwrt-6.x/staging_dir/target-aarch64_cortex-a53_musl/root-qualcommax/stamp/.kmod-crypto-ghash_installed
echo "kmod-crypto-ghash" >> /home/albresky/repos/openwrt-6.x/staging_dir/target-aarch64_cortex-a53_musl/pkginfo/linux.default.install
mkdir -p /home/albresky/repos/openwrt-6.x/staging_dir/target-aarch64_cortex-a53_musl/root-qualcommax/stamp

SHELL= flock /home/albresky/repos/openwrt-6.x/tmp/.root-copy.flock -c 'cp -fpR /home/albresky/repos/openwrt-6.x/build_dir/target-aarch64_cortex-a53_musl/linux-qualcommax_ipq60xx/packages/.pkgdir/kmod-crypto-hash/. /home/albresky/repos/openwrt-6.x/staging_dir/target-aarch64_cortex-a53_musl/root-qualcommax/'
touch /home/albresky/repos/openwrt-6.x/staging_dir/target-aarch64_cortex-a53_musl/root-qualcommax/stamp/.kmod-crypto-hash_installed
echo "kmod-crypto-hash" >> /home/albresky/repos/openwrt-6.x/staging_dir/target-aarch64_cortex-a53_musl/pkginfo/linux.default.install
mkdir -p /home/albresky/repos/openwrt-6.x/staging_dir/target-aarch64_cortex-a53_musl/root-qualcommax/stamp

SHELL= flock /home/albresky/repos/openwrt-6.x/tmp/.root-copy.flock -c 'cp -fpR /home/albresky/repos/openwrt-6.x/build_dir/target-aarch64_cortex-a53_musl/linux-qualcommax_ipq60xx/packages/.pkgdir/kmod-crypto-hmac/. /home/albresky/repos/openwrt-6.x/staging_dir/target-aarch64_cortex-a53_musl/root-qualcommax/'
touch /home/albresky/repos/openwrt-6.x/staging_dir/target-aarch64_cortex-a53_musl/root-qualcommax/stamp/.kmod-crypto-hmac_installed
echo "kmod-crypto-hmac" >> /home/albresky/repos/openwrt-6.x/staging_dir/target-aarch64_cortex-a53_musl/pkginfo/linux.default.install
mkdir -p /home/albresky/repos/openwrt-6.x/staging_dir/target-aarch64_cortex-a53_musl/root-qualcommax/stamp

SHELL= flock /home/albresky/repos/openwrt-6.x/tmp/.root-copy.flock -c 'cp -fpR /home/albresky/repos/openwrt-6.x/build_dir/target-aarch64_cortex-a53_musl/linux-qualcommax_ipq60xx/packages/.pkgdir/kmod-crypto-manager/. /home/albresky/repos/openwrt-6.x/staging_dir/target-aarch64_cortex-a53_musl/root-qualcommax/'
touch /home/albresky/repos/openwrt-6.x/staging_dir/target-aarch64_cortex-a53_musl/root-qualcommax/stamp/.kmod-crypto-manager_installed
echo "kmod-crypto-manager" >> /home/albresky/repos/openwrt-6.x/staging_dir/target-aarch64_cortex-a53_musl/pkginfo/linux.default.install
mkdir -p /home/albresky/repos/openwrt-6.x/staging_dir/target-aarch64_cortex-a53_musl/root-qualcommax/stamp

SHELL= flock /home/albresky/repos/openwrt-6.x/tmp/.root-copy.flock -c 'cp -fpR /home/albresky/repos/openwrt-6.x/build_dir/target-aarch64_cortex-a53_musl/linux-qualcommax_ipq60xx/packages/.pkgdir/kmod-crypto-michael-mic/. /home/albresky/repos/openwrt-6.x/staging_dir/target-aarch64_cortex-a53_musl/root-qualcommax/'
touch /home/albresky/repos/openwrt-6.x/staging_dir/target-aarch64_cortex-a53_musl/root-qualcommax/stamp/.kmod-crypto-michael-mic_installed
echo "kmod-crypto-michael-mic" >> /home/albresky/repos/openwrt-6.x/staging_dir/target-aarch64_cortex-a53_musl/pkginfo/linux.default.install
mkdir -p /home/albresky/repos/openwrt-6.x/staging_dir/target-aarch64_cortex-a53_musl/root-qualcommax/stamp

SHELL= flock /home/albresky/repos/openwrt-6.x/tmp/.root-copy.flock -c 'cp -fpR /home/albresky/repos/openwrt-6.x/build_dir/target-aarch64_cortex-a53_musl/linux-qualcommax_ipq60xx/packages/.pkgdir/kmod-crypto-null/. /home/albresky/repos/openwrt-6.x/staging_dir/target-aarch64_cortex-a53_musl/root-qualcommax/'
touch /home/albresky/repos/openwrt-6.x/staging_dir/target-aarch64_cortex-a53_musl/root-qualcommax/stamp/.kmod-crypto-null_installed
echo "kmod-crypto-null" >> /home/albresky/repos/openwrt-6.x/staging_dir/target-aarch64_cortex-a53_musl/pkginfo/linux.default.install
mkdir -p /home/albresky/repos/openwrt-6.x/staging_dir/target-aarch64_cortex-a53_musl/root-qualcommax/stamp

SHELL= flock /home/albresky/repos/openwrt-6.x/tmp/.root-copy.flock -c 'cp -fpR /home/albresky/repos/openwrt-6.x/build_dir/target-aarch64_cortex-a53_musl/linux-qualcommax_ipq60xx/packages/.pkgdir/kmod-crypto-rng/. /home/albresky/repos/openwrt-6.x/staging_dir/target-aarch64_cortex-a53_musl/root-qualcommax/'
touch /home/albresky/repos/openwrt-6.x/staging_dir/target-aarch64_cortex-a53_musl/root-qualcommax/stamp/.kmod-crypto-rng_installed
echo "kmod-crypto-rng" >> /home/albresky/repos/openwrt-6.x/staging_dir/target-aarch64_cortex-a53_musl/pkginfo/linux.default.install
mkdir -p /home/albresky/repos/openwrt-6.x/staging_dir/target-aarch64_cortex-a53_musl/root-qualcommax/stamp

SHELL= flock /home/albresky/repos/openwrt-6.x/tmp/.root-copy.flock -c 'cp -fpR /home/albresky/repos/openwrt-6.x/build_dir/target-aarch64_cortex-a53_musl/linux-qualcommax_ipq60xx/packages/.pkgdir/kmod-crypto-geniv/. /home/albresky/repos/openwrt-6.x/staging_dir/target-aarch64_cortex-a53_musl/root-qualcommax/'
touch /home/albresky/repos/openwrt-6.x/staging_dir/target-aarch64_cortex-a53_musl/root-qualcommax/stamp/.kmod-crypto-geniv_installed
echo "kmod-crypto-geniv" >> /home/albresky/repos/openwrt-6.x/staging_dir/target-aarch64_cortex-a53_musl/pkginfo/linux.default.install
mkdir -p /home/albresky/repos/openwrt-6.x/staging_dir/target-aarch64_cortex-a53_musl/root-qualcommax/stamp

SHELL= flock /home/albresky/repos/openwrt-6.x/tmp/.root-copy.flock -c 'cp -fpR /home/albresky/repos/openwrt-6.x/build_dir/target-aarch64_cortex-a53_musl/linux-qualcommax_ipq60xx/packages/.pkgdir/kmod-crypto-seqiv/. /home/albresky/repos/openwrt-6.x/staging_dir/target-aarch64_cortex-a53_musl/root-qualcommax/'
touch /home/albresky/repos/openwrt-6.x/staging_dir/target-aarch64_cortex-a53_musl/root-qualcommax/stamp/.kmod-crypto-seqiv_installed
echo "kmod-crypto-seqiv" >> /home/albresky/repos/openwrt-6.x/staging_dir/target-aarch64_cortex-a53_musl/pkginfo/linux.default.install
mkdir -p /home/albresky/repos/openwrt-6.x/staging_dir/target-aarch64_cortex-a53_musl/root-qualcommax/stamp

SHELL= flock /home/albresky/repos/openwrt-6.x/tmp/.root-copy.flock -c 'cp -fpR /home/albresky/repos/openwrt-6.x/build_dir/target-aarch64_cortex-a53_musl/linux-qualcommax_ipq60xx/packages/.pkgdir/kmod-crypto-sha1/. /home/albresky/repos/openwrt-6.x/staging_dir/target-aarch64_cortex-a53_musl/root-qualcommax/'
touch /home/albresky/repos/openwrt-6.x/staging_dir/target-aarch64_cortex-a53_musl/root-qualcommax/stamp/.kmod-crypto-sha1_installed
echo "kmod-crypto-sha1" >> /home/albresky/repos/openwrt-6.x/staging_dir/target-aarch64_cortex-a53_musl/pkginfo/linux.default.install
mkdir -p /home/albresky/repos/openwrt-6.x/staging_dir/target-aarch64_cortex-a53_musl/root-qualcommax/stamp

SHELL= flock /home/albresky/repos/openwrt-6.x/tmp/.root-copy.flock -c 'cp -fpR /home/albresky/repos/openwrt-6.x/build_dir/target-aarch64_cortex-a53_musl/linux-qualcommax_ipq60xx/packages/.pkgdir/kmod-crypto-sha3/. /home/albresky/repos/openwrt-6.x/staging_dir/target-aarch64_cortex-a53_musl/root-qualcommax/'
touch /home/albresky/repos/openwrt-6.x/staging_dir/target-aarch64_cortex-a53_musl/root-qualcommax/stamp/.kmod-crypto-sha3_installed
echo "kmod-crypto-sha3" >> /home/albresky/repos/openwrt-6.x/staging_dir/target-aarch64_cortex-a53_musl/pkginfo/linux.default.install
mkdir -p /home/albresky/repos/openwrt-6.x/staging_dir/target-aarch64_cortex-a53_musl/root-qualcommax/stamp

SHELL= flock /home/albresky/repos/openwrt-6.x/tmp/.root-copy.flock -c 'cp -fpR /home/albresky/repos/openwrt-6.x/build_dir/target-aarch64_cortex-a53_musl/linux-qualcommax_ipq60xx/packages/.pkgdir/kmod-crypto-sha256/. /home/albresky/repos/openwrt-6.x/staging_dir/target-aarch64_cortex-a53_musl/root-qualcommax/'
touch /home/albresky/repos/openwrt-6.x/staging_dir/target-aarch64_cortex-a53_musl/root-qualcommax/stamp/.kmod-crypto-sha256_installed
echo "kmod-crypto-sha256" >> /home/albresky/repos/openwrt-6.x/staging_dir/target-aarch64_cortex-a53_musl/pkginfo/linux.default.install
mkdir -p /home/albresky/repos/openwrt-6.x/staging_dir/target-aarch64_cortex-a53_musl/root-qualcommax/stamp

SHELL= flock /home/albresky/repos/openwrt-6.x/tmp/.root-copy.flock -c 'cp -fpR /home/albresky/repos/openwrt-6.x/build_dir/target-aarch64_cortex-a53_musl/linux-qualcommax_ipq60xx/packages/.pkgdir/kmod-crypto-sha512/. /home/albresky/repos/openwrt-6.x/staging_dir/target-aarch64_cortex-a53_musl/root-qualcommax/'
touch /home/albresky/repos/openwrt-6.x/staging_dir/target-aarch64_cortex-a53_musl/root-qualcommax/stamp/.kmod-crypto-sha512_installed
echo "kmod-crypto-sha512" >> /home/albresky/repos/openwrt-6.x/staging_dir/target-aarch64_cortex-a53_musl/pkginfo/linux.default.install
mkdir -p /home/albresky/repos/openwrt-6.x/staging_dir/target-aarch64_cortex-a53_musl/root-qualcommax/stamp

SHELL= flock /home/albresky/repos/openwrt-6.x/tmp/.root-copy.flock -c 'cp -fpR /home/albresky/repos/openwrt-6.x/build_dir/target-aarch64_cortex-a53_musl/linux-qualcommax_ipq60xx/packages/.pkgdir/kmod-crypto-user/. /home/albresky/repos/openwrt-6.x/staging_dir/target-aarch64_cortex-a53_musl/root-qualcommax/'
touch /home/albresky/repos/openwrt-6.x/staging_dir/target-aarch64_cortex-a53_musl/root-qualcommax/stamp/.kmod-crypto-user_installed
echo "kmod-crypto-user" >> /home/albresky/repos/openwrt-6.x/staging_dir/target-aarch64_cortex-a53_musl/pkginfo/linux.default.install
mkdir -p /home/albresky/repos/openwrt-6.x/staging_dir/target-aarch64_cortex-a53_musl/root-qualcommax/stamp

SHELL= flock /home/albresky/repos/openwrt-6.x/tmp/.root-copy.flock -c 'cp -fpR /home/albresky/repos/openwrt-6.x/build_dir/target-aarch64_cortex-a53_musl/linux-qualcommax_ipq60xx/packages/.pkgdir/kmod-crypto-xxhash/. /home/albresky/repos/openwrt-6.x/staging_dir/target-aarch64_cortex-a53_musl/root-qualcommax/'
touch /home/albresky/repos/openwrt-6.x/staging_dir/target-aarch64_cortex-a53_musl/root-qualcommax/stamp/.kmod-crypto-xxhash_installed
echo "kmod-crypto-xxhash" >> /home/albresky/repos/openwrt-6.x/staging_dir/target-aarch64_cortex-a53_musl/pkginfo/linux.default.install
mkdir -p /home/albresky/repos/openwrt-6.x/staging_dir/target-aarch64_cortex-a53_musl/root-qualcommax/stamp

SHELL= flock /home/albresky/repos/openwrt-6.x/tmp/.root-copy.flock -c 'cp -fpR /home/albresky/repos/openwrt-6.x/build_dir/target-aarch64_cortex-a53_musl/linux-qualcommax_ipq60xx/packages/.pkgdir/kmod-fs-btrfs/. /home/albresky/repos/openwrt-6.x/staging_dir/target-aarch64_cortex-a53_musl/root-qualcommax/'
touch /home/albresky/repos/openwrt-6.x/staging_dir/target-aarch64_cortex-a53_musl/root-qualcommax/stamp/.kmod-fs-btrfs_installed
echo "kmod-fs-btrfs" >> /home/albresky/repos/openwrt-6.x/staging_dir/target-aarch64_cortex-a53_musl/pkginfo/linux.default.install
mkdir -p /home/albresky/repos/openwrt-6.x/staging_dir/target-aarch64_cortex-a53_musl/root-qualcommax/stamp

SHELL= flock /home/albresky/repos/openwrt-6.x/tmp/.root-copy.flock -c 'cp -fpR /home/albresky/repos/openwrt-6.x/build_dir/target-aarch64_cortex-a53_musl/linux-qualcommax_ipq60xx/packages/.pkgdir/kmod-fs-ext4/. /home/albresky/repos/openwrt-6.x/staging_dir/target-aarch64_cortex-a53_musl/root-qualcommax/'
touch /home/albresky/repos/openwrt-6.x/staging_dir/target-aarch64_cortex-a53_musl/root-qualcommax/stamp/.kmod-fs-ext4_installed
echo "kmod-fs-ext4" >> /home/albresky/repos/openwrt-6.x/staging_dir/target-aarch64_cortex-a53_musl/pkginfo/linux.default.install
mkdir -p /home/albresky/repos/openwrt-6.x/staging_dir/target-aarch64_cortex-a53_musl/root-qualcommax/stamp

SHELL= flock /home/albresky/repos/openwrt-6.x/tmp/.root-copy.flock -c 'cp -fpR /home/albresky/repos/openwrt-6.x/build_dir/target-aarch64_cortex-a53_musl/linux-qualcommax_ipq60xx/packages/.pkgdir/kmod-fs-f2fs/. /home/albresky/repos/openwrt-6.x/staging_dir/target-aarch64_cortex-a53_musl/root-qualcommax/'
touch /home/albresky/repos/openwrt-6.x/staging_dir/target-aarch64_cortex-a53_musl/root-qualcommax/stamp/.kmod-fs-f2fs_installed
echo "kmod-fs-f2fs" >> /home/albresky/repos/openwrt-6.x/staging_dir/target-aarch64_cortex-a53_musl/pkginfo/linux.default.install
mkdir -p /home/albresky/repos/openwrt-6.x/staging_dir/target-aarch64_cortex-a53_musl/root-qualcommax/stamp

SHELL= flock /home/albresky/repos/openwrt-6.x/tmp/.root-copy.flock -c 'cp -fpR /home/albresky/repos/openwrt-6.x/build_dir/target-aarch64_cortex-a53_musl/linux-qualcommax_ipq60xx/packages/.pkgdir/kmod-fuse/. /home/albresky/repos/openwrt-6.x/staging_dir/target-aarch64_cortex-a53_musl/root-qualcommax/'
touch /home/albresky/repos/openwrt-6.x/staging_dir/target-aarch64_cortex-a53_musl/root-qualcommax/stamp/.kmod-fuse_installed
echo "kmod-fuse" >> /home/albresky/repos/openwrt-6.x/staging_dir/target-aarch64_cortex-a53_musl/pkginfo/linux.default.install
mkdir -p /home/albresky/repos/openwrt-6.x/staging_dir/target-aarch64_cortex-a53_musl/root-qualcommax/stamp

SHELL= flock /home/albresky/repos/openwrt-6.x/tmp/.root-copy.flock -c 'cp -fpR /home/albresky/repos/openwrt-6.x/build_dir/target-aarch64_cortex-a53_musl/linux-qualcommax_ipq60xx/packages/.pkgdir/kmod-hwmon-core/. /home/albresky/repos/openwrt-6.x/staging_dir/target-aarch64_cortex-a53_musl/root-qualcommax/'
touch /home/albresky/repos/openwrt-6.x/staging_dir/target-aarch64_cortex-a53_musl/root-qualcommax/stamp/.kmod-hwmon-core_installed
echo "kmod-hwmon-core" >> /home/albresky/repos/openwrt-6.x/staging_dir/target-aarch64_cortex-a53_musl/pkginfo/linux.default.install
mkdir -p /home/albresky/repos/openwrt-6.x/staging_dir/target-aarch64_cortex-a53_musl/root-qualcommax/stamp

SHELL= flock /home/albresky/repos/openwrt-6.x/tmp/.root-copy.flock -c 'cp -fpR /home/albresky/repos/openwrt-6.x/build_dir/target-aarch64_cortex-a53_musl/linux-qualcommax_ipq60xx/packages/.pkgdir/kmod-leds-gpio/. /home/albresky/repos/openwrt-6.x/staging_dir/target-aarch64_cortex-a53_musl/root-qualcommax/'
touch /home/albresky/repos/openwrt-6.x/staging_dir/target-aarch64_cortex-a53_musl/root-qualcommax/stamp/.kmod-leds-gpio_installed
echo "kmod-leds-gpio" >> /home/albresky/repos/openwrt-6.x/staging_dir/target-aarch64_cortex-a53_musl/pkginfo/linux.default.install
mkdir -p /home/albresky/repos/openwrt-6.x/staging_dir/target-aarch64_cortex-a53_musl/root-qualcommax/stamp

SHELL= flock /home/albresky/repos/openwrt-6.x/tmp/.root-copy.flock -c 'cp -fpR /home/albresky/repos/openwrt-6.x/build_dir/target-aarch64_cortex-a53_musl/linux-qualcommax_ipq60xx/packages/.pkgdir/kmod-lib-crc-ccitt/. /home/albresky/repos/openwrt-6.x/staging_dir/target-aarch64_cortex-a53_musl/root-qualcommax/'
touch /home/albresky/repos/openwrt-6.x/staging_dir/target-aarch64_cortex-a53_musl/root-qualcommax/stamp/.kmod-lib-crc-ccitt_installed
echo "kmod-lib-crc-ccitt" >> /home/albresky/repos/openwrt-6.x/staging_dir/target-aarch64_cortex-a53_musl/pkginfo/linux.default.install
mkdir -p /home/albresky/repos/openwrt-6.x/staging_dir/target-aarch64_cortex-a53_musl/root-qualcommax/stamp

SHELL= flock /home/albresky/repos/openwrt-6.x/tmp/.root-copy.flock -c 'cp -fpR /home/albresky/repos/openwrt-6.x/build_dir/target-aarch64_cortex-a53_musl/linux-qualcommax_ipq60xx/packages/.pkgdir/kmod-lib-crc16/. /home/albresky/repos/openwrt-6.x/staging_dir/target-aarch64_cortex-a53_musl/root-qualcommax/'
touch /home/albresky/repos/openwrt-6.x/staging_dir/target-aarch64_cortex-a53_musl/root-qualcommax/stamp/.kmod-lib-crc16_installed
echo "kmod-lib-crc16" >> /home/albresky/repos/openwrt-6.x/staging_dir/target-aarch64_cortex-a53_musl/pkginfo/linux.default.install
mkdir -p /home/albresky/repos/openwrt-6.x/staging_dir/target-aarch64_cortex-a53_musl/root-qualcommax/stamp

SHELL= flock /home/albresky/repos/openwrt-6.x/tmp/.root-copy.flock -c 'cp -fpR /home/albresky/repos/openwrt-6.x/build_dir/target-aarch64_cortex-a53_musl/linux-qualcommax_ipq60xx/packages/.pkgdir/kmod-lib-crc32c/. /home/albresky/repos/openwrt-6.x/staging_dir/target-aarch64_cortex-a53_musl/root-qualcommax/'
touch /home/albresky/repos/openwrt-6.x/staging_dir/target-aarch64_cortex-a53_musl/root-qualcommax/stamp/.kmod-lib-crc32c_installed
echo "kmod-lib-crc32c" >> /home/albresky/repos/openwrt-6.x/staging_dir/target-aarch64_cortex-a53_musl/pkginfo/linux.default.install
mkdir -p /home/albresky/repos/openwrt-6.x/staging_dir/target-aarch64_cortex-a53_musl/root-qualcommax/stamp

SHELL= flock /home/albresky/repos/openwrt-6.x/tmp/.root-copy.flock -c 'cp -fpR /home/albresky/repos/openwrt-6.x/build_dir/target-aarch64_cortex-a53_musl/linux-qualcommax_ipq60xx/packages/.pkgdir/kmod-lib-lzo/. /home/albresky/repos/openwrt-6.x/staging_dir/target-aarch64_cortex-a53_musl/root-qualcommax/'
touch /home/albresky/repos/openwrt-6.x/staging_dir/target-aarch64_cortex-a53_musl/root-qualcommax/stamp/.kmod-lib-lzo_installed
echo "kmod-lib-lzo" >> /home/albresky/repos/openwrt-6.x/staging_dir/target-aarch64_cortex-a53_musl/pkginfo/linux.default.install
mkdir -p /home/albresky/repos/openwrt-6.x/staging_dir/target-aarch64_cortex-a53_musl/root-qualcommax/stamp

SHELL= flock /home/albresky/repos/openwrt-6.x/tmp/.root-copy.flock -c 'cp -fpR /home/albresky/repos/openwrt-6.x/build_dir/target-aarch64_cortex-a53_musl/linux-qualcommax_ipq60xx/packages/.pkgdir/kmod-lib-xxhash/. /home/albresky/repos/openwrt-6.x/staging_dir/target-aarch64_cortex-a53_musl/root-qualcommax/'
touch /home/albresky/repos/openwrt-6.x/staging_dir/target-aarch64_cortex-a53_musl/root-qualcommax/stamp/.kmod-lib-xxhash_installed
echo "kmod-lib-xxhash" >> /home/albresky/repos/openwrt-6.x/staging_dir/target-aarch64_cortex-a53_musl/pkginfo/linux.default.install
mkdir -p /home/albresky/repos/openwrt-6.x/staging_dir/target-aarch64_cortex-a53_musl/root-qualcommax/stamp

SHELL= flock /home/albresky/repos/openwrt-6.x/tmp/.root-copy.flock -c 'cp -fpR /home/albresky/repos/openwrt-6.x/build_dir/target-aarch64_cortex-a53_musl/linux-qualcommax_ipq60xx/packages/.pkgdir/kmod-lib-zstd/. /home/albresky/repos/openwrt-6.x/staging_dir/target-aarch64_cortex-a53_musl/root-qualcommax/'
touch /home/albresky/repos/openwrt-6.x/staging_dir/target-aarch64_cortex-a53_musl/root-qualcommax/stamp/.kmod-lib-zstd_installed
echo "kmod-lib-zstd" >> /home/albresky/repos/openwrt-6.x/staging_dir/target-aarch64_cortex-a53_musl/pkginfo/linux.default.install
mkdir -p /home/albresky/repos/openwrt-6.x/staging_dir/target-aarch64_cortex-a53_musl/root-qualcommax/stamp

SHELL= flock /home/albresky/repos/openwrt-6.x/tmp/.root-copy.flock -c 'cp -fpR /home/albresky/repos/openwrt-6.x/build_dir/target-aarch64_cortex-a53_musl/linux-qualcommax_ipq60xx/packages/.pkgdir/kmod-lib-raid6/. /home/albresky/repos/openwrt-6.x/staging_dir/target-aarch64_cortex-a53_musl/root-qualcommax/'
touch /home/albresky/repos/openwrt-6.x/staging_dir/target-aarch64_cortex-a53_musl/root-qualcommax/stamp/.kmod-lib-raid6_installed
echo "kmod-lib-raid6" >> /home/albresky/repos/openwrt-6.x/staging_dir/target-aarch64_cortex-a53_musl/pkginfo/linux.default.install
mkdir -p /home/albresky/repos/openwrt-6.x/staging_dir/target-aarch64_cortex-a53_musl/root-qualcommax/stamp

SHELL= flock /home/albresky/repos/openwrt-6.x/tmp/.root-copy.flock -c 'cp -fpR /home/albresky/repos/openwrt-6.x/build_dir/target-aarch64_cortex-a53_musl/linux-qualcommax_ipq60xx/packages/.pkgdir/kmod-lib-xor/. /home/albresky/repos/openwrt-6.x/staging_dir/target-aarch64_cortex-a53_musl/root-qualcommax/'
touch /home/albresky/repos/openwrt-6.x/staging_dir/target-aarch64_cortex-a53_musl/root-qualcommax/stamp/.kmod-lib-xor_installed
echo "kmod-lib-xor" >> /home/albresky/repos/openwrt-6.x/staging_dir/target-aarch64_cortex-a53_musl/pkginfo/linux.default.install
mkdir -p /home/albresky/repos/openwrt-6.x/staging_dir/target-aarch64_cortex-a53_musl/root-qualcommax/stamp

SHELL= flock /home/albresky/repos/openwrt-6.x/tmp/.root-copy.flock -c 'cp -fpR /home/albresky/repos/openwrt-6.x/build_dir/target-aarch64_cortex-a53_musl/linux-qualcommax_ipq60xx/packages/.pkgdir/kmod-lib-zlib-inflate/. /home/albresky/repos/openwrt-6.x/staging_dir/target-aarch64_cortex-a53_musl/root-qualcommax/'
touch /home/albresky/repos/openwrt-6.x/staging_dir/target-aarch64_cortex-a53_musl/root-qualcommax/stamp/.kmod-lib-zlib-inflate_installed
echo "kmod-lib-zlib-inflate" >> /home/albresky/repos/openwrt-6.x/staging_dir/target-aarch64_cortex-a53_musl/pkginfo/linux.default.install
mkdir -p /home/albresky/repos/openwrt-6.x/staging_dir/target-aarch64_cortex-a53_musl/root-qualcommax/stamp

SHELL= flock /home/albresky/repos/openwrt-6.x/tmp/.root-copy.flock -c 'cp -fpR /home/albresky/repos/openwrt-6.x/build_dir/target-aarch64_cortex-a53_musl/linux-qualcommax_ipq60xx/packages/.pkgdir/kmod-lib-zlib-deflate/. /home/albresky/repos/openwrt-6.x/staging_dir/target-aarch64_cortex-a53_musl/root-qualcommax/'
touch /home/albresky/repos/openwrt-6.x/staging_dir/target-aarch64_cortex-a53_musl/root-qualcommax/stamp/.kmod-lib-zlib-deflate_installed
echo "kmod-lib-zlib-deflate" >> /home/albresky/repos/openwrt-6.x/staging_dir/target-aarch64_cortex-a53_musl/pkginfo/linux.default.install
mkdir -p /home/albresky/repos/openwrt-6.x/staging_dir/target-aarch64_cortex-a53_musl/root-qualcommax/stamp

SHELL= flock /home/albresky/repos/openwrt-6.x/tmp/.root-copy.flock -c 'cp -fpR /home/albresky/repos/openwrt-6.x/build_dir/target-aarch64_cortex-a53_musl/linux-qualcommax_ipq60xx/packages/.pkgdir/kmod-asn1-decoder/. /home/albresky/repos/openwrt-6.x/staging_dir/target-aarch64_cortex-a53_musl/root-qualcommax/'
touch /home/albresky/repos/openwrt-6.x/staging_dir/target-aarch64_cortex-a53_musl/root-qualcommax/stamp/.kmod-asn1-decoder_installed
echo "kmod-asn1-decoder" >> /home/albresky/repos/openwrt-6.x/staging_dir/target-aarch64_cortex-a53_musl/pkginfo/linux.default.install
WARNING: kmod-asn1-encoder is not available in the kernel config - generating empty package
mkdir -p /home/albresky/repos/openwrt-6.x/staging_dir/target-aarch64_cortex-a53_musl/root-qualcommax/stamp

SHELL= flock /home/albresky/repos/openwrt-6.x/tmp/.root-copy.flock -c 'cp -fpR /home/albresky/repos/openwrt-6.x/build_dir/target-aarch64_cortex-a53_musl/linux-qualcommax_ipq60xx/packages/.pkgdir/kmod-asn1-encoder/. /home/albresky/repos/openwrt-6.x/staging_dir/target-aarch64_cortex-a53_musl/root-qualcommax/'
touch /home/albresky/repos/openwrt-6.x/staging_dir/target-aarch64_cortex-a53_musl/root-qualcommax/stamp/.kmod-asn1-encoder_installed
echo "kmod-asn1-encoder" >> /home/albresky/repos/openwrt-6.x/staging_dir/target-aarch64_cortex-a53_musl/pkginfo/linux.default.install
mkdir -p /home/albresky/repos/openwrt-6.x/staging_dir/target-aarch64_cortex-a53_musl/root-qualcommax/stamp

SHELL= flock /home/albresky/repos/openwrt-6.x/tmp/.root-copy.flock -c 'cp -fpR /home/albresky/repos/openwrt-6.x/build_dir/target-aarch64_cortex-a53_musl/linux-qualcommax_ipq60xx/packages/.pkgdir/kmod-oid-registry/. /home/albresky/repos/openwrt-6.x/staging_dir/target-aarch64_cortex-a53_musl/root-qualcommax/'
touch /home/albresky/repos/openwrt-6.x/staging_dir/target-aarch64_cortex-a53_musl/root-qualcommax/stamp/.kmod-oid-registry_installed
echo "kmod-oid-registry" >> /home/albresky/repos/openwrt-6.x/staging_dir/target-aarch64_cortex-a53_musl/pkginfo/linux.default.install
mkdir -p /home/albresky/repos/openwrt-6.x/staging_dir/target-aarch64_cortex-a53_musl/root-qualcommax/stamp

SHELL= flock /home/albresky/repos/openwrt-6.x/tmp/.root-copy.flock -c 'cp -fpR /home/albresky/repos/openwrt-6.x/build_dir/target-aarch64_cortex-a53_musl/linux-qualcommax_ipq60xx/packages/.pkgdir/kmod-macvlan/. /home/albresky/repos/openwrt-6.x/staging_dir/target-aarch64_cortex-a53_musl/root-qualcommax/'
touch /home/albresky/repos/openwrt-6.x/staging_dir/target-aarch64_cortex-a53_musl/root-qualcommax/stamp/.kmod-macvlan_installed
echo "kmod-macvlan" >> /home/albresky/repos/openwrt-6.x/staging_dir/target-aarch64_cortex-a53_musl/pkginfo/linux.default.install
mkdir -p /home/albresky/repos/openwrt-6.x/staging_dir/target-aarch64_cortex-a53_musl/root-qualcommax/stamp

SHELL= flock /home/albresky/repos/openwrt-6.x/tmp/.root-copy.flock -c 'cp -fpR /home/albresky/repos/openwrt-6.x/build_dir/target-aarch64_cortex-a53_musl/linux-qualcommax_ipq60xx/packages/.pkgdir/kmod-ifb/. /home/albresky/repos/openwrt-6.x/staging_dir/target-aarch64_cortex-a53_musl/root-qualcommax/'
touch /home/albresky/repos/openwrt-6.x/staging_dir/target-aarch64_cortex-a53_musl/root-qualcommax/stamp/.kmod-ifb_installed
echo "kmod-ifb" >> /home/albresky/repos/openwrt-6.x/staging_dir/target-aarch64_cortex-a53_musl/pkginfo/linux.default.install
mkdir -p /home/albresky/repos/openwrt-6.x/staging_dir/target-aarch64_cortex-a53_musl/root-qualcommax/stamp

SHELL= flock /home/albresky/repos/openwrt-6.x/tmp/.root-copy.flock -c 'cp -fpR /home/albresky/repos/openwrt-6.x/build_dir/target-aarch64_cortex-a53_musl/linux-qualcommax_ipq60xx/packages/.pkgdir/kmod-nf-reject/. /home/albresky/repos/openwrt-6.x/staging_dir/target-aarch64_cortex-a53_musl/root-qualcommax/'
touch /home/albresky/repos/openwrt-6.x/staging_dir/target-aarch64_cortex-a53_musl/root-qualcommax/stamp/.kmod-nf-reject_installed
echo "kmod-nf-reject" >> /home/albresky/repos/openwrt-6.x/staging_dir/target-aarch64_cortex-a53_musl/pkginfo/linux.default.install
mkdir -p /home/albresky/repos/openwrt-6.x/staging_dir/target-aarch64_cortex-a53_musl/root-qualcommax/stamp

SHELL= flock /home/albresky/repos/openwrt-6.x/tmp/.root-copy.flock -c 'cp -fpR /home/albresky/repos/openwrt-6.x/build_dir/target-aarch64_cortex-a53_musl/linux-qualcommax_ipq60xx/packages/.pkgdir/kmod-nf-reject6/. /home/albresky/repos/openwrt-6.x/staging_dir/target-aarch64_cortex-a53_musl/root-qualcommax/'
touch /home/albresky/repos/openwrt-6.x/staging_dir/target-aarch64_cortex-a53_musl/root-qualcommax/stamp/.kmod-nf-reject6_installed
echo "kmod-nf-reject6" >> /home/albresky/repos/openwrt-6.x/staging_dir/target-aarch64_cortex-a53_musl/pkginfo/linux.default.install
mkdir -p /home/albresky/repos/openwrt-6.x/staging_dir/target-aarch64_cortex-a53_musl/root-qualcommax/stamp

SHELL= flock /home/albresky/repos/openwrt-6.x/tmp/.root-copy.flock -c 'cp -fpR /home/albresky/repos/openwrt-6.x/build_dir/target-aarch64_cortex-a53_musl/linux-qualcommax_ipq60xx/packages/.pkgdir/kmod-nf-ipt/. /home/albresky/repos/openwrt-6.x/staging_dir/target-aarch64_cortex-a53_musl/root-qualcommax/'
touch /home/albresky/repos/openwrt-6.x/staging_dir/target-aarch64_cortex-a53_musl/root-qualcommax/stamp/.kmod-nf-ipt_installed
echo "kmod-nf-ipt" >> /home/albresky/repos/openwrt-6.x/staging_dir/target-aarch64_cortex-a53_musl/pkginfo/linux.default.install
mkdir -p /home/albresky/repos/openwrt-6.x/staging_dir/target-aarch64_cortex-a53_musl/root-qualcommax/stamp

SHELL= flock /home/albresky/repos/openwrt-6.x/tmp/.root-copy.flock -c 'cp -fpR /home/albresky/repos/openwrt-6.x/build_dir/target-aarch64_cortex-a53_musl/linux-qualcommax_ipq60xx/packages/.pkgdir/kmod-nf-ipt6/. /home/albresky/repos/openwrt-6.x/staging_dir/target-aarch64_cortex-a53_musl/root-qualcommax/'
touch /home/albresky/repos/openwrt-6.x/staging_dir/target-aarch64_cortex-a53_musl/root-qualcommax/stamp/.kmod-nf-ipt6_installed
echo "kmod-nf-ipt6" >> /home/albresky/repos/openwrt-6.x/staging_dir/target-aarch64_cortex-a53_musl/pkginfo/linux.default.install
mkdir -p /home/albresky/repos/openwrt-6.x/staging_dir/target-aarch64_cortex-a53_musl/root-qualcommax/stamp

SHELL= flock /home/albresky/repos/openwrt-6.x/tmp/.root-copy.flock -c 'cp -fpR /home/albresky/repos/openwrt-6.x/build_dir/target-aarch64_cortex-a53_musl/linux-qualcommax_ipq60xx/packages/.pkgdir/kmod-ipt-core/. /home/albresky/repos/openwrt-6.x/staging_dir/target-aarch64_cortex-a53_musl/root-qualcommax/'
touch /home/albresky/repos/openwrt-6.x/staging_dir/target-aarch64_cortex-a53_musl/root-qualcommax/stamp/.kmod-ipt-core_installed
echo "kmod-ipt-core" >> /home/albresky/repos/openwrt-6.x/staging_dir/target-aarch64_cortex-a53_musl/pkginfo/linux.default.install
mkdir -p /home/albresky/repos/openwrt-6.x/staging_dir/target-aarch64_cortex-a53_musl/root-qualcommax/stamp

SHELL= flock /home/albresky/repos/openwrt-6.x/tmp/.root-copy.flock -c 'cp -fpR /home/albresky/repos/openwrt-6.x/build_dir/target-aarch64_cortex-a53_musl/linux-qualcommax_ipq60xx/packages/.pkgdir/kmod-nf-conntrack/. /home/albresky/repos/openwrt-6.x/staging_dir/target-aarch64_cortex-a53_musl/root-qualcommax/'
touch /home/albresky/repos/openwrt-6.x/staging_dir/target-aarch64_cortex-a53_musl/root-qualcommax/stamp/.kmod-nf-conntrack_installed
echo "kmod-nf-conntrack" >> /home/albresky/repos/openwrt-6.x/staging_dir/target-aarch64_cortex-a53_musl/pkginfo/linux.default.install
mkdir -p /home/albresky/repos/openwrt-6.x/staging_dir/target-aarch64_cortex-a53_musl/root-qualcommax/stamp

SHELL= flock /home/albresky/repos/openwrt-6.x/tmp/.root-copy.flock -c 'cp -fpR /home/albresky/repos/openwrt-6.x/build_dir/target-aarch64_cortex-a53_musl/linux-qualcommax_ipq60xx/packages/.pkgdir/kmod-nf-conntrack6/. /home/albresky/repos/openwrt-6.x/staging_dir/target-aarch64_cortex-a53_musl/root-qualcommax/'
touch /home/albresky/repos/openwrt-6.x/staging_dir/target-aarch64_cortex-a53_musl/root-qualcommax/stamp/.kmod-nf-conntrack6_installed
echo "kmod-nf-conntrack6" >> /home/albresky/repos/openwrt-6.x/staging_dir/target-aarch64_cortex-a53_musl/pkginfo/linux.default.install
mkdir -p /home/albresky/repos/openwrt-6.x/staging_dir/target-aarch64_cortex-a53_musl/root-qualcommax/stamp

SHELL= flock /home/albresky/repos/openwrt-6.x/tmp/.root-copy.flock -c 'cp -fpR /home/albresky/repos/openwrt-6.x/build_dir/target-aarch64_cortex-a53_musl/linux-qualcommax_ipq60xx/packages/.pkgdir/kmod-nf-log/. /home/albresky/repos/openwrt-6.x/staging_dir/target-aarch64_cortex-a53_musl/root-qualcommax/'
touch /home/albresky/repos/openwrt-6.x/staging_dir/target-aarch64_cortex-a53_musl/root-qualcommax/stamp/.kmod-nf-log_installed
echo "kmod-nf-log" >> /home/albresky/repos/openwrt-6.x/staging_dir/target-aarch64_cortex-a53_musl/pkginfo/linux.default.install
mkdir -p /home/albresky/repos/openwrt-6.x/staging_dir/target-aarch64_cortex-a53_musl/root-qualcommax/stamp

SHELL= flock /home/albresky/repos/openwrt-6.x/tmp/.root-copy.flock -c 'cp -fpR /home/albresky/repos/openwrt-6.x/build_dir/target-aarch64_cortex-a53_musl/linux-qualcommax_ipq60xx/packages/.pkgdir/kmod-nf-log6/. /home/albresky/repos/openwrt-6.x/staging_dir/target-aarch64_cortex-a53_musl/root-qualcommax/'
touch /home/albresky/repos/openwrt-6.x/staging_dir/target-aarch64_cortex-a53_musl/root-qualcommax/stamp/.kmod-nf-log6_installed
echo "kmod-nf-log6" >> /home/albresky/repos/openwrt-6.x/staging_dir/target-aarch64_cortex-a53_musl/pkginfo/linux.default.install
mkdir -p /home/albresky/repos/openwrt-6.x/staging_dir/target-aarch64_cortex-a53_musl/root-qualcommax/stamp

SHELL= flock /home/albresky/repos/openwrt-6.x/tmp/.root-copy.flock -c 'cp -fpR /home/albresky/repos/openwrt-6.x/build_dir/target-aarch64_cortex-a53_musl/linux-qualcommax_ipq60xx/packages/.pkgdir/kmod-nf-nat/. /home/albresky/repos/openwrt-6.x/staging_dir/target-aarch64_cortex-a53_musl/root-qualcommax/'
touch /home/albresky/repos/openwrt-6.x/staging_dir/target-aarch64_cortex-a53_musl/root-qualcommax/stamp/.kmod-nf-nat_installed
echo "kmod-nf-nat" >> /home/albresky/repos/openwrt-6.x/staging_dir/target-aarch64_cortex-a53_musl/pkginfo/linux.default.install
mkdir -p /home/albresky/repos/openwrt-6.x/staging_dir/target-aarch64_cortex-a53_musl/root-qualcommax/stamp

SHELL= flock /home/albresky/repos/openwrt-6.x/tmp/.root-copy.flock -c 'cp -fpR /home/albresky/repos/openwrt-6.x/build_dir/target-aarch64_cortex-a53_musl/linux-qualcommax_ipq60xx/packages/.pkgdir/kmod-nf-nat6/. /home/albresky/repos/openwrt-6.x/staging_dir/target-aarch64_cortex-a53_musl/root-qualcommax/'
touch /home/albresky/repos/openwrt-6.x/staging_dir/target-aarch64_cortex-a53_musl/root-qualcommax/stamp/.kmod-nf-nat6_installed
echo "kmod-nf-nat6" >> /home/albresky/repos/openwrt-6.x/staging_dir/target-aarch64_cortex-a53_musl/pkginfo/linux.default.install
mkdir -p /home/albresky/repos/openwrt-6.x/staging_dir/target-aarch64_cortex-a53_musl/root-qualcommax/stamp

SHELL= flock /home/albresky/repos/openwrt-6.x/tmp/.root-copy.flock -c 'cp -fpR /home/albresky/repos/openwrt-6.x/build_dir/target-aarch64_cortex-a53_musl/linux-qualcommax_ipq60xx/packages/.pkgdir/kmod-nf-flow/. /home/albresky/repos/openwrt-6.x/staging_dir/target-aarch64_cortex-a53_musl/root-qualcommax/'
touch /home/albresky/repos/openwrt-6.x/staging_dir/target-aarch64_cortex-a53_musl/root-qualcommax/stamp/.kmod-nf-flow_installed
echo "kmod-nf-flow" >> /home/albresky/repos/openwrt-6.x/staging_dir/target-aarch64_cortex-a53_musl/pkginfo/linux.default.install
mkdir -p /home/albresky/repos/openwrt-6.x/staging_dir/target-aarch64_cortex-a53_musl/root-qualcommax/stamp

SHELL= flock /home/albresky/repos/openwrt-6.x/tmp/.root-copy.flock -c 'cp -fpR /home/albresky/repos/openwrt-6.x/build_dir/target-aarch64_cortex-a53_musl/linux-qualcommax_ipq60xx/packages/.pkgdir/kmod-nf-tproxy/. /home/albresky/repos/openwrt-6.x/staging_dir/target-aarch64_cortex-a53_musl/root-qualcommax/'
touch /home/albresky/repos/openwrt-6.x/staging_dir/target-aarch64_cortex-a53_musl/root-qualcommax/stamp/.kmod-nf-tproxy_installed
echo "kmod-nf-tproxy" >> /home/albresky/repos/openwrt-6.x/staging_dir/target-aarch64_cortex-a53_musl/pkginfo/linux.default.install
mkdir -p /home/albresky/repos/openwrt-6.x/staging_dir/target-aarch64_cortex-a53_musl/root-qualcommax/stamp

SHELL= flock /home/albresky/repos/openwrt-6.x/tmp/.root-copy.flock -c 'cp -fpR /home/albresky/repos/openwrt-6.x/build_dir/target-aarch64_cortex-a53_musl/linux-qualcommax_ipq60xx/packages/.pkgdir/kmod-ipt-conntrack/. /home/albresky/repos/openwrt-6.x/staging_dir/target-aarch64_cortex-a53_musl/root-qualcommax/'
touch /home/albresky/repos/openwrt-6.x/staging_dir/target-aarch64_cortex-a53_musl/root-qualcommax/stamp/.kmod-ipt-conntrack_installed
echo "kmod-ipt-conntrack" >> /home/albresky/repos/openwrt-6.x/staging_dir/target-aarch64_cortex-a53_musl/pkginfo/linux.default.install
mkdir -p /home/albresky/repos/openwrt-6.x/staging_dir/target-aarch64_cortex-a53_musl/root-qualcommax/stamp

SHELL= flock /home/albresky/repos/openwrt-6.x/tmp/.root-copy.flock -c 'cp -fpR /home/albresky/repos/openwrt-6.x/build_dir/target-aarch64_cortex-a53_musl/linux-qualcommax_ipq60xx/packages/.pkgdir/kmod-ipt-ipset/. /home/albresky/repos/openwrt-6.x/staging_dir/target-aarch64_cortex-a53_musl/root-qualcommax/'
touch /home/albresky/repos/openwrt-6.x/staging_dir/target-aarch64_cortex-a53_musl/root-qualcommax/stamp/.kmod-ipt-ipset_installed
echo "kmod-ipt-ipset" >> /home/albresky/repos/openwrt-6.x/staging_dir/target-aarch64_cortex-a53_musl/pkginfo/linux.default.install
mkdir -p /home/albresky/repos/openwrt-6.x/staging_dir/target-aarch64_cortex-a53_musl/root-qualcommax/stamp

SHELL= flock /home/albresky/repos/openwrt-6.x/tmp/.root-copy.flock -c 'cp -fpR /home/albresky/repos/openwrt-6.x/build_dir/target-aarch64_cortex-a53_musl/linux-qualcommax_ipq60xx/packages/.pkgdir/kmod-ipt-nat/. /home/albresky/repos/openwrt-6.x/staging_dir/target-aarch64_cortex-a53_musl/root-qualcommax/'
touch /home/albresky/repos/openwrt-6.x/staging_dir/target-aarch64_cortex-a53_musl/root-qualcommax/stamp/.kmod-ipt-nat_installed
echo "kmod-ipt-nat" >> /home/albresky/repos/openwrt-6.x/staging_dir/target-aarch64_cortex-a53_musl/pkginfo/linux.default.install
mkdir -p /home/albresky/repos/openwrt-6.x/staging_dir/target-aarch64_cortex-a53_musl/root-qualcommax/stamp

SHELL= flock /home/albresky/repos/openwrt-6.x/tmp/.root-copy.flock -c 'cp -fpR /home/albresky/repos/openwrt-6.x/build_dir/target-aarch64_cortex-a53_musl/linux-qualcommax_ipq60xx/packages/.pkgdir/kmod-ipt-nat6/. /home/albresky/repos/openwrt-6.x/staging_dir/target-aarch64_cortex-a53_musl/root-qualcommax/'
touch /home/albresky/repos/openwrt-6.x/staging_dir/target-aarch64_cortex-a53_musl/root-qualcommax/stamp/.kmod-ipt-nat6_installed
echo "kmod-ipt-nat6" >> /home/albresky/repos/openwrt-6.x/staging_dir/target-aarch64_cortex-a53_musl/pkginfo/linux.default.install
mkdir -p /home/albresky/repos/openwrt-6.x/staging_dir/target-aarch64_cortex-a53_musl/root-qualcommax/stamp

SHELL= flock /home/albresky/repos/openwrt-6.x/tmp/.root-copy.flock -c 'cp -fpR /home/albresky/repos/openwrt-6.x/build_dir/target-aarch64_cortex-a53_musl/linux-qualcommax_ipq60xx/packages/.pkgdir/kmod-ip6tables/. /home/albresky/repos/openwrt-6.x/staging_dir/target-aarch64_cortex-a53_musl/root-qualcommax/'
touch /home/albresky/repos/openwrt-6.x/staging_dir/target-aarch64_cortex-a53_musl/root-qualcommax/stamp/.kmod-ip6tables_installed
echo "kmod-ip6tables" >> /home/albresky/repos/openwrt-6.x/staging_dir/target-aarch64_cortex-a53_musl/pkginfo/linux.default.install
mkdir -p /home/albresky/repos/openwrt-6.x/staging_dir/target-aarch64_cortex-a53_musl/root-qualcommax/stamp

SHELL= flock /home/albresky/repos/openwrt-6.x/tmp/.root-copy.flock -c 'cp -fpR /home/albresky/repos/openwrt-6.x/build_dir/target-aarch64_cortex-a53_musl/linux-qualcommax_ipq60xx/packages/.pkgdir/kmod-ip6tables-extra/. /home/albresky/repos/openwrt-6.x/staging_dir/target-aarch64_cortex-a53_musl/root-qualcommax/'
touch /home/albresky/repos/openwrt-6.x/staging_dir/target-aarch64_cortex-a53_musl/root-qualcommax/stamp/.kmod-ip6tables-extra_installed
echo "kmod-ip6tables-extra" >> /home/albresky/repos/openwrt-6.x/staging_dir/target-aarch64_cortex-a53_musl/pkginfo/linux.default.install
mkdir -p /home/albresky/repos/openwrt-6.x/staging_dir/target-aarch64_cortex-a53_musl/root-qualcommax/stamp

SHELL= flock /home/albresky/repos/openwrt-6.x/tmp/.root-copy.flock -c 'cp -fpR /home/albresky/repos/openwrt-6.x/build_dir/target-aarch64_cortex-a53_musl/linux-qualcommax_ipq60xx/packages/.pkgdir/kmod-nfnetlink/. /home/albresky/repos/openwrt-6.x/staging_dir/target-aarch64_cortex-a53_musl/root-qualcommax/'
touch /home/albresky/repos/openwrt-6.x/staging_dir/target-aarch64_cortex-a53_musl/root-qualcommax/stamp/.kmod-nfnetlink_installed
echo "kmod-nfnetlink" >> /home/albresky/repos/openwrt-6.x/staging_dir/target-aarch64_cortex-a53_musl/pkginfo/linux.default.install
mkdir -p /home/albresky/repos/openwrt-6.x/staging_dir/target-aarch64_cortex-a53_musl/root-qualcommax/stamp

SHELL= flock /home/albresky/repos/openwrt-6.x/tmp/.root-copy.flock -c 'cp -fpR /home/albresky/repos/openwrt-6.x/build_dir/target-aarch64_cortex-a53_musl/linux-qualcommax_ipq60xx/packages/.pkgdir/kmod-nf-conntrack-netlink/. /home/albresky/repos/openwrt-6.x/staging_dir/target-aarch64_cortex-a53_musl/root-qualcommax/'
touch /home/albresky/repos/openwrt-6.x/staging_dir/target-aarch64_cortex-a53_musl/root-qualcommax/stamp/.kmod-nf-conntrack-netlink_installed
echo "kmod-nf-conntrack-netlink" >> /home/albresky/repos/openwrt-6.x/staging_dir/target-aarch64_cortex-a53_musl/pkginfo/linux.default.install
mkdir -p /home/albresky/repos/openwrt-6.x/staging_dir/target-aarch64_cortex-a53_musl/root-qualcommax/stamp

SHELL= flock /home/albresky/repos/openwrt-6.x/tmp/.root-copy.flock -c 'cp -fpR /home/albresky/repos/openwrt-6.x/build_dir/target-aarch64_cortex-a53_musl/linux-qualcommax_ipq60xx/packages/.pkgdir/kmod-nft-core/. /home/albresky/repos/openwrt-6.x/staging_dir/target-aarch64_cortex-a53_musl/root-qualcommax/'
touch /home/albresky/repos/openwrt-6.x/staging_dir/target-aarch64_cortex-a53_musl/root-qualcommax/stamp/.kmod-nft-core_installed
echo "kmod-nft-core" >> /home/albresky/repos/openwrt-6.x/staging_dir/target-aarch64_cortex-a53_musl/pkginfo/linux.default.install
mkdir -p /home/albresky/repos/openwrt-6.x/staging_dir/target-aarch64_cortex-a53_musl/root-qualcommax/stamp

SHELL= flock /home/albresky/repos/openwrt-6.x/tmp/.root-copy.flock -c 'cp -fpR /home/albresky/repos/openwrt-6.x/build_dir/target-aarch64_cortex-a53_musl/linux-qualcommax_ipq60xx/packages/.pkgdir/kmod-nft-nat/. /home/albresky/repos/openwrt-6.x/staging_dir/target-aarch64_cortex-a53_musl/root-qualcommax/'
touch /home/albresky/repos/openwrt-6.x/staging_dir/target-aarch64_cortex-a53_musl/root-qualcommax/stamp/.kmod-nft-nat_installed
echo "kmod-nft-nat" >> /home/albresky/repos/openwrt-6.x/staging_dir/target-aarch64_cortex-a53_musl/pkginfo/linux.default.install
mkdir -p /home/albresky/repos/openwrt-6.x/staging_dir/target-aarch64_cortex-a53_musl/root-qualcommax/stamp

SHELL= flock /home/albresky/repos/openwrt-6.x/tmp/.root-copy.flock -c 'cp -fpR /home/albresky/repos/openwrt-6.x/build_dir/target-aarch64_cortex-a53_musl/linux-qualcommax_ipq60xx/packages/.pkgdir/kmod-nft-offload/. /home/albresky/repos/openwrt-6.x/staging_dir/target-aarch64_cortex-a53_musl/root-qualcommax/'
touch /home/albresky/repos/openwrt-6.x/staging_dir/target-aarch64_cortex-a53_musl/root-qualcommax/stamp/.kmod-nft-offload_installed
echo "kmod-nft-offload" >> /home/albresky/repos/openwrt-6.x/staging_dir/target-aarch64_cortex-a53_musl/pkginfo/linux.default.install
mkdir -p /home/albresky/repos/openwrt-6.x/staging_dir/target-aarch64_cortex-a53_musl/root-qualcommax/stamp

SHELL= flock /home/albresky/repos/openwrt-6.x/tmp/.root-copy.flock -c 'cp -fpR /home/albresky/repos/openwrt-6.x/build_dir/target-aarch64_cortex-a53_musl/linux-qualcommax_ipq60xx/packages/.pkgdir/kmod-nft-fib/. /home/albresky/repos/openwrt-6.x/staging_dir/target-aarch64_cortex-a53_musl/root-qualcommax/'
touch /home/albresky/repos/openwrt-6.x/staging_dir/target-aarch64_cortex-a53_musl/root-qualcommax/stamp/.kmod-nft-fib_installed
echo "kmod-nft-fib" >> /home/albresky/repos/openwrt-6.x/staging_dir/target-aarch64_cortex-a53_musl/pkginfo/linux.default.install
mkdir -p /home/albresky/repos/openwrt-6.x/staging_dir/target-aarch64_cortex-a53_musl/root-qualcommax/stamp

SHELL= flock /home/albresky/repos/openwrt-6.x/tmp/.root-copy.flock -c 'cp -fpR /home/albresky/repos/openwrt-6.x/build_dir/target-aarch64_cortex-a53_musl/linux-qualcommax_ipq60xx/packages/.pkgdir/kmod-nft-tproxy/. /home/albresky/repos/openwrt-6.x/staging_dir/target-aarch64_cortex-a53_musl/root-qualcommax/'
touch /home/albresky/repos/openwrt-6.x/staging_dir/target-aarch64_cortex-a53_musl/root-qualcommax/stamp/.kmod-nft-tproxy_installed
echo "kmod-nft-tproxy" >> /home/albresky/repos/openwrt-6.x/staging_dir/target-aarch64_cortex-a53_musl/pkginfo/linux.default.install
mkdir -p /home/albresky/repos/openwrt-6.x/staging_dir/target-aarch64_cortex-a53_musl/root-qualcommax/stamp

SHELL= flock /home/albresky/repos/openwrt-6.x/tmp/.root-copy.flock -c 'cp -fpR /home/albresky/repos/openwrt-6.x/build_dir/target-aarch64_cortex-a53_musl/linux-qualcommax_ipq60xx/packages/.pkgdir/kmod-nft-compat/. /home/albresky/repos/openwrt-6.x/staging_dir/target-aarch64_cortex-a53_musl/root-qualcommax/'
touch /home/albresky/repos/openwrt-6.x/staging_dir/target-aarch64_cortex-a53_musl/root-qualcommax/stamp/.kmod-nft-compat_installed
echo "kmod-nft-compat" >> /home/albresky/repos/openwrt-6.x/staging_dir/target-aarch64_cortex-a53_musl/pkginfo/linux.default.install
mkdir -p /home/albresky/repos/openwrt-6.x/staging_dir/target-aarch64_cortex-a53_musl/root-qualcommax/stamp

SHELL= flock /home/albresky/repos/openwrt-6.x/tmp/.root-copy.flock -c 'cp -fpR /home/albresky/repos/openwrt-6.x/build_dir/target-aarch64_cortex-a53_musl/linux-qualcommax_ipq60xx/packages/.pkgdir/kmod-bonding/. /home/albresky/repos/openwrt-6.x/staging_dir/target-aarch64_cortex-a53_musl/root-qualcommax/'
touch /home/albresky/repos/openwrt-6.x/staging_dir/target-aarch64_cortex-a53_musl/root-qualcommax/stamp/.kmod-bonding_installed
echo "kmod-bonding" >> /home/albresky/repos/openwrt-6.x/staging_dir/target-aarch64_cortex-a53_musl/pkginfo/linux.default.install
mkdir -p /home/albresky/repos/openwrt-6.x/staging_dir/target-aarch64_cortex-a53_musl/root-qualcommax/stamp

SHELL= flock /home/albresky/repos/openwrt-6.x/tmp/.root-copy.flock -c 'cp -fpR /home/albresky/repos/openwrt-6.x/build_dir/target-aarch64_cortex-a53_musl/linux-qualcommax_ipq60xx/packages/.pkgdir/kmod-udptunnel4/. /home/albresky/repos/openwrt-6.x/staging_dir/target-aarch64_cortex-a53_musl/root-qualcommax/'
touch /home/albresky/repos/openwrt-6.x/staging_dir/target-aarch64_cortex-a53_musl/root-qualcommax/stamp/.kmod-udptunnel4_installed
echo "kmod-udptunnel4" >> /home/albresky/repos/openwrt-6.x/staging_dir/target-aarch64_cortex-a53_musl/pkginfo/linux.default.install
mkdir -p /home/albresky/repos/openwrt-6.x/staging_dir/target-aarch64_cortex-a53_musl/root-qualcommax/stamp

SHELL= flock /home/albresky/repos/openwrt-6.x/tmp/.root-copy.flock -c 'cp -fpR /home/albresky/repos/openwrt-6.x/build_dir/target-aarch64_cortex-a53_musl/linux-qualcommax_ipq60xx/packages/.pkgdir/kmod-udptunnel6/. /home/albresky/repos/openwrt-6.x/staging_dir/target-aarch64_cortex-a53_musl/root-qualcommax/'
touch /home/albresky/repos/openwrt-6.x/staging_dir/target-aarch64_cortex-a53_musl/root-qualcommax/stamp/.kmod-udptunnel6_installed
echo "kmod-udptunnel6" >> /home/albresky/repos/openwrt-6.x/staging_dir/target-aarch64_cortex-a53_musl/pkginfo/linux.default.install
mkdir -p /home/albresky/repos/openwrt-6.x/staging_dir/target-aarch64_cortex-a53_musl/root-qualcommax/stamp

SHELL= flock /home/albresky/repos/openwrt-6.x/tmp/.root-copy.flock -c 'cp -fpR /home/albresky/repos/openwrt-6.x/build_dir/target-aarch64_cortex-a53_musl/linux-qualcommax_ipq60xx/packages/.pkgdir/kmod-vxlan/. /home/albresky/repos/openwrt-6.x/staging_dir/target-aarch64_cortex-a53_musl/root-qualcommax/'
touch /home/albresky/repos/openwrt-6.x/staging_dir/target-aarch64_cortex-a53_musl/root-qualcommax/stamp/.kmod-vxlan_installed
echo "kmod-vxlan" >> /home/albresky/repos/openwrt-6.x/staging_dir/target-aarch64_cortex-a53_musl/pkginfo/linux.default.install
mkdir -p /home/albresky/repos/openwrt-6.x/staging_dir/target-aarch64_cortex-a53_musl/root-qualcommax/stamp

SHELL= flock /home/albresky/repos/openwrt-6.x/tmp/.root-copy.flock -c 'cp -fpR /home/albresky/repos/openwrt-6.x/build_dir/target-aarch64_cortex-a53_musl/linux-qualcommax_ipq60xx/packages/.pkgdir/kmod-iptunnel/. /home/albresky/repos/openwrt-6.x/staging_dir/target-aarch64_cortex-a53_musl/root-qualcommax/'
touch /home/albresky/repos/openwrt-6.x/staging_dir/target-aarch64_cortex-a53_musl/root-qualcommax/stamp/.kmod-iptunnel_installed
echo "kmod-iptunnel" >> /home/albresky/repos/openwrt-6.x/staging_dir/target-aarch64_cortex-a53_musl/pkginfo/linux.default.install
mkdir -p /home/albresky/repos/openwrt-6.x/staging_dir/target-aarch64_cortex-a53_musl/root-qualcommax/stamp

SHELL= flock /home/albresky/repos/openwrt-6.x/tmp/.root-copy.flock -c 'cp -fpR /home/albresky/repos/openwrt-6.x/build_dir/target-aarch64_cortex-a53_musl/linux-qualcommax_ipq60xx/packages/.pkgdir/kmod-iptunnel4/. /home/albresky/repos/openwrt-6.x/staging_dir/target-aarch64_cortex-a53_musl/root-qualcommax/'
touch /home/albresky/repos/openwrt-6.x/staging_dir/target-aarch64_cortex-a53_musl/root-qualcommax/stamp/.kmod-iptunnel4_installed
echo "kmod-iptunnel4" >> /home/albresky/repos/openwrt-6.x/staging_dir/target-aarch64_cortex-a53_musl/pkginfo/linux.default.install
mkdir -p /home/albresky/repos/openwrt-6.x/staging_dir/target-aarch64_cortex-a53_musl/root-qualcommax/stamp

SHELL= flock /home/albresky/repos/openwrt-6.x/tmp/.root-copy.flock -c 'cp -fpR /home/albresky/repos/openwrt-6.x/build_dir/target-aarch64_cortex-a53_musl/linux-qualcommax_ipq60xx/packages/.pkgdir/kmod-iptunnel6/. /home/albresky/repos/openwrt-6.x/staging_dir/target-aarch64_cortex-a53_musl/root-qualcommax/'
touch /home/albresky/repos/openwrt-6.x/staging_dir/target-aarch64_cortex-a53_musl/root-qualcommax/stamp/.kmod-iptunnel6_installed
echo "kmod-iptunnel6" >> /home/albresky/repos/openwrt-6.x/staging_dir/target-aarch64_cortex-a53_musl/pkginfo/linux.default.install
mkdir -p /home/albresky/repos/openwrt-6.x/staging_dir/target-aarch64_cortex-a53_musl/root-qualcommax/stamp

SHELL= flock /home/albresky/repos/openwrt-6.x/tmp/.root-copy.flock -c 'cp -fpR /home/albresky/repos/openwrt-6.x/build_dir/target-aarch64_cortex-a53_musl/linux-qualcommax_ipq60xx/packages/.pkgdir/kmod-sit/. /home/albresky/repos/openwrt-6.x/staging_dir/target-aarch64_cortex-a53_musl/root-qualcommax/'
touch /home/albresky/repos/openwrt-6.x/staging_dir/target-aarch64_cortex-a53_musl/root-qualcommax/stamp/.kmod-sit_installed
echo "kmod-sit" >> /home/albresky/repos/openwrt-6.x/staging_dir/target-aarch64_cortex-a53_musl/pkginfo/linux.default.install
mkdir -p /home/albresky/repos/openwrt-6.x/staging_dir/target-aarch64_cortex-a53_musl/root-qualcommax/stamp

SHELL= flock /home/albresky/repos/openwrt-6.x/tmp/.root-copy.flock -c 'cp -fpR /home/albresky/repos/openwrt-6.x/build_dir/target-aarch64_cortex-a53_musl/linux-qualcommax_ipq60xx/packages/.pkgdir/kmod-ip6-tunnel/. /home/albresky/repos/openwrt-6.x/staging_dir/target-aarch64_cortex-a53_musl/root-qualcommax/'
touch /home/albresky/repos/openwrt-6.x/staging_dir/target-aarch64_cortex-a53_musl/root-qualcommax/stamp/.kmod-ip6-tunnel_installed
echo "kmod-ip6-tunnel" >> /home/albresky/repos/openwrt-6.x/staging_dir/target-aarch64_cortex-a53_musl/pkginfo/linux.default.install
mkdir -p /home/albresky/repos/openwrt-6.x/staging_dir/target-aarch64_cortex-a53_musl/root-qualcommax/stamp

SHELL= flock /home/albresky/repos/openwrt-6.x/tmp/.root-copy.flock -c 'cp -fpR /home/albresky/repos/openwrt-6.x/build_dir/target-aarch64_cortex-a53_musl/linux-qualcommax_ipq60xx/packages/.pkgdir/kmod-gre/. /home/albresky/repos/openwrt-6.x/staging_dir/target-aarch64_cortex-a53_musl/root-qualcommax/'
touch /home/albresky/repos/openwrt-6.x/staging_dir/target-aarch64_cortex-a53_musl/root-qualcommax/stamp/.kmod-gre_installed
echo "kmod-gre" >> /home/albresky/repos/openwrt-6.x/staging_dir/target-aarch64_cortex-a53_musl/pkginfo/linux.default.install
mkdir -p /home/albresky/repos/openwrt-6.x/staging_dir/target-aarch64_cortex-a53_musl/root-qualcommax/stamp

SHELL= flock /home/albresky/repos/openwrt-6.x/tmp/.root-copy.flock -c 'cp -fpR /home/albresky/repos/openwrt-6.x/build_dir/target-aarch64_cortex-a53_musl/linux-qualcommax_ipq60xx/packages/.pkgdir/kmod-gre6/. /home/albresky/repos/openwrt-6.x/staging_dir/target-aarch64_cortex-a53_musl/root-qualcommax/'
touch /home/albresky/repos/openwrt-6.x/staging_dir/target-aarch64_cortex-a53_musl/root-qualcommax/stamp/.kmod-gre6_installed
echo "kmod-gre6" >> /home/albresky/repos/openwrt-6.x/staging_dir/target-aarch64_cortex-a53_musl/pkginfo/linux.default.install
mkdir -p /home/albresky/repos/openwrt-6.x/staging_dir/target-aarch64_cortex-a53_musl/root-qualcommax/stamp

SHELL= flock /home/albresky/repos/openwrt-6.x/tmp/.root-copy.flock -c 'cp -fpR /home/albresky/repos/openwrt-6.x/build_dir/target-aarch64_cortex-a53_musl/linux-qualcommax_ipq60xx/packages/.pkgdir/kmod-tun/. /home/albresky/repos/openwrt-6.x/staging_dir/target-aarch64_cortex-a53_musl/root-qualcommax/'
touch /home/albresky/repos/openwrt-6.x/staging_dir/target-aarch64_cortex-a53_musl/root-qualcommax/stamp/.kmod-tun_installed
echo "kmod-tun" >> /home/albresky/repos/openwrt-6.x/staging_dir/target-aarch64_cortex-a53_musl/pkginfo/linux.default.install
mkdir -p /home/albresky/repos/openwrt-6.x/staging_dir/target-aarch64_cortex-a53_musl/root-qualcommax/stamp

SHELL= flock /home/albresky/repos/openwrt-6.x/tmp/.root-copy.flock -c 'cp -fpR /home/albresky/repos/openwrt-6.x/build_dir/target-aarch64_cortex-a53_musl/linux-qualcommax_ipq60xx/packages/.pkgdir/kmod-slhc/. /home/albresky/repos/openwrt-6.x/staging_dir/target-aarch64_cortex-a53_musl/root-qualcommax/'
touch /home/albresky/repos/openwrt-6.x/staging_dir/target-aarch64_cortex-a53_musl/root-qualcommax/stamp/.kmod-slhc_installed
echo "kmod-slhc" >> /home/albresky/repos/openwrt-6.x/staging_dir/target-aarch64_cortex-a53_musl/pkginfo/linux.default.install
mkdir -p /home/albresky/repos/openwrt-6.x/staging_dir/target-aarch64_cortex-a53_musl/root-qualcommax/stamp

SHELL= flock /home/albresky/repos/openwrt-6.x/tmp/.root-copy.flock -c 'cp -fpR /home/albresky/repos/openwrt-6.x/build_dir/target-aarch64_cortex-a53_musl/linux-qualcommax_ipq60xx/packages/.pkgdir/kmod-ppp/. /home/albresky/repos/openwrt-6.x/staging_dir/target-aarch64_cortex-a53_musl/root-qualcommax/'
touch /home/albresky/repos/openwrt-6.x/staging_dir/target-aarch64_cortex-a53_musl/root-qualcommax/stamp/.kmod-ppp_installed
echo "kmod-ppp" >> /home/albresky/repos/openwrt-6.x/staging_dir/target-aarch64_cortex-a53_musl/pkginfo/linux.default.install
mkdir -p /home/albresky/repos/openwrt-6.x/staging_dir/target-aarch64_cortex-a53_musl/root-qualcommax/stamp

SHELL= flock /home/albresky/repos/openwrt-6.x/tmp/.root-copy.flock -c 'cp -fpR /home/albresky/repos/openwrt-6.x/build_dir/target-aarch64_cortex-a53_musl/linux-qualcommax_ipq60xx/packages/.pkgdir/kmod-pppox/. /home/albresky/repos/openwrt-6.x/staging_dir/target-aarch64_cortex-a53_musl/root-qualcommax/'
touch /home/albresky/repos/openwrt-6.x/staging_dir/target-aarch64_cortex-a53_musl/root-qualcommax/stamp/.kmod-pppox_installed
echo "kmod-pppox" >> /home/albresky/repos/openwrt-6.x/staging_dir/target-aarch64_cortex-a53_musl/pkginfo/linux.default.install
mkdir -p /home/albresky/repos/openwrt-6.x/staging_dir/target-aarch64_cortex-a53_musl/root-qualcommax/stamp

SHELL= flock /home/albresky/repos/openwrt-6.x/tmp/.root-copy.flock -c 'cp -fpR /home/albresky/repos/openwrt-6.x/build_dir/target-aarch64_cortex-a53_musl/linux-qualcommax_ipq60xx/packages/.pkgdir/kmod-pppoe/. /home/albresky/repos/openwrt-6.x/staging_dir/target-aarch64_cortex-a53_musl/root-qualcommax/'
touch /home/albresky/repos/openwrt-6.x/staging_dir/target-aarch64_cortex-a53_musl/root-qualcommax/stamp/.kmod-pppoe_installed
echo "kmod-pppoe" >> /home/albresky/repos/openwrt-6.x/staging_dir/target-aarch64_cortex-a53_musl/pkginfo/linux.default.install
mkdir -p /home/albresky/repos/openwrt-6.x/staging_dir/target-aarch64_cortex-a53_musl/root-qualcommax/stamp

SHELL= flock /home/albresky/repos/openwrt-6.x/tmp/.root-copy.flock -c 'cp -fpR /home/albresky/repos/openwrt-6.x/build_dir/target-aarch64_cortex-a53_musl/linux-qualcommax_ipq60xx/packages/.pkgdir/kmod-pptp/. /home/albresky/repos/openwrt-6.x/staging_dir/target-aarch64_cortex-a53_musl/root-qualcommax/'
touch /home/albresky/repos/openwrt-6.x/staging_dir/target-aarch64_cortex-a53_musl/root-qualcommax/stamp/.kmod-pptp_installed
echo "kmod-pptp" >> /home/albresky/repos/openwrt-6.x/staging_dir/target-aarch64_cortex-a53_musl/pkginfo/linux.default.install
mkdir -p /home/albresky/repos/openwrt-6.x/staging_dir/target-aarch64_cortex-a53_musl/root-qualcommax/stamp

SHELL= flock /home/albresky/repos/openwrt-6.x/tmp/.root-copy.flock -c 'cp -fpR /home/albresky/repos/openwrt-6.x/build_dir/target-aarch64_cortex-a53_musl/linux-qualcommax_ipq60xx/packages/.pkgdir/kmod-pppol2tp/. /home/albresky/repos/openwrt-6.x/staging_dir/target-aarch64_cortex-a53_musl/root-qualcommax/'
touch /home/albresky/repos/openwrt-6.x/staging_dir/target-aarch64_cortex-a53_musl/root-qualcommax/stamp/.kmod-pppol2tp_installed
echo "kmod-pppol2tp" >> /home/albresky/repos/openwrt-6.x/staging_dir/target-aarch64_cortex-a53_musl/pkginfo/linux.default.install
mkdir -p /home/albresky/repos/openwrt-6.x/staging_dir/target-aarch64_cortex-a53_musl/root-qualcommax/stamp

SHELL= flock /home/albresky/repos/openwrt-6.x/tmp/.root-copy.flock -c 'cp -fpR /home/albresky/repos/openwrt-6.x/build_dir/target-aarch64_cortex-a53_musl/linux-qualcommax_ipq60xx/packages/.pkgdir/kmod-mppe/. /home/albresky/repos/openwrt-6.x/staging_dir/target-aarch64_cortex-a53_musl/root-qualcommax/'
touch /home/albresky/repos/openwrt-6.x/staging_dir/target-aarch64_cortex-a53_musl/root-qualcommax/stamp/.kmod-mppe_installed
echo "kmod-mppe" >> /home/albresky/repos/openwrt-6.x/staging_dir/target-aarch64_cortex-a53_musl/pkginfo/linux.default.install
mkdir -p /home/albresky/repos/openwrt-6.x/staging_dir/target-aarch64_cortex-a53_musl/root-qualcommax/stamp

SHELL= flock /home/albresky/repos/openwrt-6.x/tmp/.root-copy.flock -c 'cp -fpR /home/albresky/repos/openwrt-6.x/build_dir/target-aarch64_cortex-a53_musl/linux-qualcommax_ipq60xx/packages/.pkgdir/kmod-sched-core/. /home/albresky/repos/openwrt-6.x/staging_dir/target-aarch64_cortex-a53_musl/root-qualcommax/'
touch /home/albresky/repos/openwrt-6.x/staging_dir/target-aarch64_cortex-a53_musl/root-qualcommax/stamp/.kmod-sched-core_installed
echo "kmod-sched-core" >> /home/albresky/repos/openwrt-6.x/staging_dir/target-aarch64_cortex-a53_musl/pkginfo/linux.default.install
mkdir -p /home/albresky/repos/openwrt-6.x/staging_dir/target-aarch64_cortex-a53_musl/root-qualcommax/stamp

SHELL= flock /home/albresky/repos/openwrt-6.x/tmp/.root-copy.flock -c 'cp -fpR /home/albresky/repos/openwrt-6.x/build_dir/target-aarch64_cortex-a53_musl/linux-qualcommax_ipq60xx/packages/.pkgdir/kmod-l2tp/. /home/albresky/repos/openwrt-6.x/staging_dir/target-aarch64_cortex-a53_musl/root-qualcommax/'
touch /home/albresky/repos/openwrt-6.x/staging_dir/target-aarch64_cortex-a53_musl/root-qualcommax/stamp/.kmod-l2tp_installed
echo "kmod-l2tp" >> /home/albresky/repos/openwrt-6.x/staging_dir/target-aarch64_cortex-a53_musl/pkginfo/linux.default.install
mkdir -p /home/albresky/repos/openwrt-6.x/staging_dir/target-aarch64_cortex-a53_musl/root-qualcommax/stamp

SHELL= flock /home/albresky/repos/openwrt-6.x/tmp/.root-copy.flock -c 'cp -fpR /home/albresky/repos/openwrt-6.x/build_dir/target-aarch64_cortex-a53_musl/linux-qualcommax_ipq60xx/packages/.pkgdir/kmod-inet-diag/. /home/albresky/repos/openwrt-6.x/staging_dir/target-aarch64_cortex-a53_musl/root-qualcommax/'
touch /home/albresky/repos/openwrt-6.x/staging_dir/target-aarch64_cortex-a53_musl/root-qualcommax/stamp/.kmod-inet-diag_installed
echo "kmod-inet-diag" >> /home/albresky/repos/openwrt-6.x/staging_dir/target-aarch64_cortex-a53_musl/pkginfo/linux.default.install
mkdir -p /home/albresky/repos/openwrt-6.x/staging_dir/target-aarch64_cortex-a53_musl/root-qualcommax/stamp

SHELL= flock /home/albresky/repos/openwrt-6.x/tmp/.root-copy.flock -c 'cp -fpR /home/albresky/repos/openwrt-6.x/build_dir/target-aarch64_cortex-a53_musl/linux-qualcommax_ipq60xx/packages/.pkgdir/kmod-qrtr/. /home/albresky/repos/openwrt-6.x/staging_dir/target-aarch64_cortex-a53_musl/root-qualcommax/'
touch /home/albresky/repos/openwrt-6.x/staging_dir/target-aarch64_cortex-a53_musl/root-qualcommax/stamp/.kmod-qrtr_installed
echo "kmod-qrtr" >> /home/albresky/repos/openwrt-6.x/staging_dir/target-aarch64_cortex-a53_musl/pkginfo/linux.default.install
mkdir -p /home/albresky/repos/openwrt-6.x/staging_dir/target-aarch64_cortex-a53_musl/root-qualcommax/stamp

SHELL= flock /home/albresky/repos/openwrt-6.x/tmp/.root-copy.flock -c 'cp -fpR /home/albresky/repos/openwrt-6.x/build_dir/target-aarch64_cortex-a53_musl/linux-qualcommax_ipq60xx/packages/.pkgdir/kmod-qrtr-smd/. /home/albresky/repos/openwrt-6.x/staging_dir/target-aarch64_cortex-a53_musl/root-qualcommax/'
touch /home/albresky/repos/openwrt-6.x/staging_dir/target-aarch64_cortex-a53_musl/root-qualcommax/stamp/.kmod-qrtr-smd_installed
echo "kmod-qrtr-smd" >> /home/albresky/repos/openwrt-6.x/staging_dir/target-aarch64_cortex-a53_musl/pkginfo/linux.default.install
mkdir -p /home/albresky/repos/openwrt-6.x/staging_dir/target-aarch64_cortex-a53_musl/root-qualcommax/stamp

SHELL= flock /home/albresky/repos/openwrt-6.x/tmp/.root-copy.flock -c 'cp -fpR /home/albresky/repos/openwrt-6.x/build_dir/target-aarch64_cortex-a53_musl/linux-qualcommax_ipq60xx/packages/.pkgdir/kmod-nls-base/. /home/albresky/repos/openwrt-6.x/staging_dir/target-aarch64_cortex-a53_musl/root-qualcommax/'
touch /home/albresky/repos/openwrt-6.x/staging_dir/target-aarch64_cortex-a53_musl/root-qualcommax/stamp/.kmod-nls-base_installed
echo "kmod-nls-base" >> /home/albresky/repos/openwrt-6.x/staging_dir/target-aarch64_cortex-a53_musl/pkginfo/linux.default.install
mkdir -p /home/albresky/repos/openwrt-6.x/staging_dir/target-aarch64_cortex-a53_musl/root-qualcommax/stamp

SHELL= flock /home/albresky/repos/openwrt-6.x/tmp/.root-copy.flock -c 'cp -fpR /home/albresky/repos/openwrt-6.x/build_dir/target-aarch64_cortex-a53_musl/linux-qualcommax_ipq60xx/packages/.pkgdir/kmod-zram/. /home/albresky/repos/openwrt-6.x/staging_dir/target-aarch64_cortex-a53_musl/root-qualcommax/'
touch /home/albresky/repos/openwrt-6.x/staging_dir/target-aarch64_cortex-a53_musl/root-qualcommax/stamp/.kmod-zram_installed
echo "kmod-zram" >> /home/albresky/repos/openwrt-6.x/staging_dir/target-aarch64_cortex-a53_musl/pkginfo/linux.default.install
mkdir -p /home/albresky/repos/openwrt-6.x/staging_dir/target-aarch64_cortex-a53_musl/root-qualcommax/stamp

SHELL= flock /home/albresky/repos/openwrt-6.x/tmp/.root-copy.flock -c 'cp -fpR /home/albresky/repos/openwrt-6.x/build_dir/target-aarch64_cortex-a53_musl/linux-qualcommax_ipq60xx/packages/.pkgdir/kmod-random-core/. /home/albresky/repos/openwrt-6.x/staging_dir/target-aarch64_cortex-a53_musl/root-qualcommax/'
touch /home/albresky/repos/openwrt-6.x/staging_dir/target-aarch64_cortex-a53_musl/root-qualcommax/stamp/.kmod-random-core_installed
echo "kmod-random-core" >> /home/albresky/repos/openwrt-6.x/staging_dir/target-aarch64_cortex-a53_musl/pkginfo/linux.default.install
WARNING: kmod-thermal is not available in the kernel config - generating empty package
mkdir -p /home/albresky/repos/openwrt-6.x/staging_dir/target-aarch64_cortex-a53_musl/root-qualcommax/stamp

SHELL= flock /home/albresky/repos/openwrt-6.x/tmp/.root-copy.flock -c 'cp -fpR /home/albresky/repos/openwrt-6.x/build_dir/target-aarch64_cortex-a53_musl/linux-qualcommax_ipq60xx/packages/.pkgdir/kmod-thermal/. /home/albresky/repos/openwrt-6.x/staging_dir/target-aarch64_cortex-a53_musl/root-qualcommax/'
touch /home/albresky/repos/openwrt-6.x/staging_dir/target-aarch64_cortex-a53_musl/root-qualcommax/stamp/.kmod-thermal_installed
echo "kmod-thermal" >> /home/albresky/repos/openwrt-6.x/staging_dir/target-aarch64_cortex-a53_musl/pkginfo/linux.default.install
mkdir -p /home/albresky/repos/openwrt-6.x/staging_dir/target-aarch64_cortex-a53_musl/root-qualcommax/stamp

SHELL= flock /home/albresky/repos/openwrt-6.x/tmp/.root-copy.flock -c 'cp -fpR /home/albresky/repos/openwrt-6.x/build_dir/target-aarch64_cortex-a53_musl/linux-qualcommax_ipq60xx/packages/.pkgdir/kmod-keys-encrypted/. /home/albresky/repos/openwrt-6.x/staging_dir/target-aarch64_cortex-a53_musl/root-qualcommax/'
touch /home/albresky/repos/openwrt-6.x/staging_dir/target-aarch64_cortex-a53_musl/root-qualcommax/stamp/.kmod-keys-encrypted_installed
echo "kmod-keys-encrypted" >> /home/albresky/repos/openwrt-6.x/staging_dir/target-aarch64_cortex-a53_musl/pkginfo/linux.default.install
mkdir -p /home/albresky/repos/openwrt-6.x/staging_dir/target-aarch64_cortex-a53_musl/root-qualcommax/stamp

SHELL= flock /home/albresky/repos/openwrt-6.x/tmp/.root-copy.flock -c 'cp -fpR /home/albresky/repos/openwrt-6.x/build_dir/target-aarch64_cortex-a53_musl/linux-qualcommax_ipq60xx/packages/.pkgdir/kmod-keys-trusted/. /home/albresky/repos/openwrt-6.x/staging_dir/target-aarch64_cortex-a53_musl/root-qualcommax/'
touch /home/albresky/repos/openwrt-6.x/staging_dir/target-aarch64_cortex-a53_musl/root-qualcommax/stamp/.kmod-keys-trusted_installed
echo "kmod-keys-trusted" >> /home/albresky/repos/openwrt-6.x/staging_dir/target-aarch64_cortex-a53_musl/pkginfo/linux.default.install
mkdir -p /home/albresky/repos/openwrt-6.x/staging_dir/target-aarch64_cortex-a53_musl/root-qualcommax/stamp

SHELL= flock /home/albresky/repos/openwrt-6.x/tmp/.root-copy.flock -c 'cp -fpR /home/albresky/repos/openwrt-6.x/build_dir/target-aarch64_cortex-a53_musl/linux-qualcommax_ipq60xx/packages/.pkgdir/kmod-tpm/. /home/albresky/repos/openwrt-6.x/staging_dir/target-aarch64_cortex-a53_musl/root-qualcommax/'
touch /home/albresky/repos/openwrt-6.x/staging_dir/target-aarch64_cortex-a53_musl/root-qualcommax/stamp/.kmod-tpm_installed
echo "kmod-tpm" >> /home/albresky/repos/openwrt-6.x/staging_dir/target-aarch64_cortex-a53_musl/pkginfo/linux.default.install
mkdir -p /home/albresky/repos/openwrt-6.x/staging_dir/target-aarch64_cortex-a53_musl/root-qualcommax/stamp

SHELL= flock /home/albresky/repos/openwrt-6.x/tmp/.root-copy.flock -c 'cp -fpR /home/albresky/repos/openwrt-6.x/build_dir/target-aarch64_cortex-a53_musl/linux-qualcommax_ipq60xx/packages/.pkgdir/kmod-usb-core/. /home/albresky/repos/openwrt-6.x/staging_dir/target-aarch64_cortex-a53_musl/root-qualcommax/'
touch /home/albresky/repos/openwrt-6.x/staging_dir/target-aarch64_cortex-a53_musl/root-qualcommax/stamp/.kmod-usb-core_installed
echo "kmod-usb-core" >> /home/albresky/repos/openwrt-6.x/staging_dir/target-aarch64_cortex-a53_musl/pkginfo/linux.default.install
mkdir -p /home/albresky/repos/openwrt-6.x/staging_dir/target-aarch64_cortex-a53_musl/root-qualcommax/stamp

SHELL= flock /home/albresky/repos/openwrt-6.x/tmp/.root-copy.flock -c 'cp -fpR /home/albresky/repos/openwrt-6.x/build_dir/target-aarch64_cortex-a53_musl/linux-qualcommax_ipq60xx/packages/.pkgdir/kmod-usb-dwc3/. /home/albresky/repos/openwrt-6.x/staging_dir/target-aarch64_cortex-a53_musl/root-qualcommax/'
touch /home/albresky/repos/openwrt-6.x/staging_dir/target-aarch64_cortex-a53_musl/root-qualcommax/stamp/.kmod-usb-dwc3_installed
echo "kmod-usb-dwc3" >> /home/albresky/repos/openwrt-6.x/staging_dir/target-aarch64_cortex-a53_musl/pkginfo/linux.default.install
mkdir -p /home/albresky/repos/openwrt-6.x/staging_dir/target-aarch64_cortex-a53_musl/root-qualcommax/stamp

SHELL= flock /home/albresky/repos/openwrt-6.x/tmp/.root-copy.flock -c 'cp -fpR /home/albresky/repos/openwrt-6.x/build_dir/target-aarch64_cortex-a53_musl/linux-qualcommax_ipq60xx/packages/.pkgdir/kmod-usb-dwc3-qcom/. /home/albresky/repos/openwrt-6.x/staging_dir/target-aarch64_cortex-a53_musl/root-qualcommax/'
touch /home/albresky/repos/openwrt-6.x/staging_dir/target-aarch64_cortex-a53_musl/root-qualcommax/stamp/.kmod-usb-dwc3-qcom_installed
echo "kmod-usb-dwc3-qcom" >> /home/albresky/repos/openwrt-6.x/staging_dir/target-aarch64_cortex-a53_musl/pkginfo/linux.default.install
mkdir -p /home/albresky/repos/openwrt-6.x/staging_dir/target-aarch64_cortex-a53_musl/root-qualcommax/stamp

SHELL= flock /home/albresky/repos/openwrt-6.x/tmp/.root-copy.flock -c 'cp -fpR /home/albresky/repos/openwrt-6.x/build_dir/target-aarch64_cortex-a53_musl/linux-qualcommax_ipq60xx/packages/.pkgdir/kmod-usb3/. /home/albresky/repos/openwrt-6.x/staging_dir/target-aarch64_cortex-a53_musl/root-qualcommax/'
touch /home/albresky/repos/openwrt-6.x/staging_dir/target-aarch64_cortex-a53_musl/root-qualcommax/stamp/.kmod-usb3_installed
echo "kmod-usb3" >> /home/albresky/repos/openwrt-6.x/staging_dir/target-aarch64_cortex-a53_musl/pkginfo/linux.default.install
mkdir -p /home/albresky/repos/openwrt-6.x/staging_dir/target-aarch64_cortex-a53_musl/root-qualcommax/stamp

SHELL= flock /home/albresky/repos/openwrt-6.x/tmp/.root-copy.flock -c 'cp -fpR /home/albresky/repos/openwrt-6.x/build_dir/target-aarch64_cortex-a53_musl/linux-qualcommax_ipq60xx/packages/.pkgdir/kmod-usb-xhci-hcd/. /home/albresky/repos/openwrt-6.x/staging_dir/target-aarch64_cortex-a53_musl/root-qualcommax/'
touch /home/albresky/repos/openwrt-6.x/staging_dir/target-aarch64_cortex-a53_musl/root-qualcommax/stamp/.kmod-usb-xhci-hcd_installed
echo "kmod-usb-xhci-hcd" >> /home/albresky/repos/openwrt-6.x/staging_dir/target-aarch64_cortex-a53_musl/pkginfo/linux.default.install
make[3]: Leaving directory '/home/albresky/repos/openwrt-6.x/package/kernel/linux'
time: package/kernel/linux/compile#2.91#1.64#4.66
make[3]: Entering directory '/home/albresky/repos/openwrt-6.x/package/system/ubox'
mkdir -p /home/albresky/repos/openwrt-6.x/staging_dir/target-aarch64_cortex-a53_musl/root-qualcommax/stamp
SHELL= flock /home/albresky/repos/openwrt-6.x/tmp/.root-copy.flock -c 'cp -fpR /home/albresky/repos/openwrt-6.x/build_dir/target-aarch64_cortex-a53_musl/ubox-2024.04.26~85f10530/.pkgdir/ubox/. /home/albresky/repos/openwrt-6.x/staging_dir/target-aarch64_cortex-a53_musl/root-qualcommax/'
touch /home/albresky/repos/openwrt-6.x/staging_dir/target-aarch64_cortex-a53_musl/root-qualcommax/stamp/.ubox_installed
echo "ubox" >> /home/albresky/repos/openwrt-6.x/staging_dir/target-aarch64_cortex-a53_musl/pkginfo/ubox.default.install
mkdir -p /home/albresky/repos/openwrt-6.x/staging_dir/target-aarch64_cortex-a53_musl/root-qualcommax/stamp
SHELL= flock /home/albresky/repos/openwrt-6.x/tmp/.root-copy.flock -c 'cp -fpR /home/albresky/repos/openwrt-6.x/build_dir/target-aarch64_cortex-a53_musl/ubox-2024.04.26~85f10530/.pkgdir/getrandom/. /home/albresky/repos/openwrt-6.x/staging_dir/target-aarch64_cortex-a53_musl/root-qualcommax/'
touch /home/albresky/repos/openwrt-6.x/staging_dir/target-aarch64_cortex-a53_musl/root-qualcommax/stamp/.getrandom_installed
echo "getrandom" >> /home/albresky/repos/openwrt-6.x/staging_dir/target-aarch64_cortex-a53_musl/pkginfo/ubox.default.install
mkdir -p /home/albresky/repos/openwrt-6.x/staging_dir/target-aarch64_cortex-a53_musl/root-qualcommax/stamp
SHELL= flock /home/albresky/repos/openwrt-6.x/tmp/.root-copy.flock -c 'cp -fpR /home/albresky/repos/openwrt-6.x/build_dir/target-aarch64_cortex-a53_musl/ubox-2024.04.26~85f10530/.pkgdir/logd/. /home/albresky/repos/openwrt-6.x/staging_dir/target-aarch64_cortex-a53_musl/root-qualcommax/'
touch /home/albresky/repos/openwrt-6.x/staging_dir/target-aarch64_cortex-a53_musl/root-qualcommax/stamp/.logd_installed
echo "logd" >> /home/albresky/repos/openwrt-6.x/staging_dir/target-aarch64_cortex-a53_musl/pkginfo/ubox.default.install
make[3]: Leaving directory '/home/albresky/repos/openwrt-6.x/package/system/ubox'
time: package/system/ubox/compile#0.12#0.29#0.39
make[3]: Entering directory '/home/albresky/repos/openwrt-6.x/package/libs/ncurses'
make[3]: Leaving directory '/home/albresky/repos/openwrt-6.x/package/libs/ncurses'
time: package/libs/ncurses/host-compile#0.21#0.21#0.38
make[3]: Entering directory '/home/albresky/repos/openwrt-6.x/package/libs/zlib'
mkdir -p /home/albresky/repos/openwrt-6.x/staging_dir/target-aarch64_cortex-a53_musl/root-qualcommax/stamp
SHELL= flock /home/albresky/repos/openwrt-6.x/tmp/.root-copy.flock -c 'cp -fpR /home/albresky/repos/openwrt-6.x/build_dir/target-aarch64_cortex-a53_musl/zlib-1.3.1/.pkgdir/zlib/. /home/albresky/repos/openwrt-6.x/staging_dir/target-aarch64_cortex-a53_musl/root-qualcommax/'
touch /home/albresky/repos/openwrt-6.x/staging_dir/target-aarch64_cortex-a53_musl/root-qualcommax/stamp/.zlib_installed
echo "zlib" >> /home/albresky/repos/openwrt-6.x/staging_dir/target-aarch64_cortex-a53_musl/pkginfo/zlib.default.install
make[3]: Leaving directory '/home/albresky/repos/openwrt-6.x/package/libs/zlib'
time: package/libs/zlib/compile#0.12#0.18#0.28
make[3]: Entering directory '/home/albresky/repos/openwrt-6.x/package/libs/ncurses'
mkdir -p /home/albresky/repos/openwrt-6.x/staging_dir/target-aarch64_cortex-a53_musl/root-qualcommax/stamp
SHELL= flock /home/albresky/repos/openwrt-6.x/tmp/.root-copy.flock -c 'cp -fpR /home/albresky/repos/openwrt-6.x/build_dir/target-aarch64_cortex-a53_musl/ncurses-6.4/.pkgdir/terminfo/. /home/albresky/repos/openwrt-6.x/staging_dir/target-aarch64_cortex-a53_musl/root-qualcommax/'
touch /home/albresky/repos/openwrt-6.x/staging_dir/target-aarch64_cortex-a53_musl/root-qualcommax/stamp/.terminfo_installed
echo "terminfo" >> /home/albresky/repos/openwrt-6.x/staging_dir/target-aarch64_cortex-a53_musl/pkginfo/ncurses.default.install
mkdir -p /home/albresky/repos/openwrt-6.x/staging_dir/target-aarch64_cortex-a53_musl/root-qualcommax/stamp
echo '6' | cmp -s - /home/albresky/repos/openwrt-6.x/staging_dir/target-aarch64_cortex-a53_musl/pkginfo/libncurses.version || { echo '6' > /home/albresky/repos/openwrt-6.x/staging_dir/target-aarch64_cortex-a53_musl/pkginfo/libncurses.version;  cp /home/albresky/repos/openwrt-6.x/staging_dir/target-aarch64_cortex-a53_musl/pkginfo/libncurses.version /home/albresky/repos/openwrt-6.x/staging_dir/target-aarch64_cortex-a53_musl/pkginfo/libncursesw.version;  } 
SHELL= flock /home/albresky/repos/openwrt-6.x/tmp/.root-copy.flock -c 'cp -fpR /home/albresky/repos/openwrt-6.x/build_dir/target-aarch64_cortex-a53_musl/ncurses-6.4/.pkgdir/libncurses/. /home/albresky/repos/openwrt-6.x/staging_dir/target-aarch64_cortex-a53_musl/root-qualcommax/'
touch /home/albresky/repos/openwrt-6.x/staging_dir/target-aarch64_cortex-a53_musl/root-qualcommax/stamp/.libncurses_installed
echo "libncurses" >> /home/albresky/repos/openwrt-6.x/staging_dir/target-aarch64_cortex-a53_musl/pkginfo/ncurses.default.install
make[3]: Leaving directory '/home/albresky/repos/openwrt-6.x/package/libs/ncurses'
time: package/libs/ncurses/compile#0.20#0.28#0.42
make[3]: Entering directory '/home/albresky/repos/openwrt-6.x/package/utils/util-linux'
mkdir -p /home/albresky/repos/openwrt-6.x/staging_dir/target-aarch64_cortex-a53_musl/root-qualcommax/stamp
echo '1' | cmp -s - /home/albresky/repos/openwrt-6.x/staging_dir/target-aarch64_cortex-a53_musl/pkginfo/libuuid.version || { echo '1' > /home/albresky/repos/openwrt-6.x/staging_dir/target-aarch64_cortex-a53_musl/pkginfo/libuuid.version;  } 
SHELL= flock /home/albresky/repos/openwrt-6.x/tmp/.root-copy.flock -c 'cp -fpR /home/albresky/repos/openwrt-6.x/build_dir/target-aarch64_cortex-a53_musl/util-linux-2.40.1/.pkgdir/libuuid/. /home/albresky/repos/openwrt-6.x/staging_dir/target-aarch64_cortex-a53_musl/root-qualcommax/'
touch /home/albresky/repos/openwrt-6.x/staging_dir/target-aarch64_cortex-a53_musl/root-qualcommax/stamp/.libuuid_installed
echo "libuuid" >> /home/albresky/repos/openwrt-6.x/staging_dir/target-aarch64_cortex-a53_musl/pkginfo/util-linux.default.install
mkdir -p /home/albresky/repos/openwrt-6.x/staging_dir/target-aarch64_cortex-a53_musl/root-qualcommax/stamp
echo '1' | cmp -s - /home/albresky/repos/openwrt-6.x/staging_dir/target-aarch64_cortex-a53_musl/pkginfo/libblkid.version || { echo '1' > /home/albresky/repos/openwrt-6.x/staging_dir/target-aarch64_cortex-a53_musl/pkginfo/libblkid.version;  } 
SHELL= flock /home/albresky/repos/openwrt-6.x/tmp/.root-copy.flock -c 'cp -fpR /home/albresky/repos/openwrt-6.x/build_dir/target-aarch64_cortex-a53_musl/util-linux-2.40.1/.pkgdir/libblkid/. /home/albresky/repos/openwrt-6.x/staging_dir/target-aarch64_cortex-a53_musl/root-qualcommax/'
touch /home/albresky/repos/openwrt-6.x/staging_dir/target-aarch64_cortex-a53_musl/root-qualcommax/stamp/.libblkid_installed
echo "libblkid" >> /home/albresky/repos/openwrt-6.x/staging_dir/target-aarch64_cortex-a53_musl/pkginfo/util-linux.default.install
mkdir -p /home/albresky/repos/openwrt-6.x/staging_dir/target-aarch64_cortex-a53_musl/root-qualcommax/stamp
echo '1' | cmp -s - /home/albresky/repos/openwrt-6.x/staging_dir/target-aarch64_cortex-a53_musl/pkginfo/libfdisk.version || { echo '1' > /home/albresky/repos/openwrt-6.x/staging_dir/target-aarch64_cortex-a53_musl/pkginfo/libfdisk.version;  } 
SHELL= flock /home/albresky/repos/openwrt-6.x/tmp/.root-copy.flock -c 'cp -fpR /home/albresky/repos/openwrt-6.x/build_dir/target-aarch64_cortex-a53_musl/util-linux-2.40.1/.pkgdir/libfdisk/. /home/albresky/repos/openwrt-6.x/staging_dir/target-aarch64_cortex-a53_musl/root-qualcommax/'
touch /home/albresky/repos/openwrt-6.x/staging_dir/target-aarch64_cortex-a53_musl/root-qualcommax/stamp/.libfdisk_installed
echo "libfdisk" >> /home/albresky/repos/openwrt-6.x/staging_dir/target-aarch64_cortex-a53_musl/pkginfo/util-linux.default.install
mkdir -p /home/albresky/repos/openwrt-6.x/staging_dir/target-aarch64_cortex-a53_musl/root-qualcommax/stamp
echo '1' | cmp -s - /home/albresky/repos/openwrt-6.x/staging_dir/target-aarch64_cortex-a53_musl/pkginfo/libmount.version || { echo '1' > /home/albresky/repos/openwrt-6.x/staging_dir/target-aarch64_cortex-a53_musl/pkginfo/libmount.version;  } 
SHELL= flock /home/albresky/repos/openwrt-6.x/tmp/.root-copy.flock -c 'cp -fpR /home/albresky/repos/openwrt-6.x/build_dir/target-aarch64_cortex-a53_musl/util-linux-2.40.1/.pkgdir/libmount/. /home/albresky/repos/openwrt-6.x/staging_dir/target-aarch64_cortex-a53_musl/root-qualcommax/'
touch /home/albresky/repos/openwrt-6.x/staging_dir/target-aarch64_cortex-a53_musl/root-qualcommax/stamp/.libmount_installed
echo "libmount" >> /home/albresky/repos/openwrt-6.x/staging_dir/target-aarch64_cortex-a53_musl/pkginfo/util-linux.default.install
mkdir -p /home/albresky/repos/openwrt-6.x/staging_dir/target-aarch64_cortex-a53_musl/root-qualcommax/stamp
echo '1' | cmp -s - /home/albresky/repos/openwrt-6.x/staging_dir/target-aarch64_cortex-a53_musl/pkginfo/libsmartcols.version || { echo '1' > /home/albresky/repos/openwrt-6.x/staging_dir/target-aarch64_cortex-a53_musl/pkginfo/libsmartcols.version;  } 
SHELL= flock /home/albresky/repos/openwrt-6.x/tmp/.root-copy.flock -c 'cp -fpR /home/albresky/repos/openwrt-6.x/build_dir/target-aarch64_cortex-a53_musl/util-linux-2.40.1/.pkgdir/libsmartcols/. /home/albresky/repos/openwrt-6.x/staging_dir/target-aarch64_cortex-a53_musl/root-qualcommax/'
touch /home/albresky/repos/openwrt-6.x/staging_dir/target-aarch64_cortex-a53_musl/root-qualcommax/stamp/.libsmartcols_installed
echo "libsmartcols" >> /home/albresky/repos/openwrt-6.x/staging_dir/target-aarch64_cortex-a53_musl/pkginfo/util-linux.default.install
mkdir -p /home/albresky/repos/openwrt-6.x/staging_dir/target-aarch64_cortex-a53_musl/root-qualcommax/stamp
SHELL= flock /home/albresky/repos/openwrt-6.x/tmp/.root-copy.flock -c 'cp -fpR /home/albresky/repos/openwrt-6.x/build_dir/target-aarch64_cortex-a53_musl/util-linux-2.40.1/.pkgdir/blkid/. /home/albresky/repos/openwrt-6.x/staging_dir/target-aarch64_cortex-a53_musl/root-qualcommax/'
touch /home/albresky/repos/openwrt-6.x/staging_dir/target-aarch64_cortex-a53_musl/root-qualcommax/stamp/.blkid_installed
echo "blkid" >> /home/albresky/repos/openwrt-6.x/staging_dir/target-aarch64_cortex-a53_musl/pkginfo/util-linux.default.install
mkdir -p /home/albresky/repos/openwrt-6.x/staging_dir/target-aarch64_cortex-a53_musl/root-qualcommax/stamp
SHELL= flock /home/albresky/repos/openwrt-6.x/tmp/.root-copy.flock -c 'cp -fpR /home/albresky/repos/openwrt-6.x/build_dir/target-aarch64_cortex-a53_musl/util-linux-2.40.1/.pkgdir/fdisk/. /home/albresky/repos/openwrt-6.x/staging_dir/target-aarch64_cortex-a53_musl/root-qualcommax/'
touch /home/albresky/repos/openwrt-6.x/staging_dir/target-aarch64_cortex-a53_musl/root-qualcommax/stamp/.fdisk_installed
echo "fdisk" >> /home/albresky/repos/openwrt-6.x/staging_dir/target-aarch64_cortex-a53_musl/pkginfo/util-linux.default.install
mkdir -p /home/albresky/repos/openwrt-6.x/staging_dir/target-aarch64_cortex-a53_musl/root-qualcommax/stamp
SHELL= flock /home/albresky/repos/openwrt-6.x/tmp/.root-copy.flock -c 'cp -fpR /home/albresky/repos/openwrt-6.x/build_dir/target-aarch64_cortex-a53_musl/util-linux-2.40.1/.pkgdir/findfs/. /home/albresky/repos/openwrt-6.x/staging_dir/target-aarch64_cortex-a53_musl/root-qualcommax/'
touch /home/albresky/repos/openwrt-6.x/staging_dir/target-aarch64_cortex-a53_musl/root-qualcommax/stamp/.findfs_installed
echo "findfs" >> /home/albresky/repos/openwrt-6.x/staging_dir/target-aarch64_cortex-a53_musl/pkginfo/util-linux.default.install
mkdir -p /home/albresky/repos/openwrt-6.x/staging_dir/target-aarch64_cortex-a53_musl/root-qualcommax/stamp
SHELL= flock /home/albresky/repos/openwrt-6.x/tmp/.root-copy.flock -c 'cp -fpR /home/albresky/repos/openwrt-6.x/build_dir/target-aarch64_cortex-a53_musl/util-linux-2.40.1/.pkgdir/losetup/. /home/albresky/repos/openwrt-6.x/staging_dir/target-aarch64_cortex-a53_musl/root-qualcommax/'
touch /home/albresky/repos/openwrt-6.x/staging_dir/target-aarch64_cortex-a53_musl/root-qualcommax/stamp/.losetup_installed
echo "losetup" >> /home/albresky/repos/openwrt-6.x/staging_dir/target-aarch64_cortex-a53_musl/pkginfo/util-linux.default.install
mkdir -p /home/albresky/repos/openwrt-6.x/staging_dir/target-aarch64_cortex-a53_musl/root-qualcommax/stamp
SHELL= flock /home/albresky/repos/openwrt-6.x/tmp/.root-copy.flock -c 'cp -fpR /home/albresky/repos/openwrt-6.x/build_dir/target-aarch64_cortex-a53_musl/util-linux-2.40.1/.pkgdir/lsblk/. /home/albresky/repos/openwrt-6.x/staging_dir/target-aarch64_cortex-a53_musl/root-qualcommax/'
touch /home/albresky/repos/openwrt-6.x/staging_dir/target-aarch64_cortex-a53_musl/root-qualcommax/stamp/.lsblk_installed
echo "lsblk" >> /home/albresky/repos/openwrt-6.x/staging_dir/target-aarch64_cortex-a53_musl/pkginfo/util-linux.default.install
mkdir -p /home/albresky/repos/openwrt-6.x/staging_dir/target-aarch64_cortex-a53_musl/root-qualcommax/stamp
SHELL= flock /home/albresky/repos/openwrt-6.x/tmp/.root-copy.flock -c 'cp -fpR /home/albresky/repos/openwrt-6.x/build_dir/target-aarch64_cortex-a53_musl/util-linux-2.40.1/.pkgdir/partx-utils/. /home/albresky/repos/openwrt-6.x/staging_dir/target-aarch64_cortex-a53_musl/root-qualcommax/'
touch /home/albresky/repos/openwrt-6.x/staging_dir/target-aarch64_cortex-a53_musl/root-qualcommax/stamp/.partx-utils_installed
echo "partx-utils" >> /home/albresky/repos/openwrt-6.x/staging_dir/target-aarch64_cortex-a53_musl/pkginfo/util-linux.default.install
mkdir -p /home/albresky/repos/openwrt-6.x/staging_dir/target-aarch64_cortex-a53_musl/root-qualcommax/stamp
SHELL= flock /home/albresky/repos/openwrt-6.x/tmp/.root-copy.flock -c 'cp -fpR /home/albresky/repos/openwrt-6.x/build_dir/target-aarch64_cortex-a53_musl/util-linux-2.40.1/.pkgdir/sfdisk/. /home/albresky/repos/openwrt-6.x/staging_dir/target-aarch64_cortex-a53_musl/root-qualcommax/'
touch /home/albresky/repos/openwrt-6.x/staging_dir/target-aarch64_cortex-a53_musl/root-qualcommax/stamp/.sfdisk_installed
echo "sfdisk" >> /home/albresky/repos/openwrt-6.x/staging_dir/target-aarch64_cortex-a53_musl/pkginfo/util-linux.default.install
make[3]: Leaving directory '/home/albresky/repos/openwrt-6.x/package/utils/util-linux'
time: package/utils/util-linux/compile#0.22#0.43#0.60
make[3]: Entering directory '/home/albresky/repos/openwrt-6.x/package/utils/mtd-utils'
mkdir -p /home/albresky/repos/openwrt-6.x/staging_dir/target-aarch64_cortex-a53_musl/root-qualcommax/stamp
SHELL= flock /home/albresky/repos/openwrt-6.x/tmp/.root-copy.flock -c 'cp -fpR /home/albresky/repos/openwrt-6.x/build_dir/target-aarch64_cortex-a53_musl/mtd-utils-2.2.0/.pkgdir/ubi-utils/. /home/albresky/repos/openwrt-6.x/staging_dir/target-aarch64_cortex-a53_musl/root-qualcommax/'
touch /home/albresky/repos/openwrt-6.x/staging_dir/target-aarch64_cortex-a53_musl/root-qualcommax/stamp/.ubi-utils_installed
echo "ubi-utils" >> /home/albresky/repos/openwrt-6.x/staging_dir/target-aarch64_cortex-a53_musl/pkginfo/mtd-utils.default.install
make[3]: Leaving directory '/home/albresky/repos/openwrt-6.x/package/utils/mtd-utils'
time: package/utils/mtd-utils/compile#0.11#0.18#0.25
make[3]: Entering directory '/home/albresky/repos/openwrt-6.x/package/system/fstools'
mkdir -p /home/albresky/repos/openwrt-6.x/staging_dir/target-aarch64_cortex-a53_musl/root-qualcommax/stamp
SHELL= flock /home/albresky/repos/openwrt-6.x/tmp/.root-copy.flock -c 'cp -fpR /home/albresky/repos/openwrt-6.x/build_dir/target-aarch64_cortex-a53_musl/fstools-2024.07.14~408c2cc4/.pkgdir/fstools/. /home/albresky/repos/openwrt-6.x/staging_dir/target-aarch64_cortex-a53_musl/root-qualcommax/'
touch /home/albresky/repos/openwrt-6.x/staging_dir/target-aarch64_cortex-a53_musl/root-qualcommax/stamp/.fstools_installed
echo "fstools" >> /home/albresky/repos/openwrt-6.x/staging_dir/target-aarch64_cortex-a53_musl/pkginfo/fstools.default.install
make[3]: Leaving directory '/home/albresky/repos/openwrt-6.x/package/system/fstools'
time: package/system/fstools/compile#0.13#0.17#0.28
make[3]: Entering directory '/home/albresky/repos/openwrt-6.x/package/system/fwtool'
make[3]: Leaving directory '/home/albresky/repos/openwrt-6.x/package/system/fwtool'
time: package/system/fwtool/host-compile#0.16#0.20#0.31
make[3]: Entering directory '/home/albresky/repos/openwrt-6.x/package/system/fwtool'
mkdir -p /home/albresky/repos/openwrt-6.x/staging_dir/target-aarch64_cortex-a53_musl/root-qualcommax/stamp
SHELL= flock /home/albresky/repos/openwrt-6.x/tmp/.root-copy.flock -c 'cp -fpR /home/albresky/repos/openwrt-6.x/build_dir/target-aarch64_cortex-a53_musl/fwtool-2019.11.12~8f7fe925/.pkgdir/fwtool/. /home/albresky/repos/openwrt-6.x/staging_dir/target-aarch64_cortex-a53_musl/root-qualcommax/'
touch /home/albresky/repos/openwrt-6.x/staging_dir/target-aarch64_cortex-a53_musl/root-qualcommax/stamp/.fwtool_installed
echo "fwtool" >> /home/albresky/repos/openwrt-6.x/staging_dir/target-aarch64_cortex-a53_musl/pkginfo/fwtool.default.install
make[3]: Leaving directory '/home/albresky/repos/openwrt-6.x/package/system/fwtool'
time: package/system/fwtool/compile#0.17#0.22#0.34
make[3]: Entering directory '/home/albresky/repos/openwrt-6.x/package/system/usign'
make[3]: Leaving directory '/home/albresky/repos/openwrt-6.x/package/system/usign'
time: package/system/usign/host-compile#0.17#0.17#0.30
make[3]: Entering directory '/home/albresky/repos/openwrt-6.x/package/system/ucert'
make[3]: Leaving directory '/home/albresky/repos/openwrt-6.x/package/system/ucert'
time: package/system/ucert/host-compile#0.17#0.17#0.30
make[3]: Entering directory '/home/albresky/repos/openwrt-6.x/package/utils/jsonfilter'
mkdir -p /home/albresky/repos/openwrt-6.x/staging_dir/target-aarch64_cortex-a53_musl/root-qualcommax/stamp
SHELL= flock /home/albresky/repos/openwrt-6.x/tmp/.root-copy.flock -c 'cp -fpR /home/albresky/repos/openwrt-6.x/build_dir/target-aarch64_cortex-a53_musl/jsonfilter-2024.01.23~594cfa86/.pkgdir/jsonfilter/. /home/albresky/repos/openwrt-6.x/staging_dir/target-aarch64_cortex-a53_musl/root-qualcommax/'
touch /home/albresky/repos/openwrt-6.x/staging_dir/target-aarch64_cortex-a53_musl/root-qualcommax/stamp/.jsonfilter_installed
echo "jsonfilter" >> /home/albresky/repos/openwrt-6.x/staging_dir/target-aarch64_cortex-a53_musl/pkginfo/jsonfilter.default.install
make[3]: Leaving directory '/home/albresky/repos/openwrt-6.x/package/utils/jsonfilter'
time: package/utils/jsonfilter/compile#0.14#0.16#0.27
make[3]: Entering directory '/home/albresky/repos/openwrt-6.x/package/system/openwrt-keyring'
mkdir -p /home/albresky/repos/openwrt-6.x/staging_dir/target-aarch64_cortex-a53_musl/root-qualcommax/stamp
SHELL= flock /home/albresky/repos/openwrt-6.x/tmp/.root-copy.flock -c 'cp -fpR /home/albresky/repos/openwrt-6.x/build_dir/target-aarch64_cortex-a53_musl/openwrt-keyring-2021.11.13~07d34f5c/.pkgdir/openwrt-keyring/. /home/albresky/repos/openwrt-6.x/staging_dir/target-aarch64_cortex-a53_musl/root-qualcommax/'
touch /home/albresky/repos/openwrt-6.x/staging_dir/target-aarch64_cortex-a53_musl/root-qualcommax/stamp/.openwrt-keyring_installed
echo "openwrt-keyring" >> /home/albresky/repos/openwrt-6.x/staging_dir/target-aarch64_cortex-a53_musl/pkginfo/openwrt-keyring.default.install
make[3]: Leaving directory '/home/albresky/repos/openwrt-6.x/package/system/openwrt-keyring'
time: package/system/openwrt-keyring/compile#0.12#0.14#0.24
make[3]: Entering directory '/home/albresky/repos/openwrt-6.x/package/system/usign'
mkdir -p /home/albresky/repos/openwrt-6.x/staging_dir/target-aarch64_cortex-a53_musl/root-qualcommax/stamp
SHELL= flock /home/albresky/repos/openwrt-6.x/tmp/.root-copy.flock -c 'cp -fpR /home/albresky/repos/openwrt-6.x/build_dir/target-aarch64_cortex-a53_musl/usign-2020.05.23~f1f65026/.pkgdir/usign/. /home/albresky/repos/openwrt-6.x/staging_dir/target-aarch64_cortex-a53_musl/root-qualcommax/'
touch /home/albresky/repos/openwrt-6.x/staging_dir/target-aarch64_cortex-a53_musl/root-qualcommax/stamp/.usign_installed
echo "usign" >> /home/albresky/repos/openwrt-6.x/staging_dir/target-aarch64_cortex-a53_musl/pkginfo/usign.default.install
make[3]: Leaving directory '/home/albresky/repos/openwrt-6.x/package/system/usign'
time: package/system/usign/compile#0.15#0.22#0.33
make[3]: Entering directory '/home/albresky/repos/openwrt-6.x/package/base-files'
mkdir -p /home/albresky/repos/openwrt-6.x/staging_dir/target-aarch64_cortex-a53_musl/root-qualcommax/stamp
SHELL= flock /home/albresky/repos/openwrt-6.x/tmp/.root-copy.flock -c 'cp -fpR /home/albresky/repos/openwrt-6.x/build_dir/target-aarch64_cortex-a53_musl/linux-qualcommax_ipq60xx/base-files/.pkgdir/base-files/. /home/albresky/repos/openwrt-6.x/staging_dir/target-aarch64_cortex-a53_musl/root-qualcommax/'
touch /home/albresky/repos/openwrt-6.x/staging_dir/target-aarch64_cortex-a53_musl/root-qualcommax/stamp/.base-files_installed
rm -rf /home/albresky/repos/openwrt-6.x/build_dir/target-aarch64_cortex-a53_musl/linux-qualcommax_ipq60xx/base-files/ipkg-aarch64_cortex-a53/base-files
/home/albresky/repos/openwrt-6.x/scripts/ipkg-remove base-files /home/albresky/repos/openwrt-6.x/bin/targets/qualcommax/ipq60xx/packages/base-files_3~b1b77d199b_aarch64_cortex-a53.ipk
removed '/home/albresky/repos/openwrt-6.x/bin/targets/qualcommax/ipq60xx/packages/base-files_3~b1b77d199b_aarch64_cortex-a53.ipk'
mkdir -p /home/albresky/repos/openwrt-6.x/bin/targets/qualcommax/ipq60xx/packages /home/albresky/repos/openwrt-6.x/build_dir/target-aarch64_cortex-a53_musl/linux-qualcommax_ipq60xx/base-files/ipkg-aarch64_cortex-a53/base-files /home/albresky/repos/openwrt-6.x/staging_dir/target-aarch64_cortex-a53_musl/pkginfo
cp -fpR ./files/* /home/albresky/repos/openwrt-6.x/build_dir/target-aarch64_cortex-a53_musl/linux-qualcommax_ipq60xx/base-files/ipkg-aarch64_cortex-a53/base-files/
mkdir -p /home/albresky/repos/openwrt-6.x/build_dir/target-aarch64_cortex-a53_musl/linux-qualcommax_ipq60xx/base-files/ipkg-aarch64_cortex-a53/base-files/etc/opkg/keys
cp -fpR /home/albresky/repos/openwrt-6.x/key-build.pub /home/albresky/repos/openwrt-6.x/build_dir/target-aarch64_cortex-a53_musl/linux-qualcommax_ipq60xx/base-files/ipkg-aarch64_cortex-a53/base-files/etc/opkg/keys/`/home/albresky/repos/openwrt-6.x/staging_dir/host/bin/usign -F -p /home/albresky/repos/openwrt-6.x/key-build.pub`
rm -f /home/albresky/repos/openwrt-6.x/build_dir/target-aarch64_cortex-a53_musl/linux-qualcommax_ipq60xx/base-files/ipkg-aarch64_cortex-a53/base-files/lib/upgrade/legacy-sdcard.sh
if [ -d /home/albresky/repos/openwrt-6.x/target/linux/generic/base-files/. ]; then cp -fpR /home/albresky/repos/openwrt-6.x/target/linux/generic/base-files/* /home/albresky/repos/openwrt-6.x/build_dir/target-aarch64_cortex-a53_musl/linux-qualcommax_ipq60xx/base-files/ipkg-aarch64_cortex-a53/base-files/; fi
if [ -d /home/albresky/repos/openwrt-6.x/target/linux/qualcommax/base-files/. ]; then cp -fpR /home/albresky/repos/openwrt-6.x/target/linux/qualcommax/base-files/* /home/albresky/repos/openwrt-6.x/build_dir/target-aarch64_cortex-a53_musl/linux-qualcommax_ipq60xx/base-files/ipkg-aarch64_cortex-a53/base-files/; fi
if [ -d /home/albresky/repos/openwrt-6.x/target/linux/qualcommax/ipq60xx/base-files/. ]; then cp -fpR /home/albresky/repos/openwrt-6.x/target/linux/qualcommax/ipq60xx/base-files/* /home/albresky/repos/openwrt-6.x/build_dir/target-aarch64_cortex-a53_musl/linux-qualcommax_ipq60xx/base-files/ipkg-aarch64_cortex-a53/base-files/; fi; 
/home/albresky/repos/openwrt-6.x/staging_dir/host/bin/sed -i -e 's,%U,https://downloads.immortalwrt.org/snapshots,g' -e 's,%V,SNAPSHOT,g' -e 's,%v,\LSNAPSHOT,g' -e 's,%C,r28014-f6c274a210,g' -e 's,%c,\Lr28014-f6c274a210,g' -e 's,%D,LiBwrt,g' -e 's,%d,\LLiBwrt,g' -e 's,%R,r28014-f6c274a210,g' -e 's,%T,qualcommax,g' -e 's,%S,qualcommax/ipq60xx,g' -e 's,%A,aarch64_cortex-a53,g' -e 's,%t,no-all override,g' -e 's,%M,LiBwrt,g' -e 's,%m,https://immortalwrt.org/,g' -e 's,%b,https://github.com/immortalwrt/immortalwrt/issues,g' -e 's,%u,https://immortalwrt.org/,g' -e 's,%s,https://github.com/immortalwrt/immortalwrt/discussions,g' -e 's,%P,Generic,g' -e 's,%h,v0,g' -e 's,%DT,2024-07-28 15:10:53@,g' /home/albresky/repos/openwrt-6.x/build_dir/target-aarch64_cortex-a53_musl/linux-qualcommax_ipq60xx/base-files/ipkg-aarch64_cortex-a53/base-files/etc/banner /home/albresky/repos/openwrt-6.x/build_dir/target-aarch64_cortex-a53_musl/linux-qualcommax_ipq60xx/base-files/ipkg-aarch64_cortex-a53/base-files/etc/device_info /home/albresky/repos/openwrt-6.x/build_dir/target-aarch64_cortex-a53_musl/linux-qualcommax_ipq60xx/base-files/ipkg-aarch64_cortex-a53/base-files/etc/openwrt_release /home/albresky/repos/openwrt-6.x/build_dir/target-aarch64_cortex-a53_musl/linux-qualcommax_ipq60xx/base-files/ipkg-aarch64_cortex-a53/base-files/etc/openwrt_version /home/albresky/repos/openwrt-6.x/build_dir/target-aarch64_cortex-a53_musl/linux-qualcommax_ipq60xx/base-files/ipkg-aarch64_cortex-a53/base-files/usr/lib/os-release
/home/albresky/repos/openwrt-6.x/staging_dir/host/bin/sed -i -e "s#%PATH%#/usr/sbin:/usr/bin:/sbin:/bin#g" /home/albresky/repos/openwrt-6.x/build_dir/target-aarch64_cortex-a53_musl/linux-qualcommax_ipq60xx/base-files/ipkg-aarch64_cortex-a53/base-files/sbin/hotplug-call /home/albresky/repos/openwrt-6.x/build_dir/target-aarch64_cortex-a53_musl/linux-qualcommax_ipq60xx/base-files/ipkg-aarch64_cortex-a53/base-files/etc/preinit /home/albresky/repos/openwrt-6.x/build_dir/target-aarch64_cortex-a53_musl/linux-qualcommax_ipq60xx/base-files/ipkg-aarch64_cortex-a53/base-files/etc/profile
mkdir -p /home/albresky/repos/openwrt-6.x/build_dir/target-aarch64_cortex-a53_musl/linux-qualcommax_ipq60xx/base-files/ipkg-aarch64_cortex-a53/base-files/CONTROL /home/albresky/repos/openwrt-6.x/build_dir/target-aarch64_cortex-a53_musl/linux-qualcommax_ipq60xx/base-files/ipkg-aarch64_cortex-a53/base-files/dev /home/albresky/repos/openwrt-6.x/build_dir/target-aarch64_cortex-a53_musl/linux-qualcommax_ipq60xx/base-files/ipkg-aarch64_cortex-a53/base-files/etc/config /home/albresky/repos/openwrt-6.x/build_dir/target-aarch64_cortex-a53_musl/linux-qualcommax_ipq60xx/base-files/ipkg-aarch64_cortex-a53/base-files/etc/crontabs /home/albresky/repos/openwrt-6.x/build_dir/target-aarch64_cortex-a53_musl/linux-qualcommax_ipq60xx/base-files/ipkg-aarch64_cortex-a53/base-files/etc/rc.d /home/albresky/repos/openwrt-6.x/build_dir/target-aarch64_cortex-a53_musl/linux-qualcommax_ipq60xx/base-files/ipkg-aarch64_cortex-a53/base-files/overlay /home/albresky/repos/openwrt-6.x/build_dir/target-aarch64_cortex-a53_musl/linux-qualcommax_ipq60xx/base-files/ipkg-aarch64_cortex-a53/base-files/lib/firmware /home/albresky/repos/openwrt-6.x/build_dir/target-aarch64_cortex-a53_musl/linux-qualcommax_ipq60xx/base-files/ipkg-aarch64_cortex-a53/base-files/mnt /home/albresky/repos/openwrt-6.x/build_dir/target-aarch64_cortex-a53_musl/linux-qualcommax_ipq60xx/base-files/ipkg-aarch64_cortex-a53/base-files/proc /home/albresky/repos/openwrt-6.x/build_dir/target-aarch64_cortex-a53_musl/linux-qualcommax_ipq60xx/base-files/ipkg-aarch64_cortex-a53/base-files/tmp /home/albresky/repos/openwrt-6.x/build_dir/target-aarch64_cortex-a53_musl/linux-qualcommax_ipq60xx/base-files/ipkg-aarch64_cortex-a53/base-files/usr/lib /home/albresky/repos/openwrt-6.x/build_dir/target-aarch64_cortex-a53_musl/linux-qualcommax_ipq60xx/base-files/ipkg-aarch64_cortex-a53/base-files/usr/bin /home/albresky/repos/openwrt-6.x/build_dir/target-aarch64_cortex-a53_musl/linux-qualcommax_ipq60xx/base-files/ipkg-aarch64_cortex-a53/base-files/sys /home/albresky/repos/openwrt-6.x/build_dir/target-aarch64_cortex-a53_musl/linux-qualcommax_ipq60xx/base-files/ipkg-aarch64_cortex-a53/base-files/www
mkdir -p -m 750 /home/albresky/repos/openwrt-6.x/build_dir/target-aarch64_cortex-a53_musl/linux-qualcommax_ipq60xx/base-files/ipkg-aarch64_cortex-a53/base-files/root
ln -sf /proc/mounts /home/albresky/repos/openwrt-6.x/build_dir/target-aarch64_cortex-a53_musl/linux-qualcommax_ipq60xx/base-files/ipkg-aarch64_cortex-a53/base-files/etc/mtab
ln -sf lib /home/albresky/repos/openwrt-6.x/build_dir/target-aarch64_cortex-a53_musl/linux-qualcommax_ipq60xx/base-files/ipkg-aarch64_cortex-a53/base-files/lib64
ln -sf lib /home/albresky/repos/openwrt-6.x/build_dir/target-aarch64_cortex-a53_musl/linux-qualcommax_ipq60xx/base-files/ipkg-aarch64_cortex-a53/base-files/usr/lib64
rm -f /home/albresky/repos/openwrt-6.x/build_dir/target-aarch64_cortex-a53_musl/linux-qualcommax_ipq60xx/base-files/ipkg-aarch64_cortex-a53/base-files/var
ln -sf tmp /home/albresky/repos/openwrt-6.x/build_dir/target-aarch64_cortex-a53_musl/linux-qualcommax_ipq60xx/base-files/ipkg-aarch64_cortex-a53/base-files/var
ln -sf /tmp/resolv.conf /tmp/TZ /tmp/localtime /home/albresky/repos/openwrt-6.x/build_dir/target-aarch64_cortex-a53_musl/linux-qualcommax_ipq60xx/base-files/ipkg-aarch64_cortex-a53/base-files/etc/
chmod 0600 /home/albresky/repos/openwrt-6.x/build_dir/target-aarch64_cortex-a53_musl/linux-qualcommax_ipq60xx/base-files/ipkg-aarch64_cortex-a53/base-files/etc/shadow
chmod 1777 /home/albresky/repos/openwrt-6.x/build_dir/target-aarch64_cortex-a53_musl/linux-qualcommax_ipq60xx/base-files/ipkg-aarch64_cortex-a53/base-files/tmp
mkdir -p /home/albresky/repos/openwrt-6.x/build_dir/target-aarch64_cortex-a53_musl/linux-qualcommax_ipq60xx/base-files/ipkg-aarch64_cortex-a53/base-files/lib/preinit
echo 'pi_suppress_stderr="y"' >/home/albresky/repos/openwrt-6.x/build_dir/target-aarch64_cortex-a53_musl/linux-qualcommax_ipq60xx/base-files/ipkg-aarch64_cortex-a53/base-files/lib/preinit/00_preinit.conf
echo 'fs_failsafe_wait_timeout=2' >>/home/albresky/repos/openwrt-6.x/build_dir/target-aarch64_cortex-a53_musl/linux-qualcommax_ipq60xx/base-files/ipkg-aarch64_cortex-a53/base-files/lib/preinit/00_preinit.conf
echo 'pi_init_path="/usr/sbin:/usr/bin:/sbin:/bin"' >>/home/albresky/repos/openwrt-6.x/build_dir/target-aarch64_cortex-a53_musl/linux-qualcommax_ipq60xx/base-files/ipkg-aarch64_cortex-a53/base-files/lib/preinit/00_preinit.conf
echo 'pi_init_env=""' >>/home/albresky/repos/openwrt-6.x/build_dir/target-aarch64_cortex-a53_musl/linux-qualcommax_ipq60xx/base-files/ipkg-aarch64_cortex-a53/base-files/lib/preinit/00_preinit.conf
echo 'pi_init_cmd="/sbin/init"' >>/home/albresky/repos/openwrt-6.x/build_dir/target-aarch64_cortex-a53_musl/linux-qualcommax_ipq60xx/base-files/ipkg-aarch64_cortex-a53/base-files/lib/preinit/00_preinit.conf
echo 'pi_init_suppress_stderr="y"' >>/home/albresky/repos/openwrt-6.x/build_dir/target-aarch64_cortex-a53_musl/linux-qualcommax_ipq60xx/base-files/ipkg-aarch64_cortex-a53/base-files/lib/preinit/00_preinit.conf
echo 'pi_ifname=""' >>/home/albresky/repos/openwrt-6.x/build_dir/target-aarch64_cortex-a53_musl/linux-qualcommax_ipq60xx/base-files/ipkg-aarch64_cortex-a53/base-files/lib/preinit/00_preinit.conf
echo 'pi_ip="192.168.1.1"' >>/home/albresky/repos/openwrt-6.x/build_dir/target-aarch64_cortex-a53_musl/linux-qualcommax_ipq60xx/base-files/ipkg-aarch64_cortex-a53/base-files/lib/preinit/00_preinit.conf
echo 'pi_netmask="255.255.255.0"' >>/home/albresky/repos/openwrt-6.x/build_dir/target-aarch64_cortex-a53_musl/linux-qualcommax_ipq60xx/base-files/ipkg-aarch64_cortex-a53/base-files/lib/preinit/00_preinit.conf
echo 'pi_broadcast="192.168.1.255"' >>/home/albresky/repos/openwrt-6.x/build_dir/target-aarch64_cortex-a53_musl/linux-qualcommax_ipq60xx/base-files/ipkg-aarch64_cortex-a53/base-files/lib/preinit/00_preinit.conf
echo 'pi_preinit_net_messages=""' >>/home/albresky/repos/openwrt-6.x/build_dir/target-aarch64_cortex-a53_musl/linux-qualcommax_ipq60xx/base-files/ipkg-aarch64_cortex-a53/base-files/lib/preinit/00_preinit.conf
echo 'pi_preinit_no_failsafe_netmsg=""' >>/home/albresky/repos/openwrt-6.x/build_dir/target-aarch64_cortex-a53_musl/linux-qualcommax_ipq60xx/base-files/ipkg-aarch64_cortex-a53/base-files/lib/preinit/00_preinit.conf
echo 'pi_preinit_no_failsafe=""' >>/home/albresky/repos/openwrt-6.x/build_dir/target-aarch64_cortex-a53_musl/linux-qualcommax_ipq60xx/base-files/ipkg-aarch64_cortex-a53/base-files/lib/preinit/00_preinit.conf
for conffile in /home/albresky/repos/openwrt-6.x/build_dir/target-aarch64_cortex-a53_musl/linux-qualcommax_ipq60xx/base-files/ipkg-aarch64_cortex-a53/base-files/etc/config/*; do if [ -f "$conffile" ]; then grep "${conffile##/home/albresky/repos/openwrt-6.x/build_dir/target-aarch64_cortex-a53_musl/linux-qualcommax_ipq60xx/base-files/ipkg-aarch64_cortex-a53/base-files}" /home/albresky/repos/openwrt-6.x/build_dir/target-aarch64_cortex-a53_musl/linux-qualcommax_ipq60xx/base-files/ipkg-aarch64_cortex-a53/base-files/CONTROL/conffiles || echo "${conffile##/home/albresky/repos/openwrt-6.x/build_dir/target-aarch64_cortex-a53_musl/linux-qualcommax_ipq60xx/base-files/ipkg-aarch64_cortex-a53/base-files}" >> /home/albresky/repos/openwrt-6.x/build_dir/target-aarch64_cortex-a53_musl/linux-qualcommax_ipq60xx/base-files/ipkg-aarch64_cortex-a53/base-files/CONTROL/conffiles; fi done
mkdir -p /home/albresky/repos/openwrt-6.x/build_dir/target-aarch64_cortex-a53_musl/linux-qualcommax_ipq60xx/base-files/ipkg-aarch64_cortex-a53/base-files/etc/opkg; ( echo 'src/gz %d_core %U/targets/%S/packages'; echo 'src/gz %d_base %U/packages/%A/base'; echo 'src/gz %d_luci %U/packages/%A/luci'; echo 'src/gz %d_nss_packages %U/packages/%A/nss_packages'; echo 'src/gz %d_packages %U/packages/%A/packages'; echo 'src/gz %d_routing %U/packages/%A/routing'; echo 'src/gz %d_sqm_scripts_nss %U/packages/%A/sqm_scripts_nss'; echo 'src/gz %d_telephony %U/packages/%A/telephony'; ) >> /home/albresky/repos/openwrt-6.x/build_dir/target-aarch64_cortex-a53_musl/linux-qualcommax_ipq60xx/base-files/ipkg-aarch64_cortex-a53/base-files/etc/opkg/distfeeds.conf; /home/albresky/repos/openwrt-6.x/staging_dir/host/bin/sed -i -e 's,%U,https://downloads.immortalwrt.org/snapshots,g' -e 's,%V,SNAPSHOT,g' -e 's,%v,\LSNAPSHOT,g' -e 's,%C,r28014-f6c274a210,g' -e 's,%c,\Lr28014-f6c274a210,g' -e 's,%D,LiBwrt,g' -e 's,%d,\LLiBwrt,g' -e 's,%R,r28014-f6c274a210,g' -e 's,%T,qualcommax,g' -e 's,%S,qualcommax/ipq60xx,g' -e 's,%A,aarch64_cortex-a53,g' -e 's,%t,no-all override,g' -e 's,%M,LiBwrt,g' -e 's,%m,https://immortalwrt.org/,g' -e 's,%b,https://github.com/immortalwrt/immortalwrt/issues,g' -e 's,%u,https://immortalwrt.org/,g' -e 's,%s,https://github.com/immortalwrt/immortalwrt/discussions,g' -e 's,%P,Generic,g' -e 's,%h,v0,g' -e 's,%DT,2024-07-28 15:10:53@,g' /home/albresky/repos/openwrt-6.x/build_dir/target-aarch64_cortex-a53_musl/linux-qualcommax_ipq60xx/base-files/ipkg-aarch64_cortex-a53/base-files/etc/opkg/distfeeds.conf
rm -f /home/albresky/repos/openwrt-6.x/build_dir/target-aarch64_cortex-a53_musl/linux-qualcommax_ipq60xx/base-files/ipkg-aarch64_cortex-a53/base-files/sbin/pkg_check
find /home/albresky/repos/openwrt-6.x/build_dir/target-aarch64_cortex-a53_musl/linux-qualcommax_ipq60xx/base-files/ipkg-aarch64_cortex-a53/base-files -name 'CVS' -o -name '.svn' -o -name '.#*' -o -name '*~'| xargs -r rm -rf
export CROSS="aarch64-openwrt-linux-musl-"  NO_RENAME=1 ; NM="aarch64-openwrt-linux-musl-nm" STRIP="/home/albresky/repos/openwrt-6.x/staging_dir/host/bin/sstrip -z" STRIP_KMOD="/home/albresky/repos/openwrt-6.x/scripts/strip-kmod.sh" PATCHELF="/home/albresky/repos/openwrt-6.x/staging_dir/host/bin/patchelf" /home/albresky/repos/openwrt-6.x/scripts/rstrip.sh /home/albresky/repos/openwrt-6.x/build_dir/target-aarch64_cortex-a53_musl/linux-qualcommax_ipq60xx/base-files/ipkg-aarch64_cortex-a53/base-files
install -d -m0755 /home/albresky/repos/openwrt-6.x/bin/targets/qualcommax/ipq60xx/packages/tmp
mkdir -p /home/albresky/repos/openwrt-6.x/build_dir/target-aarch64_cortex-a53_musl/linux-qualcommax_ipq60xx/base-files/ipkg-aarch64_cortex-a53/base-files/CONTROL
(cd /home/albresky/repos/openwrt-6.x/build_dir/target-aarch64_cortex-a53_musl/linux-qualcommax_ipq60xx/base-files/ipkg-aarch64_cortex-a53/base-files/CONTROL; ( echo "$CONTROL"; printf "Description: "; echo "$DESCRIPTION" | sed -e 's,^[[:space:]]*, ,g'; ) > control; chmod 644 control; ( echo "#!/bin/sh"; echo "[ \"\${IPKG_NO_SCRIPT}\" = \"1\" ] && exit 0"; echo "[ -s "\${IPKG_INSTROOT}/lib/functions.sh" ] || exit 0"; echo ". \${IPKG_INSTROOT}/lib/functions.sh"; echo "default_postinst \$0 \$@"; ) > postinst; ( echo "#!/bin/sh"; echo "[ -s "\${IPKG_INSTROOT}/lib/functions.sh" ] || exit 0"; echo ". \${IPKG_INSTROOT}/lib/functions.sh"; echo "default_prerm \$0 \$@"; ) > prerm; chmod 0755 postinst prerm; echo "$V_Package_base_files_conffiles" > conffiles;  )
/home/albresky/repos/openwrt-6.x/staging_dir/host/bin/fakeroot /home/albresky/repos/openwrt-6.x/staging_dir/host/bin/bash /home/albresky/repos/openwrt-6.x/scripts/ipkg-build -m "" /home/albresky/repos/openwrt-6.x/build_dir/target-aarch64_cortex-a53_musl/linux-qualcommax_ipq60xx/base-files/ipkg-aarch64_cortex-a53/base-files /home/albresky/repos/openwrt-6.x/bin/targets/qualcommax/ipq60xx/packages
/home/albresky/repos/openwrt-6.x/staging_dir/host/bin/find: '/home/albresky/repos/openwrt-6.x/build_dir/target-aarch64_cortex-a53_musl/linux-qualcommax_ipq60xx/base-files/ipkg-aarch64_cortex-a53/base-files/etc/config/network': No such file or directory
/home/albresky/repos/openwrt-6.x/staging_dir/host/bin/find: '/home/albresky/repos/openwrt-6.x/build_dir/target-aarch64_cortex-a53_musl/linux-qualcommax_ipq60xx/base-files/ipkg-aarch64_cortex-a53/base-files/etc/config/system': No such file or directory
/home/albresky/repos/openwrt-6.x/staging_dir/host/bin/find: '/home/albresky/repos/openwrt-6.x/build_dir/target-aarch64_cortex-a53_musl/linux-qualcommax_ipq60xx/base-files/ipkg-aarch64_cortex-a53/base-files/etc/dropbear/': No such file or directory
/home/albresky/repos/openwrt-6.x/staging_dir/host/bin/find: '/home/albresky/repos/openwrt-6.x/build_dir/target-aarch64_cortex-a53_musl/linux-qualcommax_ipq60xx/base-files/ipkg-aarch64_cortex-a53/base-files/etc/profile.d': No such file or directory
Packaged contents of /home/albresky/repos/openwrt-6.x/build_dir/target-aarch64_cortex-a53_musl/linux-qualcommax_ipq60xx/base-files/ipkg-aarch64_cortex-a53/base-files into /home/albresky/repos/openwrt-6.x/bin/targets/qualcommax/ipq60xx/packages/base-files_3~f6c274a210_aarch64_cortex-a53.ipk
echo "base-files" >> /home/albresky/repos/openwrt-6.x/staging_dir/target-aarch64_cortex-a53_musl/pkginfo/base-files.default.install
make[3]: Leaving directory '/home/albresky/repos/openwrt-6.x/package/base-files'
time: package/base-files/compile#0.44#1.25#1.69
make[3]: Entering directory '/home/albresky/repos/openwrt-6.x/package/boot/uboot-envtools'
mkdir -p /home/albresky/repos/openwrt-6.x/staging_dir/target-aarch64_cortex-a53_musl/root-qualcommax/stamp
SHELL= flock /home/albresky/repos/openwrt-6.x/tmp/.root-copy.flock -c 'cp -fpR /home/albresky/repos/openwrt-6.x/build_dir/target-aarch64_cortex-a53_musl/u-boot-2024.07/.pkgdir/uboot-envtools/. /home/albresky/repos/openwrt-6.x/staging_dir/target-aarch64_cortex-a53_musl/root-qualcommax/'
touch /home/albresky/repos/openwrt-6.x/staging_dir/target-aarch64_cortex-a53_musl/root-qualcommax/stamp/.uboot-envtools_installed
echo "uboot-envtools" >> /home/albresky/repos/openwrt-6.x/staging_dir/target-aarch64_cortex-a53_musl/pkginfo/uboot-envtools.default.install
make[3]: Leaving directory '/home/albresky/repos/openwrt-6.x/package/boot/uboot-envtools'
time: package/boot/uboot-envtools/compile#0.20#0.52#0.54
make[3]: Entering directory '/home/albresky/repos/openwrt-6.x/package/emortal/autocore'
mkdir -p /home/albresky/repos/openwrt-6.x/staging_dir/target-aarch64_cortex-a53_musl/root-qualcommax/stamp
SHELL= flock /home/albresky/repos/openwrt-6.x/tmp/.root-copy.flock -c 'cp -fpR /home/albresky/repos/openwrt-6.x/build_dir/target-aarch64_cortex-a53_musl/autocore/.pkgdir/autocore/. /home/albresky/repos/openwrt-6.x/staging_dir/target-aarch64_cortex-a53_musl/root-qualcommax/'
touch /home/albresky/repos/openwrt-6.x/staging_dir/target-aarch64_cortex-a53_musl/root-qualcommax/stamp/.autocore_installed
echo "autocore" >> /home/albresky/repos/openwrt-6.x/staging_dir/target-aarch64_cortex-a53_musl/pkginfo/autocore.default.install
make[3]: Leaving directory '/home/albresky/repos/openwrt-6.x/package/emortal/autocore'
time: package/emortal/autocore/compile#0.12#0.14#0.23
make[3]: Entering directory '/home/albresky/repos/openwrt-6.x/package/emortal/cpufreq'
mkdir -p /home/albresky/repos/openwrt-6.x/staging_dir/target-aarch64_cortex-a53_musl/root-qualcommax/stamp
SHELL= flock /home/albresky/repos/openwrt-6.x/tmp/.root-copy.flock -c 'cp -fpR /home/albresky/repos/openwrt-6.x/build_dir/target-aarch64_cortex-a53_musl/cpufreq/.pkgdir/cpufreq/. /home/albresky/repos/openwrt-6.x/staging_dir/target-aarch64_cortex-a53_musl/root-qualcommax/'
touch /home/albresky/repos/openwrt-6.x/staging_dir/target-aarch64_cortex-a53_musl/root-qualcommax/stamp/.cpufreq_installed
echo "cpufreq" >> /home/albresky/repos/openwrt-6.x/staging_dir/target-aarch64_cortex-a53_musl/pkginfo/cpufreq.default.install
make[3]: Leaving directory '/home/albresky/repos/openwrt-6.x/package/emortal/cpufreq'
time: package/emortal/cpufreq/compile#0.12#0.14#0.23
make[3]: Entering directory '/home/albresky/repos/openwrt-6.x/feeds/luci/modules/luci-base'
[ ! -d ./src/ ] || cp -fpR ./src/* /home/albresky/repos/openwrt-6.x/build_dir/hostpkg/luci-base
touch /home/albresky/repos/openwrt-6.x/build_dir/hostpkg/luci-base/.prepared439a92e8b464e4bafbf3a87842fafcb4_6664517399ebbbc92a37c5bb081b5c53
touch /home/albresky/repos/openwrt-6.x/build_dir/hostpkg/luci-base/.configured
make -C src/ clean po2lmo jsmin
make[4]: Entering directory '/home/albresky/repos/openwrt-6.x/feeds/luci/modules/luci-base/src'
rm -f contrib/lemon lib/*.o lib/plural_formula.c lib/plural_formula.h core.so version.uc
cc -o contrib/lemon contrib/lemon.c
./contrib/lemon -q lib/plural_formula.y
cc    -DNDEBUG -c -o lib/lmo.o lib/lmo.c
cc    -DNDEBUG -c -o lib/plural_formula.o lib/plural_formula.c
cc  -o po2lmo po2lmo.o lib/lmo.o lib/plural_formula.o
make[4]: 'jsmin' is up to date.
make[4]: Leaving directory '/home/albresky/repos/openwrt-6.x/feeds/luci/modules/luci-base/src'
touch /home/albresky/repos/openwrt-6.x/build_dir/hostpkg/luci-base/.built
install -d -m0755 /home/albresky/repos/openwrt-6.x/staging_dir/hostpkg/bin
install -m0755 src/po2lmo /home/albresky/repos/openwrt-6.x/staging_dir/hostpkg/bin/po2lmo
install -m0755 src/jsmin /home/albresky/repos/openwrt-6.x/staging_dir/hostpkg/bin/jsmin
mkdir -p /home/albresky/repos/openwrt-6.x/staging_dir/hostpkg/stamp
touch /home/albresky/repos/openwrt-6.x/build_dir/hostpkg/luci-base/.built
touch /home/albresky/repos/openwrt-6.x/staging_dir/hostpkg/stamp/.luci-base_installed 
make[3]: Leaving directory '/home/albresky/repos/openwrt-6.x/feeds/luci/modules/luci-base'
time: package/feeds/luci/luci-base/host-compile#0.60#0.69#1.24
make[3]: Entering directory '/home/albresky/repos/openwrt-6.x/feeds/luci/contrib/package/lucihttp'
mkdir -p /home/albresky/repos/openwrt-6.x/staging_dir/target-aarch64_cortex-a53_musl/root-qualcommax/stamp
echo '0' | cmp -s - /home/albresky/repos/openwrt-6.x/staging_dir/target-aarch64_cortex-a53_musl/pkginfo/liblucihttp.version || { echo '0' > /home/albresky/repos/openwrt-6.x/staging_dir/target-aarch64_cortex-a53_musl/pkginfo/liblucihttp.version;  } 
SHELL= flock /home/albresky/repos/openwrt-6.x/tmp/.root-copy.flock -c 'cp -fpR /home/albresky/repos/openwrt-6.x/build_dir/target-aarch64_cortex-a53_musl/lucihttp-2023.03.15~9b5b683f/.pkgdir/liblucihttp/. /home/albresky/repos/openwrt-6.x/staging_dir/target-aarch64_cortex-a53_musl/root-qualcommax/'
touch /home/albresky/repos/openwrt-6.x/staging_dir/target-aarch64_cortex-a53_musl/root-qualcommax/stamp/.liblucihttp_installed
echo "liblucihttp" >> /home/albresky/repos/openwrt-6.x/staging_dir/target-aarch64_cortex-a53_musl/pkginfo/lucihttp.default.install
mkdir -p /home/albresky/repos/openwrt-6.x/staging_dir/target-aarch64_cortex-a53_musl/root-qualcommax/stamp
SHELL= flock /home/albresky/repos/openwrt-6.x/tmp/.root-copy.flock -c 'cp -fpR /home/albresky/repos/openwrt-6.x/build_dir/target-aarch64_cortex-a53_musl/lucihttp-2023.03.15~9b5b683f/.pkgdir/liblucihttp-lua/. /home/albresky/repos/openwrt-6.x/staging_dir/target-aarch64_cortex-a53_musl/root-qualcommax/'
touch /home/albresky/repos/openwrt-6.x/staging_dir/target-aarch64_cortex-a53_musl/root-qualcommax/stamp/.liblucihttp-lua_installed
echo "liblucihttp-lua" >> /home/albresky/repos/openwrt-6.x/staging_dir/target-aarch64_cortex-a53_musl/pkginfo/lucihttp.default.install
mkdir -p /home/albresky/repos/openwrt-6.x/staging_dir/target-aarch64_cortex-a53_musl/root-qualcommax/stamp
SHELL= flock /home/albresky/repos/openwrt-6.x/tmp/.root-copy.flock -c 'cp -fpR /home/albresky/repos/openwrt-6.x/build_dir/target-aarch64_cortex-a53_musl/lucihttp-2023.03.15~9b5b683f/.pkgdir/liblucihttp-ucode/. /home/albresky/repos/openwrt-6.x/staging_dir/target-aarch64_cortex-a53_musl/root-qualcommax/'
touch /home/albresky/repos/openwrt-6.x/staging_dir/target-aarch64_cortex-a53_musl/root-qualcommax/stamp/.liblucihttp-ucode_installed
echo "liblucihttp-ucode" >> /home/albresky/repos/openwrt-6.x/staging_dir/target-aarch64_cortex-a53_musl/pkginfo/lucihttp.default.install
make[3]: Leaving directory '/home/albresky/repos/openwrt-6.x/feeds/luci/contrib/package/lucihttp'
time: package/feeds/luci/lucihttp/compile#0.14#0.17#0.29
make[3]: Entering directory '/home/albresky/repos/openwrt-6.x/package/network/utils/iwinfo'
mkdir -p /home/albresky/repos/openwrt-6.x/staging_dir/target-aarch64_cortex-a53_musl/root-qualcommax/stamp
echo '20230701' | cmp -s - /home/albresky/repos/openwrt-6.x/staging_dir/target-aarch64_cortex-a53_musl/pkginfo/libiwinfo.version || { echo '20230701' > /home/albresky/repos/openwrt-6.x/staging_dir/target-aarch64_cortex-a53_musl/pkginfo/libiwinfo.version;  } 
SHELL= flock /home/albresky/repos/openwrt-6.x/tmp/.root-copy.flock -c 'cp -fpR /home/albresky/repos/openwrt-6.x/build_dir/target-aarch64_cortex-a53_musl/libiwinfo-2024.07.06~21582013/.pkgdir/libiwinfo/. /home/albresky/repos/openwrt-6.x/staging_dir/target-aarch64_cortex-a53_musl/root-qualcommax/'
touch /home/albresky/repos/openwrt-6.x/staging_dir/target-aarch64_cortex-a53_musl/root-qualcommax/stamp/.libiwinfo_installed
echo "libiwinfo" >> /home/albresky/repos/openwrt-6.x/staging_dir/target-aarch64_cortex-a53_musl/pkginfo/iwinfo.default.install
mkdir -p /home/albresky/repos/openwrt-6.x/staging_dir/target-aarch64_cortex-a53_musl/root-qualcommax/stamp
SHELL= flock /home/albresky/repos/openwrt-6.x/tmp/.root-copy.flock -c 'cp -fpR /home/albresky/repos/openwrt-6.x/build_dir/target-aarch64_cortex-a53_musl/libiwinfo-2024.07.06~21582013/.pkgdir/libiwinfo-data/. /home/albresky/repos/openwrt-6.x/staging_dir/target-aarch64_cortex-a53_musl/root-qualcommax/'
touch /home/albresky/repos/openwrt-6.x/staging_dir/target-aarch64_cortex-a53_musl/root-qualcommax/stamp/.libiwinfo-data_installed
echo "libiwinfo-data" >> /home/albresky/repos/openwrt-6.x/staging_dir/target-aarch64_cortex-a53_musl/pkginfo/iwinfo.default.install
mkdir -p /home/albresky/repos/openwrt-6.x/staging_dir/target-aarch64_cortex-a53_musl/root-qualcommax/stamp
SHELL= flock /home/albresky/repos/openwrt-6.x/tmp/.root-copy.flock -c 'cp -fpR /home/albresky/repos/openwrt-6.x/build_dir/target-aarch64_cortex-a53_musl/libiwinfo-2024.07.06~21582013/.pkgdir/iwinfo/. /home/albresky/repos/openwrt-6.x/staging_dir/target-aarch64_cortex-a53_musl/root-qualcommax/'
touch /home/albresky/repos/openwrt-6.x/staging_dir/target-aarch64_cortex-a53_musl/root-qualcommax/stamp/.iwinfo_installed
echo "iwinfo" >> /home/albresky/repos/openwrt-6.x/staging_dir/target-aarch64_cortex-a53_musl/pkginfo/iwinfo.default.install
make[3]: Leaving directory '/home/albresky/repos/openwrt-6.x/package/network/utils/iwinfo'
time: package/network/utils/iwinfo/compile#0.13#0.21#0.31
make[3]: Entering directory '/home/albresky/repos/openwrt-6.x/package/system/rpcd'
mkdir -p /home/albresky/repos/openwrt-6.x/staging_dir/target-aarch64_cortex-a53_musl/root-qualcommax/stamp
SHELL= flock /home/albresky/repos/openwrt-6.x/tmp/.root-copy.flock -c 'cp -fpR /home/albresky/repos/openwrt-6.x/build_dir/target-aarch64_cortex-a53_musl/rpcd-2024.02.22~8ef4c258/.pkgdir/rpcd/. /home/albresky/repos/openwrt-6.x/staging_dir/target-aarch64_cortex-a53_musl/root-qualcommax/'
touch /home/albresky/repos/openwrt-6.x/staging_dir/target-aarch64_cortex-a53_musl/root-qualcommax/stamp/.rpcd_installed
echo "rpcd" >> /home/albresky/repos/openwrt-6.x/staging_dir/target-aarch64_cortex-a53_musl/pkginfo/rpcd.default.install
mkdir -p /home/albresky/repos/openwrt-6.x/staging_dir/target-aarch64_cortex-a53_musl/root-qualcommax/stamp
SHELL= flock /home/albresky/repos/openwrt-6.x/tmp/.root-copy.flock -c 'cp -fpR /home/albresky/repos/openwrt-6.x/build_dir/target-aarch64_cortex-a53_musl/rpcd-2024.02.22~8ef4c258/.pkgdir/rpcd-mod-file/. /home/albresky/repos/openwrt-6.x/staging_dir/target-aarch64_cortex-a53_musl/root-qualcommax/'
touch /home/albresky/repos/openwrt-6.x/staging_dir/target-aarch64_cortex-a53_musl/root-qualcommax/stamp/.rpcd-mod-file_installed
echo "rpcd-mod-file" >> /home/albresky/repos/openwrt-6.x/staging_dir/target-aarch64_cortex-a53_musl/pkginfo/rpcd.default.install
mkdir -p /home/albresky/repos/openwrt-6.x/staging_dir/target-aarch64_cortex-a53_musl/root-qualcommax/stamp
SHELL= flock /home/albresky/repos/openwrt-6.x/tmp/.root-copy.flock -c 'cp -fpR /home/albresky/repos/openwrt-6.x/build_dir/target-aarch64_cortex-a53_musl/rpcd-2024.02.22~8ef4c258/.pkgdir/rpcd-mod-iwinfo/. /home/albresky/repos/openwrt-6.x/staging_dir/target-aarch64_cortex-a53_musl/root-qualcommax/'
touch /home/albresky/repos/openwrt-6.x/staging_dir/target-aarch64_cortex-a53_musl/root-qualcommax/stamp/.rpcd-mod-iwinfo_installed
echo "rpcd-mod-iwinfo" >> /home/albresky/repos/openwrt-6.x/staging_dir/target-aarch64_cortex-a53_musl/pkginfo/rpcd.default.install
mkdir -p /home/albresky/repos/openwrt-6.x/staging_dir/target-aarch64_cortex-a53_musl/root-qualcommax/stamp
SHELL= flock /home/albresky/repos/openwrt-6.x/tmp/.root-copy.flock -c 'cp -fpR /home/albresky/repos/openwrt-6.x/build_dir/target-aarch64_cortex-a53_musl/rpcd-2024.02.22~8ef4c258/.pkgdir/rpcd-mod-ucode/. /home/albresky/repos/openwrt-6.x/staging_dir/target-aarch64_cortex-a53_musl/root-qualcommax/'
touch /home/albresky/repos/openwrt-6.x/staging_dir/target-aarch64_cortex-a53_musl/root-qualcommax/stamp/.rpcd-mod-ucode_installed
echo "rpcd-mod-ucode" >> /home/albresky/repos/openwrt-6.x/staging_dir/target-aarch64_cortex-a53_musl/pkginfo/rpcd.default.install
make[3]: Leaving directory '/home/albresky/repos/openwrt-6.x/package/system/rpcd'
time: package/system/rpcd/compile#0.15#0.22#0.34
make[3]: Entering directory '/home/albresky/repos/openwrt-6.x/feeds/luci/libs/rpcd-mod-luci'
mkdir -p /home/albresky/repos/openwrt-6.x/staging_dir/target-aarch64_cortex-a53_musl/root-qualcommax/stamp
SHELL= flock /home/albresky/repos/openwrt-6.x/tmp/.root-copy.flock -c 'cp -fpR /home/albresky/repos/openwrt-6.x/build_dir/target-aarch64_cortex-a53_musl/rpcd-mod-luci-20240305/.pkgdir/rpcd-mod-luci/. /home/albresky/repos/openwrt-6.x/staging_dir/target-aarch64_cortex-a53_musl/root-qualcommax/'
touch /home/albresky/repos/openwrt-6.x/staging_dir/target-aarch64_cortex-a53_musl/root-qualcommax/stamp/.rpcd-mod-luci_installed
echo "rpcd-mod-luci" >> /home/albresky/repos/openwrt-6.x/staging_dir/target-aarch64_cortex-a53_musl/pkginfo/rpcd-mod-luci.default.install
make[3]: Leaving directory '/home/albresky/repos/openwrt-6.x/feeds/luci/libs/rpcd-mod-luci'
time: package/feeds/luci/rpcd-mod-luci/compile#0.12#0.14#0.24
make[3]: Entering directory '/home/albresky/repos/openwrt-6.x/feeds/luci/contrib/package/ucode-mod-html'
mkdir -p /home/albresky/repos/openwrt-6.x/staging_dir/target-aarch64_cortex-a53_musl/root-qualcommax/stamp
SHELL= flock /home/albresky/repos/openwrt-6.x/tmp/.root-copy.flock -c 'cp -fpR /home/albresky/repos/openwrt-6.x/build_dir/target-aarch64_cortex-a53_musl/ucode-mod-html/.pkgdir/ucode-mod-html/. /home/albresky/repos/openwrt-6.x/staging_dir/target-aarch64_cortex-a53_musl/root-qualcommax/'
touch /home/albresky/repos/openwrt-6.x/staging_dir/target-aarch64_cortex-a53_musl/root-qualcommax/stamp/.ucode-mod-html_installed
echo "ucode-mod-html" >> /home/albresky/repos/openwrt-6.x/staging_dir/target-aarch64_cortex-a53_musl/pkginfo/ucode-mod-html.default.install
make[3]: Leaving directory '/home/albresky/repos/openwrt-6.x/feeds/luci/contrib/package/ucode-mod-html'
time: package/feeds/luci/ucode-mod-html/compile#0.13#0.13#0.24
make[3]: Entering directory '/home/albresky/repos/openwrt-6.x/feeds/packages/net/cgi-io'
mkdir -p /home/albresky/repos/openwrt-6.x/staging_dir/target-aarch64_cortex-a53_musl/root-qualcommax/stamp
SHELL= flock /home/albresky/repos/openwrt-6.x/tmp/.root-copy.flock -c 'cp -fpR /home/albresky/repos/openwrt-6.x/build_dir/target-aarch64_cortex-a53_musl/cgi-io-2022.08.10~901b0f04/.pkgdir/cgi-io/. /home/albresky/repos/openwrt-6.x/staging_dir/target-aarch64_cortex-a53_musl/root-qualcommax/'
touch /home/albresky/repos/openwrt-6.x/staging_dir/target-aarch64_cortex-a53_musl/root-qualcommax/stamp/.cgi-io_installed
echo "cgi-io" >> /home/albresky/repos/openwrt-6.x/staging_dir/target-aarch64_cortex-a53_musl/pkginfo/cgi-io.default.install
make[3]: Leaving directory '/home/albresky/repos/openwrt-6.x/feeds/packages/net/cgi-io'
time: package/feeds/packages/cgi-io/compile#0.13#0.14#0.24
make[3]: Entering directory '/home/albresky/repos/openwrt-6.x/package/utils/lua'
make[3]: Leaving directory '/home/albresky/repos/openwrt-6.x/package/utils/lua'
time: package/utils/lua/host-compile#0.16#0.17#0.29
make[3]: Entering directory '/home/albresky/repos/openwrt-6.x/feeds/luci/modules/luci-base'
touch /home/albresky/repos/openwrt-6.x/build_dir/target-aarch64_cortex-a53_musl/luci-base/.prepared_4294f0b881998b4f427a7a13a6d50fa8_6664517399ebbbc92a37c5bb081b5c53_check
for d in luasrc ucode htdocs root src; do if [ -d ./$d ]; then mkdir -p /home/albresky/repos/openwrt-6.x/build_dir/target-aarch64_cortex-a53_musl/luci-base/$d; cp -fpR ./$d/* /home/albresky/repos/openwrt-6.x/build_dir/target-aarch64_cortex-a53_musl/luci-base/$d/; fi; done
true
[ ! -d ./src/ ] || cp -fpR ./src/. /home/albresky/repos/openwrt-6.x/build_dir/target-aarch64_cortex-a53_musl/luci-base
touch /home/albresky/repos/openwrt-6.x/build_dir/target-aarch64_cortex-a53_musl/luci-base/.prepared_4294f0b881998b4f427a7a13a6d50fa8_6664517399ebbbc92a37c5bb081b5c53
rm -f /home/albresky/repos/openwrt-6.x/build_dir/target-aarch64_cortex-a53_musl/luci-base/.configured_*
rm -f /home/albresky/repos/openwrt-6.x/staging_dir/target-aarch64_cortex-a53_musl/stamp/.luci-base_installed
touch /home/albresky/repos/openwrt-6.x/build_dir/target-aarch64_cortex-a53_musl/luci-base/.configured_477f47f2ff2bd7f418ef750e72a13a02
rm -f /home/albresky/repos/openwrt-6.x/build_dir/target-aarch64_cortex-a53_musl/luci-base/.built
touch /home/albresky/repos/openwrt-6.x/build_dir/target-aarch64_cortex-a53_musl/luci-base/.built_check
CFLAGS="-Os -pipe -mcpu=cortex-a53 -fno-caller-saves -fno-plt -fhonour-copts -fmacro-prefix-map=/home/albresky/repos/openwrt-6.x/build_dir/target-aarch64_cortex-a53_musl/luci-base=luci-base -Wformat -Werror=format-security -fstack-protector -D_FORTIFY_SOURCE=1 -Wl,-z,now -Wl,-z,relro  -I/home/albresky/repos/openwrt-6.x/staging_dir/toolchain-aarch64_cortex-a53_gcc-13.3.0_musl/usr/include -I/home/albresky/repos/openwrt-6.x/staging_dir/toolchain-aarch64_cortex-a53_gcc-13.3.0_musl/include -I/home/albresky/repos/openwrt-6.x/staging_dir/toolchain-aarch64_cortex-a53_gcc-13.3.0_musl/include/fortify " CXXFLAGS="-Os -pipe -mcpu=cortex-a53 -fno-caller-saves -fno-plt -fhonour-copts -fmacro-prefix-map=/home/albresky/repos/openwrt-6.x/build_dir/target-aarch64_cortex-a53_musl/luci-base=luci-base -Wformat -Werror=format-security -fstack-protector -D_FORTIFY_SOURCE=1 -Wl,-z,now -Wl,-z,relro  -I/home/albresky/repos/openwrt-6.x/staging_dir/toolchain-aarch64_cortex-a53_gcc-13.3.0_musl/usr/include -I/home/albresky/repos/openwrt-6.x/staging_dir/toolchain-aarch64_cortex-a53_gcc-13.3.0_musl/include -I/home/albresky/repos/openwrt-6.x/staging_dir/toolchain-aarch64_cortex-a53_gcc-13.3.0_musl/include/fortify " LDFLAGS="-L/home/albresky/repos/openwrt-6.x/staging_dir/toolchain-aarch64_cortex-a53_gcc-13.3.0_musl/usr/lib -L/home/albresky/repos/openwrt-6.x/staging_dir/toolchain-aarch64_cortex-a53_gcc-13.3.0_musl/lib -fuse-ld=bfd -znow -zrelro " FPIC="-DPIC -fPIC" LUCI_VERSION="24.209.33969~31219a4" LUCI_GITBRANCH="LuCI Master" make -j1 -C /home/albresky/repos/openwrt-6.x/build_dir/target-aarch64_cortex-a53_musl/luci-base/src/ AR="aarch64-openwrt-linux-musl-gcc-ar" AS="aarch64-openwrt-linux-musl-gcc -c -Os -pipe -mcpu=cortex-a53 -fno-caller-saves -fno-plt -fhonour-copts -fmacro-prefix-map=/home/albresky/repos/openwrt-6.x/build_dir/target-aarch64_cortex-a53_musl/luci-base=luci-base -Wformat -Werror=format-security -fstack-protector -D_FORTIFY_SOURCE=1 -Wl,-z,now -Wl,-z,relro" LD="aarch64-openwrt-linux-musl-ld.bfd" NM="aarch64-openwrt-linux-musl-gcc-nm" CC="aarch64-openwrt-linux-musl-gcc" GCC="aarch64-openwrt-linux-musl-gcc" CXX="aarch64-openwrt-linux-musl-g++" RANLIB="aarch64-openwrt-linux-musl-gcc-ranlib" STRIP=aarch64-openwrt-linux-musl-strip OBJCOPY=aarch64-openwrt-linux-musl-objcopy OBJDUMP=aarch64-openwrt-linux-musl-objdump SIZE=aarch64-openwrt-linux-musl-size CROSS="aarch64-openwrt-linux-musl-" ARCH="aarch64" clean compile;
make[4]: Entering directory '/home/albresky/repos/openwrt-6.x/build_dir/target-aarch64_cortex-a53_musl/luci-base/src'
rm -f contrib/lemon lib/*.o lib/plural_formula.c lib/plural_formula.h core.so version.uc
aarch64-openwrt-linux-musl-gcc  -Os -pipe -mcpu=cortex-a53 -fno-caller-saves -fno-plt -fhonour-copts -fmacro-prefix-map=/home/albresky/repos/openwrt-6.x/build_dir/target-aarch64_cortex-a53_musl/luci-base=luci-base -Wformat -Werror=format-security -fstack-protector -D_FORTIFY_SOURCE=1 -Wl,-z,now -Wl,-z,relro  -I/home/albresky/repos/openwrt-6.x/staging_dir/toolchain-aarch64_cortex-a53_gcc-13.3.0_musl/usr/include -I/home/albresky/repos/openwrt-6.x/staging_dir/toolchain-aarch64_cortex-a53_gcc-13.3.0_musl/include -I/home/albresky/repos/openwrt-6.x/staging_dir/toolchain-aarch64_cortex-a53_gcc-13.3.0_musl/include/fortify  -DPIC -fPIC -DNDEBUG -c -o lib/luci.o lib/luci.c
cc -o contrib/lemon contrib/lemon.c
./contrib/lemon -q lib/plural_formula.y
aarch64-openwrt-linux-musl-gcc  -Os -pipe -mcpu=cortex-a53 -fno-caller-saves -fno-plt -fhonour-copts -fmacro-prefix-map=/home/albresky/repos/openwrt-6.x/build_dir/target-aarch64_cortex-a53_musl/luci-base=luci-base -Wformat -Werror=format-security -fstack-protector -D_FORTIFY_SOURCE=1 -Wl,-z,now -Wl,-z,relro  -I/home/albresky/repos/openwrt-6.x/staging_dir/toolchain-aarch64_cortex-a53_gcc-13.3.0_musl/usr/include -I/home/albresky/repos/openwrt-6.x/staging_dir/toolchain-aarch64_cortex-a53_gcc-13.3.0_musl/include -I/home/albresky/repos/openwrt-6.x/staging_dir/toolchain-aarch64_cortex-a53_gcc-13.3.0_musl/include/fortify  -DPIC -fPIC -DNDEBUG -c -o lib/lmo.o lib/lmo.c
aarch64-openwrt-linux-musl-gcc  -Os -pipe -mcpu=cortex-a53 -fno-caller-saves -fno-plt -fhonour-copts -fmacro-prefix-map=/home/albresky/repos/openwrt-6.x/build_dir/target-aarch64_cortex-a53_musl/luci-base=luci-base -Wformat -Werror=format-security -fstack-protector -D_FORTIFY_SOURCE=1 -Wl,-z,now -Wl,-z,relro  -I/home/albresky/repos/openwrt-6.x/staging_dir/toolchain-aarch64_cortex-a53_gcc-13.3.0_musl/usr/include -I/home/albresky/repos/openwrt-6.x/staging_dir/toolchain-aarch64_cortex-a53_gcc-13.3.0_musl/include -I/home/albresky/repos/openwrt-6.x/staging_dir/toolchain-aarch64_cortex-a53_gcc-13.3.0_musl/include/fortify  -DPIC -fPIC -DNDEBUG -c -o lib/plural_formula.o lib/plural_formula.c
aarch64-openwrt-linux-musl-gcc -L/home/albresky/repos/openwrt-6.x/staging_dir/toolchain-aarch64_cortex-a53_gcc-13.3.0_musl/usr/lib -L/home/albresky/repos/openwrt-6.x/staging_dir/toolchain-aarch64_cortex-a53_gcc-13.3.0_musl/lib -fuse-ld=bfd -znow -zrelro  -shared -lcrypt -o core.so lib/luci.o lib/lmo.o lib/plural_formula.o
echo "export const revision = '24.209.33969~31219a4', branch = 'LuCI Master';" > version.uc
make[4]: Leaving directory '/home/albresky/repos/openwrt-6.x/build_dir/target-aarch64_cortex-a53_musl/luci-base/src'
CFLAGS="-Os -pipe -mcpu=cortex-a53 -fno-caller-saves -fno-plt -fhonour-copts -fmacro-prefix-map=/home/albresky/repos/openwrt-6.x/build_dir/target-aarch64_cortex-a53_musl/luci-base=luci-base -Wformat -Werror=format-security -fstack-protector -D_FORTIFY_SOURCE=1 -Wl,-z,now -Wl,-z,relro  -I/home/albresky/repos/openwrt-6.x/staging_dir/toolchain-aarch64_cortex-a53_gcc-13.3.0_musl/usr/include -I/home/albresky/repos/openwrt-6.x/staging_dir/toolchain-aarch64_cortex-a53_gcc-13.3.0_musl/include -I/home/albresky/repos/openwrt-6.x/staging_dir/toolchain-aarch64_cortex-a53_gcc-13.3.0_musl/include/fortify " CXXFLAGS="-Os -pipe -mcpu=cortex-a53 -fno-caller-saves -fno-plt -fhonour-copts -fmacro-prefix-map=/home/albresky/repos/openwrt-6.x/build_dir/target-aarch64_cortex-a53_musl/luci-base=luci-base -Wformat -Werror=format-security -fstack-protector -D_FORTIFY_SOURCE=1 -Wl,-z,now -Wl,-z,relro  -I/home/albresky/repos/openwrt-6.x/staging_dir/toolchain-aarch64_cortex-a53_gcc-13.3.0_musl/usr/include -I/home/albresky/repos/openwrt-6.x/staging_dir/toolchain-aarch64_cortex-a53_gcc-13.3.0_musl/include -I/home/albresky/repos/openwrt-6.x/staging_dir/toolchain-aarch64_cortex-a53_gcc-13.3.0_musl/include/fortify " LDFLAGS="-L/home/albresky/repos/openwrt-6.x/staging_dir/toolchain-aarch64_cortex-a53_gcc-13.3.0_musl/usr/lib -L/home/albresky/repos/openwrt-6.x/staging_dir/toolchain-aarch64_cortex-a53_gcc-13.3.0_musl/lib -fuse-ld=bfd -znow -zrelro " FPIC="-DPIC -fPIC" LUCI_VERSION="24.209.33969~31219a4" LUCI_GITBRANCH="LuCI Master" make -C /home/albresky/repos/openwrt-6.x/build_dir/target-aarch64_cortex-a53_musl/luci-base/src/ AR="aarch64-openwrt-linux-musl-gcc-ar" AS="aarch64-openwrt-linux-musl-gcc -c -Os -pipe -mcpu=cortex-a53 -fno-caller-saves -fno-plt -fhonour-copts -fmacro-prefix-map=/home/albresky/repos/openwrt-6.x/build_dir/target-aarch64_cortex-a53_musl/luci-base=luci-base -Wformat -Werror=format-security -fstack-protector -D_FORTIFY_SOURCE=1 -Wl,-z,now -Wl,-z,relro" LD="aarch64-openwrt-linux-musl-ld.bfd" NM="aarch64-openwrt-linux-musl-gcc-nm" CC="aarch64-openwrt-linux-musl-gcc" GCC="aarch64-openwrt-linux-musl-gcc" CXX="aarch64-openwrt-linux-musl-g++" RANLIB="aarch64-openwrt-linux-musl-gcc-ranlib" STRIP=aarch64-openwrt-linux-musl-strip OBJCOPY=aarch64-openwrt-linux-musl-objcopy OBJDUMP=aarch64-openwrt-linux-musl-objdump SIZE=aarch64-openwrt-linux-musl-size CROSS="aarch64-openwrt-linux-musl-" ARCH="aarch64" DESTDIR="/home/albresky/repos/openwrt-6.x/build_dir/target-aarch64_cortex-a53_musl/luci-base/ipkg-install"   install;
make[4]: Entering directory '/home/albresky/repos/openwrt-6.x/build_dir/target-aarch64_cortex-a53_musl/luci-base/src'
mkdir -p /home/albresky/repos/openwrt-6.x/build_dir/target-aarch64_cortex-a53_musl/luci-base/ipkg-install/usr/lib/ucode/luci
cp core.so /home/albresky/repos/openwrt-6.x/build_dir/target-aarch64_cortex-a53_musl/luci-base/ipkg-install/usr/lib/ucode/luci/core.so
mkdir -p /home/albresky/repos/openwrt-6.x/build_dir/target-aarch64_cortex-a53_musl/luci-base/ipkg-install/usr/share/ucode/luci
cp version.uc /home/albresky/repos/openwrt-6.x/build_dir/target-aarch64_cortex-a53_musl/luci-base/ipkg-install/usr/share/ucode/luci/version.uc
make[4]: Leaving directory '/home/albresky/repos/openwrt-6.x/build_dir/target-aarch64_cortex-a53_musl/luci-base/src'
touch /home/albresky/repos/openwrt-6.x/build_dir/target-aarch64_cortex-a53_musl/luci-base/.built
rm -rf /home/albresky/repos/openwrt-6.x/build_dir/target-aarch64_cortex-a53_musl/luci-base/.pkgdir/luci-base.installed /home/albresky/repos/openwrt-6.x/build_dir/target-aarch64_cortex-a53_musl/luci-base/.pkgdir/luci-base
mkdir -p /home/albresky/repos/openwrt-6.x/build_dir/target-aarch64_cortex-a53_musl/luci-base/.pkgdir/luci-base
install -d -m0755 /home/albresky/repos/openwrt-6.x/build_dir/target-aarch64_cortex-a53_musl/luci-base/.pkgdir/luci-base/usr/share/ucode/luci
cp -pR /home/albresky/repos/openwrt-6.x/build_dir/target-aarch64_cortex-a53_musl/luci-base/ucode/* /home/albresky/repos/openwrt-6.x/build_dir/target-aarch64_cortex-a53_musl/luci-base/.pkgdir/luci-base/usr/share/ucode/luci/
find /home/albresky/repos/openwrt-6.x/build_dir/target-aarch64_cortex-a53_musl/luci-base/.pkgdir/luci-base/usr/share/ucode/luci/ -type f -name '*.htm' | while read src; do /home/albresky/repos/openwrt-6.x/staging_dir/host/bin/sed -i -e 's/<%# *\([^ ]*\)PKG_VERSION *%>/\124.209.33969~31219a4/g' -e 's/"\(<%= *\(media\|resource\) *%>[^"]*\.\(js\|css\)\)"/"\1?v=24.209.33969~31219a4"/g' "$src"; done; find /home/albresky/repos/openwrt-6.x/build_dir/target-aarch64_cortex-a53_musl/luci-base/.pkgdir/luci-base/usr/share/ucode/luci/ -type f -name '*.ut' | while read src; do /home/albresky/repos/openwrt-6.x/staging_dir/host/bin/sed -i -e 's/{# *\([^ ]*\)PKG_VERSION *#}/\124.209.33969~31219a4/g' -e 's/"\({{ *\(media\|resource\) *}}[^"]*\.\(js\|css\)\)"/"\1?v=24.209.33969~31219a4"/g' "$src"; done
install -d -m0755 /home/albresky/repos/openwrt-6.x/build_dir/target-aarch64_cortex-a53_musl/luci-base/.pkgdir/luci-base/www
cp -pR /home/albresky/repos/openwrt-6.x/build_dir/target-aarch64_cortex-a53_musl/luci-base/htdocs/* /home/albresky/repos/openwrt-6.x/build_dir/target-aarch64_cortex-a53_musl/luci-base/.pkgdir/luci-base/www/
find /home/albresky/repos/openwrt-6.x/build_dir/target-aarch64_cortex-a53_musl/luci-base/.pkgdir/luci-base/www/ -type f -name '*.js' | while read src; do if jsmin < "$src" > "$src.o"; then mv "$src.o" "$src"; fi; done
true
install -d -m0755 /home/albresky/repos/openwrt-6.x/build_dir/target-aarch64_cortex-a53_musl/luci-base/.pkgdir/luci-base/
cp -pR /home/albresky/repos/openwrt-6.x/build_dir/target-aarch64_cortex-a53_musl/luci-base/root/* /home/albresky/repos/openwrt-6.x/build_dir/target-aarch64_cortex-a53_musl/luci-base/.pkgdir/luci-base/
CFLAGS="-Os -pipe -mcpu=cortex-a53 -fno-caller-saves -fno-plt -fhonour-copts -fmacro-prefix-map=/home/albresky/repos/openwrt-6.x/build_dir/target-aarch64_cortex-a53_musl/luci-base=luci-base -Wformat -Werror=format-security -fstack-protector -D_FORTIFY_SOURCE=1 -Wl,-z,now -Wl,-z,relro  -I/home/albresky/repos/openwrt-6.x/staging_dir/toolchain-aarch64_cortex-a53_gcc-13.3.0_musl/usr/include -I/home/albresky/repos/openwrt-6.x/staging_dir/toolchain-aarch64_cortex-a53_gcc-13.3.0_musl/include -I/home/albresky/repos/openwrt-6.x/staging_dir/toolchain-aarch64_cortex-a53_gcc-13.3.0_musl/include/fortify " CXXFLAGS="-Os -pipe -mcpu=cortex-a53 -fno-caller-saves -fno-plt -fhonour-copts -fmacro-prefix-map=/home/albresky/repos/openwrt-6.x/build_dir/target-aarch64_cortex-a53_musl/luci-base=luci-base -Wformat -Werror=format-security -fstack-protector -D_FORTIFY_SOURCE=1 -Wl,-z,now -Wl,-z,relro  -I/home/albresky/repos/openwrt-6.x/staging_dir/toolchain-aarch64_cortex-a53_gcc-13.3.0_musl/usr/include -I/home/albresky/repos/openwrt-6.x/staging_dir/toolchain-aarch64_cortex-a53_gcc-13.3.0_musl/include -I/home/albresky/repos/openwrt-6.x/staging_dir/toolchain-aarch64_cortex-a53_gcc-13.3.0_musl/include/fortify " LDFLAGS="-L/home/albresky/repos/openwrt-6.x/staging_dir/toolchain-aarch64_cortex-a53_gcc-13.3.0_musl/usr/lib -L/home/albresky/repos/openwrt-6.x/staging_dir/toolchain-aarch64_cortex-a53_gcc-13.3.0_musl/lib -fuse-ld=bfd -znow -zrelro " FPIC="-DPIC -fPIC" LUCI_VERSION="24.209.33969~31219a4" LUCI_GITBRANCH="LuCI Master" make -C /home/albresky/repos/openwrt-6.x/build_dir/target-aarch64_cortex-a53_musl/luci-base/src/ AR="aarch64-openwrt-linux-musl-gcc-ar" AS="aarch64-openwrt-linux-musl-gcc -c -Os -pipe -mcpu=cortex-a53 -fno-caller-saves -fno-plt -fhonour-copts -fmacro-prefix-map=/home/albresky/repos/openwrt-6.x/build_dir/target-aarch64_cortex-a53_musl/luci-base=luci-base -Wformat -Werror=format-security -fstack-protector -D_FORTIFY_SOURCE=1 -Wl,-z,now -Wl,-z,relro" LD="aarch64-openwrt-linux-musl-ld.bfd" NM="aarch64-openwrt-linux-musl-gcc-nm" CC="aarch64-openwrt-linux-musl-gcc" GCC="aarch64-openwrt-linux-musl-gcc" CXX="aarch64-openwrt-linux-musl-g++" RANLIB="aarch64-openwrt-linux-musl-gcc-ranlib" STRIP=aarch64-openwrt-linux-musl-strip OBJCOPY=aarch64-openwrt-linux-musl-objcopy OBJDUMP=aarch64-openwrt-linux-musl-objdump SIZE=aarch64-openwrt-linux-musl-size CROSS="aarch64-openwrt-linux-musl-" ARCH="aarch64" DESTDIR="/home/albresky/repos/openwrt-6.x/build_dir/target-aarch64_cortex-a53_musl/luci-base/ipkg-install"   install;
make[4]: Entering directory '/home/albresky/repos/openwrt-6.x/build_dir/target-aarch64_cortex-a53_musl/luci-base/src'
mkdir -p /home/albresky/repos/openwrt-6.x/build_dir/target-aarch64_cortex-a53_musl/luci-base/ipkg-install/usr/lib/ucode/luci
cp core.so /home/albresky/repos/openwrt-6.x/build_dir/target-aarch64_cortex-a53_musl/luci-base/ipkg-install/usr/lib/ucode/luci/core.so
mkdir -p /home/albresky/repos/openwrt-6.x/build_dir/target-aarch64_cortex-a53_musl/luci-base/ipkg-install/usr/share/ucode/luci
cp version.uc /home/albresky/repos/openwrt-6.x/build_dir/target-aarch64_cortex-a53_musl/luci-base/ipkg-install/usr/share/ucode/luci/version.uc
make[4]: Leaving directory '/home/albresky/repos/openwrt-6.x/build_dir/target-aarch64_cortex-a53_musl/luci-base/src'
cp -fpR /home/albresky/repos/openwrt-6.x/build_dir/target-aarch64_cortex-a53_musl/luci-base/ipkg-install/* /home/albresky/repos/openwrt-6.x/build_dir/target-aarch64_cortex-a53_musl/luci-base/.pkgdir/luci-base/
touch /home/albresky/repos/openwrt-6.x/build_dir/target-aarch64_cortex-a53_musl/luci-base/.pkgdir/luci-base.installed
mkdir -p /home/albresky/repos/openwrt-6.x/staging_dir/target-aarch64_cortex-a53_musl/root-qualcommax/stamp
SHELL= flock /home/albresky/repos/openwrt-6.x/tmp/.root-copy.flock -c 'cp -fpR /home/albresky/repos/openwrt-6.x/build_dir/target-aarch64_cortex-a53_musl/luci-base/.pkgdir/luci-base/. /home/albresky/repos/openwrt-6.x/staging_dir/target-aarch64_cortex-a53_musl/root-qualcommax/'
touch /home/albresky/repos/openwrt-6.x/staging_dir/target-aarch64_cortex-a53_musl/root-qualcommax/stamp/.luci-base_installed
rm -rf /home/albresky/repos/openwrt-6.x/build_dir/target-aarch64_cortex-a53_musl/luci-base/ipkg-aarch64_cortex-a53/luci-base
/home/albresky/repos/openwrt-6.x/scripts/ipkg-remove luci-base /home/albresky/repos/openwrt-6.x/bin/packages/aarch64_cortex-a53/luci/luci-base_24.209.33969~31219a4_aarch64_cortex-a53.ipk
removed '/home/albresky/repos/openwrt-6.x/bin/packages/aarch64_cortex-a53/luci/luci-base_24.209.33969~31219a4_aarch64_cortex-a53.ipk'
mkdir -p /home/albresky/repos/openwrt-6.x/bin/targets/qualcommax/ipq60xx/packages /home/albresky/repos/openwrt-6.x/build_dir/target-aarch64_cortex-a53_musl/luci-base/ipkg-aarch64_cortex-a53/luci-base /home/albresky/repos/openwrt-6.x/staging_dir/target-aarch64_cortex-a53_musl/pkginfo
install -d -m0755 /home/albresky/repos/openwrt-6.x/build_dir/target-aarch64_cortex-a53_musl/luci-base/ipkg-aarch64_cortex-a53/luci-base/usr/share/ucode/luci
cp -pR /home/albresky/repos/openwrt-6.x/build_dir/target-aarch64_cortex-a53_musl/luci-base/ucode/* /home/albresky/repos/openwrt-6.x/build_dir/target-aarch64_cortex-a53_musl/luci-base/ipkg-aarch64_cortex-a53/luci-base/usr/share/ucode/luci/
find /home/albresky/repos/openwrt-6.x/build_dir/target-aarch64_cortex-a53_musl/luci-base/ipkg-aarch64_cortex-a53/luci-base/usr/share/ucode/luci/ -type f -name '*.htm' | while read src; do /home/albresky/repos/openwrt-6.x/staging_dir/host/bin/sed -i -e 's/<%# *\([^ ]*\)PKG_VERSION *%>/\124.209.33969~31219a4/g' -e 's/"\(<%= *\(media\|resource\) *%>[^"]*\.\(js\|css\)\)"/"\1?v=24.209.33969~31219a4"/g' "$src"; done; find /home/albresky/repos/openwrt-6.x/build_dir/target-aarch64_cortex-a53_musl/luci-base/ipkg-aarch64_cortex-a53/luci-base/usr/share/ucode/luci/ -type f -name '*.ut' | while read src; do /home/albresky/repos/openwrt-6.x/staging_dir/host/bin/sed -i -e 's/{# *\([^ ]*\)PKG_VERSION *#}/\124.209.33969~31219a4/g' -e 's/"\({{ *\(media\|resource\) *}}[^"]*\.\(js\|css\)\)"/"\1?v=24.209.33969~31219a4"/g' "$src"; done
install -d -m0755 /home/albresky/repos/openwrt-6.x/build_dir/target-aarch64_cortex-a53_musl/luci-base/ipkg-aarch64_cortex-a53/luci-base/www
cp -pR /home/albresky/repos/openwrt-6.x/build_dir/target-aarch64_cortex-a53_musl/luci-base/htdocs/* /home/albresky/repos/openwrt-6.x/build_dir/target-aarch64_cortex-a53_musl/luci-base/ipkg-aarch64_cortex-a53/luci-base/www/
find /home/albresky/repos/openwrt-6.x/build_dir/target-aarch64_cortex-a53_musl/luci-base/ipkg-aarch64_cortex-a53/luci-base/www/ -type f -name '*.js' | while read src; do if jsmin < "$src" > "$src.o"; then mv "$src.o" "$src"; fi; done
true
install -d -m0755 /home/albresky/repos/openwrt-6.x/build_dir/target-aarch64_cortex-a53_musl/luci-base/ipkg-aarch64_cortex-a53/luci-base/
cp -pR /home/albresky/repos/openwrt-6.x/build_dir/target-aarch64_cortex-a53_musl/luci-base/root/* /home/albresky/repos/openwrt-6.x/build_dir/target-aarch64_cortex-a53_musl/luci-base/ipkg-aarch64_cortex-a53/luci-base/
CFLAGS="-Os -pipe -mcpu=cortex-a53 -fno-caller-saves -fno-plt -fhonour-copts -fmacro-prefix-map=/home/albresky/repos/openwrt-6.x/build_dir/target-aarch64_cortex-a53_musl/luci-base=luci-base -Wformat -Werror=format-security -fstack-protector -D_FORTIFY_SOURCE=1 -Wl,-z,now -Wl,-z,relro  -I/home/albresky/repos/openwrt-6.x/staging_dir/toolchain-aarch64_cortex-a53_gcc-13.3.0_musl/usr/include -I/home/albresky/repos/openwrt-6.x/staging_dir/toolchain-aarch64_cortex-a53_gcc-13.3.0_musl/include -I/home/albresky/repos/openwrt-6.x/staging_dir/toolchain-aarch64_cortex-a53_gcc-13.3.0_musl/include/fortify " CXXFLAGS="-Os -pipe -mcpu=cortex-a53 -fno-caller-saves -fno-plt -fhonour-copts -fmacro-prefix-map=/home/albresky/repos/openwrt-6.x/build_dir/target-aarch64_cortex-a53_musl/luci-base=luci-base -Wformat -Werror=format-security -fstack-protector -D_FORTIFY_SOURCE=1 -Wl,-z,now -Wl,-z,relro  -I/home/albresky/repos/openwrt-6.x/staging_dir/toolchain-aarch64_cortex-a53_gcc-13.3.0_musl/usr/include -I/home/albresky/repos/openwrt-6.x/staging_dir/toolchain-aarch64_cortex-a53_gcc-13.3.0_musl/include -I/home/albresky/repos/openwrt-6.x/staging_dir/toolchain-aarch64_cortex-a53_gcc-13.3.0_musl/include/fortify " LDFLAGS="-L/home/albresky/repos/openwrt-6.x/staging_dir/toolchain-aarch64_cortex-a53_gcc-13.3.0_musl/usr/lib -L/home/albresky/repos/openwrt-6.x/staging_dir/toolchain-aarch64_cortex-a53_gcc-13.3.0_musl/lib -fuse-ld=bfd -znow -zrelro " FPIC="-DPIC -fPIC" LUCI_VERSION="24.209.33969~31219a4" LUCI_GITBRANCH="LuCI Master" make -C /home/albresky/repos/openwrt-6.x/build_dir/target-aarch64_cortex-a53_musl/luci-base/src/ AR="aarch64-openwrt-linux-musl-gcc-ar" AS="aarch64-openwrt-linux-musl-gcc -c -Os -pipe -mcpu=cortex-a53 -fno-caller-saves -fno-plt -fhonour-copts -fmacro-prefix-map=/home/albresky/repos/openwrt-6.x/build_dir/target-aarch64_cortex-a53_musl/luci-base=luci-base -Wformat -Werror=format-security -fstack-protector -D_FORTIFY_SOURCE=1 -Wl,-z,now -Wl,-z,relro" LD="aarch64-openwrt-linux-musl-ld.bfd" NM="aarch64-openwrt-linux-musl-gcc-nm" CC="aarch64-openwrt-linux-musl-gcc" GCC="aarch64-openwrt-linux-musl-gcc" CXX="aarch64-openwrt-linux-musl-g++" RANLIB="aarch64-openwrt-linux-musl-gcc-ranlib" STRIP=aarch64-openwrt-linux-musl-strip OBJCOPY=aarch64-openwrt-linux-musl-objcopy OBJDUMP=aarch64-openwrt-linux-musl-objdump SIZE=aarch64-openwrt-linux-musl-size CROSS="aarch64-openwrt-linux-musl-" ARCH="aarch64" DESTDIR="/home/albresky/repos/openwrt-6.x/build_dir/target-aarch64_cortex-a53_musl/luci-base/ipkg-install"   install;
make[4]: Entering directory '/home/albresky/repos/openwrt-6.x/build_dir/target-aarch64_cortex-a53_musl/luci-base/src'
mkdir -p /home/albresky/repos/openwrt-6.x/build_dir/target-aarch64_cortex-a53_musl/luci-base/ipkg-install/usr/lib/ucode/luci
cp core.so /home/albresky/repos/openwrt-6.x/build_dir/target-aarch64_cortex-a53_musl/luci-base/ipkg-install/usr/lib/ucode/luci/core.so
mkdir -p /home/albresky/repos/openwrt-6.x/build_dir/target-aarch64_cortex-a53_musl/luci-base/ipkg-install/usr/share/ucode/luci
cp version.uc /home/albresky/repos/openwrt-6.x/build_dir/target-aarch64_cortex-a53_musl/luci-base/ipkg-install/usr/share/ucode/luci/version.uc
make[4]: Leaving directory '/home/albresky/repos/openwrt-6.x/build_dir/target-aarch64_cortex-a53_musl/luci-base/src'
cp -fpR /home/albresky/repos/openwrt-6.x/build_dir/target-aarch64_cortex-a53_musl/luci-base/ipkg-install/* /home/albresky/repos/openwrt-6.x/build_dir/target-aarch64_cortex-a53_musl/luci-base/ipkg-aarch64_cortex-a53/luci-base/
find /home/albresky/repos/openwrt-6.x/build_dir/target-aarch64_cortex-a53_musl/luci-base/ipkg-aarch64_cortex-a53/luci-base -name 'CVS' -o -name '.svn' -o -name '.#*' -o -name '*~'| xargs -r rm -rf
export CROSS="aarch64-openwrt-linux-musl-"  NO_RENAME=1 ; NM="aarch64-openwrt-linux-musl-nm" STRIP="/home/albresky/repos/openwrt-6.x/staging_dir/host/bin/sstrip -z" STRIP_KMOD="/home/albresky/repos/openwrt-6.x/scripts/strip-kmod.sh" PATCHELF="/home/albresky/repos/openwrt-6.x/staging_dir/host/bin/patchelf" /home/albresky/repos/openwrt-6.x/scripts/rstrip.sh /home/albresky/repos/openwrt-6.x/build_dir/target-aarch64_cortex-a53_musl/luci-base/ipkg-aarch64_cortex-a53/luci-base
rstrip.sh: /home/albresky/repos/openwrt-6.x/build_dir/target-aarch64_cortex-a53_musl/luci-base/ipkg-aarch64_cortex-a53/luci-base/usr/lib/ucode/luci/core.so: shared object
install -d -m0755 /home/albresky/repos/openwrt-6.x/bin/packages/aarch64_cortex-a53/luci/tmp
mkdir -p /home/albresky/repos/openwrt-6.x/build_dir/target-aarch64_cortex-a53_musl/luci-base/ipkg-aarch64_cortex-a53/luci-base/CONTROL
(cd /home/albresky/repos/openwrt-6.x/build_dir/target-aarch64_cortex-a53_musl/luci-base/ipkg-aarch64_cortex-a53/luci-base/CONTROL; ( echo "$CONTROL"; printf "Description: "; echo "$DESCRIPTION" | sed -e 's,^[[:space:]]*, ,g'; ) > control; chmod 644 control; ( echo "#!/bin/sh"; echo "[ \"\${IPKG_NO_SCRIPT}\" = \"1\" ] && exit 0"; echo "[ -s "\${IPKG_INSTROOT}/lib/functions.sh" ] || exit 0"; echo ". \${IPKG_INSTROOT}/lib/functions.sh"; echo "default_postinst \$0 \$@"; ) > postinst; ( echo "#!/bin/sh"; echo "[ -s "\${IPKG_INSTROOT}/lib/functions.sh" ] || exit 0"; echo ". \${IPKG_INSTROOT}/lib/functions.sh"; echo "default_prerm \$0 \$@"; ) > prerm; chmod 0755 postinst prerm; echo "$V_Package_luci_base_conffiles" > conffiles;  echo "$V_Package_luci_base_postinst" > postinst-pkg; chmod 0755 postinst-pkg; )
/home/albresky/repos/openwrt-6.x/staging_dir/host/bin/fakeroot /home/albresky/repos/openwrt-6.x/staging_dir/host/bin/bash /home/albresky/repos/openwrt-6.x/scripts/ipkg-build -m "" /home/albresky/repos/openwrt-6.x/build_dir/target-aarch64_cortex-a53_musl/luci-base/ipkg-aarch64_cortex-a53/luci-base /home/albresky/repos/openwrt-6.x/bin/packages/aarch64_cortex-a53/luci
Packaged contents of /home/albresky/repos/openwrt-6.x/build_dir/target-aarch64_cortex-a53_musl/luci-base/ipkg-aarch64_cortex-a53/luci-base into /home/albresky/repos/openwrt-6.x/bin/packages/aarch64_cortex-a53/luci/luci-base_24.209.33969~31219a4_aarch64_cortex-a53.ipk
rm -rf /home/albresky/repos/openwrt-6.x/build_dir/target-aarch64_cortex-a53_musl/luci-base/ipkg-all/luci-i18n-base-zh-cn
/home/albresky/repos/openwrt-6.x/scripts/ipkg-remove luci-i18n-base-zh-cn /home/albresky/repos/openwrt-6.x/bin/packages/aarch64_cortex-a53/luci/luci-i18n-base-zh-cn_24.209.33969~31219a4_all.ipk
removed '/home/albresky/repos/openwrt-6.x/bin/packages/aarch64_cortex-a53/luci/luci-i18n-base-zh-cn_24.209.33969~31219a4_all.ipk'
mkdir -p /home/albresky/repos/openwrt-6.x/bin/targets/qualcommax/ipq60xx/packages /home/albresky/repos/openwrt-6.x/build_dir/target-aarch64_cortex-a53_musl/luci-base/ipkg-all/luci-i18n-base-zh-cn /home/albresky/repos/openwrt-6.x/staging_dir/target-aarch64_cortex-a53_musl/pkginfo
install -d -m0755 /home/albresky/repos/openwrt-6.x/build_dir/target-aarch64_cortex-a53_musl/luci-base/ipkg-all/luci-i18n-base-zh-cn/etc/uci-defaults
echo "uci set luci.languages.zh_cn='简体中文 (Chinese Simplified)'; uci commit luci" > /home/albresky/repos/openwrt-6.x/build_dir/target-aarch64_cortex-a53_musl/luci-base/ipkg-all/luci-i18n-base-zh-cn/etc/uci-defaults/luci-i18n-base-zh-cn
install -d -m0755 /home/albresky/repos/openwrt-6.x/build_dir/target-aarch64_cortex-a53_musl/luci-base/ipkg-all/luci-i18n-base-zh-cn/usr/lib/lua/luci/i18n
po2lmo /home/albresky/repos/openwrt-6.x/feeds/luci/modules/luci-base/po/zh_Hans/base.po /home/albresky/repos/openwrt-6.x/build_dir/target-aarch64_cortex-a53_musl/luci-base/ipkg-all/luci-i18n-base-zh-cn/usr/lib/lua/luci/i18n/base.zh-cn.lmo;
find /home/albresky/repos/openwrt-6.x/build_dir/target-aarch64_cortex-a53_musl/luci-base/ipkg-all/luci-i18n-base-zh-cn -name 'CVS' -o -name '.svn' -o -name '.#*' -o -name '*~'| xargs -r rm -rf
export CROSS="aarch64-openwrt-linux-musl-"  NO_RENAME=1 ; NM="aarch64-openwrt-linux-musl-nm" STRIP="/home/albresky/repos/openwrt-6.x/staging_dir/host/bin/sstrip -z" STRIP_KMOD="/home/albresky/repos/openwrt-6.x/scripts/strip-kmod.sh" PATCHELF="/home/albresky/repos/openwrt-6.x/staging_dir/host/bin/patchelf" /home/albresky/repos/openwrt-6.x/scripts/rstrip.sh /home/albresky/repos/openwrt-6.x/build_dir/target-aarch64_cortex-a53_musl/luci-base/ipkg-all/luci-i18n-base-zh-cn
install -d -m0755 /home/albresky/repos/openwrt-6.x/bin/packages/aarch64_cortex-a53/luci/tmp
mkdir -p /home/albresky/repos/openwrt-6.x/build_dir/target-aarch64_cortex-a53_musl/luci-base/ipkg-all/luci-i18n-base-zh-cn/CONTROL
(cd /home/albresky/repos/openwrt-6.x/build_dir/target-aarch64_cortex-a53_musl/luci-base/ipkg-all/luci-i18n-base-zh-cn/CONTROL; ( echo "$CONTROL"; printf "Description: "; echo "$DESCRIPTION" | sed -e 's,^[[:space:]]*, ,g'; ) > control; chmod 644 control; ( echo "#!/bin/sh"; echo "[ \"\${IPKG_NO_SCRIPT}\" = \"1\" ] && exit 0"; echo "[ -s "\${IPKG_INSTROOT}/lib/functions.sh" ] || exit 0"; echo ". \${IPKG_INSTROOT}/lib/functions.sh"; echo "default_postinst \$0 \$@"; ) > postinst; ( echo "#!/bin/sh"; echo "[ -s "\${IPKG_INSTROOT}/lib/functions.sh" ] || exit 0"; echo ". \${IPKG_INSTROOT}/lib/functions.sh"; echo "default_prerm \$0 \$@"; ) > prerm; chmod 0755 postinst prerm;  )
/home/albresky/repos/openwrt-6.x/staging_dir/host/bin/fakeroot /home/albresky/repos/openwrt-6.x/staging_dir/host/bin/bash /home/albresky/repos/openwrt-6.x/scripts/ipkg-build -m "" /home/albresky/repos/openwrt-6.x/build_dir/target-aarch64_cortex-a53_musl/luci-base/ipkg-all/luci-i18n-base-zh-cn /home/albresky/repos/openwrt-6.x/bin/packages/aarch64_cortex-a53/luci
Packaged contents of /home/albresky/repos/openwrt-6.x/build_dir/target-aarch64_cortex-a53_musl/luci-base/ipkg-all/luci-i18n-base-zh-cn into /home/albresky/repos/openwrt-6.x/bin/packages/aarch64_cortex-a53/luci/luci-i18n-base-zh-cn_24.209.33969~31219a4_all.ipk
echo "luci-base" >> /home/albresky/repos/openwrt-6.x/staging_dir/target-aarch64_cortex-a53_musl/pkginfo/luci-base.default.install
rm -rf /home/albresky/repos/openwrt-6.x/build_dir/target-aarch64_cortex-a53_musl/luci-base/.pkgdir/luci-i18n-base-zh-cn.installed /home/albresky/repos/openwrt-6.x/build_dir/target-aarch64_cortex-a53_musl/luci-base/.pkgdir/luci-i18n-base-zh-cn
mkdir -p /home/albresky/repos/openwrt-6.x/build_dir/target-aarch64_cortex-a53_musl/luci-base/.pkgdir/luci-i18n-base-zh-cn
install -d -m0755 /home/albresky/repos/openwrt-6.x/build_dir/target-aarch64_cortex-a53_musl/luci-base/.pkgdir/luci-i18n-base-zh-cn/etc/uci-defaults
echo "uci set luci.languages.zh_cn='简体中文 (Chinese Simplified)'; uci commit luci" > /home/albresky/repos/openwrt-6.x/build_dir/target-aarch64_cortex-a53_musl/luci-base/.pkgdir/luci-i18n-base-zh-cn/etc/uci-defaults/luci-i18n-base-zh-cn
install -d -m0755 /home/albresky/repos/openwrt-6.x/build_dir/target-aarch64_cortex-a53_musl/luci-base/.pkgdir/luci-i18n-base-zh-cn/usr/lib/lua/luci/i18n
po2lmo /home/albresky/repos/openwrt-6.x/feeds/luci/modules/luci-base/po/zh_Hans/base.po /home/albresky/repos/openwrt-6.x/build_dir/target-aarch64_cortex-a53_musl/luci-base/.pkgdir/luci-i18n-base-zh-cn/usr/lib/lua/luci/i18n/base.zh-cn.lmo;
touch /home/albresky/repos/openwrt-6.x/build_dir/target-aarch64_cortex-a53_musl/luci-base/.pkgdir/luci-i18n-base-zh-cn.installed
mkdir -p /home/albresky/repos/openwrt-6.x/staging_dir/target-aarch64_cortex-a53_musl/root-qualcommax/stamp
SHELL= flock /home/albresky/repos/openwrt-6.x/tmp/.root-copy.flock -c 'cp -fpR /home/albresky/repos/openwrt-6.x/build_dir/target-aarch64_cortex-a53_musl/luci-base/.pkgdir/luci-i18n-base-zh-cn/. /home/albresky/repos/openwrt-6.x/staging_dir/target-aarch64_cortex-a53_musl/root-qualcommax/'
touch /home/albresky/repos/openwrt-6.x/staging_dir/target-aarch64_cortex-a53_musl/root-qualcommax/stamp/.luci-i18n-base-zh-cn_installed
echo "luci-i18n-base-zh-cn" >> /home/albresky/repos/openwrt-6.x/staging_dir/target-aarch64_cortex-a53_musl/pkginfo/luci-base.default.install
make[3]: Leaving directory '/home/albresky/repos/openwrt-6.x/feeds/luci/modules/luci-base'
time: package/feeds/luci/luci-base/compile#1.28#1.88#3.18
make[3]: Entering directory '/home/albresky/repos/openwrt-6.x/package/libs/openssl'
Package/openssl/add-module 1='provider'; 2='legacy'; 3='/usr/lib/ossl-modules' 4=''
MOD_TYPE='provider'; MOD_NAME='legacy'; MOD_DIR='/usr/lib/ossl-modules' OSSL_PKG='libopenssl-legacy'
Package/openssl/add-module 1='engine'; 2='afalg'; 3='/usr/lib/engines-3' 4=''
MOD_TYPE='engine'; MOD_NAME='afalg'; MOD_DIR='/usr/lib/engines-3' OSSL_PKG='libopenssl-afalg'
Package/openssl/add-module 1='engine'; 2='devcrypto'; 3='/usr/lib/engines-3' 4=''
MOD_TYPE='engine'; MOD_NAME='devcrypto'; MOD_DIR='/usr/lib/engines-3' OSSL_PKG='libopenssl-devcrypto'
Package/openssl/add-module 1='engine'; 2='padlock'; 3='/usr/lib/engines-3' 4=''
MOD_TYPE='engine'; MOD_NAME='padlock'; MOD_DIR='/usr/lib/engines-3' OSSL_PKG='libopenssl-padlock'
mkdir -p /home/albresky/repos/openwrt-6.x/staging_dir/target-aarch64_cortex-a53_musl/root-qualcommax/stamp
echo '3' | cmp -s - /home/albresky/repos/openwrt-6.x/staging_dir/target-aarch64_cortex-a53_musl/pkginfo/libopenssl.version || { echo '3' > /home/albresky/repos/openwrt-6.x/staging_dir/target-aarch64_cortex-a53_musl/pkginfo/libopenssl.version;  } 
SHELL= flock /home/albresky/repos/openwrt-6.x/tmp/.root-copy.flock -c 'cp -fpR /home/albresky/repos/openwrt-6.x/build_dir/target-aarch64_cortex-a53_musl/openssl-3.0.14/.pkgdir/libopenssl/. /home/albresky/repos/openwrt-6.x/staging_dir/target-aarch64_cortex-a53_musl/root-qualcommax/'
touch /home/albresky/repos/openwrt-6.x/staging_dir/target-aarch64_cortex-a53_musl/root-qualcommax/stamp/.libopenssl_installed
echo "libopenssl" >> /home/albresky/repos/openwrt-6.x/staging_dir/target-aarch64_cortex-a53_musl/pkginfo/openssl.default.install
mkdir -p /home/albresky/repos/openwrt-6.x/staging_dir/target-aarch64_cortex-a53_musl/root-qualcommax/stamp
SHELL= flock /home/albresky/repos/openwrt-6.x/tmp/.root-copy.flock -c 'cp -fpR /home/albresky/repos/openwrt-6.x/build_dir/target-aarch64_cortex-a53_musl/openssl-3.0.14/.pkgdir/libopenssl-conf/. /home/albresky/repos/openwrt-6.x/staging_dir/target-aarch64_cortex-a53_musl/root-qualcommax/'
touch /home/albresky/repos/openwrt-6.x/staging_dir/target-aarch64_cortex-a53_musl/root-qualcommax/stamp/.libopenssl-conf_installed
echo "libopenssl-conf" >> /home/albresky/repos/openwrt-6.x/staging_dir/target-aarch64_cortex-a53_musl/pkginfo/openssl.default.install
mkdir -p /home/albresky/repos/openwrt-6.x/staging_dir/target-aarch64_cortex-a53_musl/root-qualcommax/stamp
SHELL= flock /home/albresky/repos/openwrt-6.x/tmp/.root-copy.flock -c 'cp -fpR /home/albresky/repos/openwrt-6.x/build_dir/target-aarch64_cortex-a53_musl/openssl-3.0.14/.pkgdir/libopenssl-legacy/. /home/albresky/repos/openwrt-6.x/staging_dir/target-aarch64_cortex-a53_musl/root-qualcommax/'
touch /home/albresky/repos/openwrt-6.x/staging_dir/target-aarch64_cortex-a53_musl/root-qualcommax/stamp/.libopenssl-legacy_installed
echo "libopenssl-legacy" >> /home/albresky/repos/openwrt-6.x/staging_dir/target-aarch64_cortex-a53_musl/pkginfo/openssl.default.install
mkdir -p /home/albresky/repos/openwrt-6.x/staging_dir/target-aarch64_cortex-a53_musl/root-qualcommax/stamp
SHELL= flock /home/albresky/repos/openwrt-6.x/tmp/.root-copy.flock -c 'cp -fpR /home/albresky/repos/openwrt-6.x/build_dir/target-aarch64_cortex-a53_musl/openssl-3.0.14/.pkgdir/openssl-util/. /home/albresky/repos/openwrt-6.x/staging_dir/target-aarch64_cortex-a53_musl/root-qualcommax/'
touch /home/albresky/repos/openwrt-6.x/staging_dir/target-aarch64_cortex-a53_musl/root-qualcommax/stamp/.openssl-util_installed
echo "openssl-util" >> /home/albresky/repos/openwrt-6.x/staging_dir/target-aarch64_cortex-a53_musl/pkginfo/openssl.default.install
make[3]: Leaving directory '/home/albresky/repos/openwrt-6.x/package/libs/openssl'
time: package/libs/openssl/compile#0.16#0.33#0.43
make[3]: Entering directory '/home/albresky/repos/openwrt-6.x/package/libs/ustream-ssl'
mkdir -p /home/albresky/repos/openwrt-6.x/staging_dir/target-aarch64_cortex-a53_musl/root-qualcommax/stamp
echo '20201210' | cmp -s - /home/albresky/repos/openwrt-6.x/staging_dir/target-aarch64_cortex-a53_musl/pkginfo/libustream-openssl.version || { echo '20201210' > /home/albresky/repos/openwrt-6.x/staging_dir/target-aarch64_cortex-a53_musl/pkginfo/libustream-openssl.version;  } 
SHELL= flock /home/albresky/repos/openwrt-6.x/tmp/.root-copy.flock -c 'cp -fpR /home/albresky/repos/openwrt-6.x/build_dir/target-aarch64_cortex-a53_musl/ustream-ssl-openssl/ustream-ssl-2024.04.19~524a76e5/.pkgdir/libustream-openssl/. /home/albresky/repos/openwrt-6.x/staging_dir/target-aarch64_cortex-a53_musl/root-qualcommax/'
touch /home/albresky/repos/openwrt-6.x/staging_dir/target-aarch64_cortex-a53_musl/root-qualcommax/stamp/.libustream-openssl_installed
echo "libustream-openssl" >> /home/albresky/repos/openwrt-6.x/staging_dir/target-aarch64_cortex-a53_musl/pkginfo/ustream-ssl.openssl.install
make[3]: Leaving directory '/home/albresky/repos/openwrt-6.x/package/libs/ustream-ssl'
time: package/libs/ustream-ssl/openssl/compile#0.15#0.14#0.26
make[3]: Entering directory '/home/albresky/repos/openwrt-6.x/package/libs/uclient'
mkdir -p /home/albresky/repos/openwrt-6.x/staging_dir/target-aarch64_cortex-a53_musl/root-qualcommax/stamp
echo '20201210' | cmp -s - /home/albresky/repos/openwrt-6.x/staging_dir/target-aarch64_cortex-a53_musl/pkginfo/libuclient.version || { echo '20201210' > /home/albresky/repos/openwrt-6.x/staging_dir/target-aarch64_cortex-a53_musl/pkginfo/libuclient.version;  } 
SHELL= flock /home/albresky/repos/openwrt-6.x/tmp/.root-copy.flock -c 'cp -fpR /home/albresky/repos/openwrt-6.x/build_dir/target-aarch64_cortex-a53_musl/uclient-2024.04.19~e8780fa7/.pkgdir/libuclient/. /home/albresky/repos/openwrt-6.x/staging_dir/target-aarch64_cortex-a53_musl/root-qualcommax/'
touch /home/albresky/repos/openwrt-6.x/staging_dir/target-aarch64_cortex-a53_musl/root-qualcommax/stamp/.libuclient_installed
echo "libuclient" >> /home/albresky/repos/openwrt-6.x/staging_dir/target-aarch64_cortex-a53_musl/pkginfo/uclient.default.install
mkdir -p /home/albresky/repos/openwrt-6.x/staging_dir/target-aarch64_cortex-a53_musl/root-qualcommax/stamp
SHELL= flock /home/albresky/repos/openwrt-6.x/tmp/.root-copy.flock -c 'cp -fpR /home/albresky/repos/openwrt-6.x/build_dir/target-aarch64_cortex-a53_musl/uclient-2024.04.19~e8780fa7/.pkgdir/uclient-fetch/. /home/albresky/repos/openwrt-6.x/staging_dir/target-aarch64_cortex-a53_musl/root-qualcommax/'
touch /home/albresky/repos/openwrt-6.x/staging_dir/target-aarch64_cortex-a53_musl/root-qualcommax/stamp/.uclient-fetch_installed
echo "uclient-fetch" >> /home/albresky/repos/openwrt-6.x/staging_dir/target-aarch64_cortex-a53_musl/pkginfo/uclient.default.install
make[3]: Leaving directory '/home/albresky/repos/openwrt-6.x/package/libs/uclient'
time: package/libs/uclient/compile#0.14#0.16#0.27
make[3]: Entering directory '/home/albresky/repos/openwrt-6.x/package/system/opkg'
mkdir -p /home/albresky/repos/openwrt-6.x/staging_dir/target-aarch64_cortex-a53_musl/root-qualcommax/stamp
SHELL= flock /home/albresky/repos/openwrt-6.x/tmp/.root-copy.flock -c 'cp -fpR /home/albresky/repos/openwrt-6.x/build_dir/target-aarch64_cortex-a53_musl/linux-qualcommax_ipq60xx/opkg-2022.02.24~d038e5b6/.pkgdir/opkg/. /home/albresky/repos/openwrt-6.x/staging_dir/target-aarch64_cortex-a53_musl/root-qualcommax/'
touch /home/albresky/repos/openwrt-6.x/staging_dir/target-aarch64_cortex-a53_musl/root-qualcommax/stamp/.opkg_installed
echo "opkg" >> /home/albresky/repos/openwrt-6.x/staging_dir/target-aarch64_cortex-a53_musl/pkginfo/opkg.default.install
make[3]: Leaving directory '/home/albresky/repos/openwrt-6.x/package/system/opkg'
time: package/system/opkg/compile#0.18#0.22#0.36
make[3]: Entering directory '/home/albresky/repos/openwrt-6.x/feeds/luci/applications/luci-app-opkg'
mkdir -p /home/albresky/repos/openwrt-6.x/staging_dir/target-aarch64_cortex-a53_musl/root-qualcommax/stamp
SHELL= flock /home/albresky/repos/openwrt-6.x/tmp/.root-copy.flock -c 'cp -fpR /home/albresky/repos/openwrt-6.x/build_dir/target-aarch64_cortex-a53_musl/luci-app-opkg/.pkgdir/luci-app-opkg/. /home/albresky/repos/openwrt-6.x/staging_dir/target-aarch64_cortex-a53_musl/root-qualcommax/'
touch /home/albresky/repos/openwrt-6.x/staging_dir/target-aarch64_cortex-a53_musl/root-qualcommax/stamp/.luci-app-opkg_installed
echo "luci-app-opkg" >> /home/albresky/repos/openwrt-6.x/staging_dir/target-aarch64_cortex-a53_musl/pkginfo/luci-app-opkg.default.install
mkdir -p /home/albresky/repos/openwrt-6.x/staging_dir/target-aarch64_cortex-a53_musl/root-qualcommax/stamp
SHELL= flock /home/albresky/repos/openwrt-6.x/tmp/.root-copy.flock -c 'cp -fpR /home/albresky/repos/openwrt-6.x/build_dir/target-aarch64_cortex-a53_musl/luci-app-opkg/.pkgdir/luci-i18n-opkg-zh-cn/. /home/albresky/repos/openwrt-6.x/staging_dir/target-aarch64_cortex-a53_musl/root-qualcommax/'
touch /home/albresky/repos/openwrt-6.x/staging_dir/target-aarch64_cortex-a53_musl/root-qualcommax/stamp/.luci-i18n-opkg-zh-cn_installed
echo "luci-i18n-opkg-zh-cn" >> /home/albresky/repos/openwrt-6.x/staging_dir/target-aarch64_cortex-a53_musl/pkginfo/luci-app-opkg.default.install
make[3]: Leaving directory '/home/albresky/repos/openwrt-6.x/feeds/luci/applications/luci-app-opkg'
time: package/feeds/luci/luci-app-opkg/compile#0.29#0.64#0.92
make[3]: Entering directory '/home/albresky/repos/openwrt-6.x/package/network/utils/fullconenat-nft'
mkdir -p /home/albresky/repos/openwrt-6.x/staging_dir/target-aarch64_cortex-a53_musl/root-qualcommax/stamp
SHELL= flock /home/albresky/repos/openwrt-6.x/tmp/.root-copy.flock -c 'cp -fpR /home/albresky/repos/openwrt-6.x/build_dir/target-aarch64_cortex-a53_musl/linux-qualcommax_ipq60xx/fullconenat-nft-2023.05.17~07d93b62/.pkgdir/kmod-nft-fullcone/. /home/albresky/repos/openwrt-6.x/staging_dir/target-aarch64_cortex-a53_musl/root-qualcommax/'
touch /home/albresky/repos/openwrt-6.x/staging_dir/target-aarch64_cortex-a53_musl/root-qualcommax/stamp/.kmod-nft-fullcone_installed
echo "kmod-nft-fullcone" >> /home/albresky/repos/openwrt-6.x/staging_dir/target-aarch64_cortex-a53_musl/pkginfo/fullconenat-nft.default.install
make[3]: Leaving directory '/home/albresky/repos/openwrt-6.x/package/network/utils/fullconenat-nft'
time: package/network/utils/fullconenat-nft/compile#0.13#0.15#0.26
make[3]: Entering directory '/home/albresky/repos/openwrt-6.x/package/libs/jansson'
mkdir -p /home/albresky/repos/openwrt-6.x/staging_dir/target-aarch64_cortex-a53_musl/root-qualcommax/stamp
echo '4' | cmp -s - /home/albresky/repos/openwrt-6.x/staging_dir/target-aarch64_cortex-a53_musl/pkginfo/jansson.version || { echo '4' > /home/albresky/repos/openwrt-6.x/staging_dir/target-aarch64_cortex-a53_musl/pkginfo/jansson.version;  } 
SHELL= flock /home/albresky/repos/openwrt-6.x/tmp/.root-copy.flock -c 'cp -fpR /home/albresky/repos/openwrt-6.x/build_dir/target-aarch64_cortex-a53_musl/jansson-2.14/.pkgdir/jansson/. /home/albresky/repos/openwrt-6.x/staging_dir/target-aarch64_cortex-a53_musl/root-qualcommax/'
touch /home/albresky/repos/openwrt-6.x/staging_dir/target-aarch64_cortex-a53_musl/root-qualcommax/stamp/.jansson_installed
echo "jansson" >> /home/albresky/repos/openwrt-6.x/staging_dir/target-aarch64_cortex-a53_musl/pkginfo/jansson.default.install
make[3]: Leaving directory '/home/albresky/repos/openwrt-6.x/package/libs/jansson'
time: package/libs/jansson/compile#0.12#0.16#0.25
make[3]: Entering directory '/home/albresky/repos/openwrt-6.x/package/libs/libmnl'
mkdir -p /home/albresky/repos/openwrt-6.x/staging_dir/target-aarch64_cortex-a53_musl/root-qualcommax/stamp
echo '0' | cmp -s - /home/albresky/repos/openwrt-6.x/staging_dir/target-aarch64_cortex-a53_musl/pkginfo/libmnl.version || { echo '0' > /home/albresky/repos/openwrt-6.x/staging_dir/target-aarch64_cortex-a53_musl/pkginfo/libmnl.version;  } 
SHELL= flock /home/albresky/repos/openwrt-6.x/tmp/.root-copy.flock -c 'cp -fpR /home/albresky/repos/openwrt-6.x/build_dir/target-aarch64_cortex-a53_musl/libmnl-1.0.5/.pkgdir/libmnl/. /home/albresky/repos/openwrt-6.x/staging_dir/target-aarch64_cortex-a53_musl/root-qualcommax/'
touch /home/albresky/repos/openwrt-6.x/staging_dir/target-aarch64_cortex-a53_musl/root-qualcommax/stamp/.libmnl_installed
echo "libmnl" >> /home/albresky/repos/openwrt-6.x/staging_dir/target-aarch64_cortex-a53_musl/pkginfo/libmnl.default.install
make[3]: Leaving directory '/home/albresky/repos/openwrt-6.x/package/libs/libmnl'
time: package/libs/libmnl/compile#0.14#0.14#0.25
make[3]: Entering directory '/home/albresky/repos/openwrt-6.x/package/libs/libnftnl'
mkdir -p /home/albresky/repos/openwrt-6.x/staging_dir/target-aarch64_cortex-a53_musl/root-qualcommax/stamp
echo '11' | cmp -s - /home/albresky/repos/openwrt-6.x/staging_dir/target-aarch64_cortex-a53_musl/pkginfo/libnftnl.version || { echo '11' > /home/albresky/repos/openwrt-6.x/staging_dir/target-aarch64_cortex-a53_musl/pkginfo/libnftnl.version;  } 
SHELL= flock /home/albresky/repos/openwrt-6.x/tmp/.root-copy.flock -c 'cp -fpR /home/albresky/repos/openwrt-6.x/build_dir/target-aarch64_cortex-a53_musl/libnftnl-1.2.6/.pkgdir/libnftnl/. /home/albresky/repos/openwrt-6.x/staging_dir/target-aarch64_cortex-a53_musl/root-qualcommax/'
touch /home/albresky/repos/openwrt-6.x/staging_dir/target-aarch64_cortex-a53_musl/root-qualcommax/stamp/.libnftnl_installed
echo "libnftnl" >> /home/albresky/repos/openwrt-6.x/staging_dir/target-aarch64_cortex-a53_musl/pkginfo/libnftnl.default.install
make[3]: Leaving directory '/home/albresky/repos/openwrt-6.x/package/libs/libnftnl'
time: package/libs/libnftnl/compile#0.13#0.15#0.24
make[3]: Entering directory '/home/albresky/repos/openwrt-6.x/package/network/utils/nftables'
mkdir -p /home/albresky/repos/openwrt-6.x/staging_dir/target-aarch64_cortex-a53_musl/root-qualcommax/stamp
SHELL= flock /home/albresky/repos/openwrt-6.x/tmp/.root-copy.flock -c 'cp -fpR /home/albresky/repos/openwrt-6.x/build_dir/target-aarch64_cortex-a53_musl/nftables-json/nftables-1.0.9/.pkgdir/nftables-json/. /home/albresky/repos/openwrt-6.x/staging_dir/target-aarch64_cortex-a53_musl/root-qualcommax/'
touch /home/albresky/repos/openwrt-6.x/staging_dir/target-aarch64_cortex-a53_musl/root-qualcommax/stamp/.nftables-json_installed
echo "nftables-json" >> /home/albresky/repos/openwrt-6.x/staging_dir/target-aarch64_cortex-a53_musl/pkginfo/nftables.json.install
make[3]: Leaving directory '/home/albresky/repos/openwrt-6.x/package/network/utils/nftables'
time: package/network/utils/nftables/json/compile#0.12#0.17#0.27
make[3]: Entering directory '/home/albresky/repos/openwrt-6.x/package/network/config/firewall4'
mkdir -p /home/albresky/repos/openwrt-6.x/staging_dir/target-aarch64_cortex-a53_musl/root-qualcommax/stamp
SHELL= flock /home/albresky/repos/openwrt-6.x/tmp/.root-copy.flock -c 'cp -fpR /home/albresky/repos/openwrt-6.x/build_dir/target-aarch64_cortex-a53_musl/firewall4-2024.05.21~4c01d1eb/.pkgdir/firewall4/. /home/albresky/repos/openwrt-6.x/staging_dir/target-aarch64_cortex-a53_musl/root-qualcommax/'
touch /home/albresky/repos/openwrt-6.x/staging_dir/target-aarch64_cortex-a53_musl/root-qualcommax/stamp/.firewall4_installed
echo "firewall4" >> /home/albresky/repos/openwrt-6.x/staging_dir/target-aarch64_cortex-a53_musl/pkginfo/firewall4.default.install
make[3]: Leaving directory '/home/albresky/repos/openwrt-6.x/package/network/config/firewall4'
time: package/network/config/firewall4/compile#0.12#0.15#0.25
make[3]: Entering directory '/home/albresky/repos/openwrt-6.x/feeds/luci/applications/luci-app-firewall'
mkdir -p /home/albresky/repos/openwrt-6.x/staging_dir/target-aarch64_cortex-a53_musl/root-qualcommax/stamp
SHELL= flock /home/albresky/repos/openwrt-6.x/tmp/.root-copy.flock -c 'cp -fpR /home/albresky/repos/openwrt-6.x/build_dir/target-aarch64_cortex-a53_musl/luci-app-firewall/.pkgdir/luci-app-firewall/. /home/albresky/repos/openwrt-6.x/staging_dir/target-aarch64_cortex-a53_musl/root-qualcommax/'
touch /home/albresky/repos/openwrt-6.x/staging_dir/target-aarch64_cortex-a53_musl/root-qualcommax/stamp/.luci-app-firewall_installed
echo "luci-app-firewall" >> /home/albresky/repos/openwrt-6.x/staging_dir/target-aarch64_cortex-a53_musl/pkginfo/luci-app-firewall.default.install
mkdir -p /home/albresky/repos/openwrt-6.x/staging_dir/target-aarch64_cortex-a53_musl/root-qualcommax/stamp
SHELL= flock /home/albresky/repos/openwrt-6.x/tmp/.root-copy.flock -c 'cp -fpR /home/albresky/repos/openwrt-6.x/build_dir/target-aarch64_cortex-a53_musl/luci-app-firewall/.pkgdir/luci-i18n-firewall-zh-cn/. /home/albresky/repos/openwrt-6.x/staging_dir/target-aarch64_cortex-a53_musl/root-qualcommax/'
touch /home/albresky/repos/openwrt-6.x/staging_dir/target-aarch64_cortex-a53_musl/root-qualcommax/stamp/.luci-i18n-firewall-zh-cn_installed
echo "luci-i18n-firewall-zh-cn" >> /home/albresky/repos/openwrt-6.x/staging_dir/target-aarch64_cortex-a53_musl/pkginfo/luci-app-firewall.default.install
make[3]: Leaving directory '/home/albresky/repos/openwrt-6.x/feeds/luci/applications/luci-app-firewall'
time: package/feeds/luci/luci-app-firewall/compile#0.38#0.51#0.87
make[3]: Entering directory '/home/albresky/repos/openwrt-6.x/feeds/luci/modules/luci-mod-network'
mkdir -p /home/albresky/repos/openwrt-6.x/staging_dir/target-aarch64_cortex-a53_musl/root-qualcommax/stamp
SHELL= flock /home/albresky/repos/openwrt-6.x/tmp/.root-copy.flock -c 'cp -fpR /home/albresky/repos/openwrt-6.x/build_dir/target-aarch64_cortex-a53_musl/luci-mod-network/.pkgdir/luci-mod-network/. /home/albresky/repos/openwrt-6.x/staging_dir/target-aarch64_cortex-a53_musl/root-qualcommax/'
touch /home/albresky/repos/openwrt-6.x/staging_dir/target-aarch64_cortex-a53_musl/root-qualcommax/stamp/.luci-mod-network_installed
echo "luci-mod-network" >> /home/albresky/repos/openwrt-6.x/staging_dir/target-aarch64_cortex-a53_musl/pkginfo/luci-mod-network.default.install
make[3]: Leaving directory '/home/albresky/repos/openwrt-6.x/feeds/luci/modules/luci-mod-network'
time: package/feeds/luci/luci-mod-network/compile#0.22#0.26#0.45
make[3]: Entering directory '/home/albresky/repos/openwrt-6.x/feeds/luci/modules/luci-mod-status'
mkdir -p /home/albresky/repos/openwrt-6.x/staging_dir/target-aarch64_cortex-a53_musl/root-qualcommax/stamp
SHELL= flock /home/albresky/repos/openwrt-6.x/tmp/.root-copy.flock -c 'cp -fpR /home/albresky/repos/openwrt-6.x/build_dir/target-aarch64_cortex-a53_musl/luci-mod-status/.pkgdir/luci-mod-status/. /home/albresky/repos/openwrt-6.x/staging_dir/target-aarch64_cortex-a53_musl/root-qualcommax/'
touch /home/albresky/repos/openwrt-6.x/staging_dir/target-aarch64_cortex-a53_musl/root-qualcommax/stamp/.luci-mod-status_installed
echo "luci-mod-status" >> /home/albresky/repos/openwrt-6.x/staging_dir/target-aarch64_cortex-a53_musl/pkginfo/luci-mod-status.default.install
make[3]: Leaving directory '/home/albresky/repos/openwrt-6.x/feeds/luci/modules/luci-mod-status'
time: package/feeds/luci/luci-mod-status/compile#0.20#0.35#0.52
make[3]: Entering directory '/home/albresky/repos/openwrt-6.x/feeds/luci/modules/luci-mod-system'
mkdir -p /home/albresky/repos/openwrt-6.x/staging_dir/target-aarch64_cortex-a53_musl/root-qualcommax/stamp
SHELL= flock /home/albresky/repos/openwrt-6.x/tmp/.root-copy.flock -c 'cp -fpR /home/albresky/repos/openwrt-6.x/build_dir/target-aarch64_cortex-a53_musl/luci-mod-system/.pkgdir/luci-mod-system/. /home/albresky/repos/openwrt-6.x/staging_dir/target-aarch64_cortex-a53_musl/root-qualcommax/'
touch /home/albresky/repos/openwrt-6.x/staging_dir/target-aarch64_cortex-a53_musl/root-qualcommax/stamp/.luci-mod-system_installed
echo "luci-mod-system" >> /home/albresky/repos/openwrt-6.x/staging_dir/target-aarch64_cortex-a53_musl/pkginfo/luci-mod-system.default.install
make[3]: Leaving directory '/home/albresky/repos/openwrt-6.x/feeds/luci/modules/luci-mod-system'
time: package/feeds/luci/luci-mod-system/compile#0.18#0.26#0.41
make[3]: Entering directory '/home/albresky/repos/openwrt-6.x/feeds/luci/modules/luci-mod-admin-full'
mkdir -p /home/albresky/repos/openwrt-6.x/staging_dir/target-aarch64_cortex-a53_musl/root-qualcommax/stamp
SHELL= flock /home/albresky/repos/openwrt-6.x/tmp/.root-copy.flock -c 'cp -fpR /home/albresky/repos/openwrt-6.x/build_dir/target-aarch64_cortex-a53_musl/luci-mod-admin-full/.pkgdir/luci-mod-admin-full/. /home/albresky/repos/openwrt-6.x/staging_dir/target-aarch64_cortex-a53_musl/root-qualcommax/'
touch /home/albresky/repos/openwrt-6.x/staging_dir/target-aarch64_cortex-a53_musl/root-qualcommax/stamp/.luci-mod-admin-full_installed
echo "luci-mod-admin-full" >> /home/albresky/repos/openwrt-6.x/staging_dir/target-aarch64_cortex-a53_musl/pkginfo/luci-mod-admin-full.default.install
make[3]: Leaving directory '/home/albresky/repos/openwrt-6.x/feeds/luci/modules/luci-mod-admin-full'
time: package/feeds/luci/luci-mod-admin-full/compile#0.20#0.23#0.42
make[3]: Entering directory '/home/albresky/repos/openwrt-6.x/feeds/luci/protocols/luci-proto-ppp'
mkdir -p /home/albresky/repos/openwrt-6.x/staging_dir/target-aarch64_cortex-a53_musl/root-qualcommax/stamp
SHELL= flock /home/albresky/repos/openwrt-6.x/tmp/.root-copy.flock -c 'cp -fpR /home/albresky/repos/openwrt-6.x/build_dir/target-aarch64_cortex-a53_musl/luci-proto-ppp/.pkgdir/luci-proto-ppp/. /home/albresky/repos/openwrt-6.x/staging_dir/target-aarch64_cortex-a53_musl/root-qualcommax/'
touch /home/albresky/repos/openwrt-6.x/staging_dir/target-aarch64_cortex-a53_musl/root-qualcommax/stamp/.luci-proto-ppp_installed
echo "luci-proto-ppp" >> /home/albresky/repos/openwrt-6.x/staging_dir/target-aarch64_cortex-a53_musl/pkginfo/luci-proto-ppp.default.install
make[3]: Leaving directory '/home/albresky/repos/openwrt-6.x/feeds/luci/protocols/luci-proto-ppp'
time: package/feeds/luci/luci-proto-ppp/compile#0.20#0.23#0.41
make[3]: Entering directory '/home/albresky/repos/openwrt-6.x/feeds/luci/themes/luci-theme-bootstrap'
mkdir -p /home/albresky/repos/openwrt-6.x/staging_dir/target-aarch64_cortex-a53_musl/root-qualcommax/stamp
SHELL= flock /home/albresky/repos/openwrt-6.x/tmp/.root-copy.flock -c 'cp -fpR /home/albresky/repos/openwrt-6.x/build_dir/target-aarch64_cortex-a53_musl/luci-theme-bootstrap/.pkgdir/luci-theme-bootstrap/. /home/albresky/repos/openwrt-6.x/staging_dir/target-aarch64_cortex-a53_musl/root-qualcommax/'
touch /home/albresky/repos/openwrt-6.x/staging_dir/target-aarch64_cortex-a53_musl/root-qualcommax/stamp/.luci-theme-bootstrap_installed
echo "luci-theme-bootstrap" >> /home/albresky/repos/openwrt-6.x/staging_dir/target-aarch64_cortex-a53_musl/pkginfo/luci-theme-bootstrap.default.install
make[3]: Leaving directory '/home/albresky/repos/openwrt-6.x/feeds/luci/themes/luci-theme-bootstrap'
time: package/feeds/luci/luci-theme-bootstrap/compile#0.17#0.29#0.43
make[3]: Entering directory '/home/albresky/repos/openwrt-6.x/feeds/luci/libs/rpcd-mod-rrdns'
mkdir -p /home/albresky/repos/openwrt-6.x/staging_dir/target-aarch64_cortex-a53_musl/root-qualcommax/stamp
SHELL= flock /home/albresky/repos/openwrt-6.x/tmp/.root-copy.flock -c 'cp -fpR /home/albresky/repos/openwrt-6.x/build_dir/target-aarch64_cortex-a53_musl/rpcd-mod-rrdns-20170710/.pkgdir/rpcd-mod-rrdns/. /home/albresky/repos/openwrt-6.x/staging_dir/target-aarch64_cortex-a53_musl/root-qualcommax/'
touch /home/albresky/repos/openwrt-6.x/staging_dir/target-aarch64_cortex-a53_musl/root-qualcommax/stamp/.rpcd-mod-rrdns_installed
echo "rpcd-mod-rrdns" >> /home/albresky/repos/openwrt-6.x/staging_dir/target-aarch64_cortex-a53_musl/pkginfo/rpcd-mod-rrdns.default.install
make[3]: Leaving directory '/home/albresky/repos/openwrt-6.x/feeds/luci/libs/rpcd-mod-rrdns'
time: package/feeds/luci/rpcd-mod-rrdns/compile#0.12#0.15#0.25
make[3]: Entering directory '/home/albresky/repos/openwrt-6.x/package/network/services/uhttpd'
mkdir -p /home/albresky/repos/openwrt-6.x/staging_dir/target-aarch64_cortex-a53_musl/root-qualcommax/stamp
SHELL= flock /home/albresky/repos/openwrt-6.x/tmp/.root-copy.flock -c 'cp -fpR /home/albresky/repos/openwrt-6.x/build_dir/target-aarch64_cortex-a53_musl/uhttpd-2023.06.25~34a8a74d/.pkgdir/uhttpd/. /home/albresky/repos/openwrt-6.x/staging_dir/target-aarch64_cortex-a53_musl/root-qualcommax/'
touch /home/albresky/repos/openwrt-6.x/staging_dir/target-aarch64_cortex-a53_musl/root-qualcommax/stamp/.uhttpd_installed
echo "uhttpd" >> /home/albresky/repos/openwrt-6.x/staging_dir/target-aarch64_cortex-a53_musl/pkginfo/uhttpd.default.install
mkdir -p /home/albresky/repos/openwrt-6.x/staging_dir/target-aarch64_cortex-a53_musl/root-qualcommax/stamp
SHELL= flock /home/albresky/repos/openwrt-6.x/tmp/.root-copy.flock -c 'cp -fpR /home/albresky/repos/openwrt-6.x/build_dir/target-aarch64_cortex-a53_musl/uhttpd-2023.06.25~34a8a74d/.pkgdir/uhttpd-mod-ubus/. /home/albresky/repos/openwrt-6.x/staging_dir/target-aarch64_cortex-a53_musl/root-qualcommax/'
touch /home/albresky/repos/openwrt-6.x/staging_dir/target-aarch64_cortex-a53_musl/root-qualcommax/stamp/.uhttpd-mod-ubus_installed
echo "uhttpd-mod-ubus" >> /home/albresky/repos/openwrt-6.x/staging_dir/target-aarch64_cortex-a53_musl/pkginfo/uhttpd.default.install
make[3]: Leaving directory '/home/albresky/repos/openwrt-6.x/package/network/services/uhttpd'
time: package/network/services/uhttpd/compile#0.13#0.22#0.32
make[3]: Entering directory '/home/albresky/repos/openwrt-6.x/feeds/luci/protocols/luci-proto-ipv6'
mkdir -p /home/albresky/repos/openwrt-6.x/staging_dir/target-aarch64_cortex-a53_musl/root-qualcommax/stamp
SHELL= flock /home/albresky/repos/openwrt-6.x/tmp/.root-copy.flock -c 'cp -fpR /home/albresky/repos/openwrt-6.x/build_dir/target-aarch64_cortex-a53_musl/luci-proto-ipv6/.pkgdir/luci-proto-ipv6/. /home/albresky/repos/openwrt-6.x/staging_dir/target-aarch64_cortex-a53_musl/root-qualcommax/'
touch /home/albresky/repos/openwrt-6.x/staging_dir/target-aarch64_cortex-a53_musl/root-qualcommax/stamp/.luci-proto-ipv6_installed
echo "luci-proto-ipv6" >> /home/albresky/repos/openwrt-6.x/staging_dir/target-aarch64_cortex-a53_musl/pkginfo/luci-proto-ipv6.default.install
make[3]: Leaving directory '/home/albresky/repos/openwrt-6.x/feeds/luci/protocols/luci-proto-ipv6'
time: package/feeds/luci/luci-proto-ipv6/compile#0.19#0.25#0.41
make[3]: Entering directory '/home/albresky/repos/openwrt-6.x/feeds/luci/collections/luci-light'
mkdir -p /home/albresky/repos/openwrt-6.x/staging_dir/target-aarch64_cortex-a53_musl/root-qualcommax/stamp
SHELL= flock /home/albresky/repos/openwrt-6.x/tmp/.root-copy.flock -c 'cp -fpR /home/albresky/repos/openwrt-6.x/build_dir/target-aarch64_cortex-a53_musl/luci-light/.pkgdir/luci-light/. /home/albresky/repos/openwrt-6.x/staging_dir/target-aarch64_cortex-a53_musl/root-qualcommax/'
touch /home/albresky/repos/openwrt-6.x/staging_dir/target-aarch64_cortex-a53_musl/root-qualcommax/stamp/.luci-light_installed
echo "luci-light" >> /home/albresky/repos/openwrt-6.x/staging_dir/target-aarch64_cortex-a53_musl/pkginfo/luci-light.default.install
make[3]: Leaving directory '/home/albresky/repos/openwrt-6.x/feeds/luci/collections/luci-light'
time: package/feeds/luci/luci-light/compile#0.19#0.23#0.41
make[3]: Entering directory '/home/albresky/repos/openwrt-6.x/feeds/luci/collections/luci'
mkdir -p /home/albresky/repos/openwrt-6.x/staging_dir/target-aarch64_cortex-a53_musl/root-qualcommax/stamp
SHELL= flock /home/albresky/repos/openwrt-6.x/tmp/.root-copy.flock -c 'cp -fpR /home/albresky/repos/openwrt-6.x/build_dir/target-aarch64_cortex-a53_musl/luci/.pkgdir/luci/. /home/albresky/repos/openwrt-6.x/staging_dir/target-aarch64_cortex-a53_musl/root-qualcommax/'
touch /home/albresky/repos/openwrt-6.x/staging_dir/target-aarch64_cortex-a53_musl/root-qualcommax/stamp/.luci_installed
echo "luci" >> /home/albresky/repos/openwrt-6.x/staging_dir/target-aarch64_cortex-a53_musl/pkginfo/luci.default.install
make[3]: Leaving directory '/home/albresky/repos/openwrt-6.x/feeds/luci/collections/luci'
time: package/feeds/luci/luci/compile#0.18#0.27#0.44
make[3]: Entering directory '/home/albresky/repos/openwrt-6.x/package/emortal/default-settings'
mkdir -p /home/albresky/repos/openwrt-6.x/staging_dir/target-aarch64_cortex-a53_musl/root-qualcommax/stamp
SHELL= flock /home/albresky/repos/openwrt-6.x/tmp/.root-copy.flock -c 'cp -fpR /home/albresky/repos/openwrt-6.x/build_dir/target-aarch64_cortex-a53_musl/default-settings/.pkgdir/default-settings/. /home/albresky/repos/openwrt-6.x/staging_dir/target-aarch64_cortex-a53_musl/root-qualcommax/'
touch /home/albresky/repos/openwrt-6.x/staging_dir/target-aarch64_cortex-a53_musl/root-qualcommax/stamp/.default-settings_installed
echo "default-settings" >> /home/albresky/repos/openwrt-6.x/staging_dir/target-aarch64_cortex-a53_musl/pkginfo/default-settings.default.install
mkdir -p /home/albresky/repos/openwrt-6.x/staging_dir/target-aarch64_cortex-a53_musl/root-qualcommax/stamp
SHELL= flock /home/albresky/repos/openwrt-6.x/tmp/.root-copy.flock -c 'cp -fpR /home/albresky/repos/openwrt-6.x/build_dir/target-aarch64_cortex-a53_musl/default-settings/.pkgdir/default-settings-chn/. /home/albresky/repos/openwrt-6.x/staging_dir/target-aarch64_cortex-a53_musl/root-qualcommax/'
touch /home/albresky/repos/openwrt-6.x/staging_dir/target-aarch64_cortex-a53_musl/root-qualcommax/stamp/.default-settings-chn_installed
echo "default-settings-chn" >> /home/albresky/repos/openwrt-6.x/staging_dir/target-aarch64_cortex-a53_musl/pkginfo/default-settings.default.install
make[3]: Leaving directory '/home/albresky/repos/openwrt-6.x/package/emortal/default-settings'
time: package/emortal/default-settings/compile#0.13#0.16#0.28
make[3]: Entering directory '/home/albresky/repos/openwrt-6.x/package/network/ipv6/6in4'
mkdir -p /home/albresky/repos/openwrt-6.x/staging_dir/target-aarch64_cortex-a53_musl/root-qualcommax/stamp
SHELL= flock /home/albresky/repos/openwrt-6.x/tmp/.root-copy.flock -c 'cp -fpR /home/albresky/repos/openwrt-6.x/build_dir/target-aarch64_cortex-a53_musl/6in4/.pkgdir/6in4/. /home/albresky/repos/openwrt-6.x/staging_dir/target-aarch64_cortex-a53_musl/root-qualcommax/'
touch /home/albresky/repos/openwrt-6.x/staging_dir/target-aarch64_cortex-a53_musl/root-qualcommax/stamp/.6in4_installed
echo "6in4" >> /home/albresky/repos/openwrt-6.x/staging_dir/target-aarch64_cortex-a53_musl/pkginfo/6in4.default.install
make[3]: Leaving directory '/home/albresky/repos/openwrt-6.x/package/network/ipv6/6in4'
time: package/network/ipv6/6in4/compile#0.12#0.17#0.26
make[3]: Entering directory '/home/albresky/repos/openwrt-6.x/package/network/ipv6/odhcp6c'
mkdir -p /home/albresky/repos/openwrt-6.x/staging_dir/target-aarch64_cortex-a53_musl/root-qualcommax/stamp
SHELL= flock /home/albresky/repos/openwrt-6.x/tmp/.root-copy.flock -c 'cp -fpR /home/albresky/repos/openwrt-6.x/build_dir/target-aarch64_cortex-a53_musl/odhcp6c-2023.05.12~bcd28363/.pkgdir/odhcp6c/. /home/albresky/repos/openwrt-6.x/staging_dir/target-aarch64_cortex-a53_musl/root-qualcommax/'
touch /home/albresky/repos/openwrt-6.x/staging_dir/target-aarch64_cortex-a53_musl/root-qualcommax/stamp/.odhcp6c_installed
echo "odhcp6c" >> /home/albresky/repos/openwrt-6.x/staging_dir/target-aarch64_cortex-a53_musl/pkginfo/odhcp6c.default.install
make[3]: Leaving directory '/home/albresky/repos/openwrt-6.x/package/network/ipv6/odhcp6c'
time: package/network/ipv6/odhcp6c/compile#0.13#0.20#0.31
make[3]: Entering directory '/home/albresky/repos/openwrt-6.x/package/network/services/odhcpd'
mkdir -p /home/albresky/repos/openwrt-6.x/staging_dir/target-aarch64_cortex-a53_musl/root-qualcommax/stamp
SHELL= flock /home/albresky/repos/openwrt-6.x/tmp/.root-copy.flock -c 'cp -fpR /home/albresky/repos/openwrt-6.x/build_dir/target-aarch64_cortex-a53_musl/odhcpd-ipv6only/odhcpd-2024.05.08~a2988231/.pkgdir/odhcpd-ipv6only/. /home/albresky/repos/openwrt-6.x/staging_dir/target-aarch64_cortex-a53_musl/root-qualcommax/'
touch /home/albresky/repos/openwrt-6.x/staging_dir/target-aarch64_cortex-a53_musl/root-qualcommax/stamp/.odhcpd-ipv6only_installed
echo "odhcpd-ipv6only" >> /home/albresky/repos/openwrt-6.x/staging_dir/target-aarch64_cortex-a53_musl/pkginfo/odhcpd.ipv6only.install
make[3]: Leaving directory '/home/albresky/repos/openwrt-6.x/package/network/services/odhcpd'
time: package/network/services/odhcpd/ipv6only/compile#0.14#0.22#0.34
make[3]: Entering directory '/home/albresky/repos/openwrt-6.x/package/emortal/ipv6-helper'
mkdir -p /home/albresky/repos/openwrt-6.x/staging_dir/target-aarch64_cortex-a53_musl/root-qualcommax/stamp
SHELL= flock /home/albresky/repos/openwrt-6.x/tmp/.root-copy.flock -c 'cp -fpR /home/albresky/repos/openwrt-6.x/build_dir/target-aarch64_cortex-a53_musl/ipv6helper/.pkgdir/ipv6helper/. /home/albresky/repos/openwrt-6.x/staging_dir/target-aarch64_cortex-a53_musl/root-qualcommax/'
touch /home/albresky/repos/openwrt-6.x/staging_dir/target-aarch64_cortex-a53_musl/root-qualcommax/stamp/.ipv6helper_installed
echo "ipv6helper" >> /home/albresky/repos/openwrt-6.x/staging_dir/target-aarch64_cortex-a53_musl/pkginfo/ipv6-helper.default.install
make[3]: Leaving directory '/home/albresky/repos/openwrt-6.x/package/emortal/ipv6-helper'
time: package/emortal/ipv6-helper/compile#0.13#0.19#0.30
make[3]: Entering directory '/home/albresky/repos/openwrt-6.x/feeds/luci/libs/luci-lib-ip'
mkdir -p /home/albresky/repos/openwrt-6.x/staging_dir/target-aarch64_cortex-a53_musl/root-qualcommax/stamp
SHELL= flock /home/albresky/repos/openwrt-6.x/tmp/.root-copy.flock -c 'cp -fpR /home/albresky/repos/openwrt-6.x/build_dir/target-aarch64_cortex-a53_musl/luci-lib-ip/.pkgdir/luci-lib-ip/. /home/albresky/repos/openwrt-6.x/staging_dir/target-aarch64_cortex-a53_musl/root-qualcommax/'
touch /home/albresky/repos/openwrt-6.x/staging_dir/target-aarch64_cortex-a53_musl/root-qualcommax/stamp/.luci-lib-ip_installed
echo "luci-lib-ip" >> /home/albresky/repos/openwrt-6.x/staging_dir/target-aarch64_cortex-a53_musl/pkginfo/luci-lib-ip.default.install
make[3]: Leaving directory '/home/albresky/repos/openwrt-6.x/feeds/luci/libs/luci-lib-ip'
time: package/feeds/luci/luci-lib-ip/compile#0.22#0.30#0.49
make[3]: Entering directory '/home/albresky/repos/openwrt-6.x/feeds/luci/libs/luci-lib-jsonc'
mkdir -p /home/albresky/repos/openwrt-6.x/staging_dir/target-aarch64_cortex-a53_musl/root-qualcommax/stamp
SHELL= flock /home/albresky/repos/openwrt-6.x/tmp/.root-copy.flock -c 'cp -fpR /home/albresky/repos/openwrt-6.x/build_dir/target-aarch64_cortex-a53_musl/luci-lib-jsonc/.pkgdir/luci-lib-jsonc/. /home/albresky/repos/openwrt-6.x/staging_dir/target-aarch64_cortex-a53_musl/root-qualcommax/'
touch /home/albresky/repos/openwrt-6.x/staging_dir/target-aarch64_cortex-a53_musl/root-qualcommax/stamp/.luci-lib-jsonc_installed
echo "luci-lib-jsonc" >> /home/albresky/repos/openwrt-6.x/staging_dir/target-aarch64_cortex-a53_musl/pkginfo/luci-lib-jsonc.default.install
make[3]: Leaving directory '/home/albresky/repos/openwrt-6.x/feeds/luci/libs/luci-lib-jsonc'
time: package/feeds/luci/luci-lib-jsonc/compile#0.24#0.29#0.50
make[3]: Entering directory '/home/albresky/repos/openwrt-6.x/feeds/luci/libs/luci-lib-nixio'
mkdir -p /home/albresky/repos/openwrt-6.x/staging_dir/target-aarch64_cortex-a53_musl/root-qualcommax/stamp
SHELL= flock /home/albresky/repos/openwrt-6.x/tmp/.root-copy.flock -c 'cp -fpR /home/albresky/repos/openwrt-6.x/build_dir/target-aarch64_cortex-a53_musl/luci-lib-nixio/.pkgdir/luci-lib-nixio/. /home/albresky/repos/openwrt-6.x/staging_dir/target-aarch64_cortex-a53_musl/root-qualcommax/'
touch /home/albresky/repos/openwrt-6.x/staging_dir/target-aarch64_cortex-a53_musl/root-qualcommax/stamp/.luci-lib-nixio_installed
echo "luci-lib-nixio" >> /home/albresky/repos/openwrt-6.x/staging_dir/target-aarch64_cortex-a53_musl/pkginfo/luci-lib-nixio.default.install
make[3]: Leaving directory '/home/albresky/repos/openwrt-6.x/feeds/luci/libs/luci-lib-nixio'
time: package/feeds/luci/luci-lib-nixio/compile#0.25#0.30#0.51
make[3]: Entering directory '/home/albresky/repos/openwrt-6.x/feeds/luci/libs/luci-lib-base'
mkdir -p /home/albresky/repos/openwrt-6.x/staging_dir/target-aarch64_cortex-a53_musl/root-qualcommax/stamp
SHELL= flock /home/albresky/repos/openwrt-6.x/tmp/.root-copy.flock -c 'cp -fpR /home/albresky/repos/openwrt-6.x/build_dir/target-aarch64_cortex-a53_musl/luci-lib-base/.pkgdir/luci-lib-base/. /home/albresky/repos/openwrt-6.x/staging_dir/target-aarch64_cortex-a53_musl/root-qualcommax/'
touch /home/albresky/repos/openwrt-6.x/staging_dir/target-aarch64_cortex-a53_musl/root-qualcommax/stamp/.luci-lib-base_installed
echo "luci-lib-base" >> /home/albresky/repos/openwrt-6.x/staging_dir/target-aarch64_cortex-a53_musl/pkginfo/luci-lib-base.default.install
make[3]: Leaving directory '/home/albresky/repos/openwrt-6.x/feeds/luci/libs/luci-lib-base'
time: package/feeds/luci/luci-lib-base/compile#0.18#0.25#0.41
make[3]: Entering directory '/home/albresky/repos/openwrt-6.x/feeds/luci/contrib/package/ucode-mod-lua'
mkdir -p /home/albresky/repos/openwrt-6.x/staging_dir/target-aarch64_cortex-a53_musl/root-qualcommax/stamp
SHELL= flock /home/albresky/repos/openwrt-6.x/tmp/.root-copy.flock -c 'cp -fpR /home/albresky/repos/openwrt-6.x/build_dir/target-aarch64_cortex-a53_musl/ucode-mod-lua/.pkgdir/ucode-mod-lua/. /home/albresky/repos/openwrt-6.x/staging_dir/target-aarch64_cortex-a53_musl/root-qualcommax/'
touch /home/albresky/repos/openwrt-6.x/staging_dir/target-aarch64_cortex-a53_musl/root-qualcommax/stamp/.ucode-mod-lua_installed
echo "ucode-mod-lua" >> /home/albresky/repos/openwrt-6.x/staging_dir/target-aarch64_cortex-a53_musl/pkginfo/ucode-mod-lua.default.install
make[3]: Leaving directory '/home/albresky/repos/openwrt-6.x/feeds/luci/contrib/package/ucode-mod-lua'
time: package/feeds/luci/ucode-mod-lua/compile#0.13#0.16#0.29
make[3]: Entering directory '/home/albresky/repos/openwrt-6.x/feeds/luci/modules/luci-lua-runtime'
mkdir -p /home/albresky/repos/openwrt-6.x/staging_dir/target-aarch64_cortex-a53_musl/root-qualcommax/stamp
SHELL= flock /home/albresky/repos/openwrt-6.x/tmp/.root-copy.flock -c 'cp -fpR /home/albresky/repos/openwrt-6.x/build_dir/target-aarch64_cortex-a53_musl/luci-lua-runtime/.pkgdir/luci-lua-runtime/. /home/albresky/repos/openwrt-6.x/staging_dir/target-aarch64_cortex-a53_musl/root-qualcommax/'
touch /home/albresky/repos/openwrt-6.x/staging_dir/target-aarch64_cortex-a53_musl/root-qualcommax/stamp/.luci-lua-runtime_installed
echo "luci-lua-runtime" >> /home/albresky/repos/openwrt-6.x/staging_dir/target-aarch64_cortex-a53_musl/pkginfo/luci-lua-runtime.default.install
make[3]: Leaving directory '/home/albresky/repos/openwrt-6.x/feeds/luci/modules/luci-lua-runtime'
time: package/feeds/luci/luci-lua-runtime/compile#0.24#0.28#0.50
make[3]: Entering directory '/home/albresky/repos/openwrt-6.x/package/libs/pcre2'
mkdir -p /home/albresky/repos/openwrt-6.x/staging_dir/target-aarch64_cortex-a53_musl/root-qualcommax/stamp
SHELL= flock /home/albresky/repos/openwrt-6.x/tmp/.root-copy.flock -c 'cp -fpR /home/albresky/repos/openwrt-6.x/build_dir/target-aarch64_cortex-a53_musl/pcre2-10.42/.pkgdir/libpcre2/. /home/albresky/repos/openwrt-6.x/staging_dir/target-aarch64_cortex-a53_musl/root-qualcommax/'
touch /home/albresky/repos/openwrt-6.x/staging_dir/target-aarch64_cortex-a53_musl/root-qualcommax/stamp/.libpcre2_installed
echo "libpcre2" >> /home/albresky/repos/openwrt-6.x/staging_dir/target-aarch64_cortex-a53_musl/pkginfo/pcre2.default.install
make[3]: Leaving directory '/home/albresky/repos/openwrt-6.x/package/libs/pcre2'
time: package/libs/pcre2/compile#0.16#0.21#0.34
make[3]: Entering directory '/home/albresky/repos/openwrt-6.x/feeds/packages/net/wget'
mkdir -p /home/albresky/repos/openwrt-6.x/staging_dir/target-aarch64_cortex-a53_musl/root-qualcommax/stamp
SHELL= flock /home/albresky/repos/openwrt-6.x/tmp/.root-copy.flock -c 'cp -fpR /home/albresky/repos/openwrt-6.x/build_dir/target-aarch64_cortex-a53_musl/wget-ssl/wget-1.24.5/.pkgdir/wget-ssl/. /home/albresky/repos/openwrt-6.x/staging_dir/target-aarch64_cortex-a53_musl/root-qualcommax/'
touch /home/albresky/repos/openwrt-6.x/staging_dir/target-aarch64_cortex-a53_musl/root-qualcommax/stamp/.wget-ssl_installed
echo "wget-ssl" >> /home/albresky/repos/openwrt-6.x/staging_dir/target-aarch64_cortex-a53_musl/pkginfo/wget.ssl.install
make[3]: Leaving directory '/home/albresky/repos/openwrt-6.x/feeds/packages/net/wget'
time: package/feeds/packages/wget/ssl/compile#0.12#0.17#0.27
make[3]: Entering directory '/home/albresky/repos/openwrt-6.x/feeds/luci/themes/luci-theme-argon'
mkdir -p /home/albresky/repos/openwrt-6.x/staging_dir/target-aarch64_cortex-a53_musl/root-qualcommax/stamp
SHELL= flock /home/albresky/repos/openwrt-6.x/tmp/.root-copy.flock -c 'cp -fpR /home/albresky/repos/openwrt-6.x/build_dir/target-aarch64_cortex-a53_musl/luci-theme-argon/.pkgdir/luci-theme-argon/. /home/albresky/repos/openwrt-6.x/staging_dir/target-aarch64_cortex-a53_musl/root-qualcommax/'
touch /home/albresky/repos/openwrt-6.x/staging_dir/target-aarch64_cortex-a53_musl/root-qualcommax/stamp/.luci-theme-argon_installed
echo "luci-theme-argon" >> /home/albresky/repos/openwrt-6.x/staging_dir/target-aarch64_cortex-a53_musl/pkginfo/luci-theme-argon.default.install
make[3]: Leaving directory '/home/albresky/repos/openwrt-6.x/feeds/luci/themes/luci-theme-argon'
time: package/feeds/luci/luci-theme-argon/compile#0.10#0.16#0.24
make[3]: Entering directory '/home/albresky/repos/openwrt-6.x/feeds/luci/applications/luci-app-argon-config'
mkdir -p /home/albresky/repos/openwrt-6.x/staging_dir/target-aarch64_cortex-a53_musl/root-qualcommax/stamp
SHELL= flock /home/albresky/repos/openwrt-6.x/tmp/.root-copy.flock -c 'cp -fpR /home/albresky/repos/openwrt-6.x/build_dir/target-aarch64_cortex-a53_musl/luci-app-argon-config/.pkgdir/luci-app-argon-config/. /home/albresky/repos/openwrt-6.x/staging_dir/target-aarch64_cortex-a53_musl/root-qualcommax/'
touch /home/albresky/repos/openwrt-6.x/staging_dir/target-aarch64_cortex-a53_musl/root-qualcommax/stamp/.luci-app-argon-config_installed
echo "luci-app-argon-config" >> /home/albresky/repos/openwrt-6.x/staging_dir/target-aarch64_cortex-a53_musl/pkginfo/luci-app-argon-config.default.install
mkdir -p /home/albresky/repos/openwrt-6.x/staging_dir/target-aarch64_cortex-a53_musl/root-qualcommax/stamp
SHELL= flock /home/albresky/repos/openwrt-6.x/tmp/.root-copy.flock -c 'cp -fpR /home/albresky/repos/openwrt-6.x/build_dir/target-aarch64_cortex-a53_musl/luci-app-argon-config/.pkgdir/luci-i18n-argon-config-zh-cn/. /home/albresky/repos/openwrt-6.x/staging_dir/target-aarch64_cortex-a53_musl/root-qualcommax/'
touch /home/albresky/repos/openwrt-6.x/staging_dir/target-aarch64_cortex-a53_musl/root-qualcommax/stamp/.luci-i18n-argon-config-zh-cn_installed
echo "luci-i18n-argon-config-zh-cn" >> /home/albresky/repos/openwrt-6.x/staging_dir/target-aarch64_cortex-a53_musl/pkginfo/luci-app-argon-config.default.install
make[3]: Leaving directory '/home/albresky/repos/openwrt-6.x/feeds/luci/applications/luci-app-argon-config'
time: package/feeds/luci/luci-app-argon-config/compile#0.19#0.27#0.45
make[3]: Entering directory '/home/albresky/repos/openwrt-6.x/package/libs/readline'
mkdir -p /home/albresky/repos/openwrt-6.x/staging_dir/target-aarch64_cortex-a53_musl/root-qualcommax/stamp
echo '8' | cmp -s - /home/albresky/repos/openwrt-6.x/staging_dir/target-aarch64_cortex-a53_musl/pkginfo/libreadline.version || { echo '8' > /home/albresky/repos/openwrt-6.x/staging_dir/target-aarch64_cortex-a53_musl/pkginfo/libreadline.version;  } 
SHELL= flock /home/albresky/repos/openwrt-6.x/tmp/.root-copy.flock -c 'cp -fpR /home/albresky/repos/openwrt-6.x/build_dir/target-aarch64_cortex-a53_musl/readline-8.2/.pkgdir/libreadline/. /home/albresky/repos/openwrt-6.x/staging_dir/target-aarch64_cortex-a53_musl/root-qualcommax/'
touch /home/albresky/repos/openwrt-6.x/staging_dir/target-aarch64_cortex-a53_musl/root-qualcommax/stamp/.libreadline_installed
echo "libreadline" >> /home/albresky/repos/openwrt-6.x/staging_dir/target-aarch64_cortex-a53_musl/pkginfo/readline.default.install
make[3]: Leaving directory '/home/albresky/repos/openwrt-6.x/package/libs/readline'
time: package/libs/readline/compile#0.19#0.21#0.36
make[3]: Entering directory '/home/albresky/repos/openwrt-6.x/feeds/packages/utils/parted'
mkdir -p /home/albresky/repos/openwrt-6.x/staging_dir/target-aarch64_cortex-a53_musl/root-qualcommax/stamp
SHELL= flock /home/albresky/repos/openwrt-6.x/tmp/.root-copy.flock -c 'cp -fpR /home/albresky/repos/openwrt-6.x/build_dir/target-aarch64_cortex-a53_musl/parted-3.6/.pkgdir/libparted/. /home/albresky/repos/openwrt-6.x/staging_dir/target-aarch64_cortex-a53_musl/root-qualcommax/'
touch /home/albresky/repos/openwrt-6.x/staging_dir/target-aarch64_cortex-a53_musl/root-qualcommax/stamp/.libparted_installed
echo "libparted" >> /home/albresky/repos/openwrt-6.x/staging_dir/target-aarch64_cortex-a53_musl/pkginfo/parted.default.install
mkdir -p /home/albresky/repos/openwrt-6.x/staging_dir/target-aarch64_cortex-a53_musl/root-qualcommax/stamp
SHELL= flock /home/albresky/repos/openwrt-6.x/tmp/.root-copy.flock -c 'cp -fpR /home/albresky/repos/openwrt-6.x/build_dir/target-aarch64_cortex-a53_musl/parted-3.6/.pkgdir/parted/. /home/albresky/repos/openwrt-6.x/staging_dir/target-aarch64_cortex-a53_musl/root-qualcommax/'
touch /home/albresky/repos/openwrt-6.x/staging_dir/target-aarch64_cortex-a53_musl/root-qualcommax/stamp/.parted_installed
echo "parted" >> /home/albresky/repos/openwrt-6.x/staging_dir/target-aarch64_cortex-a53_musl/pkginfo/parted.default.install
make[3]: Leaving directory '/home/albresky/repos/openwrt-6.x/feeds/packages/utils/parted'
time: package/feeds/packages/parted/compile#0.17#0.15#0.29
make[3]: Entering directory '/home/albresky/repos/openwrt-6.x/feeds/packages/utils/bash'
make[3]: Nothing to be done for 'compile'.
make[3]: Leaving directory '/home/albresky/repos/openwrt-6.x/feeds/packages/utils/bash'
time: package/feeds/packages/bash/compile#0.10#0.13#0.21
make[3]: Entering directory '/home/albresky/repos/openwrt-6.x/package/devel/gperf'
make[3]: Leaving directory '/home/albresky/repos/openwrt-6.x/package/devel/gperf'
time: package/devel/gperf/host-compile#0.17#0.18#0.32
make[3]: Entering directory '/home/albresky/repos/openwrt-6.x/package/libs/libiconv-full'
make[3]: Leaving directory '/home/albresky/repos/openwrt-6.x/package/libs/libiconv-full'
time: package/libs/libiconv-full/host-compile#0.18#0.18#0.32
make[3]: Entering directory '/home/albresky/repos/openwrt-6.x/package/libs/libunistring'
make[3]: Leaving directory '/home/albresky/repos/openwrt-6.x/package/libs/libunistring'
time: package/libs/libunistring/host-compile#0.15#0.23#0.33
make[3]: Entering directory '/home/albresky/repos/openwrt-6.x/package/libs/libxml2'
make[3]: Leaving directory '/home/albresky/repos/openwrt-6.x/package/libs/libxml2'
time: package/libs/libxml2/host-compile#0.16#0.24#0.35
make[3]: Entering directory '/home/albresky/repos/openwrt-6.x/package/libs/gettext-full'
make[3]: Leaving directory '/home/albresky/repos/openwrt-6.x/package/libs/gettext-full'
time: package/libs/gettext-full/host-compile#0.22#0.23#0.39
make[3]: Entering directory '/home/albresky/repos/openwrt-6.x/package/libs/gmp'
mkdir -p /home/albresky/repos/openwrt-6.x/staging_dir/target-aarch64_cortex-a53_musl/root-qualcommax/stamp
echo '10' | cmp -s - /home/albresky/repos/openwrt-6.x/staging_dir/target-aarch64_cortex-a53_musl/pkginfo/libgmp.version || { echo '10' > /home/albresky/repos/openwrt-6.x/staging_dir/target-aarch64_cortex-a53_musl/pkginfo/libgmp.version;  } 
SHELL= flock /home/albresky/repos/openwrt-6.x/tmp/.root-copy.flock -c 'cp -fpR /home/albresky/repos/openwrt-6.x/build_dir/target-aarch64_cortex-a53_musl/gmp-6.3.0/.pkgdir/libgmp/. /home/albresky/repos/openwrt-6.x/staging_dir/target-aarch64_cortex-a53_musl/root-qualcommax/'
touch /home/albresky/repos/openwrt-6.x/staging_dir/target-aarch64_cortex-a53_musl/root-qualcommax/stamp/.libgmp_installed
echo "libgmp" >> /home/albresky/repos/openwrt-6.x/staging_dir/target-aarch64_cortex-a53_musl/pkginfo/gmp.default.install
make[3]: Leaving directory '/home/albresky/repos/openwrt-6.x/package/libs/gmp'
time: package/libs/gmp/compile#0.20#0.20#0.36
make[3]: Entering directory '/home/albresky/repos/openwrt-6.x/package/libs/nettle'
mkdir -p /home/albresky/repos/openwrt-6.x/staging_dir/target-aarch64_cortex-a53_musl/root-qualcommax/stamp
echo '8' | cmp -s - /home/albresky/repos/openwrt-6.x/staging_dir/target-aarch64_cortex-a53_musl/pkginfo/libnettle.version || { echo '8' > /home/albresky/repos/openwrt-6.x/staging_dir/target-aarch64_cortex-a53_musl/pkginfo/libnettle.version;  } 
SHELL= flock /home/albresky/repos/openwrt-6.x/tmp/.root-copy.flock -c 'cp -fpR /home/albresky/repos/openwrt-6.x/build_dir/target-aarch64_cortex-a53_musl/nettle-3.9.1/.pkgdir/libnettle/. /home/albresky/repos/openwrt-6.x/staging_dir/target-aarch64_cortex-a53_musl/root-qualcommax/'
touch /home/albresky/repos/openwrt-6.x/staging_dir/target-aarch64_cortex-a53_musl/root-qualcommax/stamp/.libnettle_installed
echo "libnettle" >> /home/albresky/repos/openwrt-6.x/staging_dir/target-aarch64_cortex-a53_musl/pkginfo/nettle.default.install
make[3]: Leaving directory '/home/albresky/repos/openwrt-6.x/package/libs/nettle'
time: package/libs/nettle/compile#0.11#0.18#0.27
make[3]: Entering directory '/home/albresky/repos/openwrt-6.x/feeds/packages/libs/gnutls'
make[3]: Leaving directory '/home/albresky/repos/openwrt-6.x/feeds/packages/libs/gnutls'
time: package/feeds/packages/gnutls/compile#0.15#0.22#0.33
make[3]: Entering directory '/home/albresky/repos/openwrt-6.x/package/system/ca-certificates'
mkdir -p /home/albresky/repos/openwrt-6.x/staging_dir/target-aarch64_cortex-a53_musl/root-qualcommax/stamp
SHELL= flock /home/albresky/repos/openwrt-6.x/tmp/.root-copy.flock -c 'cp -fpR /home/albresky/repos/openwrt-6.x/build_dir/target-aarch64_cortex-a53_musl/ca-certificates-20240203/.pkgdir/ca-bundle/. /home/albresky/repos/openwrt-6.x/staging_dir/target-aarch64_cortex-a53_musl/root-qualcommax/'
touch /home/albresky/repos/openwrt-6.x/staging_dir/target-aarch64_cortex-a53_musl/root-qualcommax/stamp/.ca-bundle_installed
echo "ca-bundle" >> /home/albresky/repos/openwrt-6.x/staging_dir/target-aarch64_cortex-a53_musl/pkginfo/ca-certificates.default.install
mkdir -p /home/albresky/repos/openwrt-6.x/staging_dir/target-aarch64_cortex-a53_musl/root-qualcommax/stamp
SHELL= flock /home/albresky/repos/openwrt-6.x/tmp/.root-copy.flock -c 'cp -fpR /home/albresky/repos/openwrt-6.x/build_dir/target-aarch64_cortex-a53_musl/ca-certificates-20240203/.pkgdir/ca-certificates/. /home/albresky/repos/openwrt-6.x/staging_dir/target-aarch64_cortex-a53_musl/root-qualcommax/'
touch /home/albresky/repos/openwrt-6.x/staging_dir/target-aarch64_cortex-a53_musl/root-qualcommax/stamp/.ca-certificates_installed
echo "ca-certificates" >> /home/albresky/repos/openwrt-6.x/staging_dir/target-aarch64_cortex-a53_musl/pkginfo/ca-certificates.default.install
make[3]: Leaving directory '/home/albresky/repos/openwrt-6.x/package/system/ca-certificates'
time: package/system/ca-certificates/compile#0.14#0.23#0.35
make[3]: Entering directory '/home/albresky/repos/openwrt-6.x/feeds/packages/mail/msmtp'
make[3]: Nothing to be done for 'compile'.
make[3]: Leaving directory '/home/albresky/repos/openwrt-6.x/feeds/packages/mail/msmtp'
time: package/feeds/packages/msmtp/ssl/compile#0.09#0.12#0.19
make[3]: Entering directory '/home/albresky/repos/openwrt-6.x/feeds/packages/mail/nail'
make[3]: Nothing to be done for 'compile'.
make[3]: Leaving directory '/home/albresky/repos/openwrt-6.x/feeds/packages/mail/nail'
time: package/feeds/packages/nail/compile#0.10#0.11#0.19
make[3]: Entering directory '/home/albresky/repos/openwrt-6.x/feeds/packages/utils/smartmontools'
mkdir -p /home/albresky/repos/openwrt-6.x/staging_dir/target-aarch64_cortex-a53_musl/root-qualcommax/stamp
SHELL= flock /home/albresky/repos/openwrt-6.x/tmp/.root-copy.flock -c 'cp -fpR /home/albresky/repos/openwrt-6.x/build_dir/target-aarch64_cortex-a53_musl/smartmontools-7.4/.pkgdir/smartmontools/. /home/albresky/repos/openwrt-6.x/staging_dir/target-aarch64_cortex-a53_musl/root-qualcommax/'
touch /home/albresky/repos/openwrt-6.x/staging_dir/target-aarch64_cortex-a53_musl/root-qualcommax/stamp/.smartmontools_installed
echo "smartmontools" >> /home/albresky/repos/openwrt-6.x/staging_dir/target-aarch64_cortex-a53_musl/pkginfo/smartmontools.default.install
make[3]: Leaving directory '/home/albresky/repos/openwrt-6.x/feeds/packages/utils/smartmontools'
time: package/feeds/packages/smartmontools/compile#0.12#0.18#0.27
make[3]: Entering directory '/home/albresky/repos/openwrt-6.x/package/utils/e2fsprogs'
mkdir -p /home/albresky/repos/openwrt-6.x/staging_dir/target-aarch64_cortex-a53_musl/root-qualcommax/stamp
echo '0' | cmp -s - /home/albresky/repos/openwrt-6.x/staging_dir/target-aarch64_cortex-a53_musl/pkginfo/libcomerr.version || { echo '0' > /home/albresky/repos/openwrt-6.x/staging_dir/target-aarch64_cortex-a53_musl/pkginfo/libcomerr.version;  } 
SHELL= flock /home/albresky/repos/openwrt-6.x/tmp/.root-copy.flock -c 'cp -fpR /home/albresky/repos/openwrt-6.x/build_dir/target-aarch64_cortex-a53_musl/e2fsprogs-1.47.0/.pkgdir/libcomerr/. /home/albresky/repos/openwrt-6.x/staging_dir/target-aarch64_cortex-a53_musl/root-qualcommax/'
touch /home/albresky/repos/openwrt-6.x/staging_dir/target-aarch64_cortex-a53_musl/root-qualcommax/stamp/.libcomerr_installed
echo "libcomerr" >> /home/albresky/repos/openwrt-6.x/staging_dir/target-aarch64_cortex-a53_musl/pkginfo/e2fsprogs.default.install
mkdir -p /home/albresky/repos/openwrt-6.x/staging_dir/target-aarch64_cortex-a53_musl/root-qualcommax/stamp
echo '2' | cmp -s - /home/albresky/repos/openwrt-6.x/staging_dir/target-aarch64_cortex-a53_musl/pkginfo/libss.version || { echo '2' > /home/albresky/repos/openwrt-6.x/staging_dir/target-aarch64_cortex-a53_musl/pkginfo/libss.version;  } 
SHELL= flock /home/albresky/repos/openwrt-6.x/tmp/.root-copy.flock -c 'cp -fpR /home/albresky/repos/openwrt-6.x/build_dir/target-aarch64_cortex-a53_musl/e2fsprogs-1.47.0/.pkgdir/libss/. /home/albresky/repos/openwrt-6.x/staging_dir/target-aarch64_cortex-a53_musl/root-qualcommax/'
touch /home/albresky/repos/openwrt-6.x/staging_dir/target-aarch64_cortex-a53_musl/root-qualcommax/stamp/.libss_installed
echo "libss" >> /home/albresky/repos/openwrt-6.x/staging_dir/target-aarch64_cortex-a53_musl/pkginfo/e2fsprogs.default.install
mkdir -p /home/albresky/repos/openwrt-6.x/staging_dir/target-aarch64_cortex-a53_musl/root-qualcommax/stamp
echo '2' | cmp -s - /home/albresky/repos/openwrt-6.x/staging_dir/target-aarch64_cortex-a53_musl/pkginfo/libext2fs.version || { echo '2' > /home/albresky/repos/openwrt-6.x/staging_dir/target-aarch64_cortex-a53_musl/pkginfo/libext2fs.version;  } 
SHELL= flock /home/albresky/repos/openwrt-6.x/tmp/.root-copy.flock -c 'cp -fpR /home/albresky/repos/openwrt-6.x/build_dir/target-aarch64_cortex-a53_musl/e2fsprogs-1.47.0/.pkgdir/libext2fs/. /home/albresky/repos/openwrt-6.x/staging_dir/target-aarch64_cortex-a53_musl/root-qualcommax/'
touch /home/albresky/repos/openwrt-6.x/staging_dir/target-aarch64_cortex-a53_musl/root-qualcommax/stamp/.libext2fs_installed
echo "libext2fs" >> /home/albresky/repos/openwrt-6.x/staging_dir/target-aarch64_cortex-a53_musl/pkginfo/e2fsprogs.default.install
mkdir -p /home/albresky/repos/openwrt-6.x/staging_dir/target-aarch64_cortex-a53_musl/root-qualcommax/stamp
echo '2' | cmp -s - /home/albresky/repos/openwrt-6.x/staging_dir/target-aarch64_cortex-a53_musl/pkginfo/libe2p.version || { echo '2' > /home/albresky/repos/openwrt-6.x/staging_dir/target-aarch64_cortex-a53_musl/pkginfo/libe2p.version;  } 
SHELL= flock /home/albresky/repos/openwrt-6.x/tmp/.root-copy.flock -c 'cp -fpR /home/albresky/repos/openwrt-6.x/build_dir/target-aarch64_cortex-a53_musl/e2fsprogs-1.47.0/.pkgdir/libe2p/. /home/albresky/repos/openwrt-6.x/staging_dir/target-aarch64_cortex-a53_musl/root-qualcommax/'
touch /home/albresky/repos/openwrt-6.x/staging_dir/target-aarch64_cortex-a53_musl/root-qualcommax/stamp/.libe2p_installed
echo "libe2p" >> /home/albresky/repos/openwrt-6.x/staging_dir/target-aarch64_cortex-a53_musl/pkginfo/e2fsprogs.default.install
mkdir -p /home/albresky/repos/openwrt-6.x/staging_dir/target-aarch64_cortex-a53_musl/root-qualcommax/stamp
SHELL= flock /home/albresky/repos/openwrt-6.x/tmp/.root-copy.flock -c 'cp -fpR /home/albresky/repos/openwrt-6.x/build_dir/target-aarch64_cortex-a53_musl/e2fsprogs-1.47.0/.pkgdir/e2fsprogs/. /home/albresky/repos/openwrt-6.x/staging_dir/target-aarch64_cortex-a53_musl/root-qualcommax/'
touch /home/albresky/repos/openwrt-6.x/staging_dir/target-aarch64_cortex-a53_musl/root-qualcommax/stamp/.e2fsprogs_installed
echo "e2fsprogs" >> /home/albresky/repos/openwrt-6.x/staging_dir/target-aarch64_cortex-a53_musl/pkginfo/e2fsprogs.default.install
make[3]: Leaving directory '/home/albresky/repos/openwrt-6.x/package/utils/e2fsprogs'
time: package/utils/e2fsprogs/compile#0.19#0.34#0.49
make[3]: Entering directory '/home/albresky/repos/openwrt-6.x/feeds/packages/utils/attr'
mkdir -p /home/albresky/repos/openwrt-6.x/staging_dir/target-aarch64_cortex-a53_musl/root-qualcommax/stamp
SHELL= flock /home/albresky/repos/openwrt-6.x/tmp/.root-copy.flock -c 'cp -fpR /home/albresky/repos/openwrt-6.x/build_dir/target-aarch64_cortex-a53_musl/attr-2.5.2/.pkgdir/libattr/. /home/albresky/repos/openwrt-6.x/staging_dir/target-aarch64_cortex-a53_musl/root-qualcommax/'
touch /home/albresky/repos/openwrt-6.x/staging_dir/target-aarch64_cortex-a53_musl/root-qualcommax/stamp/.libattr_installed
echo "libattr" >> /home/albresky/repos/openwrt-6.x/staging_dir/target-aarch64_cortex-a53_musl/pkginfo/attr.default.install
make[3]: Leaving directory '/home/albresky/repos/openwrt-6.x/feeds/packages/utils/attr'
time: package/feeds/packages/attr/compile#0.13#0.16#0.26
make[3]: Entering directory '/home/albresky/repos/openwrt-6.x/feeds/packages/utils/acl'
make[3]: Leaving directory '/home/albresky/repos/openwrt-6.x/feeds/packages/utils/acl'
time: package/feeds/packages/acl/compile#0.12#0.14#0.22
make[3]: Entering directory '/home/albresky/repos/openwrt-6.x/feeds/packages/libs/lzo'
mkdir -p /home/albresky/repos/openwrt-6.x/staging_dir/target-aarch64_cortex-a53_musl/root-qualcommax/stamp
echo '2' | cmp -s - /home/albresky/repos/openwrt-6.x/staging_dir/target-aarch64_cortex-a53_musl/pkginfo/liblzo.version || { echo '2' > /home/albresky/repos/openwrt-6.x/staging_dir/target-aarch64_cortex-a53_musl/pkginfo/liblzo.version;  } 
SHELL= flock /home/albresky/repos/openwrt-6.x/tmp/.root-copy.flock -c 'cp -fpR /home/albresky/repos/openwrt-6.x/build_dir/target-aarch64_cortex-a53_musl/lzo-2.10/.pkgdir/liblzo/. /home/albresky/repos/openwrt-6.x/staging_dir/target-aarch64_cortex-a53_musl/root-qualcommax/'
touch /home/albresky/repos/openwrt-6.x/staging_dir/target-aarch64_cortex-a53_musl/root-qualcommax/stamp/.liblzo_installed
echo "liblzo" >> /home/albresky/repos/openwrt-6.x/staging_dir/target-aarch64_cortex-a53_musl/pkginfo/lzo.default.install
make[3]: Leaving directory '/home/albresky/repos/openwrt-6.x/feeds/packages/libs/lzo'
time: package/feeds/packages/lzo/compile#0.14#0.15#0.26
make[3]: Entering directory '/home/albresky/repos/openwrt-6.x/feeds/packages/utils/btrfs-progs'
mkdir -p /home/albresky/repos/openwrt-6.x/staging_dir/target-aarch64_cortex-a53_musl/root-qualcommax/stamp
SHELL= flock /home/albresky/repos/openwrt-6.x/tmp/.root-copy.flock -c 'cp -fpR /home/albresky/repos/openwrt-6.x/build_dir/target-aarch64_cortex-a53_musl/btrfs-progs-v6.9/.pkgdir/btrfs-progs/. /home/albresky/repos/openwrt-6.x/staging_dir/target-aarch64_cortex-a53_musl/root-qualcommax/'
touch /home/albresky/repos/openwrt-6.x/staging_dir/target-aarch64_cortex-a53_musl/root-qualcommax/stamp/.btrfs-progs_installed
echo "btrfs-progs" >> /home/albresky/repos/openwrt-6.x/staging_dir/target-aarch64_cortex-a53_musl/pkginfo/btrfs-progs.default.install
make[3]: Leaving directory '/home/albresky/repos/openwrt-6.x/feeds/packages/utils/btrfs-progs'
time: package/feeds/packages/btrfs-progs/compile#0.15#0.20#0.31
make[3]: Entering directory '/home/albresky/repos/openwrt-6.x/package/utils/mdadm'
mkdir -p /home/albresky/repos/openwrt-6.x/staging_dir/target-aarch64_cortex-a53_musl/root-qualcommax/stamp
SHELL= flock /home/albresky/repos/openwrt-6.x/tmp/.root-copy.flock -c 'cp -fpR /home/albresky/repos/openwrt-6.x/build_dir/target-aarch64_cortex-a53_musl/mdadm-4.3/.pkgdir/mdadm/. /home/albresky/repos/openwrt-6.x/staging_dir/target-aarch64_cortex-a53_musl/root-qualcommax/'
touch /home/albresky/repos/openwrt-6.x/staging_dir/target-aarch64_cortex-a53_musl/root-qualcommax/stamp/.mdadm_installed
echo "mdadm" >> /home/albresky/repos/openwrt-6.x/staging_dir/target-aarch64_cortex-a53_musl/pkginfo/mdadm.default.install
make[3]: Leaving directory '/home/albresky/repos/openwrt-6.x/package/utils/mdadm'
time: package/utils/mdadm/compile#0.13#0.16#0.26
make[3]: Entering directory '/home/albresky/repos/openwrt-6.x/feeds/luci/applications/luci-app-diskman'
/home/albresky/repos/openwrt-6.x/include/package.mk:355: warning: overriding recipe for target 'prepare-package-install'
/home/albresky/repos/openwrt-6.x/include/package.mk:355: warning: ignoring old recipe for target 'prepare-package-install'
/home/albresky/repos/openwrt-6.x/include/package.mk:360: warning: overriding recipe for target '/home/albresky/repos/openwrt-6.x/bin/targets/qualcommax/ipq60xx/packages'
/home/albresky/repos/openwrt-6.x/include/package.mk:360: warning: ignoring old recipe for target '/home/albresky/repos/openwrt-6.x/bin/targets/qualcommax/ipq60xx/packages'
/home/albresky/repos/openwrt-6.x/include/package.mk:367: warning: overriding recipe for target 'force-clean-build'
/home/albresky/repos/openwrt-6.x/include/package.mk:367: warning: ignoring old recipe for target 'force-clean-build'
/home/albresky/repos/openwrt-6.x/include/package.mk:372: warning: overriding recipe for target 'clean'
/home/albresky/repos/openwrt-6.x/include/package.mk:372: warning: ignoring old recipe for target 'clean'
/home/albresky/repos/openwrt-6.x/include/package.mk:378: warning: overriding recipe for target 'dist'
/home/albresky/repos/openwrt-6.x/include/package.mk:378: warning: ignoring old recipe for target 'dist'
/home/albresky/repos/openwrt-6.x/include/package.mk:381: warning: overriding recipe for target 'distcheck'
/home/albresky/repos/openwrt-6.x/include/package.mk:381: warning: ignoring old recipe for target 'distcheck'
mkdir -p /home/albresky/repos/openwrt-6.x/staging_dir/target-aarch64_cortex-a53_musl/root-qualcommax/stamp
SHELL= flock /home/albresky/repos/openwrt-6.x/tmp/.root-copy.flock -c 'cp -fpR /home/albresky/repos/openwrt-6.x/build_dir/target-aarch64_cortex-a53_musl/luci-app-diskman/.pkgdir/luci-app-diskman/. /home/albresky/repos/openwrt-6.x/staging_dir/target-aarch64_cortex-a53_musl/root-qualcommax/'
touch /home/albresky/repos/openwrt-6.x/staging_dir/target-aarch64_cortex-a53_musl/root-qualcommax/stamp/.luci-app-diskman_installed
echo "luci-app-diskman" >> /home/albresky/repos/openwrt-6.x/staging_dir/target-aarch64_cortex-a53_musl/pkginfo/luci-app-diskman.default.install
mkdir -p /home/albresky/repos/openwrt-6.x/staging_dir/target-aarch64_cortex-a53_musl/root-qualcommax/stamp
SHELL= flock /home/albresky/repos/openwrt-6.x/tmp/.root-copy.flock -c 'cp -fpR /home/albresky/repos/openwrt-6.x/build_dir/target-aarch64_cortex-a53_musl/luci-app-diskman/.pkgdir/luci-i18n-diskman-zh-cn/. /home/albresky/repos/openwrt-6.x/staging_dir/target-aarch64_cortex-a53_musl/root-qualcommax/'
touch /home/albresky/repos/openwrt-6.x/staging_dir/target-aarch64_cortex-a53_musl/root-qualcommax/stamp/.luci-i18n-diskman-zh-cn_installed
echo "luci-i18n-diskman-zh-cn" >> /home/albresky/repos/openwrt-6.x/staging_dir/target-aarch64_cortex-a53_musl/pkginfo/luci-app-diskman.default.install
make[3]: Leaving directory '/home/albresky/repos/openwrt-6.x/feeds/luci/applications/luci-app-diskman'
time: package/feeds/luci/luci-app-diskman/compile#0.16#0.21#0.34
make[3]: Entering directory '/home/albresky/repos/openwrt-6.x/feeds/packages/net/smartdns'
mkdir -p /home/albresky/repos/openwrt-6.x/staging_dir/target-aarch64_cortex-a53_musl/root-qualcommax/stamp
SHELL= flock /home/albresky/repos/openwrt-6.x/tmp/.root-copy.flock -c 'cp -fpR /home/albresky/repos/openwrt-6.x/build_dir/target-aarch64_cortex-a53_musl/smartdns-Release46/.pkgdir/smartdns/. /home/albresky/repos/openwrt-6.x/staging_dir/target-aarch64_cortex-a53_musl/root-qualcommax/'
touch /home/albresky/repos/openwrt-6.x/staging_dir/target-aarch64_cortex-a53_musl/root-qualcommax/stamp/.smartdns_installed
echo "smartdns" >> /home/albresky/repos/openwrt-6.x/staging_dir/target-aarch64_cortex-a53_musl/pkginfo/smartdns.default.install
make[3]: Leaving directory '/home/albresky/repos/openwrt-6.x/feeds/packages/net/smartdns'
time: package/feeds/packages/smartdns/compile#0.13#0.18#0.28
make[3]: Entering directory '/home/albresky/repos/openwrt-6.x/feeds/luci/applications/luci-app-smartdns'
mkdir -p /home/albresky/repos/openwrt-6.x/staging_dir/target-aarch64_cortex-a53_musl/root-qualcommax/stamp
SHELL= flock /home/albresky/repos/openwrt-6.x/tmp/.root-copy.flock -c 'cp -fpR /home/albresky/repos/openwrt-6.x/build_dir/target-aarch64_cortex-a53_musl/luci-app-smartdns/.pkgdir/luci-app-smartdns/. /home/albresky/repos/openwrt-6.x/staging_dir/target-aarch64_cortex-a53_musl/root-qualcommax/'
touch /home/albresky/repos/openwrt-6.x/staging_dir/target-aarch64_cortex-a53_musl/root-qualcommax/stamp/.luci-app-smartdns_installed
echo "luci-app-smartdns" >> /home/albresky/repos/openwrt-6.x/staging_dir/target-aarch64_cortex-a53_musl/pkginfo/luci-app-smartdns.default.install
mkdir -p /home/albresky/repos/openwrt-6.x/staging_dir/target-aarch64_cortex-a53_musl/root-qualcommax/stamp
SHELL= flock /home/albresky/repos/openwrt-6.x/tmp/.root-copy.flock -c 'cp -fpR /home/albresky/repos/openwrt-6.x/build_dir/target-aarch64_cortex-a53_musl/luci-app-smartdns/.pkgdir/luci-i18n-smartdns-zh-cn/. /home/albresky/repos/openwrt-6.x/staging_dir/target-aarch64_cortex-a53_musl/root-qualcommax/'
touch /home/albresky/repos/openwrt-6.x/staging_dir/target-aarch64_cortex-a53_musl/root-qualcommax/stamp/.luci-i18n-smartdns-zh-cn_installed
echo "luci-i18n-smartdns-zh-cn" >> /home/albresky/repos/openwrt-6.x/staging_dir/target-aarch64_cortex-a53_musl/pkginfo/luci-app-smartdns.default.install
make[3]: Leaving directory '/home/albresky/repos/openwrt-6.x/feeds/luci/applications/luci-app-smartdns'
time: package/feeds/luci/luci-app-smartdns/compile#0.29#0.41#0.67
make[3]: Entering directory '/home/albresky/repos/openwrt-6.x/feeds/luci/applications/luci-app-uhttpd'
mkdir -p /home/albresky/repos/openwrt-6.x/staging_dir/target-aarch64_cortex-a53_musl/root-qualcommax/stamp
SHELL= flock /home/albresky/repos/openwrt-6.x/tmp/.root-copy.flock -c 'cp -fpR /home/albresky/repos/openwrt-6.x/build_dir/target-aarch64_cortex-a53_musl/luci-app-uhttpd/.pkgdir/luci-app-uhttpd/. /home/albresky/repos/openwrt-6.x/staging_dir/target-aarch64_cortex-a53_musl/root-qualcommax/'
touch /home/albresky/repos/openwrt-6.x/staging_dir/target-aarch64_cortex-a53_musl/root-qualcommax/stamp/.luci-app-uhttpd_installed
echo "luci-app-uhttpd" >> /home/albresky/repos/openwrt-6.x/staging_dir/target-aarch64_cortex-a53_musl/pkginfo/luci-app-uhttpd.default.install
mkdir -p /home/albresky/repos/openwrt-6.x/staging_dir/target-aarch64_cortex-a53_musl/root-qualcommax/stamp
SHELL= flock /home/albresky/repos/openwrt-6.x/tmp/.root-copy.flock -c 'cp -fpR /home/albresky/repos/openwrt-6.x/build_dir/target-aarch64_cortex-a53_musl/luci-app-uhttpd/.pkgdir/luci-i18n-uhttpd-zh-cn/. /home/albresky/repos/openwrt-6.x/staging_dir/target-aarch64_cortex-a53_musl/root-qualcommax/'
touch /home/albresky/repos/openwrt-6.x/staging_dir/target-aarch64_cortex-a53_musl/root-qualcommax/stamp/.luci-i18n-uhttpd-zh-cn_installed
echo "luci-i18n-uhttpd-zh-cn" >> /home/albresky/repos/openwrt-6.x/staging_dir/target-aarch64_cortex-a53_musl/pkginfo/luci-app-uhttpd.default.install
make[3]: Leaving directory '/home/albresky/repos/openwrt-6.x/feeds/luci/applications/luci-app-uhttpd'
time: package/feeds/luci/luci-app-uhttpd/compile#0.33#0.52#0.82
make[3]: Entering directory '/home/albresky/repos/openwrt-6.x/feeds/packages/libs/c-ares'
mkdir -p /home/albresky/repos/openwrt-6.x/staging_dir/target-aarch64_cortex-a53_musl/root-qualcommax/stamp
SHELL= flock /home/albresky/repos/openwrt-6.x/tmp/.root-copy.flock -c 'cp -fpR /home/albresky/repos/openwrt-6.x/build_dir/target-aarch64_cortex-a53_musl/c-ares-1.32.3/.pkgdir/libcares/. /home/albresky/repos/openwrt-6.x/staging_dir/target-aarch64_cortex-a53_musl/root-qualcommax/'
touch /home/albresky/repos/openwrt-6.x/staging_dir/target-aarch64_cortex-a53_musl/root-qualcommax/stamp/.libcares_installed
echo "libcares" >> /home/albresky/repos/openwrt-6.x/staging_dir/target-aarch64_cortex-a53_musl/pkginfo/c-ares.default.install
make[3]: Leaving directory '/home/albresky/repos/openwrt-6.x/feeds/packages/libs/c-ares'
time: package/feeds/packages/c-ares/compile#0.15#0.16#0.27
make[3]: Entering directory '/home/albresky/repos/openwrt-6.x/feeds/packages/libs/nghttp2'
mkdir -p /home/albresky/repos/openwrt-6.x/staging_dir/target-aarch64_cortex-a53_musl/root-qualcommax/stamp
echo '14' | cmp -s - /home/albresky/repos/openwrt-6.x/staging_dir/target-aarch64_cortex-a53_musl/pkginfo/libnghttp2.version || { echo '14' > /home/albresky/repos/openwrt-6.x/staging_dir/target-aarch64_cortex-a53_musl/pkginfo/libnghttp2.version;  } 
SHELL= flock /home/albresky/repos/openwrt-6.x/tmp/.root-copy.flock -c 'cp -fpR /home/albresky/repos/openwrt-6.x/build_dir/target-aarch64_cortex-a53_musl/nghttp2-1.62.1/.pkgdir/libnghttp2/. /home/albresky/repos/openwrt-6.x/staging_dir/target-aarch64_cortex-a53_musl/root-qualcommax/'
touch /home/albresky/repos/openwrt-6.x/staging_dir/target-aarch64_cortex-a53_musl/root-qualcommax/stamp/.libnghttp2_installed
echo "libnghttp2" >> /home/albresky/repos/openwrt-6.x/staging_dir/target-aarch64_cortex-a53_musl/pkginfo/nghttp2.default.install
make[3]: Leaving directory '/home/albresky/repos/openwrt-6.x/feeds/packages/libs/nghttp2'
time: package/feeds/packages/nghttp2/compile#0.14#0.15#0.26
make[3]: Entering directory '/home/albresky/repos/openwrt-6.x/feeds/packages/libs/libffi'
make[3]: Leaving directory '/home/albresky/repos/openwrt-6.x/feeds/packages/libs/libffi'
time: package/feeds/packages/libffi/host-compile#0.15#0.19#0.30
make[3]: Entering directory '/home/albresky/repos/openwrt-6.x/package/libs/readline'
make[3]: Leaving directory '/home/albresky/repos/openwrt-6.x/package/libs/readline'
time: package/libs/readline/host-compile#0.19#0.17#0.31
make[3]: Entering directory '/home/albresky/repos/openwrt-6.x/package/utils/bzip2'
make[3]: Leaving directory '/home/albresky/repos/openwrt-6.x/package/utils/bzip2'
time: package/utils/bzip2/host-compile#0.16#0.19#0.30
make[3]: Entering directory '/home/albresky/repos/openwrt-6.x/feeds/packages/lang/python/python3'
make[3]: Leaving directory '/home/albresky/repos/openwrt-6.x/feeds/packages/lang/python/python3'
time: package/feeds/packages/python3/host-compile#0.27#0.31#0.50
make[3]: Entering directory '/home/albresky/repos/openwrt-6.x/feeds/packages/lang/node'
mkdir -p /home/albresky/repos/openwrt-6.x/staging_dir/target-aarch64_cortex-a53_musl/root-qualcommax/stamp
echo '115' | cmp -s - /home/albresky/repos/openwrt-6.x/staging_dir/target-aarch64_cortex-a53_musl/pkginfo/node.version || { echo '115' > /home/albresky/repos/openwrt-6.x/staging_dir/target-aarch64_cortex-a53_musl/pkginfo/node.version;  } 
SHELL= flock /home/albresky/repos/openwrt-6.x/tmp/.root-copy.flock -c 'cp -fpR /home/albresky/repos/openwrt-6.x/build_dir/target-aarch64_cortex-a53_musl/node-v20.15.1/.pkgdir/node/. /home/albresky/repos/openwrt-6.x/staging_dir/target-aarch64_cortex-a53_musl/root-qualcommax/'
touch /home/albresky/repos/openwrt-6.x/staging_dir/target-aarch64_cortex-a53_musl/root-qualcommax/stamp/.node_installed
echo "node" >> /home/albresky/repos/openwrt-6.x/staging_dir/target-aarch64_cortex-a53_musl/pkginfo/node.default.install
make[3]: Leaving directory '/home/albresky/repos/openwrt-6.x/feeds/packages/lang/node'
time: package/feeds/packages/node/compile#0.47#0.73#0.97
make[3]: Entering directory '/home/albresky/repos/openwrt-6.x/package/libs/libnfnetlink'
mkdir -p /home/albresky/repos/openwrt-6.x/staging_dir/target-aarch64_cortex-a53_musl/root-qualcommax/stamp
echo '0' | cmp -s - /home/albresky/repos/openwrt-6.x/staging_dir/target-aarch64_cortex-a53_musl/pkginfo/libnfnetlink.version || { echo '0' > /home/albresky/repos/openwrt-6.x/staging_dir/target-aarch64_cortex-a53_musl/pkginfo/libnfnetlink.version;  } 
SHELL= flock /home/albresky/repos/openwrt-6.x/tmp/.root-copy.flock -c 'cp -fpR /home/albresky/repos/openwrt-6.x/build_dir/target-aarch64_cortex-a53_musl/libnfnetlink-1.0.2/.pkgdir/libnfnetlink/. /home/albresky/repos/openwrt-6.x/staging_dir/target-aarch64_cortex-a53_musl/root-qualcommax/'
touch /home/albresky/repos/openwrt-6.x/staging_dir/target-aarch64_cortex-a53_musl/root-qualcommax/stamp/.libnfnetlink_installed
echo "libnfnetlink" >> /home/albresky/repos/openwrt-6.x/staging_dir/target-aarch64_cortex-a53_musl/pkginfo/libnfnetlink.default.install
make[3]: Leaving directory '/home/albresky/repos/openwrt-6.x/package/libs/libnfnetlink'
time: package/libs/libnfnetlink/compile#0.13#0.15#0.26
make[3]: Entering directory '/home/albresky/repos/openwrt-6.x/package/libs/libnetfilter-conntrack'
mkdir -p /home/albresky/repos/openwrt-6.x/staging_dir/target-aarch64_cortex-a53_musl/root-qualcommax/stamp
echo '3' | cmp -s - /home/albresky/repos/openwrt-6.x/staging_dir/target-aarch64_cortex-a53_musl/pkginfo/libnetfilter-conntrack.version || { echo '3' > /home/albresky/repos/openwrt-6.x/staging_dir/target-aarch64_cortex-a53_musl/pkginfo/libnetfilter-conntrack.version;  } 
SHELL= flock /home/albresky/repos/openwrt-6.x/tmp/.root-copy.flock -c 'cp -fpR /home/albresky/repos/openwrt-6.x/build_dir/target-aarch64_cortex-a53_musl/libnetfilter_conntrack-1.0.9/.pkgdir/libnetfilter-conntrack/. /home/albresky/repos/openwrt-6.x/staging_dir/target-aarch64_cortex-a53_musl/root-qualcommax/'
touch /home/albresky/repos/openwrt-6.x/staging_dir/target-aarch64_cortex-a53_musl/root-qualcommax/stamp/.libnetfilter-conntrack_installed
echo "libnetfilter-conntrack" >> /home/albresky/repos/openwrt-6.x/staging_dir/target-aarch64_cortex-a53_musl/pkginfo/libnetfilter-conntrack.default.install
make[3]: Leaving directory '/home/albresky/repos/openwrt-6.x/package/libs/libnetfilter-conntrack'
time: package/libs/libnetfilter-conntrack/compile#0.13#0.17#0.27
make[3]: Entering directory '/home/albresky/repos/openwrt-6.x/package/network/services/dnsmasq'
mkdir -p /home/albresky/repos/openwrt-6.x/staging_dir/target-aarch64_cortex-a53_musl/root-qualcommax/stamp
SHELL= flock /home/albresky/repos/openwrt-6.x/tmp/.root-copy.flock -c 'cp -fpR /home/albresky/repos/openwrt-6.x/build_dir/target-aarch64_cortex-a53_musl/dnsmasq-full/dnsmasq-2.90/.pkgdir/dnsmasq-full/. /home/albresky/repos/openwrt-6.x/staging_dir/target-aarch64_cortex-a53_musl/root-qualcommax/'
touch /home/albresky/repos/openwrt-6.x/staging_dir/target-aarch64_cortex-a53_musl/root-qualcommax/stamp/.dnsmasq-full_installed
echo "dnsmasq-full" >> /home/albresky/repos/openwrt-6.x/staging_dir/target-aarch64_cortex-a53_musl/pkginfo/dnsmasq.full.install
make[3]: Leaving directory '/home/albresky/repos/openwrt-6.x/package/network/services/dnsmasq'
time: package/network/services/dnsmasq/full/compile#0.12#0.18#0.28
make[3]: Entering directory '/home/albresky/repos/openwrt-6.x/feeds/luci/applications/luci-app-unblockneteasemusic'
mkdir -p /home/albresky/repos/openwrt-6.x/staging_dir/target-aarch64_cortex-a53_musl/root-qualcommax/stamp
SHELL= flock /home/albresky/repos/openwrt-6.x/tmp/.root-copy.flock -c 'cp -fpR /home/albresky/repos/openwrt-6.x/build_dir/target-aarch64_cortex-a53_musl/luci-app-unblockneteasemusic/.pkgdir/luci-app-unblockneteasemusic/. /home/albresky/repos/openwrt-6.x/staging_dir/target-aarch64_cortex-a53_musl/root-qualcommax/'
touch /home/albresky/repos/openwrt-6.x/staging_dir/target-aarch64_cortex-a53_musl/root-qualcommax/stamp/.luci-app-unblockneteasemusic_installed
echo "luci-app-unblockneteasemusic" >> /home/albresky/repos/openwrt-6.x/staging_dir/target-aarch64_cortex-a53_musl/pkginfo/luci-app-unblockneteasemusic.default.install
make[3]: Leaving directory '/home/albresky/repos/openwrt-6.x/feeds/luci/applications/luci-app-unblockneteasemusic'
time: package/feeds/luci/luci-app-unblockneteasemusic/compile#0.12#0.14#0.25
make[3]: Entering directory '/home/albresky/repos/openwrt-6.x/feeds/packages/libs/libcap-ng'
mkdir -p /home/albresky/repos/openwrt-6.x/staging_dir/target-aarch64_cortex-a53_musl/root-qualcommax/stamp
SHELL= flock /home/albresky/repos/openwrt-6.x/tmp/.root-copy.flock -c 'cp -fpR /home/albresky/repos/openwrt-6.x/build_dir/target-aarch64_cortex-a53_musl/libcap-ng-0.8.4/.pkgdir/libcap-ng/. /home/albresky/repos/openwrt-6.x/staging_dir/target-aarch64_cortex-a53_musl/root-qualcommax/'
touch /home/albresky/repos/openwrt-6.x/staging_dir/target-aarch64_cortex-a53_musl/root-qualcommax/stamp/.libcap-ng_installed
echo "libcap-ng" >> /home/albresky/repos/openwrt-6.x/staging_dir/target-aarch64_cortex-a53_musl/pkginfo/libcap-ng.default.install
make[3]: Leaving directory '/home/albresky/repos/openwrt-6.x/feeds/packages/libs/libcap-ng'
time: package/feeds/packages/libcap-ng/compile#0.12#0.14#0.24
make[3]: Entering directory '/home/albresky/repos/openwrt-6.x/package/network/utils/iptables'
mkdir -p /home/albresky/repos/openwrt-6.x/staging_dir/target-aarch64_cortex-a53_musl/root-qualcommax/stamp
echo '12' | cmp -s - /home/albresky/repos/openwrt-6.x/staging_dir/target-aarch64_cortex-a53_musl/pkginfo/libxtables.version || { echo '12' > /home/albresky/repos/openwrt-6.x/staging_dir/target-aarch64_cortex-a53_musl/pkginfo/libxtables.version;  } 
SHELL= flock /home/albresky/repos/openwrt-6.x/tmp/.root-copy.flock -c 'cp -fpR /home/albresky/repos/openwrt-6.x/build_dir/target-aarch64_cortex-a53_musl/linux-qualcommax_ipq60xx/iptables-1.8.8/.pkgdir/libxtables/. /home/albresky/repos/openwrt-6.x/staging_dir/target-aarch64_cortex-a53_musl/root-qualcommax/'
touch /home/albresky/repos/openwrt-6.x/staging_dir/target-aarch64_cortex-a53_musl/root-qualcommax/stamp/.libxtables_installed
echo "libxtables" >> /home/albresky/repos/openwrt-6.x/staging_dir/target-aarch64_cortex-a53_musl/pkginfo/iptables.default.install
mkdir -p /home/albresky/repos/openwrt-6.x/staging_dir/target-aarch64_cortex-a53_musl/root-qualcommax/stamp
echo '2' | cmp -s - /home/albresky/repos/openwrt-6.x/staging_dir/target-aarch64_cortex-a53_musl/pkginfo/libip4tc.version || { echo '2' > /home/albresky/repos/openwrt-6.x/staging_dir/target-aarch64_cortex-a53_musl/pkginfo/libip4tc.version;  } 
SHELL= flock /home/albresky/repos/openwrt-6.x/tmp/.root-copy.flock -c 'cp -fpR /home/albresky/repos/openwrt-6.x/build_dir/target-aarch64_cortex-a53_musl/linux-qualcommax_ipq60xx/iptables-1.8.8/.pkgdir/libip4tc/. /home/albresky/repos/openwrt-6.x/staging_dir/target-aarch64_cortex-a53_musl/root-qualcommax/'
touch /home/albresky/repos/openwrt-6.x/staging_dir/target-aarch64_cortex-a53_musl/root-qualcommax/stamp/.libip4tc_installed
echo "libip4tc" >> /home/albresky/repos/openwrt-6.x/staging_dir/target-aarch64_cortex-a53_musl/pkginfo/iptables.default.install
mkdir -p /home/albresky/repos/openwrt-6.x/staging_dir/target-aarch64_cortex-a53_musl/root-qualcommax/stamp
echo '2' | cmp -s - /home/albresky/repos/openwrt-6.x/staging_dir/target-aarch64_cortex-a53_musl/pkginfo/libip6tc.version || { echo '2' > /home/albresky/repos/openwrt-6.x/staging_dir/target-aarch64_cortex-a53_musl/pkginfo/libip6tc.version;  } 
SHELL= flock /home/albresky/repos/openwrt-6.x/tmp/.root-copy.flock -c 'cp -fpR /home/albresky/repos/openwrt-6.x/build_dir/target-aarch64_cortex-a53_musl/linux-qualcommax_ipq60xx/iptables-1.8.8/.pkgdir/libip6tc/. /home/albresky/repos/openwrt-6.x/staging_dir/target-aarch64_cortex-a53_musl/root-qualcommax/'
touch /home/albresky/repos/openwrt-6.x/staging_dir/target-aarch64_cortex-a53_musl/root-qualcommax/stamp/.libip6tc_installed
echo "libip6tc" >> /home/albresky/repos/openwrt-6.x/staging_dir/target-aarch64_cortex-a53_musl/pkginfo/iptables.default.install
mkdir -p /home/albresky/repos/openwrt-6.x/staging_dir/target-aarch64_cortex-a53_musl/root-qualcommax/stamp
echo '0' | cmp -s - /home/albresky/repos/openwrt-6.x/staging_dir/target-aarch64_cortex-a53_musl/pkginfo/libiptext.version || { echo '0' > /home/albresky/repos/openwrt-6.x/staging_dir/target-aarch64_cortex-a53_musl/pkginfo/libiptext.version;  } 
SHELL= flock /home/albresky/repos/openwrt-6.x/tmp/.root-copy.flock -c 'cp -fpR /home/albresky/repos/openwrt-6.x/build_dir/target-aarch64_cortex-a53_musl/linux-qualcommax_ipq60xx/iptables-1.8.8/.pkgdir/libiptext/. /home/albresky/repos/openwrt-6.x/staging_dir/target-aarch64_cortex-a53_musl/root-qualcommax/'
touch /home/albresky/repos/openwrt-6.x/staging_dir/target-aarch64_cortex-a53_musl/root-qualcommax/stamp/.libiptext_installed
echo "libiptext" >> /home/albresky/repos/openwrt-6.x/staging_dir/target-aarch64_cortex-a53_musl/pkginfo/iptables.default.install
mkdir -p /home/albresky/repos/openwrt-6.x/staging_dir/target-aarch64_cortex-a53_musl/root-qualcommax/stamp
echo '0' | cmp -s - /home/albresky/repos/openwrt-6.x/staging_dir/target-aarch64_cortex-a53_musl/pkginfo/libiptext6.version || { echo '0' > /home/albresky/repos/openwrt-6.x/staging_dir/target-aarch64_cortex-a53_musl/pkginfo/libiptext6.version;  } 
SHELL= flock /home/albresky/repos/openwrt-6.x/tmp/.root-copy.flock -c 'cp -fpR /home/albresky/repos/openwrt-6.x/build_dir/target-aarch64_cortex-a53_musl/linux-qualcommax_ipq60xx/iptables-1.8.8/.pkgdir/libiptext6/. /home/albresky/repos/openwrt-6.x/staging_dir/target-aarch64_cortex-a53_musl/root-qualcommax/'
touch /home/albresky/repos/openwrt-6.x/staging_dir/target-aarch64_cortex-a53_musl/root-qualcommax/stamp/.libiptext6_installed
echo "libiptext6" >> /home/albresky/repos/openwrt-6.x/staging_dir/target-aarch64_cortex-a53_musl/pkginfo/iptables.default.install
mkdir -p /home/albresky/repos/openwrt-6.x/staging_dir/target-aarch64_cortex-a53_musl/root-qualcommax/stamp
echo '0' | cmp -s - /home/albresky/repos/openwrt-6.x/staging_dir/target-aarch64_cortex-a53_musl/pkginfo/libiptext-nft.version || { echo '0' > /home/albresky/repos/openwrt-6.x/staging_dir/target-aarch64_cortex-a53_musl/pkginfo/libiptext-nft.version;  } 
SHELL= flock /home/albresky/repos/openwrt-6.x/tmp/.root-copy.flock -c 'cp -fpR /home/albresky/repos/openwrt-6.x/build_dir/target-aarch64_cortex-a53_musl/linux-qualcommax_ipq60xx/iptables-1.8.8/.pkgdir/libiptext-nft/. /home/albresky/repos/openwrt-6.x/staging_dir/target-aarch64_cortex-a53_musl/root-qualcommax/'
touch /home/albresky/repos/openwrt-6.x/staging_dir/target-aarch64_cortex-a53_musl/root-qualcommax/stamp/.libiptext-nft_installed
echo "libiptext-nft" >> /home/albresky/repos/openwrt-6.x/staging_dir/target-aarch64_cortex-a53_musl/pkginfo/iptables.default.install
mkdir -p /home/albresky/repos/openwrt-6.x/staging_dir/target-aarch64_cortex-a53_musl/root-qualcommax/stamp
SHELL= flock /home/albresky/repos/openwrt-6.x/tmp/.root-copy.flock -c 'cp -fpR /home/albresky/repos/openwrt-6.x/build_dir/target-aarch64_cortex-a53_musl/linux-qualcommax_ipq60xx/iptables-1.8.8/.pkgdir/xtables-legacy/. /home/albresky/repos/openwrt-6.x/staging_dir/target-aarch64_cortex-a53_musl/root-qualcommax/'
touch /home/albresky/repos/openwrt-6.x/staging_dir/target-aarch64_cortex-a53_musl/root-qualcommax/stamp/.xtables-legacy_installed
echo "xtables-legacy" >> /home/albresky/repos/openwrt-6.x/staging_dir/target-aarch64_cortex-a53_musl/pkginfo/iptables.default.install
mkdir -p /home/albresky/repos/openwrt-6.x/staging_dir/target-aarch64_cortex-a53_musl/root-qualcommax/stamp
SHELL= flock /home/albresky/repos/openwrt-6.x/tmp/.root-copy.flock -c 'cp -fpR /home/albresky/repos/openwrt-6.x/build_dir/target-aarch64_cortex-a53_musl/linux-qualcommax_ipq60xx/iptables-1.8.8/.pkgdir/xtables-nft/. /home/albresky/repos/openwrt-6.x/staging_dir/target-aarch64_cortex-a53_musl/root-qualcommax/'
touch /home/albresky/repos/openwrt-6.x/staging_dir/target-aarch64_cortex-a53_musl/root-qualcommax/stamp/.xtables-nft_installed
echo "xtables-nft" >> /home/albresky/repos/openwrt-6.x/staging_dir/target-aarch64_cortex-a53_musl/pkginfo/iptables.default.install
mkdir -p /home/albresky/repos/openwrt-6.x/staging_dir/target-aarch64_cortex-a53_musl/root-qualcommax/stamp
SHELL= flock /home/albresky/repos/openwrt-6.x/tmp/.root-copy.flock -c 'cp -fpR /home/albresky/repos/openwrt-6.x/build_dir/target-aarch64_cortex-a53_musl/linux-qualcommax_ipq60xx/iptables-1.8.8/.pkgdir/ip6tables-nft/. /home/albresky/repos/openwrt-6.x/staging_dir/target-aarch64_cortex-a53_musl/root-qualcommax/'
touch /home/albresky/repos/openwrt-6.x/staging_dir/target-aarch64_cortex-a53_musl/root-qualcommax/stamp/.ip6tables-nft_installed
echo "ip6tables-nft" >> /home/albresky/repos/openwrt-6.x/staging_dir/target-aarch64_cortex-a53_musl/pkginfo/iptables.default.install
mkdir -p /home/albresky/repos/openwrt-6.x/staging_dir/target-aarch64_cortex-a53_musl/root-qualcommax/stamp
SHELL= flock /home/albresky/repos/openwrt-6.x/tmp/.root-copy.flock -c 'cp -fpR /home/albresky/repos/openwrt-6.x/build_dir/target-aarch64_cortex-a53_musl/linux-qualcommax_ipq60xx/iptables-1.8.8/.pkgdir/ip6tables-zz-legacy/. /home/albresky/repos/openwrt-6.x/staging_dir/target-aarch64_cortex-a53_musl/root-qualcommax/'
touch /home/albresky/repos/openwrt-6.x/staging_dir/target-aarch64_cortex-a53_musl/root-qualcommax/stamp/.ip6tables-zz-legacy_installed
echo "ip6tables-zz-legacy" >> /home/albresky/repos/openwrt-6.x/staging_dir/target-aarch64_cortex-a53_musl/pkginfo/iptables.default.install
mkdir -p /home/albresky/repos/openwrt-6.x/staging_dir/target-aarch64_cortex-a53_musl/root-qualcommax/stamp
SHELL= flock /home/albresky/repos/openwrt-6.x/tmp/.root-copy.flock -c 'cp -fpR /home/albresky/repos/openwrt-6.x/build_dir/target-aarch64_cortex-a53_musl/linux-qualcommax_ipq60xx/iptables-1.8.8/.pkgdir/ip6tables-extra/. /home/albresky/repos/openwrt-6.x/staging_dir/target-aarch64_cortex-a53_musl/root-qualcommax/'
touch /home/albresky/repos/openwrt-6.x/staging_dir/target-aarch64_cortex-a53_musl/root-qualcommax/stamp/.ip6tables-extra_installed
echo "ip6tables-extra" >> /home/albresky/repos/openwrt-6.x/staging_dir/target-aarch64_cortex-a53_musl/pkginfo/iptables.default.install
mkdir -p /home/albresky/repos/openwrt-6.x/staging_dir/target-aarch64_cortex-a53_musl/root-qualcommax/stamp
SHELL= flock /home/albresky/repos/openwrt-6.x/tmp/.root-copy.flock -c 'cp -fpR /home/albresky/repos/openwrt-6.x/build_dir/target-aarch64_cortex-a53_musl/linux-qualcommax_ipq60xx/iptables-1.8.8/.pkgdir/ip6tables-mod-nat/. /home/albresky/repos/openwrt-6.x/staging_dir/target-aarch64_cortex-a53_musl/root-qualcommax/'
touch /home/albresky/repos/openwrt-6.x/staging_dir/target-aarch64_cortex-a53_musl/root-qualcommax/stamp/.ip6tables-mod-nat_installed
echo "ip6tables-mod-nat" >> /home/albresky/repos/openwrt-6.x/staging_dir/target-aarch64_cortex-a53_musl/pkginfo/iptables.default.install
make[3]: Leaving directory '/home/albresky/repos/openwrt-6.x/package/network/utils/iptables'
time: package/network/utils/iptables/compile#0.21#0.32#0.51
make[3]: Entering directory '/home/albresky/repos/openwrt-6.x/feeds/packages/net/miniupnpd'
mkdir -p /home/albresky/repos/openwrt-6.x/staging_dir/target-aarch64_cortex-a53_musl/root-qualcommax/stamp
SHELL= flock /home/albresky/repos/openwrt-6.x/tmp/.root-copy.flock -c 'cp -fpR /home/albresky/repos/openwrt-6.x/build_dir/target-aarch64_cortex-a53_musl/miniupnpd-nftables/miniupnpd-2.3.6/.pkgdir/miniupnpd-nftables/. /home/albresky/repos/openwrt-6.x/staging_dir/target-aarch64_cortex-a53_musl/root-qualcommax/'
touch /home/albresky/repos/openwrt-6.x/staging_dir/target-aarch64_cortex-a53_musl/root-qualcommax/stamp/.miniupnpd-nftables_installed
echo "miniupnpd-nftables" >> /home/albresky/repos/openwrt-6.x/staging_dir/target-aarch64_cortex-a53_musl/pkginfo/miniupnpd.nftables.install
make[3]: Leaving directory '/home/albresky/repos/openwrt-6.x/feeds/packages/net/miniupnpd'
time: package/feeds/packages/miniupnpd/nftables/compile#0.16#0.16#0.29
make[3]: Entering directory '/home/albresky/repos/openwrt-6.x/feeds/luci/applications/luci-app-upnp'
mkdir -p /home/albresky/repos/openwrt-6.x/staging_dir/target-aarch64_cortex-a53_musl/root-qualcommax/stamp
SHELL= flock /home/albresky/repos/openwrt-6.x/tmp/.root-copy.flock -c 'cp -fpR /home/albresky/repos/openwrt-6.x/build_dir/target-aarch64_cortex-a53_musl/luci-app-upnp/.pkgdir/luci-app-upnp/. /home/albresky/repos/openwrt-6.x/staging_dir/target-aarch64_cortex-a53_musl/root-qualcommax/'
touch /home/albresky/repos/openwrt-6.x/staging_dir/target-aarch64_cortex-a53_musl/root-qualcommax/stamp/.luci-app-upnp_installed
echo "luci-app-upnp" >> /home/albresky/repos/openwrt-6.x/staging_dir/target-aarch64_cortex-a53_musl/pkginfo/luci-app-upnp.default.install
mkdir -p /home/albresky/repos/openwrt-6.x/staging_dir/target-aarch64_cortex-a53_musl/root-qualcommax/stamp
SHELL= flock /home/albresky/repos/openwrt-6.x/tmp/.root-copy.flock -c 'cp -fpR /home/albresky/repos/openwrt-6.x/build_dir/target-aarch64_cortex-a53_musl/luci-app-upnp/.pkgdir/luci-i18n-upnp-zh-cn/. /home/albresky/repos/openwrt-6.x/staging_dir/target-aarch64_cortex-a53_musl/root-qualcommax/'
touch /home/albresky/repos/openwrt-6.x/staging_dir/target-aarch64_cortex-a53_musl/root-qualcommax/stamp/.luci-i18n-upnp-zh-cn_installed
echo "luci-i18n-upnp-zh-cn" >> /home/albresky/repos/openwrt-6.x/staging_dir/target-aarch64_cortex-a53_musl/pkginfo/luci-app-upnp.default.install
make[3]: Leaving directory '/home/albresky/repos/openwrt-6.x/feeds/luci/applications/luci-app-upnp'
time: package/feeds/luci/luci-app-upnp/compile#0.32#0.56#0.85
make[3]: Entering directory '/home/albresky/repos/openwrt-6.x/feeds/luci/modules/luci-compat'
mkdir -p /home/albresky/repos/openwrt-6.x/staging_dir/target-aarch64_cortex-a53_musl/root-qualcommax/stamp
SHELL= flock /home/albresky/repos/openwrt-6.x/tmp/.root-copy.flock -c 'cp -fpR /home/albresky/repos/openwrt-6.x/build_dir/target-aarch64_cortex-a53_musl/luci-compat/.pkgdir/luci-compat/. /home/albresky/repos/openwrt-6.x/staging_dir/target-aarch64_cortex-a53_musl/root-qualcommax/'
touch /home/albresky/repos/openwrt-6.x/staging_dir/target-aarch64_cortex-a53_musl/root-qualcommax/stamp/.luci-compat_installed
echo "luci-compat" >> /home/albresky/repos/openwrt-6.x/staging_dir/target-aarch64_cortex-a53_musl/pkginfo/luci-compat.default.install
make[3]: Leaving directory '/home/albresky/repos/openwrt-6.x/feeds/luci/modules/luci-compat'
time: package/feeds/luci/luci-compat/compile#0.21#0.24#0.42
make[3]: Entering directory '/home/albresky/repos/openwrt-6.x/feeds/luci/libs/luci-lib-chartjs'
mkdir -p /home/albresky/repos/openwrt-6.x/staging_dir/target-aarch64_cortex-a53_musl/root-qualcommax/stamp
SHELL= flock /home/albresky/repos/openwrt-6.x/tmp/.root-copy.flock -c 'cp -fpR /home/albresky/repos/openwrt-6.x/build_dir/target-aarch64_cortex-a53_musl/luci-lib-chartjs/.pkgdir/luci-lib-chartjs/. /home/albresky/repos/openwrt-6.x/staging_dir/target-aarch64_cortex-a53_musl/root-qualcommax/'
touch /home/albresky/repos/openwrt-6.x/staging_dir/target-aarch64_cortex-a53_musl/root-qualcommax/stamp/.luci-lib-chartjs_installed
echo "luci-lib-chartjs" >> /home/albresky/repos/openwrt-6.x/staging_dir/target-aarch64_cortex-a53_musl/pkginfo/luci-lib-chartjs.default.install
make[3]: Leaving directory '/home/albresky/repos/openwrt-6.x/feeds/luci/libs/luci-lib-chartjs'
time: package/feeds/luci/luci-lib-chartjs/compile#0.20#0.23#0.40
make[3]: Entering directory '/home/albresky/repos/openwrt-6.x/feeds/luci/libs/luci-lib-ipkg'
mkdir -p /home/albresky/repos/openwrt-6.x/staging_dir/target-aarch64_cortex-a53_musl/root-qualcommax/stamp
SHELL= flock /home/albresky/repos/openwrt-6.x/tmp/.root-copy.flock -c 'cp -fpR /home/albresky/repos/openwrt-6.x/build_dir/target-aarch64_cortex-a53_musl/luci-lib-ipkg/.pkgdir/luci-lib-ipkg/. /home/albresky/repos/openwrt-6.x/staging_dir/target-aarch64_cortex-a53_musl/root-qualcommax/'
touch /home/albresky/repos/openwrt-6.x/staging_dir/target-aarch64_cortex-a53_musl/root-qualcommax/stamp/.luci-lib-ipkg_installed
echo "luci-lib-ipkg" >> /home/albresky/repos/openwrt-6.x/staging_dir/target-aarch64_cortex-a53_musl/pkginfo/luci-lib-ipkg.default.install
make[3]: Leaving directory '/home/albresky/repos/openwrt-6.x/feeds/luci/libs/luci-lib-ipkg'
time: package/feeds/luci/luci-lib-ipkg/compile#0.19#0.27#0.44
make[3]: Entering directory '/home/albresky/repos/openwrt-6.x/feeds/luci/libs/luci-lib-iptparser'
mkdir -p /home/albresky/repos/openwrt-6.x/staging_dir/target-aarch64_cortex-a53_musl/root-qualcommax/stamp
SHELL= flock /home/albresky/repos/openwrt-6.x/tmp/.root-copy.flock -c 'cp -fpR /home/albresky/repos/openwrt-6.x/build_dir/target-aarch64_cortex-a53_musl/luci-lib-iptparser/.pkgdir/luci-lib-iptparser/. /home/albresky/repos/openwrt-6.x/staging_dir/target-aarch64_cortex-a53_musl/root-qualcommax/'
touch /home/albresky/repos/openwrt-6.x/staging_dir/target-aarch64_cortex-a53_musl/root-qualcommax/stamp/.luci-lib-iptparser_installed
echo "luci-lib-iptparser" >> /home/albresky/repos/openwrt-6.x/staging_dir/target-aarch64_cortex-a53_musl/pkginfo/luci-lib-iptparser.default.install
make[3]: Leaving directory '/home/albresky/repos/openwrt-6.x/feeds/luci/libs/luci-lib-iptparser'
time: package/feeds/luci/luci-lib-iptparser/compile#0.20#0.22#0.41
make[3]: Entering directory '/home/albresky/repos/openwrt-6.x/feeds/luci/libs/luci-lib-json'
mkdir -p /home/albresky/repos/openwrt-6.x/staging_dir/target-aarch64_cortex-a53_musl/root-qualcommax/stamp
SHELL= flock /home/albresky/repos/openwrt-6.x/tmp/.root-copy.flock -c 'cp -fpR /home/albresky/repos/openwrt-6.x/build_dir/target-aarch64_cortex-a53_musl/luci-lib-json/.pkgdir/luci-lib-json/. /home/albresky/repos/openwrt-6.x/staging_dir/target-aarch64_cortex-a53_musl/root-qualcommax/'
touch /home/albresky/repos/openwrt-6.x/staging_dir/target-aarch64_cortex-a53_musl/root-qualcommax/stamp/.luci-lib-json_installed
echo "luci-lib-json" >> /home/albresky/repos/openwrt-6.x/staging_dir/target-aarch64_cortex-a53_musl/pkginfo/luci-lib-json.default.install
make[3]: Leaving directory '/home/albresky/repos/openwrt-6.x/feeds/luci/libs/luci-lib-json'
time: package/feeds/luci/luci-lib-json/compile#0.18#0.25#0.41
make[3]: Entering directory '/home/albresky/repos/openwrt-6.x/feeds/luci/libs/luci-lib-px5g'
mkdir -p /home/albresky/repos/openwrt-6.x/staging_dir/target-aarch64_cortex-a53_musl/root-qualcommax/stamp
SHELL= flock /home/albresky/repos/openwrt-6.x/tmp/.root-copy.flock -c 'cp -fpR /home/albresky/repos/openwrt-6.x/build_dir/target-aarch64_cortex-a53_musl/luci-lib-px5g/.pkgdir/luci-lib-px5g/. /home/albresky/repos/openwrt-6.x/staging_dir/target-aarch64_cortex-a53_musl/root-qualcommax/'
touch /home/albresky/repos/openwrt-6.x/staging_dir/target-aarch64_cortex-a53_musl/root-qualcommax/stamp/.luci-lib-px5g_installed
echo "luci-lib-px5g" >> /home/albresky/repos/openwrt-6.x/staging_dir/target-aarch64_cortex-a53_musl/pkginfo/luci-lib-px5g.default.install
make[3]: Leaving directory '/home/albresky/repos/openwrt-6.x/feeds/luci/libs/luci-lib-px5g'
time: package/feeds/luci/luci-lib-px5g/compile#0.22#0.29#0.48
make[3]: Entering directory '/home/albresky/repos/openwrt-6.x/feeds/luci/libs/luci-lib-uqr'
mkdir -p /home/albresky/repos/openwrt-6.x/staging_dir/target-aarch64_cortex-a53_musl/root-qualcommax/stamp
SHELL= flock /home/albresky/repos/openwrt-6.x/tmp/.root-copy.flock -c 'cp -fpR /home/albresky/repos/openwrt-6.x/build_dir/target-aarch64_cortex-a53_musl/luci-lib-uqr/.pkgdir/luci-lib-uqr/. /home/albresky/repos/openwrt-6.x/staging_dir/target-aarch64_cortex-a53_musl/root-qualcommax/'
touch /home/albresky/repos/openwrt-6.x/staging_dir/target-aarch64_cortex-a53_musl/root-qualcommax/stamp/.luci-lib-uqr_installed
echo "luci-lib-uqr" >> /home/albresky/repos/openwrt-6.x/staging_dir/target-aarch64_cortex-a53_musl/pkginfo/luci-lib-uqr.default.install
make[3]: Leaving directory '/home/albresky/repos/openwrt-6.x/feeds/luci/libs/luci-lib-uqr'
time: package/feeds/luci/luci-lib-uqr/compile#0.19#0.23#0.40
make[3]: Entering directory '/home/albresky/repos/openwrt-6.x/feeds/luci/collections/luci-ssl-openssl'
mkdir -p /home/albresky/repos/openwrt-6.x/staging_dir/target-aarch64_cortex-a53_musl/root-qualcommax/stamp
SHELL= flock /home/albresky/repos/openwrt-6.x/tmp/.root-copy.flock -c 'cp -fpR /home/albresky/repos/openwrt-6.x/build_dir/target-aarch64_cortex-a53_musl/luci-ssl-openssl/.pkgdir/luci-ssl-openssl/. /home/albresky/repos/openwrt-6.x/staging_dir/target-aarch64_cortex-a53_musl/root-qualcommax/'
touch /home/albresky/repos/openwrt-6.x/staging_dir/target-aarch64_cortex-a53_musl/root-qualcommax/stamp/.luci-ssl-openssl_installed
echo "luci-ssl-openssl" >> /home/albresky/repos/openwrt-6.x/staging_dir/target-aarch64_cortex-a53_musl/pkginfo/luci-ssl-openssl.default.install
make[3]: Leaving directory '/home/albresky/repos/openwrt-6.x/feeds/luci/collections/luci-ssl-openssl'
time: package/feeds/luci/luci-ssl-openssl/compile#0.21#0.21#0.39
make[3]: Entering directory '/home/albresky/repos/openwrt-6.x/feeds/nss_packages/firmware/nss-firmware'
mkdir -p /home/albresky/repos/openwrt-6.x/staging_dir/target-aarch64_cortex-a53_musl/root-qualcommax/stamp
SHELL= flock /home/albresky/repos/openwrt-6.x/tmp/.root-copy.flock -c 'cp -fpR /home/albresky/repos/openwrt-6.x/build_dir/target-aarch64_cortex-a53_musl/nss-firmware-2024.07.22~8dceff47/.pkgdir/nss-firmware-ipq6018/. /home/albresky/repos/openwrt-6.x/staging_dir/target-aarch64_cortex-a53_musl/root-qualcommax/'
touch /home/albresky/repos/openwrt-6.x/staging_dir/target-aarch64_cortex-a53_musl/root-qualcommax/stamp/.nss-firmware-ipq6018_installed
echo "nss-firmware-ipq6018" >> /home/albresky/repos/openwrt-6.x/staging_dir/target-aarch64_cortex-a53_musl/pkginfo/nss-firmware.default.install
mkdir -p /home/albresky/repos/openwrt-6.x/staging_dir/target-aarch64_cortex-a53_musl/root-qualcommax/stamp
SHELL= flock /home/albresky/repos/openwrt-6.x/tmp/.root-copy.flock -c 'cp -fpR /home/albresky/repos/openwrt-6.x/build_dir/target-aarch64_cortex-a53_musl/nss-firmware-2024.07.22~8dceff47/.pkgdir/nss-firmware-default/. /home/albresky/repos/openwrt-6.x/staging_dir/target-aarch64_cortex-a53_musl/root-qualcommax/'
touch /home/albresky/repos/openwrt-6.x/staging_dir/target-aarch64_cortex-a53_musl/root-qualcommax/stamp/.nss-firmware-default_installed
echo "nss-firmware-default" >> /home/albresky/repos/openwrt-6.x/staging_dir/target-aarch64_cortex-a53_musl/pkginfo/nss-firmware.default.install
make[3]: Leaving directory '/home/albresky/repos/openwrt-6.x/feeds/nss_packages/firmware/nss-firmware'
time: package/feeds/nss_packages/nss-firmware/compile#0.12#0.19#0.30
make[3]: Entering directory '/home/albresky/repos/openwrt-6.x/feeds/nss_packages/qca-mcs'
mkdir -p /home/albresky/repos/openwrt-6.x/staging_dir/target-aarch64_cortex-a53_musl/root-qualcommax/stamp
SHELL= flock /home/albresky/repos/openwrt-6.x/tmp/.root-copy.flock -c 'cp -fpR /home/albresky/repos/openwrt-6.x/build_dir/target-aarch64_cortex-a53_musl/linux-qualcommax_ipq60xx/qca-mcs-12.5.2024.02.27~26d6424/.pkgdir/kmod-qca-mcs/. /home/albresky/repos/openwrt-6.x/staging_dir/target-aarch64_cortex-a53_musl/root-qualcommax/'
touch /home/albresky/repos/openwrt-6.x/staging_dir/target-aarch64_cortex-a53_musl/root-qualcommax/stamp/.kmod-qca-mcs_installed
echo "kmod-qca-mcs" >> /home/albresky/repos/openwrt-6.x/staging_dir/target-aarch64_cortex-a53_musl/pkginfo/qca-mcs.default.install
make[3]: Leaving directory '/home/albresky/repos/openwrt-6.x/feeds/nss_packages/qca-mcs'
time: package/feeds/nss_packages/qca-mcs/compile#0.13#0.16#0.26
make[3]: Entering directory '/home/albresky/repos/openwrt-6.x/package/kernel/qca-ssdk'
mkdir -p /home/albresky/repos/openwrt-6.x/staging_dir/target-aarch64_cortex-a53_musl/root-qualcommax/stamp
SHELL= flock /home/albresky/repos/openwrt-6.x/tmp/.root-copy.flock -c 'cp -fpR /home/albresky/repos/openwrt-6.x/build_dir/target-aarch64_cortex-a53_musl/linux-qualcommax_ipq60xx/qca-ssdk-2024.06.13~c451136b/.pkgdir/kmod-qca-ssdk/. /home/albresky/repos/openwrt-6.x/staging_dir/target-aarch64_cortex-a53_musl/root-qualcommax/'
touch /home/albresky/repos/openwrt-6.x/staging_dir/target-aarch64_cortex-a53_musl/root-qualcommax/stamp/.kmod-qca-ssdk_installed
echo "kmod-qca-ssdk" >> /home/albresky/repos/openwrt-6.x/staging_dir/target-aarch64_cortex-a53_musl/pkginfo/qca-ssdk.default.install
make[3]: Leaving directory '/home/albresky/repos/openwrt-6.x/package/kernel/qca-ssdk'
time: package/kernel/qca-ssdk/compile#0.12#0.21#0.29
make[3]: Entering directory '/home/albresky/repos/openwrt-6.x/package/kernel/qca-nss-dp'
mkdir -p /home/albresky/repos/openwrt-6.x/staging_dir/target-aarch64_cortex-a53_musl/root-qualcommax/stamp
SHELL= flock /home/albresky/repos/openwrt-6.x/tmp/.root-copy.flock -c 'cp -fpR /home/albresky/repos/openwrt-6.x/build_dir/target-aarch64_cortex-a53_musl/linux-qualcommax_ipq60xx/qca-nss-dp-2024.04.16~5bf8b91e/.pkgdir/kmod-qca-nss-dp/. /home/albresky/repos/openwrt-6.x/staging_dir/target-aarch64_cortex-a53_musl/root-qualcommax/'
touch /home/albresky/repos/openwrt-6.x/staging_dir/target-aarch64_cortex-a53_musl/root-qualcommax/stamp/.kmod-qca-nss-dp_installed
echo "kmod-qca-nss-dp" >> /home/albresky/repos/openwrt-6.x/staging_dir/target-aarch64_cortex-a53_musl/pkginfo/qca-nss-dp.default.install
make[3]: Leaving directory '/home/albresky/repos/openwrt-6.x/package/kernel/qca-nss-dp'
time: package/kernel/qca-nss-dp/compile#0.12#0.18#0.27
make[3]: Entering directory '/home/albresky/repos/openwrt-6.x/feeds/nss_packages/qca-nss-drv'
mkdir -p /home/albresky/repos/openwrt-6.x/staging_dir/target-aarch64_cortex-a53_musl/root-qualcommax/stamp
SHELL= flock /home/albresky/repos/openwrt-6.x/tmp/.root-copy.flock -c 'cp -fpR /home/albresky/repos/openwrt-6.x/build_dir/target-aarch64_cortex-a53_musl/linux-qualcommax_ipq60xx/qca-nss-drv-12.5.2024.04.06~53a0dc1/.pkgdir/kmod-qca-nss-drv/. /home/albresky/repos/openwrt-6.x/staging_dir/target-aarch64_cortex-a53_musl/root-qualcommax/'
touch /home/albresky/repos/openwrt-6.x/staging_dir/target-aarch64_cortex-a53_musl/root-qualcommax/stamp/.kmod-qca-nss-drv_installed
echo "kmod-qca-nss-drv" >> /home/albresky/repos/openwrt-6.x/staging_dir/target-aarch64_cortex-a53_musl/pkginfo/qca-nss-drv.default.install
make[3]: Leaving directory '/home/albresky/repos/openwrt-6.x/feeds/nss_packages/qca-nss-drv'
time: package/feeds/nss_packages/qca-nss-drv/compile#0.15#0.16#0.27
make[3]: Entering directory '/home/albresky/repos/openwrt-6.x/package/kernel/nat46'
mkdir -p /home/albresky/repos/openwrt-6.x/staging_dir/target-aarch64_cortex-a53_musl/root-qualcommax/stamp
SHELL= flock /home/albresky/repos/openwrt-6.x/tmp/.root-copy.flock -c 'cp -fpR /home/albresky/repos/openwrt-6.x/build_dir/target-aarch64_cortex-a53_musl/linux-qualcommax_ipq60xx/nat46-2022.09.19~4c5beee2/.pkgdir/kmod-nat46/. /home/albresky/repos/openwrt-6.x/staging_dir/target-aarch64_cortex-a53_musl/root-qualcommax/'
touch /home/albresky/repos/openwrt-6.x/staging_dir/target-aarch64_cortex-a53_musl/root-qualcommax/stamp/.kmod-nat46_installed
echo "kmod-nat46" >> /home/albresky/repos/openwrt-6.x/staging_dir/target-aarch64_cortex-a53_musl/pkginfo/nat46.default.install
make[3]: Leaving directory '/home/albresky/repos/openwrt-6.x/package/kernel/nat46'
time: package/kernel/nat46/compile#0.14#0.16#0.27
make[3]: Entering directory '/home/albresky/repos/openwrt-6.x/package/network/ipv6/6rd'
mkdir -p /home/albresky/repos/openwrt-6.x/staging_dir/target-aarch64_cortex-a53_musl/root-qualcommax/stamp
SHELL= flock /home/albresky/repos/openwrt-6.x/tmp/.root-copy.flock -c 'cp -fpR /home/albresky/repos/openwrt-6.x/build_dir/target-aarch64_cortex-a53_musl/6rd/.pkgdir/6rd/. /home/albresky/repos/openwrt-6.x/staging_dir/target-aarch64_cortex-a53_musl/root-qualcommax/'
touch /home/albresky/repos/openwrt-6.x/staging_dir/target-aarch64_cortex-a53_musl/root-qualcommax/stamp/.6rd_installed
echo "6rd" >> /home/albresky/repos/openwrt-6.x/staging_dir/target-aarch64_cortex-a53_musl/pkginfo/6rd.default.install
make[3]: Leaving directory '/home/albresky/repos/openwrt-6.x/package/network/ipv6/6rd'
time: package/network/ipv6/6rd/compile#0.10#0.15#0.23
make[3]: Entering directory '/home/albresky/repos/openwrt-6.x/feeds/nss_packages/qca-nss-clients'
mkdir -p /home/albresky/repos/openwrt-6.x/staging_dir/target-aarch64_cortex-a53_musl/root-qualcommax/stamp
SHELL= flock /home/albresky/repos/openwrt-6.x/tmp/.root-copy.flock -c 'cp -fpR /home/albresky/repos/openwrt-6.x/build_dir/target-aarch64_cortex-a53_musl/linux-qualcommax_ipq60xx/qca-nss-clients-12.5.2024.06.12~1bcef16/.pkgdir/kmod-qca-nss-drv-tun6rd/. /home/albresky/repos/openwrt-6.x/staging_dir/target-aarch64_cortex-a53_musl/root-qualcommax/'
touch /home/albresky/repos/openwrt-6.x/staging_dir/target-aarch64_cortex-a53_musl/root-qualcommax/stamp/.kmod-qca-nss-drv-tun6rd_installed
echo "kmod-qca-nss-drv-tun6rd" >> /home/albresky/repos/openwrt-6.x/staging_dir/target-aarch64_cortex-a53_musl/pkginfo/qca-nss-clients.default.install
mkdir -p /home/albresky/repos/openwrt-6.x/staging_dir/target-aarch64_cortex-a53_musl/root-qualcommax/stamp
SHELL= flock /home/albresky/repos/openwrt-6.x/tmp/.root-copy.flock -c 'cp -fpR /home/albresky/repos/openwrt-6.x/build_dir/target-aarch64_cortex-a53_musl/linux-qualcommax_ipq60xx/qca-nss-clients-12.5.2024.06.12~1bcef16/.pkgdir/kmod-qca-nss-drv-l2tpv2/. /home/albresky/repos/openwrt-6.x/staging_dir/target-aarch64_cortex-a53_musl/root-qualcommax/'
touch /home/albresky/repos/openwrt-6.x/staging_dir/target-aarch64_cortex-a53_musl/root-qualcommax/stamp/.kmod-qca-nss-drv-l2tpv2_installed
echo "kmod-qca-nss-drv-l2tpv2" >> /home/albresky/repos/openwrt-6.x/staging_dir/target-aarch64_cortex-a53_musl/pkginfo/qca-nss-clients.default.install
mkdir -p /home/albresky/repos/openwrt-6.x/staging_dir/target-aarch64_cortex-a53_musl/root-qualcommax/stamp
SHELL= flock /home/albresky/repos/openwrt-6.x/tmp/.root-copy.flock -c 'cp -fpR /home/albresky/repos/openwrt-6.x/build_dir/target-aarch64_cortex-a53_musl/linux-qualcommax_ipq60xx/qca-nss-clients-12.5.2024.06.12~1bcef16/.pkgdir/kmod-qca-nss-drv-pptp/. /home/albresky/repos/openwrt-6.x/staging_dir/target-aarch64_cortex-a53_musl/root-qualcommax/'
touch /home/albresky/repos/openwrt-6.x/staging_dir/target-aarch64_cortex-a53_musl/root-qualcommax/stamp/.kmod-qca-nss-drv-pptp_installed
echo "kmod-qca-nss-drv-pptp" >> /home/albresky/repos/openwrt-6.x/staging_dir/target-aarch64_cortex-a53_musl/pkginfo/qca-nss-clients.default.install
mkdir -p /home/albresky/repos/openwrt-6.x/staging_dir/target-aarch64_cortex-a53_musl/root-qualcommax/stamp
SHELL= flock /home/albresky/repos/openwrt-6.x/tmp/.root-copy.flock -c 'cp -fpR /home/albresky/repos/openwrt-6.x/build_dir/target-aarch64_cortex-a53_musl/linux-qualcommax_ipq60xx/qca-nss-clients-12.5.2024.06.12~1bcef16/.pkgdir/kmod-qca-nss-drv-pppoe/. /home/albresky/repos/openwrt-6.x/staging_dir/target-aarch64_cortex-a53_musl/root-qualcommax/'
touch /home/albresky/repos/openwrt-6.x/staging_dir/target-aarch64_cortex-a53_musl/root-qualcommax/stamp/.kmod-qca-nss-drv-pppoe_installed
echo "kmod-qca-nss-drv-pppoe" >> /home/albresky/repos/openwrt-6.x/staging_dir/target-aarch64_cortex-a53_musl/pkginfo/qca-nss-clients.default.install
mkdir -p /home/albresky/repos/openwrt-6.x/staging_dir/target-aarch64_cortex-a53_musl/root-qualcommax/stamp
SHELL= flock /home/albresky/repos/openwrt-6.x/tmp/.root-copy.flock -c 'cp -fpR /home/albresky/repos/openwrt-6.x/build_dir/target-aarch64_cortex-a53_musl/linux-qualcommax_ipq60xx/qca-nss-clients-12.5.2024.06.12~1bcef16/.pkgdir/kmod-qca-nss-drv-map-t/. /home/albresky/repos/openwrt-6.x/staging_dir/target-aarch64_cortex-a53_musl/root-qualcommax/'
touch /home/albresky/repos/openwrt-6.x/staging_dir/target-aarch64_cortex-a53_musl/root-qualcommax/stamp/.kmod-qca-nss-drv-map-t_installed
echo "kmod-qca-nss-drv-map-t" >> /home/albresky/repos/openwrt-6.x/staging_dir/target-aarch64_cortex-a53_musl/pkginfo/qca-nss-clients.default.install
mkdir -p /home/albresky/repos/openwrt-6.x/staging_dir/target-aarch64_cortex-a53_musl/root-qualcommax/stamp
SHELL= flock /home/albresky/repos/openwrt-6.x/tmp/.root-copy.flock -c 'cp -fpR /home/albresky/repos/openwrt-6.x/build_dir/target-aarch64_cortex-a53_musl/linux-qualcommax_ipq60xx/qca-nss-clients-12.5.2024.06.12~1bcef16/.pkgdir/kmod-qca-nss-drv-tunipip6/. /home/albresky/repos/openwrt-6.x/staging_dir/target-aarch64_cortex-a53_musl/root-qualcommax/'
touch /home/albresky/repos/openwrt-6.x/staging_dir/target-aarch64_cortex-a53_musl/root-qualcommax/stamp/.kmod-qca-nss-drv-tunipip6_installed
echo "kmod-qca-nss-drv-tunipip6" >> /home/albresky/repos/openwrt-6.x/staging_dir/target-aarch64_cortex-a53_musl/pkginfo/qca-nss-clients.default.install
mkdir -p /home/albresky/repos/openwrt-6.x/staging_dir/target-aarch64_cortex-a53_musl/root-qualcommax/stamp
SHELL= flock /home/albresky/repos/openwrt-6.x/tmp/.root-copy.flock -c 'cp -fpR /home/albresky/repos/openwrt-6.x/build_dir/target-aarch64_cortex-a53_musl/linux-qualcommax_ipq60xx/qca-nss-clients-12.5.2024.06.12~1bcef16/.pkgdir/kmod-qca-nss-drv-qdisc/. /home/albresky/repos/openwrt-6.x/staging_dir/target-aarch64_cortex-a53_musl/root-qualcommax/'
touch /home/albresky/repos/openwrt-6.x/staging_dir/target-aarch64_cortex-a53_musl/root-qualcommax/stamp/.kmod-qca-nss-drv-qdisc_installed
echo "kmod-qca-nss-drv-qdisc" >> /home/albresky/repos/openwrt-6.x/staging_dir/target-aarch64_cortex-a53_musl/pkginfo/qca-nss-clients.default.install
mkdir -p /home/albresky/repos/openwrt-6.x/staging_dir/target-aarch64_cortex-a53_musl/root-qualcommax/stamp
SHELL= flock /home/albresky/repos/openwrt-6.x/tmp/.root-copy.flock -c 'cp -fpR /home/albresky/repos/openwrt-6.x/build_dir/target-aarch64_cortex-a53_musl/linux-qualcommax_ipq60xx/qca-nss-clients-12.5.2024.06.12~1bcef16/.pkgdir/kmod-qca-nss-drv-igs/. /home/albresky/repos/openwrt-6.x/staging_dir/target-aarch64_cortex-a53_musl/root-qualcommax/'
touch /home/albresky/repos/openwrt-6.x/staging_dir/target-aarch64_cortex-a53_musl/root-qualcommax/stamp/.kmod-qca-nss-drv-igs_installed
echo "kmod-qca-nss-drv-igs" >> /home/albresky/repos/openwrt-6.x/staging_dir/target-aarch64_cortex-a53_musl/pkginfo/qca-nss-clients.default.install
mkdir -p /home/albresky/repos/openwrt-6.x/staging_dir/target-aarch64_cortex-a53_musl/root-qualcommax/stamp
SHELL= flock /home/albresky/repos/openwrt-6.x/tmp/.root-copy.flock -c 'cp -fpR /home/albresky/repos/openwrt-6.x/build_dir/target-aarch64_cortex-a53_musl/linux-qualcommax_ipq60xx/qca-nss-clients-12.5.2024.06.12~1bcef16/.pkgdir/kmod-qca-nss-drv-bridge-mgr/. /home/albresky/repos/openwrt-6.x/staging_dir/target-aarch64_cortex-a53_musl/root-qualcommax/'
touch /home/albresky/repos/openwrt-6.x/staging_dir/target-aarch64_cortex-a53_musl/root-qualcommax/stamp/.kmod-qca-nss-drv-bridge-mgr_installed
echo "kmod-qca-nss-drv-bridge-mgr" >> /home/albresky/repos/openwrt-6.x/staging_dir/target-aarch64_cortex-a53_musl/pkginfo/qca-nss-clients.default.install
mkdir -p /home/albresky/repos/openwrt-6.x/staging_dir/target-aarch64_cortex-a53_musl/root-qualcommax/stamp
SHELL= flock /home/albresky/repos/openwrt-6.x/tmp/.root-copy.flock -c 'cp -fpR /home/albresky/repos/openwrt-6.x/build_dir/target-aarch64_cortex-a53_musl/linux-qualcommax_ipq60xx/qca-nss-clients-12.5.2024.06.12~1bcef16/.pkgdir/kmod-qca-nss-drv-vlan-mgr/. /home/albresky/repos/openwrt-6.x/staging_dir/target-aarch64_cortex-a53_musl/root-qualcommax/'
touch /home/albresky/repos/openwrt-6.x/staging_dir/target-aarch64_cortex-a53_musl/root-qualcommax/stamp/.kmod-qca-nss-drv-vlan-mgr_installed
echo "kmod-qca-nss-drv-vlan-mgr" >> /home/albresky/repos/openwrt-6.x/staging_dir/target-aarch64_cortex-a53_musl/pkginfo/qca-nss-clients.default.install
mkdir -p /home/albresky/repos/openwrt-6.x/staging_dir/target-aarch64_cortex-a53_musl/root-qualcommax/stamp
SHELL= flock /home/albresky/repos/openwrt-6.x/tmp/.root-copy.flock -c 'cp -fpR /home/albresky/repos/openwrt-6.x/build_dir/target-aarch64_cortex-a53_musl/linux-qualcommax_ipq60xx/qca-nss-clients-12.5.2024.06.12~1bcef16/.pkgdir/kmod-qca-nss-drv-lag-mgr/. /home/albresky/repos/openwrt-6.x/staging_dir/target-aarch64_cortex-a53_musl/root-qualcommax/'
touch /home/albresky/repos/openwrt-6.x/staging_dir/target-aarch64_cortex-a53_musl/root-qualcommax/stamp/.kmod-qca-nss-drv-lag-mgr_installed
echo "kmod-qca-nss-drv-lag-mgr" >> /home/albresky/repos/openwrt-6.x/staging_dir/target-aarch64_cortex-a53_musl/pkginfo/qca-nss-clients.default.install
mkdir -p /home/albresky/repos/openwrt-6.x/staging_dir/target-aarch64_cortex-a53_musl/root-qualcommax/stamp
SHELL= flock /home/albresky/repos/openwrt-6.x/tmp/.root-copy.flock -c 'cp -fpR /home/albresky/repos/openwrt-6.x/build_dir/target-aarch64_cortex-a53_musl/linux-qualcommax_ipq60xx/qca-nss-clients-12.5.2024.06.12~1bcef16/.pkgdir/kmod-qca-nss-drv-gre/. /home/albresky/repos/openwrt-6.x/staging_dir/target-aarch64_cortex-a53_musl/root-qualcommax/'
touch /home/albresky/repos/openwrt-6.x/staging_dir/target-aarch64_cortex-a53_musl/root-qualcommax/stamp/.kmod-qca-nss-drv-gre_installed
echo "kmod-qca-nss-drv-gre" >> /home/albresky/repos/openwrt-6.x/staging_dir/target-aarch64_cortex-a53_musl/pkginfo/qca-nss-clients.default.install
mkdir -p /home/albresky/repos/openwrt-6.x/staging_dir/target-aarch64_cortex-a53_musl/root-qualcommax/stamp
SHELL= flock /home/albresky/repos/openwrt-6.x/tmp/.root-copy.flock -c 'cp -fpR /home/albresky/repos/openwrt-6.x/build_dir/target-aarch64_cortex-a53_musl/linux-qualcommax_ipq60xx/qca-nss-clients-12.5.2024.06.12~1bcef16/.pkgdir/kmod-qca-nss-drv-eogremgr/. /home/albresky/repos/openwrt-6.x/staging_dir/target-aarch64_cortex-a53_musl/root-qualcommax/'
touch /home/albresky/repos/openwrt-6.x/staging_dir/target-aarch64_cortex-a53_musl/root-qualcommax/stamp/.kmod-qca-nss-drv-eogremgr_installed
echo "kmod-qca-nss-drv-eogremgr" >> /home/albresky/repos/openwrt-6.x/staging_dir/target-aarch64_cortex-a53_musl/pkginfo/qca-nss-clients.default.install
mkdir -p /home/albresky/repos/openwrt-6.x/staging_dir/target-aarch64_cortex-a53_musl/root-qualcommax/stamp
SHELL= flock /home/albresky/repos/openwrt-6.x/tmp/.root-copy.flock -c 'cp -fpR /home/albresky/repos/openwrt-6.x/build_dir/target-aarch64_cortex-a53_musl/linux-qualcommax_ipq60xx/qca-nss-clients-12.5.2024.06.12~1bcef16/.pkgdir/kmod-qca-nss-drv-vxlanmgr/. /home/albresky/repos/openwrt-6.x/staging_dir/target-aarch64_cortex-a53_musl/root-qualcommax/'
touch /home/albresky/repos/openwrt-6.x/staging_dir/target-aarch64_cortex-a53_musl/root-qualcommax/stamp/.kmod-qca-nss-drv-vxlanmgr_installed
echo "kmod-qca-nss-drv-vxlanmgr" >> /home/albresky/repos/openwrt-6.x/staging_dir/target-aarch64_cortex-a53_musl/pkginfo/qca-nss-clients.default.install
mkdir -p /home/albresky/repos/openwrt-6.x/staging_dir/target-aarch64_cortex-a53_musl/root-qualcommax/stamp
SHELL= flock /home/albresky/repos/openwrt-6.x/tmp/.root-copy.flock -c 'cp -fpR /home/albresky/repos/openwrt-6.x/build_dir/target-aarch64_cortex-a53_musl/linux-qualcommax_ipq60xx/qca-nss-clients-12.5.2024.06.12~1bcef16/.pkgdir/kmod-qca-nss-drv-match/. /home/albresky/repos/openwrt-6.x/staging_dir/target-aarch64_cortex-a53_musl/root-qualcommax/'
touch /home/albresky/repos/openwrt-6.x/staging_dir/target-aarch64_cortex-a53_musl/root-qualcommax/stamp/.kmod-qca-nss-drv-match_installed
echo "kmod-qca-nss-drv-match" >> /home/albresky/repos/openwrt-6.x/staging_dir/target-aarch64_cortex-a53_musl/pkginfo/qca-nss-clients.default.install
mkdir -p /home/albresky/repos/openwrt-6.x/staging_dir/target-aarch64_cortex-a53_musl/root-qualcommax/stamp
SHELL= flock /home/albresky/repos/openwrt-6.x/tmp/.root-copy.flock -c 'cp -fpR /home/albresky/repos/openwrt-6.x/build_dir/target-aarch64_cortex-a53_musl/linux-qualcommax_ipq60xx/qca-nss-clients-12.5.2024.06.12~1bcef16/.pkgdir/kmod-qca-nss-drv-mirror/. /home/albresky/repos/openwrt-6.x/staging_dir/target-aarch64_cortex-a53_musl/root-qualcommax/'
touch /home/albresky/repos/openwrt-6.x/staging_dir/target-aarch64_cortex-a53_musl/root-qualcommax/stamp/.kmod-qca-nss-drv-mirror_installed
echo "kmod-qca-nss-drv-mirror" >> /home/albresky/repos/openwrt-6.x/staging_dir/target-aarch64_cortex-a53_musl/pkginfo/qca-nss-clients.default.install
make[3]: Leaving directory '/home/albresky/repos/openwrt-6.x/feeds/nss_packages/qca-nss-clients'
time: package/feeds/nss_packages/qca-nss-clients/compile#0.22#0.35#0.55
make[3]: Entering directory '/home/albresky/repos/openwrt-6.x/package/network/utils/ethtool'
mkdir -p /home/albresky/repos/openwrt-6.x/staging_dir/target-aarch64_cortex-a53_musl/root-qualcommax/stamp
SHELL= flock /home/albresky/repos/openwrt-6.x/tmp/.root-copy.flock -c 'cp -fpR /home/albresky/repos/openwrt-6.x/build_dir/target-aarch64_cortex-a53_musl/ethtool-tiny/ethtool-6.6/.pkgdir/ethtool/. /home/albresky/repos/openwrt-6.x/staging_dir/target-aarch64_cortex-a53_musl/root-qualcommax/'
touch /home/albresky/repos/openwrt-6.x/staging_dir/target-aarch64_cortex-a53_musl/root-qualcommax/stamp/.ethtool_installed
echo "ethtool" >> /home/albresky/repos/openwrt-6.x/staging_dir/target-aarch64_cortex-a53_musl/pkginfo/ethtool.tiny.install
make[3]: Leaving directory '/home/albresky/repos/openwrt-6.x/package/network/utils/ethtool'
time: package/network/utils/ethtool/tiny/compile#0.15#0.14#0.26
make[3]: Entering directory '/home/albresky/repos/openwrt-6.x/feeds/nss_packages/qca-nss-ecm'
mkdir -p /home/albresky/repos/openwrt-6.x/staging_dir/target-aarch64_cortex-a53_musl/root-qualcommax/stamp
SHELL= flock /home/albresky/repos/openwrt-6.x/tmp/.root-copy.flock -c 'cp -fpR /home/albresky/repos/openwrt-6.x/build_dir/target-aarch64_cortex-a53_musl/linux-qualcommax_ipq60xx/qca-nss-ecm-12.5.2024.06.20~92c7fa1/.pkgdir/kmod-qca-nss-ecm/. /home/albresky/repos/openwrt-6.x/staging_dir/target-aarch64_cortex-a53_musl/root-qualcommax/'
touch /home/albresky/repos/openwrt-6.x/staging_dir/target-aarch64_cortex-a53_musl/root-qualcommax/stamp/.kmod-qca-nss-ecm_installed
echo "kmod-qca-nss-ecm" >> /home/albresky/repos/openwrt-6.x/staging_dir/target-aarch64_cortex-a53_musl/pkginfo/qca-nss-ecm.default.install
make[3]: Leaving directory '/home/albresky/repos/openwrt-6.x/feeds/nss_packages/qca-nss-ecm'
time: package/feeds/nss_packages/qca-nss-ecm/compile#0.12#0.18#0.27
make[3]: Entering directory '/home/albresky/repos/openwrt-6.x/feeds/nss_packages/qca-nss-macsec'
mkdir -p /home/albresky/repos/openwrt-6.x/staging_dir/target-aarch64_cortex-a53_musl/root-qualcommax/stamp
SHELL= flock /home/albresky/repos/openwrt-6.x/tmp/.root-copy.flock -c 'cp -fpR /home/albresky/repos/openwrt-6.x/build_dir/target-aarch64_cortex-a53_musl/linux-qualcommax_ipq60xx/qca-nss-macsec-12.4.5.2023.10.16~b94e22d/.pkgdir/kmod-qca-nss-macsec/. /home/albresky/repos/openwrt-6.x/staging_dir/target-aarch64_cortex-a53_musl/root-qualcommax/'
touch /home/albresky/repos/openwrt-6.x/staging_dir/target-aarch64_cortex-a53_musl/root-qualcommax/stamp/.kmod-qca-nss-macsec_installed
echo "kmod-qca-nss-macsec" >> /home/albresky/repos/openwrt-6.x/staging_dir/target-aarch64_cortex-a53_musl/pkginfo/qca-nss-macsec.default.install
make[3]: Leaving directory '/home/albresky/repos/openwrt-6.x/feeds/nss_packages/qca-nss-macsec'
time: package/feeds/nss_packages/qca-nss-macsec/compile#0.12#0.17#0.27
make[3]: Entering directory '/home/albresky/repos/openwrt-6.x/feeds/packages/libs/nghttp3'
rm -rf /home/albresky/repos/openwrt-6.x/build_dir/target-aarch64_cortex-a53_musl/nghttp3-1.4.0/.pkgdir/libnghttp3.installed /home/albresky/repos/openwrt-6.x/build_dir/target-aarch64_cortex-a53_musl/nghttp3-1.4.0/.pkgdir/libnghttp3
mkdir -p /home/albresky/repos/openwrt-6.x/build_dir/target-aarch64_cortex-a53_musl/nghttp3-1.4.0/.pkgdir/libnghttp3
install -d -m0755 /home/albresky/repos/openwrt-6.x/build_dir/target-aarch64_cortex-a53_musl/nghttp3-1.4.0/.pkgdir/libnghttp3/usr/lib
install -m0644 /home/albresky/repos/openwrt-6.x/build_dir/target-aarch64_cortex-a53_musl/nghttp3-1.4.0/ipkg-install/usr/lib/libnghttp3.so* /home/albresky/repos/openwrt-6.x/build_dir/target-aarch64_cortex-a53_musl/nghttp3-1.4.0/.pkgdir/libnghttp3/usr/lib
touch /home/albresky/repos/openwrt-6.x/build_dir/target-aarch64_cortex-a53_musl/nghttp3-1.4.0/.pkgdir/libnghttp3.installed
mkdir -p /home/albresky/repos/openwrt-6.x/staging_dir/target-aarch64_cortex-a53_musl/root-qualcommax/stamp
SHELL= flock /home/albresky/repos/openwrt-6.x/tmp/.root-copy.flock -c 'cp -fpR /home/albresky/repos/openwrt-6.x/build_dir/target-aarch64_cortex-a53_musl/nghttp3-1.4.0/.pkgdir/libnghttp3/. /home/albresky/repos/openwrt-6.x/staging_dir/target-aarch64_cortex-a53_musl/root-qualcommax/'
touch /home/albresky/repos/openwrt-6.x/staging_dir/target-aarch64_cortex-a53_musl/root-qualcommax/stamp/.libnghttp3_installed
rm -rf /home/albresky/repos/openwrt-6.x/build_dir/target-aarch64_cortex-a53_musl/nghttp3-1.4.0/ipkg-aarch64_cortex-a53/libnghttp3
/home/albresky/repos/openwrt-6.x/scripts/ipkg-remove libnghttp3 /home/albresky/repos/openwrt-6.x/bin/packages/aarch64_cortex-a53/packages/libnghttp3_1.4.0-r1_aarch64_cortex-a53.ipk
removed '/home/albresky/repos/openwrt-6.x/bin/packages/aarch64_cortex-a53/packages/libnghttp3_1.4.0-r1_aarch64_cortex-a53.ipk'
mkdir -p /home/albresky/repos/openwrt-6.x/bin/targets/qualcommax/ipq60xx/packages /home/albresky/repos/openwrt-6.x/build_dir/target-aarch64_cortex-a53_musl/nghttp3-1.4.0/ipkg-aarch64_cortex-a53/libnghttp3 /home/albresky/repos/openwrt-6.x/staging_dir/target-aarch64_cortex-a53_musl/pkginfo
install -d -m0755 /home/albresky/repos/openwrt-6.x/build_dir/target-aarch64_cortex-a53_musl/nghttp3-1.4.0/ipkg-aarch64_cortex-a53/libnghttp3/usr/lib
install -m0644 /home/albresky/repos/openwrt-6.x/build_dir/target-aarch64_cortex-a53_musl/nghttp3-1.4.0/ipkg-install/usr/lib/libnghttp3.so* /home/albresky/repos/openwrt-6.x/build_dir/target-aarch64_cortex-a53_musl/nghttp3-1.4.0/ipkg-aarch64_cortex-a53/libnghttp3/usr/lib
find /home/albresky/repos/openwrt-6.x/build_dir/target-aarch64_cortex-a53_musl/nghttp3-1.4.0/ipkg-aarch64_cortex-a53/libnghttp3 -name 'CVS' -o -name '.svn' -o -name '.#*' -o -name '*~'| xargs -r rm -rf
export CROSS="aarch64-openwrt-linux-musl-"  NO_RENAME=1 ; NM="aarch64-openwrt-linux-musl-nm" STRIP="/home/albresky/repos/openwrt-6.x/staging_dir/host/bin/sstrip -z" STRIP_KMOD="/home/albresky/repos/openwrt-6.x/scripts/strip-kmod.sh" PATCHELF="/home/albresky/repos/openwrt-6.x/staging_dir/host/bin/patchelf" /home/albresky/repos/openwrt-6.x/scripts/rstrip.sh /home/albresky/repos/openwrt-6.x/build_dir/target-aarch64_cortex-a53_musl/nghttp3-1.4.0/ipkg-aarch64_cortex-a53/libnghttp3
rstrip.sh: /home/albresky/repos/openwrt-6.x/build_dir/target-aarch64_cortex-a53_musl/nghttp3-1.4.0/ipkg-aarch64_cortex-a53/libnghttp3/usr/lib/libnghttp3.so: shared object
rstrip.sh: /home/albresky/repos/openwrt-6.x/build_dir/target-aarch64_cortex-a53_musl/nghttp3-1.4.0/ipkg-aarch64_cortex-a53/libnghttp3/usr/lib/libnghttp3.so.9: shared object
rstrip.sh: /home/albresky/repos/openwrt-6.x/build_dir/target-aarch64_cortex-a53_musl/nghttp3-1.4.0/ipkg-aarch64_cortex-a53/libnghttp3/usr/lib/libnghttp3.so.9.2.2: shared object
install -d -m0755 /home/albresky/repos/openwrt-6.x/bin/packages/aarch64_cortex-a53/packages/tmp
mkdir -p /home/albresky/repos/openwrt-6.x/build_dir/target-aarch64_cortex-a53_musl/nghttp3-1.4.0/ipkg-aarch64_cortex-a53/libnghttp3/CONTROL
(cd /home/albresky/repos/openwrt-6.x/build_dir/target-aarch64_cortex-a53_musl/nghttp3-1.4.0/ipkg-aarch64_cortex-a53/libnghttp3/CONTROL; ( echo "$CONTROL"; printf "Description: "; echo "$DESCRIPTION" | sed -e 's,^[[:space:]]*, ,g'; ) > control; chmod 644 control; ( echo "#!/bin/sh"; echo "[ \"\${IPKG_NO_SCRIPT}\" = \"1\" ] && exit 0"; echo "[ -s "\${IPKG_INSTROOT}/lib/functions.sh" ] || exit 0"; echo ". \${IPKG_INSTROOT}/lib/functions.sh"; echo "default_postinst \$0 \$@"; ) > postinst; ( echo "#!/bin/sh"; echo "[ -s "\${IPKG_INSTROOT}/lib/functions.sh" ] || exit 0"; echo ". \${IPKG_INSTROOT}/lib/functions.sh"; echo "default_prerm \$0 \$@"; ) > prerm; chmod 0755 postinst prerm;  )
/home/albresky/repos/openwrt-6.x/staging_dir/host/bin/fakeroot /home/albresky/repos/openwrt-6.x/staging_dir/host/bin/bash /home/albresky/repos/openwrt-6.x/scripts/ipkg-build -m "" /home/albresky/repos/openwrt-6.x/build_dir/target-aarch64_cortex-a53_musl/nghttp3-1.4.0/ipkg-aarch64_cortex-a53/libnghttp3 /home/albresky/repos/openwrt-6.x/bin/packages/aarch64_cortex-a53/packages
Packaged contents of /home/albresky/repos/openwrt-6.x/build_dir/target-aarch64_cortex-a53_musl/nghttp3-1.4.0/ipkg-aarch64_cortex-a53/libnghttp3 into /home/albresky/repos/openwrt-6.x/bin/packages/aarch64_cortex-a53/packages/libnghttp3_1.4.0-r1_aarch64_cortex-a53.ipk
echo "libnghttp3" >> /home/albresky/repos/openwrt-6.x/staging_dir/target-aarch64_cortex-a53_musl/pkginfo/nghttp3.default.install
make[3]: Leaving directory '/home/albresky/repos/openwrt-6.x/feeds/packages/libs/nghttp3'
time: package/feeds/packages/nghttp3/compile#0.24#0.35#0.53
make[3]: Entering directory '/home/albresky/repos/openwrt-6.x/feeds/packages/libs/ngtcp2'
rm -rf /home/albresky/repos/openwrt-6.x/build_dir/target-aarch64_cortex-a53_musl/ngtcp2-1.6.0/.pkgdir/libngtcp2.installed /home/albresky/repos/openwrt-6.x/build_dir/target-aarch64_cortex-a53_musl/ngtcp2-1.6.0/.pkgdir/libngtcp2
mkdir -p /home/albresky/repos/openwrt-6.x/build_dir/target-aarch64_cortex-a53_musl/ngtcp2-1.6.0/.pkgdir/libngtcp2
install -d -m0755 /home/albresky/repos/openwrt-6.x/build_dir/target-aarch64_cortex-a53_musl/ngtcp2-1.6.0/.pkgdir/libngtcp2/usr/lib
install -m0644 /home/albresky/repos/openwrt-6.x/build_dir/target-aarch64_cortex-a53_musl/ngtcp2-1.6.0/ipkg-install/usr/lib/libngtcp2*.so* /home/albresky/repos/openwrt-6.x/build_dir/target-aarch64_cortex-a53_musl/ngtcp2-1.6.0/.pkgdir/libngtcp2/usr/lib
touch /home/albresky/repos/openwrt-6.x/build_dir/target-aarch64_cortex-a53_musl/ngtcp2-1.6.0/.pkgdir/libngtcp2.installed
mkdir -p /home/albresky/repos/openwrt-6.x/staging_dir/target-aarch64_cortex-a53_musl/root-qualcommax/stamp
SHELL= flock /home/albresky/repos/openwrt-6.x/tmp/.root-copy.flock -c 'cp -fpR /home/albresky/repos/openwrt-6.x/build_dir/target-aarch64_cortex-a53_musl/ngtcp2-1.6.0/.pkgdir/libngtcp2/. /home/albresky/repos/openwrt-6.x/staging_dir/target-aarch64_cortex-a53_musl/root-qualcommax/'
touch /home/albresky/repos/openwrt-6.x/staging_dir/target-aarch64_cortex-a53_musl/root-qualcommax/stamp/.libngtcp2_installed
rm -rf /home/albresky/repos/openwrt-6.x/build_dir/target-aarch64_cortex-a53_musl/ngtcp2-1.6.0/ipkg-aarch64_cortex-a53/libngtcp2
/home/albresky/repos/openwrt-6.x/scripts/ipkg-remove libngtcp2 /home/albresky/repos/openwrt-6.x/bin/packages/aarch64_cortex-a53/base/libngtcp2_1.6.0-r1_aarch64_cortex-a53.ipk
removed '/home/albresky/repos/openwrt-6.x/bin/packages/aarch64_cortex-a53/base/libngtcp2_1.6.0-r1_aarch64_cortex-a53.ipk'
mkdir -p /home/albresky/repos/openwrt-6.x/bin/targets/qualcommax/ipq60xx/packages /home/albresky/repos/openwrt-6.x/build_dir/target-aarch64_cortex-a53_musl/ngtcp2-1.6.0/ipkg-aarch64_cortex-a53/libngtcp2 /home/albresky/repos/openwrt-6.x/staging_dir/target-aarch64_cortex-a53_musl/pkginfo
install -d -m0755 /home/albresky/repos/openwrt-6.x/build_dir/target-aarch64_cortex-a53_musl/ngtcp2-1.6.0/ipkg-aarch64_cortex-a53/libngtcp2/usr/lib
install -m0644 /home/albresky/repos/openwrt-6.x/build_dir/target-aarch64_cortex-a53_musl/ngtcp2-1.6.0/ipkg-install/usr/lib/libngtcp2*.so* /home/albresky/repos/openwrt-6.x/build_dir/target-aarch64_cortex-a53_musl/ngtcp2-1.6.0/ipkg-aarch64_cortex-a53/libngtcp2/usr/lib
find /home/albresky/repos/openwrt-6.x/build_dir/target-aarch64_cortex-a53_musl/ngtcp2-1.6.0/ipkg-aarch64_cortex-a53/libngtcp2 -name 'CVS' -o -name '.svn' -o -name '.#*' -o -name '*~'| xargs -r rm -rf
export CROSS="aarch64-openwrt-linux-musl-"  NO_RENAME=1 ; NM="aarch64-openwrt-linux-musl-nm" STRIP="/home/albresky/repos/openwrt-6.x/staging_dir/host/bin/sstrip -z" STRIP_KMOD="/home/albresky/repos/openwrt-6.x/scripts/strip-kmod.sh" PATCHELF="/home/albresky/repos/openwrt-6.x/staging_dir/host/bin/patchelf" /home/albresky/repos/openwrt-6.x/scripts/rstrip.sh /home/albresky/repos/openwrt-6.x/build_dir/target-aarch64_cortex-a53_musl/ngtcp2-1.6.0/ipkg-aarch64_cortex-a53/libngtcp2
rstrip.sh: /home/albresky/repos/openwrt-6.x/build_dir/target-aarch64_cortex-a53_musl/ngtcp2-1.6.0/ipkg-aarch64_cortex-a53/libngtcp2/usr/lib/libngtcp2.so.16.2.2: shared object
rstrip.sh: /home/albresky/repos/openwrt-6.x/build_dir/target-aarch64_cortex-a53_musl/ngtcp2-1.6.0/ipkg-aarch64_cortex-a53/libngtcp2/usr/lib/libngtcp2_crypto_quictls.so.2.2.1: shared object
rstrip.sh: /home/albresky/repos/openwrt-6.x/build_dir/target-aarch64_cortex-a53_musl/ngtcp2-1.6.0/ipkg-aarch64_cortex-a53/libngtcp2/usr/lib/libngtcp2.so: shared object
rstrip.sh: /home/albresky/repos/openwrt-6.x/build_dir/target-aarch64_cortex-a53_musl/ngtcp2-1.6.0/ipkg-aarch64_cortex-a53/libngtcp2/usr/lib/libngtcp2_crypto_quictls.so.2: shared object
rstrip.sh: /home/albresky/repos/openwrt-6.x/build_dir/target-aarch64_cortex-a53_musl/ngtcp2-1.6.0/ipkg-aarch64_cortex-a53/libngtcp2/usr/lib/libngtcp2.so.16: shared object
rstrip.sh: /home/albresky/repos/openwrt-6.x/build_dir/target-aarch64_cortex-a53_musl/ngtcp2-1.6.0/ipkg-aarch64_cortex-a53/libngtcp2/usr/lib/libngtcp2_crypto_quictls.so: shared object
install -d -m0755 /home/albresky/repos/openwrt-6.x/bin/packages/aarch64_cortex-a53/packages/tmp
mkdir -p /home/albresky/repos/openwrt-6.x/build_dir/target-aarch64_cortex-a53_musl/ngtcp2-1.6.0/ipkg-aarch64_cortex-a53/libngtcp2/CONTROL
(cd /home/albresky/repos/openwrt-6.x/build_dir/target-aarch64_cortex-a53_musl/ngtcp2-1.6.0/ipkg-aarch64_cortex-a53/libngtcp2/CONTROL; ( echo "$CONTROL"; printf "Description: "; echo "$DESCRIPTION" | sed -e 's,^[[:space:]]*, ,g'; ) > control; chmod 644 control; ( echo "#!/bin/sh"; echo "[ \"\${IPKG_NO_SCRIPT}\" = \"1\" ] && exit 0"; echo "[ -s "\${IPKG_INSTROOT}/lib/functions.sh" ] || exit 0"; echo ". \${IPKG_INSTROOT}/lib/functions.sh"; echo "default_postinst \$0 \$@"; ) > postinst; ( echo "#!/bin/sh"; echo "[ -s "\${IPKG_INSTROOT}/lib/functions.sh" ] || exit 0"; echo ". \${IPKG_INSTROOT}/lib/functions.sh"; echo "default_prerm \$0 \$@"; ) > prerm; chmod 0755 postinst prerm;  )
/home/albresky/repos/openwrt-6.x/staging_dir/host/bin/fakeroot /home/albresky/repos/openwrt-6.x/staging_dir/host/bin/bash /home/albresky/repos/openwrt-6.x/scripts/ipkg-build -m "" /home/albresky/repos/openwrt-6.x/build_dir/target-aarch64_cortex-a53_musl/ngtcp2-1.6.0/ipkg-aarch64_cortex-a53/libngtcp2 /home/albresky/repos/openwrt-6.x/bin/packages/aarch64_cortex-a53/packages
Packaged contents of /home/albresky/repos/openwrt-6.x/build_dir/target-aarch64_cortex-a53_musl/ngtcp2-1.6.0/ipkg-aarch64_cortex-a53/libngtcp2 into /home/albresky/repos/openwrt-6.x/bin/packages/aarch64_cortex-a53/packages/libngtcp2_1.6.0-r1_aarch64_cortex-a53.ipk
echo "libngtcp2" >> /home/albresky/repos/openwrt-6.x/staging_dir/target-aarch64_cortex-a53_musl/pkginfo/ngtcp2.default.install
make[3]: Leaving directory '/home/albresky/repos/openwrt-6.x/feeds/packages/libs/ngtcp2'
time: package/feeds/packages/ngtcp2/compile#0.27#0.40#0.62
make[3]: Entering directory '/home/albresky/repos/openwrt-6.x/feeds/packages/net/curl'
mkdir -p /home/albresky/repos/openwrt-6.x/staging_dir/target-aarch64_cortex-a53_musl/root-qualcommax/stamp
echo '4' | cmp -s - /home/albresky/repos/openwrt-6.x/staging_dir/target-aarch64_cortex-a53_musl/pkginfo/libcurl.version || { echo '4' > /home/albresky/repos/openwrt-6.x/staging_dir/target-aarch64_cortex-a53_musl/pkginfo/libcurl.version;  } 
SHELL= flock /home/albresky/repos/openwrt-6.x/tmp/.root-copy.flock -c 'cp -fpR /home/albresky/repos/openwrt-6.x/build_dir/target-aarch64_cortex-a53_musl/curl-8.9.0/.pkgdir/libcurl/. /home/albresky/repos/openwrt-6.x/staging_dir/target-aarch64_cortex-a53_musl/root-qualcommax/'
touch /home/albresky/repos/openwrt-6.x/staging_dir/target-aarch64_cortex-a53_musl/root-qualcommax/stamp/.libcurl_installed
echo "libcurl" >> /home/albresky/repos/openwrt-6.x/staging_dir/target-aarch64_cortex-a53_musl/pkginfo/curl.default.install
mkdir -p /home/albresky/repos/openwrt-6.x/staging_dir/target-aarch64_cortex-a53_musl/root-qualcommax/stamp
SHELL= flock /home/albresky/repos/openwrt-6.x/tmp/.root-copy.flock -c 'cp -fpR /home/albresky/repos/openwrt-6.x/build_dir/target-aarch64_cortex-a53_musl/curl-8.9.0/.pkgdir/curl/. /home/albresky/repos/openwrt-6.x/staging_dir/target-aarch64_cortex-a53_musl/root-qualcommax/'
touch /home/albresky/repos/openwrt-6.x/staging_dir/target-aarch64_cortex-a53_musl/root-qualcommax/stamp/.curl_installed
echo "curl" >> /home/albresky/repos/openwrt-6.x/staging_dir/target-aarch64_cortex-a53_musl/pkginfo/curl.default.install
make[3]: Leaving directory '/home/albresky/repos/openwrt-6.x/feeds/packages/net/curl'
time: package/feeds/packages/curl/compile#0.11#0.26#0.33
make[3]: Entering directory '/home/albresky/repos/openwrt-6.x/feeds/packages/libs/gdbm'
mkdir -p /home/albresky/repos/openwrt-6.x/staging_dir/target-aarch64_cortex-a53_musl/root-qualcommax/stamp
SHELL= flock /home/albresky/repos/openwrt-6.x/tmp/.root-copy.flock -c 'cp -fpR /home/albresky/repos/openwrt-6.x/build_dir/target-aarch64_cortex-a53_musl/gdbm-1.23/.pkgdir/libgdbm/. /home/albresky/repos/openwrt-6.x/staging_dir/target-aarch64_cortex-a53_musl/root-qualcommax/'
touch /home/albresky/repos/openwrt-6.x/staging_dir/target-aarch64_cortex-a53_musl/root-qualcommax/stamp/.libgdbm_installed
echo "libgdbm" >> /home/albresky/repos/openwrt-6.x/staging_dir/target-aarch64_cortex-a53_musl/pkginfo/gdbm.default.install
make[3]: Leaving directory '/home/albresky/repos/openwrt-6.x/feeds/packages/libs/gdbm'
time: package/feeds/packages/gdbm/compile#0.14#0.14#0.25
make[3]: Entering directory '/home/albresky/repos/openwrt-6.x/feeds/packages/net/iperf'
mkdir -p /home/albresky/repos/openwrt-6.x/staging_dir/target-aarch64_cortex-a53_musl/root-qualcommax/stamp
SHELL= flock /home/albresky/repos/openwrt-6.x/tmp/.root-copy.flock -c 'cp -fpR /home/albresky/repos/openwrt-6.x/build_dir/target-aarch64_cortex-a53_musl/iperf-2.1.9/.pkgdir/iperf/. /home/albresky/repos/openwrt-6.x/staging_dir/target-aarch64_cortex-a53_musl/root-qualcommax/'
touch /home/albresky/repos/openwrt-6.x/staging_dir/target-aarch64_cortex-a53_musl/root-qualcommax/stamp/.iperf_installed
echo "iperf" >> /home/albresky/repos/openwrt-6.x/staging_dir/target-aarch64_cortex-a53_musl/pkginfo/iperf.default.install
make[3]: Leaving directory '/home/albresky/repos/openwrt-6.x/feeds/packages/net/iperf'
time: package/feeds/packages/iperf/compile#0.13#0.14#0.24
make[3]: Entering directory '/home/albresky/repos/openwrt-6.x/feeds/packages/net/iperf3'
mkdir -p /home/albresky/repos/openwrt-6.x/staging_dir/target-aarch64_cortex-a53_musl/root-qualcommax/stamp
SHELL= flock /home/albresky/repos/openwrt-6.x/tmp/.root-copy.flock -c 'cp -fpR /home/albresky/repos/openwrt-6.x/build_dir/target-aarch64_cortex-a53_musl/iperf-nossl/iperf-3.17.1/.pkgdir/iperf3/. /home/albresky/repos/openwrt-6.x/staging_dir/target-aarch64_cortex-a53_musl/root-qualcommax/'
touch /home/albresky/repos/openwrt-6.x/staging_dir/target-aarch64_cortex-a53_musl/root-qualcommax/stamp/.iperf3_installed
echo "iperf3" >> /home/albresky/repos/openwrt-6.x/staging_dir/target-aarch64_cortex-a53_musl/pkginfo/iperf3.nossl.install
mkdir -p /home/albresky/repos/openwrt-6.x/staging_dir/target-aarch64_cortex-a53_musl/root-qualcommax/stamp
SHELL= flock /home/albresky/repos/openwrt-6.x/tmp/.root-copy.flock -c 'cp -fpR /home/albresky/repos/openwrt-6.x/build_dir/target-aarch64_cortex-a53_musl/iperf-nossl/iperf-3.17.1/.pkgdir/libiperf3/. /home/albresky/repos/openwrt-6.x/staging_dir/target-aarch64_cortex-a53_musl/root-qualcommax/'
touch /home/albresky/repos/openwrt-6.x/staging_dir/target-aarch64_cortex-a53_musl/root-qualcommax/stamp/.libiperf3_installed
echo "libiperf3" >> /home/albresky/repos/openwrt-6.x/staging_dir/target-aarch64_cortex-a53_musl/pkginfo/iperf3.nossl.install
make[3]: Leaving directory '/home/albresky/repos/openwrt-6.x/feeds/packages/net/iperf3'
time: package/feeds/packages/iperf3/nossl/compile#0.14#0.15#0.27
make[3]: Entering directory '/home/albresky/repos/openwrt-6.x/feeds/packages/net/iperf3'
mkdir -p /home/albresky/repos/openwrt-6.x/staging_dir/target-aarch64_cortex-a53_musl/root-qualcommax/stamp
SHELL= flock /home/albresky/repos/openwrt-6.x/tmp/.root-copy.flock -c 'cp -fpR /home/albresky/repos/openwrt-6.x/build_dir/target-aarch64_cortex-a53_musl/iperf-ssl/iperf-3.17.1/.pkgdir/iperf3-ssl/. /home/albresky/repos/openwrt-6.x/staging_dir/target-aarch64_cortex-a53_musl/root-qualcommax/'
touch /home/albresky/repos/openwrt-6.x/staging_dir/target-aarch64_cortex-a53_musl/root-qualcommax/stamp/.iperf3-ssl_installed
make[3]: Leaving directory '/home/albresky/repos/openwrt-6.x/feeds/packages/net/iperf3'
time: package/feeds/packages/iperf3/ssl/compile#0.10#0.17#0.24
make[3]: Entering directory '/home/albresky/repos/openwrt-6.x/feeds/packages/libs/libffi'
mkdir -p /home/albresky/repos/openwrt-6.x/staging_dir/target-aarch64_cortex-a53_musl/root-qualcommax/stamp
SHELL= flock /home/albresky/repos/openwrt-6.x/tmp/.root-copy.flock -c 'cp -fpR /home/albresky/repos/openwrt-6.x/build_dir/target-aarch64_cortex-a53_musl/libffi-3.4.6/.pkgdir/libffi/. /home/albresky/repos/openwrt-6.x/staging_dir/target-aarch64_cortex-a53_musl/root-qualcommax/'
touch /home/albresky/repos/openwrt-6.x/staging_dir/target-aarch64_cortex-a53_musl/root-qualcommax/stamp/.libffi_installed
echo "libffi" >> /home/albresky/repos/openwrt-6.x/staging_dir/target-aarch64_cortex-a53_musl/pkginfo/libffi.default.install
make[3]: Leaving directory '/home/albresky/repos/openwrt-6.x/feeds/packages/libs/libffi'
time: package/feeds/packages/libffi/compile#0.18#0.22#0.35
make[3]: Entering directory '/home/albresky/repos/openwrt-6.x/feeds/packages/lang/lua-argparse'
mkdir -p /home/albresky/repos/openwrt-6.x/staging_dir/target-aarch64_cortex-a53_musl/root-qualcommax/stamp
SHELL= flock /home/albresky/repos/openwrt-6.x/tmp/.root-copy.flock -c 'cp -fpR /home/albresky/repos/openwrt-6.x/build_dir/target-aarch64_cortex-a53_musl/argparse-0.6.0/.pkgdir/lua-argparse/. /home/albresky/repos/openwrt-6.x/staging_dir/target-aarch64_cortex-a53_musl/root-qualcommax/'
touch /home/albresky/repos/openwrt-6.x/staging_dir/target-aarch64_cortex-a53_musl/root-qualcommax/stamp/.lua-argparse_installed
echo "lua-argparse" >> /home/albresky/repos/openwrt-6.x/staging_dir/target-aarch64_cortex-a53_musl/pkginfo/lua-argparse.default.install
make[3]: Leaving directory '/home/albresky/repos/openwrt-6.x/feeds/packages/lang/lua-argparse'
time: package/feeds/packages/lua-argparse/compile#0.14#0.13#0.24
make[3]: Entering directory '/home/albresky/repos/openwrt-6.x/feeds/packages/net/netcat'
mkdir -p /home/albresky/repos/openwrt-6.x/staging_dir/target-aarch64_cortex-a53_musl/root-qualcommax/stamp
SHELL= flock /home/albresky/repos/openwrt-6.x/tmp/.root-copy.flock -c 'cp -fpR /home/albresky/repos/openwrt-6.x/build_dir/target-aarch64_cortex-a53_musl/netcat-0.7.1/.pkgdir/netcat/. /home/albresky/repos/openwrt-6.x/staging_dir/target-aarch64_cortex-a53_musl/root-qualcommax/'
touch /home/albresky/repos/openwrt-6.x/staging_dir/target-aarch64_cortex-a53_musl/root-qualcommax/stamp/.netcat_installed
echo "netcat" >> /home/albresky/repos/openwrt-6.x/staging_dir/target-aarch64_cortex-a53_musl/pkginfo/netcat.default.install
make[3]: Leaving directory '/home/albresky/repos/openwrt-6.x/feeds/packages/net/netcat'
time: package/feeds/packages/netcat/compile#0.11#0.15#0.24
make[3]: Entering directory '/home/albresky/repos/openwrt-6.x/feeds/packages/libs/expat'
make[3]: Leaving directory '/home/albresky/repos/openwrt-6.x/feeds/packages/libs/expat'
time: package/feeds/packages/expat/compile#0.11#0.12#0.21
make[3]: Entering directory '/home/albresky/repos/openwrt-6.x/feeds/packages/utils/dbus'
make[3]: Leaving directory '/home/albresky/repos/openwrt-6.x/feeds/packages/utils/dbus'
time: package/feeds/packages/dbus/compile#0.12#0.13#0.23
make[3]: Entering directory '/home/albresky/repos/openwrt-6.x/feeds/packages/libs/glib2'
make[3]: Leaving directory '/home/albresky/repos/openwrt-6.x/feeds/packages/libs/glib2'
time: package/feeds/packages/glib2/compile#0.17#0.24#0.35
make[3]: Entering directory '/home/albresky/repos/openwrt-6.x/feeds/packages/libs/libical'
make[3]: Leaving directory '/home/albresky/repos/openwrt-6.x/feeds/packages/libs/libical'
time: package/feeds/packages/libical/compile#0.13#0.13#0.22
make[3]: Entering directory '/home/albresky/repos/openwrt-6.x/feeds/packages/utils/bluez'
make[3]: Leaving directory '/home/albresky/repos/openwrt-6.x/feeds/packages/utils/bluez'
time: package/feeds/packages/bluez/compile#0.11#0.16#0.25
make[3]: Entering directory '/home/albresky/repos/openwrt-6.x/feeds/packages/lang/python/python-flit-core'
make[3]: Leaving directory '/home/albresky/repos/openwrt-6.x/feeds/packages/lang/python/python-flit-core'
time: package/feeds/packages/python-flit-core/host-compile#0.12#0.11#0.21
make[3]: Entering directory '/home/albresky/repos/openwrt-6.x/feeds/packages/lang/python/python-installer'
make[3]: Leaving directory '/home/albresky/repos/openwrt-6.x/feeds/packages/lang/python/python-installer'
time: package/feeds/packages/python-installer/host-compile#0.11#0.12#0.22
make[3]: Entering directory '/home/albresky/repos/openwrt-6.x/feeds/packages/lang/python/python-packaging'
make[3]: Leaving directory '/home/albresky/repos/openwrt-6.x/feeds/packages/lang/python/python-packaging'
time: package/feeds/packages/python-packaging/host-compile#0.18#0.16#0.30
make[3]: Entering directory '/home/albresky/repos/openwrt-6.x/feeds/packages/lang/python/python-pyproject-hooks'
make[3]: Leaving directory '/home/albresky/repos/openwrt-6.x/feeds/packages/lang/python/python-pyproject-hooks'
time: package/feeds/packages/python-pyproject-hooks/host-compile#0.11#0.11#0.20
make[3]: Entering directory '/home/albresky/repos/openwrt-6.x/feeds/packages/lang/python/python-build'
make[3]: Leaving directory '/home/albresky/repos/openwrt-6.x/feeds/packages/lang/python/python-build'
time: package/feeds/packages/python-build/host-compile#0.10#0.12#0.21
make[3]: Entering directory '/home/albresky/repos/openwrt-6.x/feeds/packages/lang/python/python-wheel'
make[3]: Leaving directory '/home/albresky/repos/openwrt-6.x/feeds/packages/lang/python/python-wheel'
time: package/feeds/packages/python-wheel/host-compile#0.12#0.11#0.21
make[3]: Entering directory '/home/albresky/repos/openwrt-6.x/feeds/packages/libs/sqlite3'
mkdir -p /home/albresky/repos/openwrt-6.x/staging_dir/target-aarch64_cortex-a53_musl/root-qualcommax/stamp
echo '0' | cmp -s - /home/albresky/repos/openwrt-6.x/staging_dir/target-aarch64_cortex-a53_musl/pkginfo/libsqlite3.version || { echo '0' > /home/albresky/repos/openwrt-6.x/staging_dir/target-aarch64_cortex-a53_musl/pkginfo/libsqlite3.version;  } 
SHELL= flock /home/albresky/repos/openwrt-6.x/tmp/.root-copy.flock -c 'cp -fpR /home/albresky/repos/openwrt-6.x/build_dir/target-aarch64_cortex-a53_musl/sqlite-autoconf-3410200/.pkgdir/libsqlite3/. /home/albresky/repos/openwrt-6.x/staging_dir/target-aarch64_cortex-a53_musl/root-qualcommax/'
touch /home/albresky/repos/openwrt-6.x/staging_dir/target-aarch64_cortex-a53_musl/root-qualcommax/stamp/.libsqlite3_installed
echo "libsqlite3" >> /home/albresky/repos/openwrt-6.x/staging_dir/target-aarch64_cortex-a53_musl/pkginfo/sqlite3.default.install
make[3]: Leaving directory '/home/albresky/repos/openwrt-6.x/feeds/packages/libs/sqlite3'
time: package/feeds/packages/sqlite3/compile#0.11#0.18#0.26
make[3]: Entering directory '/home/albresky/repos/openwrt-6.x/feeds/packages/utils/xz'
mkdir -p /home/albresky/repos/openwrt-6.x/staging_dir/target-aarch64_cortex-a53_musl/root-qualcommax/stamp
SHELL= flock /home/albresky/repos/openwrt-6.x/tmp/.root-copy.flock -c 'cp -fpR /home/albresky/repos/openwrt-6.x/build_dir/target-aarch64_cortex-a53_musl/xz-5.4.6/.pkgdir/liblzma/. /home/albresky/repos/openwrt-6.x/staging_dir/target-aarch64_cortex-a53_musl/root-qualcommax/'
touch /home/albresky/repos/openwrt-6.x/staging_dir/target-aarch64_cortex-a53_musl/root-qualcommax/stamp/.liblzma_installed
echo "liblzma" >> /home/albresky/repos/openwrt-6.x/staging_dir/target-aarch64_cortex-a53_musl/pkginfo/xz.default.install
make[3]: Leaving directory '/home/albresky/repos/openwrt-6.x/feeds/packages/utils/xz'
time: package/feeds/packages/xz/compile#0.11#0.17#0.26
make[3]: Entering directory '/home/albresky/repos/openwrt-6.x/package/utils/bzip2'
mkdir -p /home/albresky/repos/openwrt-6.x/staging_dir/target-aarch64_cortex-a53_musl/root-qualcommax/stamp
echo '1.0' | cmp -s - /home/albresky/repos/openwrt-6.x/staging_dir/target-aarch64_cortex-a53_musl/pkginfo/libbz2.version || { echo '1.0' > /home/albresky/repos/openwrt-6.x/staging_dir/target-aarch64_cortex-a53_musl/pkginfo/libbz2.version;  } 
SHELL= flock /home/albresky/repos/openwrt-6.x/tmp/.root-copy.flock -c 'cp -fpR /home/albresky/repos/openwrt-6.x/build_dir/target-aarch64_cortex-a53_musl/bzip2-1.0.8/.pkgdir/libbz2/. /home/albresky/repos/openwrt-6.x/staging_dir/target-aarch64_cortex-a53_musl/root-qualcommax/'
touch /home/albresky/repos/openwrt-6.x/staging_dir/target-aarch64_cortex-a53_musl/root-qualcommax/stamp/.libbz2_installed
echo "libbz2" >> /home/albresky/repos/openwrt-6.x/staging_dir/target-aarch64_cortex-a53_musl/pkginfo/bzip2.default.install
make[3]: Leaving directory '/home/albresky/repos/openwrt-6.x/package/utils/bzip2'
time: package/utils/bzip2/compile#0.20#0.19#0.38
make[3]: Entering directory '/home/albresky/repos/openwrt-6.x/feeds/packages/lang/python/python3'
mkdir -p /home/albresky/repos/openwrt-6.x/staging_dir/target-aarch64_cortex-a53_musl/root-qualcommax/stamp
echo '3.11' | cmp -s - /home/albresky/repos/openwrt-6.x/staging_dir/target-aarch64_cortex-a53_musl/pkginfo/libpython3.version || { echo '3.11' > /home/albresky/repos/openwrt-6.x/staging_dir/target-aarch64_cortex-a53_musl/pkginfo/libpython3.version;  } 
SHELL= flock /home/albresky/repos/openwrt-6.x/tmp/.root-copy.flock -c 'cp -fpR /home/albresky/repos/openwrt-6.x/build_dir/target-aarch64_cortex-a53_musl/Python-3.11.7/.pkgdir/libpython3/. /home/albresky/repos/openwrt-6.x/staging_dir/target-aarch64_cortex-a53_musl/root-qualcommax/'
touch /home/albresky/repos/openwrt-6.x/staging_dir/target-aarch64_cortex-a53_musl/root-qualcommax/stamp/.libpython3_installed
echo "libpython3" >> /home/albresky/repos/openwrt-6.x/staging_dir/target-aarch64_cortex-a53_musl/pkginfo/python3.default.install
mkdir -p /home/albresky/repos/openwrt-6.x/staging_dir/target-aarch64_cortex-a53_musl/root-qualcommax/stamp
SHELL= flock /home/albresky/repos/openwrt-6.x/tmp/.root-copy.flock -c 'cp -fpR /home/albresky/repos/openwrt-6.x/build_dir/target-aarch64_cortex-a53_musl/Python-3.11.7/.pkgdir/python3/. /home/albresky/repos/openwrt-6.x/staging_dir/target-aarch64_cortex-a53_musl/root-qualcommax/'
touch /home/albresky/repos/openwrt-6.x/staging_dir/target-aarch64_cortex-a53_musl/root-qualcommax/stamp/.python3_installed
echo "python3" >> /home/albresky/repos/openwrt-6.x/staging_dir/target-aarch64_cortex-a53_musl/pkginfo/python3.default.install
mkdir -p /home/albresky/repos/openwrt-6.x/staging_dir/target-aarch64_cortex-a53_musl/root-qualcommax/stamp
SHELL= flock /home/albresky/repos/openwrt-6.x/tmp/.root-copy.flock -c 'cp -fpR /home/albresky/repos/openwrt-6.x/build_dir/target-aarch64_cortex-a53_musl/Python-3.11.7/.pkgdir/python3-base/. /home/albresky/repos/openwrt-6.x/staging_dir/target-aarch64_cortex-a53_musl/root-qualcommax/'
touch /home/albresky/repos/openwrt-6.x/staging_dir/target-aarch64_cortex-a53_musl/root-qualcommax/stamp/.python3-base_installed
echo "python3-base" >> /home/albresky/repos/openwrt-6.x/staging_dir/target-aarch64_cortex-a53_musl/pkginfo/python3.default.install
mkdir -p /home/albresky/repos/openwrt-6.x/staging_dir/target-aarch64_cortex-a53_musl/root-qualcommax/stamp
SHELL= flock /home/albresky/repos/openwrt-6.x/tmp/.root-copy.flock -c 'cp -fpR /home/albresky/repos/openwrt-6.x/build_dir/target-aarch64_cortex-a53_musl/Python-3.11.7/.pkgdir/python3-light/. /home/albresky/repos/openwrt-6.x/staging_dir/target-aarch64_cortex-a53_musl/root-qualcommax/'
touch /home/albresky/repos/openwrt-6.x/staging_dir/target-aarch64_cortex-a53_musl/root-qualcommax/stamp/.python3-light_installed
echo "python3-light" >> /home/albresky/repos/openwrt-6.x/staging_dir/target-aarch64_cortex-a53_musl/pkginfo/python3.default.install
mkdir -p /home/albresky/repos/openwrt-6.x/staging_dir/target-aarch64_cortex-a53_musl/root-qualcommax/stamp
SHELL= flock /home/albresky/repos/openwrt-6.x/tmp/.root-copy.flock -c 'cp -fpR /home/albresky/repos/openwrt-6.x/build_dir/target-aarch64_cortex-a53_musl/Python-3.11.7/.pkgdir/python3-asyncio/. /home/albresky/repos/openwrt-6.x/staging_dir/target-aarch64_cortex-a53_musl/root-qualcommax/'
touch /home/albresky/repos/openwrt-6.x/staging_dir/target-aarch64_cortex-a53_musl/root-qualcommax/stamp/.python3-asyncio_installed
echo "python3-asyncio" >> /home/albresky/repos/openwrt-6.x/staging_dir/target-aarch64_cortex-a53_musl/pkginfo/python3.default.install
mkdir -p /home/albresky/repos/openwrt-6.x/staging_dir/target-aarch64_cortex-a53_musl/root-qualcommax/stamp
SHELL= flock /home/albresky/repos/openwrt-6.x/tmp/.root-copy.flock -c 'cp -fpR /home/albresky/repos/openwrt-6.x/build_dir/target-aarch64_cortex-a53_musl/Python-3.11.7/.pkgdir/python3-cgi/. /home/albresky/repos/openwrt-6.x/staging_dir/target-aarch64_cortex-a53_musl/root-qualcommax/'
touch /home/albresky/repos/openwrt-6.x/staging_dir/target-aarch64_cortex-a53_musl/root-qualcommax/stamp/.python3-cgi_installed
echo "python3-cgi" >> /home/albresky/repos/openwrt-6.x/staging_dir/target-aarch64_cortex-a53_musl/pkginfo/python3.default.install
mkdir -p /home/albresky/repos/openwrt-6.x/staging_dir/target-aarch64_cortex-a53_musl/root-qualcommax/stamp
SHELL= flock /home/albresky/repos/openwrt-6.x/tmp/.root-copy.flock -c 'cp -fpR /home/albresky/repos/openwrt-6.x/build_dir/target-aarch64_cortex-a53_musl/Python-3.11.7/.pkgdir/python3-cgitb/. /home/albresky/repos/openwrt-6.x/staging_dir/target-aarch64_cortex-a53_musl/root-qualcommax/'
touch /home/albresky/repos/openwrt-6.x/staging_dir/target-aarch64_cortex-a53_musl/root-qualcommax/stamp/.python3-cgitb_installed
echo "python3-cgitb" >> /home/albresky/repos/openwrt-6.x/staging_dir/target-aarch64_cortex-a53_musl/pkginfo/python3.default.install
mkdir -p /home/albresky/repos/openwrt-6.x/staging_dir/target-aarch64_cortex-a53_musl/root-qualcommax/stamp
SHELL= flock /home/albresky/repos/openwrt-6.x/tmp/.root-copy.flock -c 'cp -fpR /home/albresky/repos/openwrt-6.x/build_dir/target-aarch64_cortex-a53_musl/Python-3.11.7/.pkgdir/python3-codecs/. /home/albresky/repos/openwrt-6.x/staging_dir/target-aarch64_cortex-a53_musl/root-qualcommax/'
touch /home/albresky/repos/openwrt-6.x/staging_dir/target-aarch64_cortex-a53_musl/root-qualcommax/stamp/.python3-codecs_installed
echo "python3-codecs" >> /home/albresky/repos/openwrt-6.x/staging_dir/target-aarch64_cortex-a53_musl/pkginfo/python3.default.install
mkdir -p /home/albresky/repos/openwrt-6.x/staging_dir/target-aarch64_cortex-a53_musl/root-qualcommax/stamp
SHELL= flock /home/albresky/repos/openwrt-6.x/tmp/.root-copy.flock -c 'cp -fpR /home/albresky/repos/openwrt-6.x/build_dir/target-aarch64_cortex-a53_musl/Python-3.11.7/.pkgdir/python3-ctypes/. /home/albresky/repos/openwrt-6.x/staging_dir/target-aarch64_cortex-a53_musl/root-qualcommax/'
touch /home/albresky/repos/openwrt-6.x/staging_dir/target-aarch64_cortex-a53_musl/root-qualcommax/stamp/.python3-ctypes_installed
echo "python3-ctypes" >> /home/albresky/repos/openwrt-6.x/staging_dir/target-aarch64_cortex-a53_musl/pkginfo/python3.default.install
mkdir -p /home/albresky/repos/openwrt-6.x/staging_dir/target-aarch64_cortex-a53_musl/root-qualcommax/stamp
SHELL= flock /home/albresky/repos/openwrt-6.x/tmp/.root-copy.flock -c 'cp -fpR /home/albresky/repos/openwrt-6.x/build_dir/target-aarch64_cortex-a53_musl/Python-3.11.7/.pkgdir/python3-dbm/. /home/albresky/repos/openwrt-6.x/staging_dir/target-aarch64_cortex-a53_musl/root-qualcommax/'
touch /home/albresky/repos/openwrt-6.x/staging_dir/target-aarch64_cortex-a53_musl/root-qualcommax/stamp/.python3-dbm_installed
echo "python3-dbm" >> /home/albresky/repos/openwrt-6.x/staging_dir/target-aarch64_cortex-a53_musl/pkginfo/python3.default.install
mkdir -p /home/albresky/repos/openwrt-6.x/staging_dir/target-aarch64_cortex-a53_musl/root-qualcommax/stamp
SHELL= flock /home/albresky/repos/openwrt-6.x/tmp/.root-copy.flock -c 'cp -fpR /home/albresky/repos/openwrt-6.x/build_dir/target-aarch64_cortex-a53_musl/Python-3.11.7/.pkgdir/python3-decimal/. /home/albresky/repos/openwrt-6.x/staging_dir/target-aarch64_cortex-a53_musl/root-qualcommax/'
touch /home/albresky/repos/openwrt-6.x/staging_dir/target-aarch64_cortex-a53_musl/root-qualcommax/stamp/.python3-decimal_installed
echo "python3-decimal" >> /home/albresky/repos/openwrt-6.x/staging_dir/target-aarch64_cortex-a53_musl/pkginfo/python3.default.install
mkdir -p /home/albresky/repos/openwrt-6.x/staging_dir/target-aarch64_cortex-a53_musl/root-qualcommax/stamp
SHELL= flock /home/albresky/repos/openwrt-6.x/tmp/.root-copy.flock -c 'cp -fpR /home/albresky/repos/openwrt-6.x/build_dir/target-aarch64_cortex-a53_musl/Python-3.11.7/.pkgdir/python3-distutils/. /home/albresky/repos/openwrt-6.x/staging_dir/target-aarch64_cortex-a53_musl/root-qualcommax/'
touch /home/albresky/repos/openwrt-6.x/staging_dir/target-aarch64_cortex-a53_musl/root-qualcommax/stamp/.python3-distutils_installed
echo "python3-distutils" >> /home/albresky/repos/openwrt-6.x/staging_dir/target-aarch64_cortex-a53_musl/pkginfo/python3.default.install
mkdir -p /home/albresky/repos/openwrt-6.x/staging_dir/target-aarch64_cortex-a53_musl/root-qualcommax/stamp
SHELL= flock /home/albresky/repos/openwrt-6.x/tmp/.root-copy.flock -c 'cp -fpR /home/albresky/repos/openwrt-6.x/build_dir/target-aarch64_cortex-a53_musl/Python-3.11.7/.pkgdir/python3-email/. /home/albresky/repos/openwrt-6.x/staging_dir/target-aarch64_cortex-a53_musl/root-qualcommax/'
touch /home/albresky/repos/openwrt-6.x/staging_dir/target-aarch64_cortex-a53_musl/root-qualcommax/stamp/.python3-email_installed
echo "python3-email" >> /home/albresky/repos/openwrt-6.x/staging_dir/target-aarch64_cortex-a53_musl/pkginfo/python3.default.install
mkdir -p /home/albresky/repos/openwrt-6.x/staging_dir/target-aarch64_cortex-a53_musl/root-qualcommax/stamp
SHELL= flock /home/albresky/repos/openwrt-6.x/tmp/.root-copy.flock -c 'cp -fpR /home/albresky/repos/openwrt-6.x/build_dir/target-aarch64_cortex-a53_musl/Python-3.11.7/.pkgdir/python3-logging/. /home/albresky/repos/openwrt-6.x/staging_dir/target-aarch64_cortex-a53_musl/root-qualcommax/'
touch /home/albresky/repos/openwrt-6.x/staging_dir/target-aarch64_cortex-a53_musl/root-qualcommax/stamp/.python3-logging_installed
echo "python3-logging" >> /home/albresky/repos/openwrt-6.x/staging_dir/target-aarch64_cortex-a53_musl/pkginfo/python3.default.install
mkdir -p /home/albresky/repos/openwrt-6.x/staging_dir/target-aarch64_cortex-a53_musl/root-qualcommax/stamp
SHELL= flock /home/albresky/repos/openwrt-6.x/tmp/.root-copy.flock -c 'cp -fpR /home/albresky/repos/openwrt-6.x/build_dir/target-aarch64_cortex-a53_musl/Python-3.11.7/.pkgdir/python3-lzma/. /home/albresky/repos/openwrt-6.x/staging_dir/target-aarch64_cortex-a53_musl/root-qualcommax/'
touch /home/albresky/repos/openwrt-6.x/staging_dir/target-aarch64_cortex-a53_musl/root-qualcommax/stamp/.python3-lzma_installed
echo "python3-lzma" >> /home/albresky/repos/openwrt-6.x/staging_dir/target-aarch64_cortex-a53_musl/pkginfo/python3.default.install
mkdir -p /home/albresky/repos/openwrt-6.x/staging_dir/target-aarch64_cortex-a53_musl/root-qualcommax/stamp
SHELL= flock /home/albresky/repos/openwrt-6.x/tmp/.root-copy.flock -c 'cp -fpR /home/albresky/repos/openwrt-6.x/build_dir/target-aarch64_cortex-a53_musl/Python-3.11.7/.pkgdir/python3-multiprocessing/. /home/albresky/repos/openwrt-6.x/staging_dir/target-aarch64_cortex-a53_musl/root-qualcommax/'
touch /home/albresky/repos/openwrt-6.x/staging_dir/target-aarch64_cortex-a53_musl/root-qualcommax/stamp/.python3-multiprocessing_installed
echo "python3-multiprocessing" >> /home/albresky/repos/openwrt-6.x/staging_dir/target-aarch64_cortex-a53_musl/pkginfo/python3.default.install
mkdir -p /home/albresky/repos/openwrt-6.x/staging_dir/target-aarch64_cortex-a53_musl/root-qualcommax/stamp
SHELL= flock /home/albresky/repos/openwrt-6.x/tmp/.root-copy.flock -c 'cp -fpR /home/albresky/repos/openwrt-6.x/build_dir/target-aarch64_cortex-a53_musl/Python-3.11.7/.pkgdir/python3-ncurses/. /home/albresky/repos/openwrt-6.x/staging_dir/target-aarch64_cortex-a53_musl/root-qualcommax/'
touch /home/albresky/repos/openwrt-6.x/staging_dir/target-aarch64_cortex-a53_musl/root-qualcommax/stamp/.python3-ncurses_installed
echo "python3-ncurses" >> /home/albresky/repos/openwrt-6.x/staging_dir/target-aarch64_cortex-a53_musl/pkginfo/python3.default.install
mkdir -p /home/albresky/repos/openwrt-6.x/staging_dir/target-aarch64_cortex-a53_musl/root-qualcommax/stamp
SHELL= flock /home/albresky/repos/openwrt-6.x/tmp/.root-copy.flock -c 'cp -fpR /home/albresky/repos/openwrt-6.x/build_dir/target-aarch64_cortex-a53_musl/Python-3.11.7/.pkgdir/python3-openssl/. /home/albresky/repos/openwrt-6.x/staging_dir/target-aarch64_cortex-a53_musl/root-qualcommax/'
touch /home/albresky/repos/openwrt-6.x/staging_dir/target-aarch64_cortex-a53_musl/root-qualcommax/stamp/.python3-openssl_installed
echo "python3-openssl" >> /home/albresky/repos/openwrt-6.x/staging_dir/target-aarch64_cortex-a53_musl/pkginfo/python3.default.install
mkdir -p /home/albresky/repos/openwrt-6.x/staging_dir/target-aarch64_cortex-a53_musl/root-qualcommax/stamp
SHELL= flock /home/albresky/repos/openwrt-6.x/tmp/.root-copy.flock -c 'cp -fpR /home/albresky/repos/openwrt-6.x/build_dir/target-aarch64_cortex-a53_musl/Python-3.11.7/.pkgdir/python3-pydoc/. /home/albresky/repos/openwrt-6.x/staging_dir/target-aarch64_cortex-a53_musl/root-qualcommax/'
touch /home/albresky/repos/openwrt-6.x/staging_dir/target-aarch64_cortex-a53_musl/root-qualcommax/stamp/.python3-pydoc_installed
echo "python3-pydoc" >> /home/albresky/repos/openwrt-6.x/staging_dir/target-aarch64_cortex-a53_musl/pkginfo/python3.default.install
mkdir -p /home/albresky/repos/openwrt-6.x/staging_dir/target-aarch64_cortex-a53_musl/root-qualcommax/stamp
SHELL= flock /home/albresky/repos/openwrt-6.x/tmp/.root-copy.flock -c 'cp -fpR /home/albresky/repos/openwrt-6.x/build_dir/target-aarch64_cortex-a53_musl/Python-3.11.7/.pkgdir/python3-readline/. /home/albresky/repos/openwrt-6.x/staging_dir/target-aarch64_cortex-a53_musl/root-qualcommax/'
touch /home/albresky/repos/openwrt-6.x/staging_dir/target-aarch64_cortex-a53_musl/root-qualcommax/stamp/.python3-readline_installed
echo "python3-readline" >> /home/albresky/repos/openwrt-6.x/staging_dir/target-aarch64_cortex-a53_musl/pkginfo/python3.default.install
mkdir -p /home/albresky/repos/openwrt-6.x/staging_dir/target-aarch64_cortex-a53_musl/root-qualcommax/stamp
SHELL= flock /home/albresky/repos/openwrt-6.x/tmp/.root-copy.flock -c 'cp -fpR /home/albresky/repos/openwrt-6.x/build_dir/target-aarch64_cortex-a53_musl/Python-3.11.7/.pkgdir/python3-sqlite3/. /home/albresky/repos/openwrt-6.x/staging_dir/target-aarch64_cortex-a53_musl/root-qualcommax/'
touch /home/albresky/repos/openwrt-6.x/staging_dir/target-aarch64_cortex-a53_musl/root-qualcommax/stamp/.python3-sqlite3_installed
echo "python3-sqlite3" >> /home/albresky/repos/openwrt-6.x/staging_dir/target-aarch64_cortex-a53_musl/pkginfo/python3.default.install
mkdir -p /home/albresky/repos/openwrt-6.x/staging_dir/target-aarch64_cortex-a53_musl/root-qualcommax/stamp
SHELL= flock /home/albresky/repos/openwrt-6.x/tmp/.root-copy.flock -c 'cp -fpR /home/albresky/repos/openwrt-6.x/build_dir/target-aarch64_cortex-a53_musl/Python-3.11.7/.pkgdir/python3-unittest/. /home/albresky/repos/openwrt-6.x/staging_dir/target-aarch64_cortex-a53_musl/root-qualcommax/'
touch /home/albresky/repos/openwrt-6.x/staging_dir/target-aarch64_cortex-a53_musl/root-qualcommax/stamp/.python3-unittest_installed
echo "python3-unittest" >> /home/albresky/repos/openwrt-6.x/staging_dir/target-aarch64_cortex-a53_musl/pkginfo/python3.default.install
mkdir -p /home/albresky/repos/openwrt-6.x/staging_dir/target-aarch64_cortex-a53_musl/root-qualcommax/stamp
SHELL= flock /home/albresky/repos/openwrt-6.x/tmp/.root-copy.flock -c 'cp -fpR /home/albresky/repos/openwrt-6.x/build_dir/target-aarch64_cortex-a53_musl/Python-3.11.7/.pkgdir/python3-urllib/. /home/albresky/repos/openwrt-6.x/staging_dir/target-aarch64_cortex-a53_musl/root-qualcommax/'
touch /home/albresky/repos/openwrt-6.x/staging_dir/target-aarch64_cortex-a53_musl/root-qualcommax/stamp/.python3-urllib_installed
echo "python3-urllib" >> /home/albresky/repos/openwrt-6.x/staging_dir/target-aarch64_cortex-a53_musl/pkginfo/python3.default.install
mkdir -p /home/albresky/repos/openwrt-6.x/staging_dir/target-aarch64_cortex-a53_musl/root-qualcommax/stamp
SHELL= flock /home/albresky/repos/openwrt-6.x/tmp/.root-copy.flock -c 'cp -fpR /home/albresky/repos/openwrt-6.x/build_dir/target-aarch64_cortex-a53_musl/Python-3.11.7/.pkgdir/python3-uuid/. /home/albresky/repos/openwrt-6.x/staging_dir/target-aarch64_cortex-a53_musl/root-qualcommax/'
touch /home/albresky/repos/openwrt-6.x/staging_dir/target-aarch64_cortex-a53_musl/root-qualcommax/stamp/.python3-uuid_installed
echo "python3-uuid" >> /home/albresky/repos/openwrt-6.x/staging_dir/target-aarch64_cortex-a53_musl/pkginfo/python3.default.install
mkdir -p /home/albresky/repos/openwrt-6.x/staging_dir/target-aarch64_cortex-a53_musl/root-qualcommax/stamp
SHELL= flock /home/albresky/repos/openwrt-6.x/tmp/.root-copy.flock -c 'cp -fpR /home/albresky/repos/openwrt-6.x/build_dir/target-aarch64_cortex-a53_musl/Python-3.11.7/.pkgdir/python3-xml/. /home/albresky/repos/openwrt-6.x/staging_dir/target-aarch64_cortex-a53_musl/root-qualcommax/'
touch /home/albresky/repos/openwrt-6.x/staging_dir/target-aarch64_cortex-a53_musl/root-qualcommax/stamp/.python3-xml_installed
echo "python3-xml" >> /home/albresky/repos/openwrt-6.x/staging_dir/target-aarch64_cortex-a53_musl/pkginfo/python3.default.install
make[3]: Leaving directory '/home/albresky/repos/openwrt-6.x/feeds/packages/lang/python/python3'
time: package/feeds/packages/python3/compile#0.38#0.79#1.11
make[3]: Entering directory '/home/albresky/repos/openwrt-6.x/feeds/packages/libs/yaml'
make[3]: Leaving directory '/home/albresky/repos/openwrt-6.x/feeds/packages/libs/yaml'
time: package/feeds/packages/yaml/host-compile#0.17#0.20#0.33
make[3]: Entering directory '/home/albresky/repos/openwrt-6.x/feeds/packages/lang/ruby'
make[3]: Leaving directory '/home/albresky/repos/openwrt-6.x/feeds/packages/lang/ruby'
time: package/feeds/packages/ruby/host-compile#0.28#0.35#0.53
make[3]: Entering directory '/home/albresky/repos/openwrt-6.x/feeds/packages/libs/yaml'
make[3]: Leaving directory '/home/albresky/repos/openwrt-6.x/feeds/packages/libs/yaml'
time: package/feeds/packages/yaml/compile#0.17#0.21#0.33
make[3]: Entering directory '/home/albresky/repos/openwrt-6.x/feeds/packages/lang/ruby'
mkdir -p /home/albresky/repos/openwrt-6.x/staging_dir/target-aarch64_cortex-a53_musl/root-qualcommax/stamp
echo '3.3' | cmp -s - /home/albresky/repos/openwrt-6.x/staging_dir/target-aarch64_cortex-a53_musl/pkginfo/libruby.version || { echo '3.3' > /home/albresky/repos/openwrt-6.x/staging_dir/target-aarch64_cortex-a53_musl/pkginfo/libruby.version;  } 
SHELL= flock /home/albresky/repos/openwrt-6.x/tmp/.root-copy.flock -c 'cp -fpR /home/albresky/repos/openwrt-6.x/build_dir/target-aarch64_cortex-a53_musl/ruby-3.3.3/.pkgdir/libruby/. /home/albresky/repos/openwrt-6.x/staging_dir/target-aarch64_cortex-a53_musl/root-qualcommax/'
touch /home/albresky/repos/openwrt-6.x/staging_dir/target-aarch64_cortex-a53_musl/root-qualcommax/stamp/.libruby_installed
echo "libruby" >> /home/albresky/repos/openwrt-6.x/staging_dir/target-aarch64_cortex-a53_musl/pkginfo/ruby.default.install
mkdir -p /home/albresky/repos/openwrt-6.x/staging_dir/target-aarch64_cortex-a53_musl/root-qualcommax/stamp
SHELL= flock /home/albresky/repos/openwrt-6.x/tmp/.root-copy.flock -c 'cp -fpR /home/albresky/repos/openwrt-6.x/build_dir/target-aarch64_cortex-a53_musl/ruby-3.3.3/.pkgdir/ruby/. /home/albresky/repos/openwrt-6.x/staging_dir/target-aarch64_cortex-a53_musl/root-qualcommax/'
touch /home/albresky/repos/openwrt-6.x/staging_dir/target-aarch64_cortex-a53_musl/root-qualcommax/stamp/.ruby_installed
echo "ruby" >> /home/albresky/repos/openwrt-6.x/staging_dir/target-aarch64_cortex-a53_musl/pkginfo/ruby.default.install
make[3]: Leaving directory '/home/albresky/repos/openwrt-6.x/feeds/packages/lang/ruby'
time: package/feeds/packages/ruby/compile#0.30#0.46#0.64
make[3]: Entering directory '/home/albresky/repos/openwrt-6.x/package/firmware/ath11k-firmware'
mkdir -p /home/albresky/repos/openwrt-6.x/staging_dir/target-aarch64_cortex-a53_musl/root-qualcommax/stamp
SHELL= flock /home/albresky/repos/openwrt-6.x/tmp/.root-copy.flock -c 'cp -fpR /home/albresky/repos/openwrt-6.x/build_dir/target-aarch64_cortex-a53_musl/ath11k-firmware-2024.07.23~14fc6d54/.pkgdir/ath11k-firmware-ipq6018/. /home/albresky/repos/openwrt-6.x/staging_dir/target-aarch64_cortex-a53_musl/root-qualcommax/'
touch /home/albresky/repos/openwrt-6.x/staging_dir/target-aarch64_cortex-a53_musl/root-qualcommax/stamp/.ath11k-firmware-ipq6018_installed
echo "ath11k-firmware-ipq6018" >> /home/albresky/repos/openwrt-6.x/staging_dir/target-aarch64_cortex-a53_musl/pkginfo/ath11k-firmware.default.install
make[3]: Leaving directory '/home/albresky/repos/openwrt-6.x/package/firmware/ath11k-firmware'
time: package/firmware/ath11k-firmware/compile#0.14#0.17#0.28
make[3]: Entering directory '/home/albresky/repos/openwrt-6.x/package/firmware/ipq-wifi'
mkdir -p /home/albresky/repos/openwrt-6.x/staging_dir/target-aarch64_cortex-a53_musl/root-qualcommax/stamp
SHELL= flock /home/albresky/repos/openwrt-6.x/tmp/.root-copy.flock -c 'cp -fpR /home/albresky/repos/openwrt-6.x/build_dir/target-aarch64_cortex-a53_musl/ipq-wifi-2024.07.04~fcdb2e74/.pkgdir/ipq-wifi-jdcloud_ax1800-pro/. /home/albresky/repos/openwrt-6.x/staging_dir/target-aarch64_cortex-a53_musl/root-qualcommax/'
touch /home/albresky/repos/openwrt-6.x/staging_dir/target-aarch64_cortex-a53_musl/root-qualcommax/stamp/.ipq-wifi-jdcloud_ax1800-pro_installed
echo "ipq-wifi-jdcloud_ax1800-pro" >> /home/albresky/repos/openwrt-6.x/staging_dir/target-aarch64_cortex-a53_musl/pkginfo/ipq-wifi.default.install
make[3]: Leaving directory '/home/albresky/repos/openwrt-6.x/package/firmware/ipq-wifi'
time: package/firmware/ipq-wifi/compile#0.14#0.15#0.27
make[3]: Entering directory '/home/albresky/repos/openwrt-6.x/package/firmware/wireless-regdb'
mkdir -p /home/albresky/repos/openwrt-6.x/staging_dir/target-aarch64_cortex-a53_musl/root-qualcommax/stamp
SHELL= flock /home/albresky/repos/openwrt-6.x/tmp/.root-copy.flock -c 'cp -fpR /home/albresky/repos/openwrt-6.x/build_dir/target-aarch64_cortex-a53_musl/wireless-regdb-2024.07.04/.pkgdir/wireless-regdb/. /home/albresky/repos/openwrt-6.x/staging_dir/target-aarch64_cortex-a53_musl/root-qualcommax/'
touch /home/albresky/repos/openwrt-6.x/staging_dir/target-aarch64_cortex-a53_musl/root-qualcommax/stamp/.wireless-regdb_installed
echo "wireless-regdb" >> /home/albresky/repos/openwrt-6.x/staging_dir/target-aarch64_cortex-a53_musl/pkginfo/wireless-regdb.default.install
make[3]: Leaving directory '/home/albresky/repos/openwrt-6.x/package/firmware/wireless-regdb'
time: package/firmware/wireless-regdb/compile#0.12#0.14#0.24
make[3]: Entering directory '/home/albresky/repos/openwrt-6.x/package/kernel/cryptodev-linux'
mkdir -p /home/albresky/repos/openwrt-6.x/staging_dir/target-aarch64_cortex-a53_musl/root-qualcommax/stamp
SHELL= flock /home/albresky/repos/openwrt-6.x/tmp/.root-copy.flock -c 'cp -fpR /home/albresky/repos/openwrt-6.x/build_dir/target-aarch64_cortex-a53_musl/linux-qualcommax_ipq60xx/cryptodev-linux-cryptodev-linux-1.13/.pkgdir/kmod-cryptodev/. /home/albresky/repos/openwrt-6.x/staging_dir/target-aarch64_cortex-a53_musl/root-qualcommax/'
touch /home/albresky/repos/openwrt-6.x/staging_dir/target-aarch64_cortex-a53_musl/root-qualcommax/stamp/.kmod-cryptodev_installed
echo "kmod-cryptodev" >> /home/albresky/repos/openwrt-6.x/staging_dir/target-aarch64_cortex-a53_musl/pkginfo/cryptodev-linux.default.install
make[3]: Leaving directory '/home/albresky/repos/openwrt-6.x/package/kernel/cryptodev-linux'
time: package/kernel/cryptodev-linux/compile#0.11#0.19#0.27
make[3]: Entering directory '/home/albresky/repos/openwrt-6.x/package/network/config/wifi-scripts'
mkdir -p /home/albresky/repos/openwrt-6.x/staging_dir/target-aarch64_cortex-a53_musl/root-qualcommax/stamp
SHELL= flock /home/albresky/repos/openwrt-6.x/tmp/.root-copy.flock -c 'cp -fpR /home/albresky/repos/openwrt-6.x/build_dir/target-aarch64_cortex-a53_musl/wifi-scripts-1.0/.pkgdir/wifi-scripts/. /home/albresky/repos/openwrt-6.x/staging_dir/target-aarch64_cortex-a53_musl/root-qualcommax/'
touch /home/albresky/repos/openwrt-6.x/staging_dir/target-aarch64_cortex-a53_musl/root-qualcommax/stamp/.wifi-scripts_installed
echo "wifi-scripts" >> /home/albresky/repos/openwrt-6.x/staging_dir/target-aarch64_cortex-a53_musl/pkginfo/wifi-scripts.default.install
make[3]: Leaving directory '/home/albresky/repos/openwrt-6.x/package/network/config/wifi-scripts'
time: package/network/config/wifi-scripts/compile#0.10#0.15#0.22
make[3]: Entering directory '/home/albresky/repos/openwrt-6.x/package/network/services/hostapd'
mkdir -p /home/albresky/repos/openwrt-6.x/staging_dir/target-aarch64_cortex-a53_musl/root-qualcommax/stamp
SHELL= flock /home/albresky/repos/openwrt-6.x/tmp/.root-copy.flock -c 'cp -fpR /home/albresky/repos/openwrt-6.x/build_dir/target-aarch64_cortex-a53_musl/hostapd-wpad-full-openssl/hostapd-2024.03.09~695277a5/.pkgdir/hostapd-common/. /home/albresky/repos/openwrt-6.x/staging_dir/target-aarch64_cortex-a53_musl/root-qualcommax/'
touch /home/albresky/repos/openwrt-6.x/staging_dir/target-aarch64_cortex-a53_musl/root-qualcommax/stamp/.hostapd-common_installed
echo "hostapd-common" >> /home/albresky/repos/openwrt-6.x/staging_dir/target-aarch64_cortex-a53_musl/pkginfo/hostapd.wpad-full-openssl.install
mkdir -p /home/albresky/repos/openwrt-6.x/staging_dir/target-aarch64_cortex-a53_musl/root-qualcommax/stamp
SHELL= flock /home/albresky/repos/openwrt-6.x/tmp/.root-copy.flock -c 'cp -fpR /home/albresky/repos/openwrt-6.x/build_dir/target-aarch64_cortex-a53_musl/hostapd-wpad-full-openssl/hostapd-2024.03.09~695277a5/.pkgdir/wpad-openssl/. /home/albresky/repos/openwrt-6.x/staging_dir/target-aarch64_cortex-a53_musl/root-qualcommax/'
touch /home/albresky/repos/openwrt-6.x/staging_dir/target-aarch64_cortex-a53_musl/root-qualcommax/stamp/.wpad-openssl_installed
echo "wpad-openssl" >> /home/albresky/repos/openwrt-6.x/staging_dir/target-aarch64_cortex-a53_musl/pkginfo/hostapd.wpad-full-openssl.install
make[3]: Leaving directory '/home/albresky/repos/openwrt-6.x/package/network/services/hostapd'
time: package/network/services/hostapd/wpad-full-openssl/compile#0.25#0.48#0.70
make[3]: Entering directory '/home/albresky/repos/openwrt-6.x/package/network/utils/iw'
mkdir -p /home/albresky/repos/openwrt-6.x/staging_dir/target-aarch64_cortex-a53_musl/root-qualcommax/stamp
SHELL= flock /home/albresky/repos/openwrt-6.x/tmp/.root-copy.flock -c 'cp -fpR /home/albresky/repos/openwrt-6.x/build_dir/target-aarch64_cortex-a53_musl/iw-tiny/iw-6.9/.pkgdir/iw/. /home/albresky/repos/openwrt-6.x/staging_dir/target-aarch64_cortex-a53_musl/root-qualcommax/'
touch /home/albresky/repos/openwrt-6.x/staging_dir/target-aarch64_cortex-a53_musl/root-qualcommax/stamp/.iw_installed
echo "iw" >> /home/albresky/repos/openwrt-6.x/staging_dir/target-aarch64_cortex-a53_musl/pkginfo/iw.tiny.install
make[3]: Leaving directory '/home/albresky/repos/openwrt-6.x/package/network/utils/iw'
time: package/network/utils/iw/tiny/compile#0.14#0.14#0.25
make[3]: Entering directory '/home/albresky/repos/openwrt-6.x/package/kernel/mac80211'
mkdir -p /home/albresky/repos/openwrt-6.x/staging_dir/target-aarch64_cortex-a53_musl/root-qualcommax/stamp
SHELL= flock /home/albresky/repos/openwrt-6.x/tmp/.root-copy.flock -c 'cp -fpR /home/albresky/repos/openwrt-6.x/build_dir/target-aarch64_cortex-a53_musl/linux-qualcommax_ipq60xx/mac80211-regular/backports-6.9.9/.pkgdir/kmod-ath/. /home/albresky/repos/openwrt-6.x/staging_dir/target-aarch64_cortex-a53_musl/root-qualcommax/'
touch /home/albresky/repos/openwrt-6.x/staging_dir/target-aarch64_cortex-a53_musl/root-qualcommax/stamp/.kmod-ath_installed
echo "kmod-ath" >> /home/albresky/repos/openwrt-6.x/staging_dir/target-aarch64_cortex-a53_musl/pkginfo/mac80211.regular.install
mkdir -p /home/albresky/repos/openwrt-6.x/staging_dir/target-aarch64_cortex-a53_musl/root-qualcommax/stamp
SHELL= flock /home/albresky/repos/openwrt-6.x/tmp/.root-copy.flock -c 'cp -fpR /home/albresky/repos/openwrt-6.x/build_dir/target-aarch64_cortex-a53_musl/linux-qualcommax_ipq60xx/mac80211-regular/backports-6.9.9/.pkgdir/kmod-ath11k/. /home/albresky/repos/openwrt-6.x/staging_dir/target-aarch64_cortex-a53_musl/root-qualcommax/'
touch /home/albresky/repos/openwrt-6.x/staging_dir/target-aarch64_cortex-a53_musl/root-qualcommax/stamp/.kmod-ath11k_installed
echo "kmod-ath11k" >> /home/albresky/repos/openwrt-6.x/staging_dir/target-aarch64_cortex-a53_musl/pkginfo/mac80211.regular.install
mkdir -p /home/albresky/repos/openwrt-6.x/staging_dir/target-aarch64_cortex-a53_musl/root-qualcommax/stamp
SHELL= flock /home/albresky/repos/openwrt-6.x/tmp/.root-copy.flock -c 'cp -fpR /home/albresky/repos/openwrt-6.x/build_dir/target-aarch64_cortex-a53_musl/linux-qualcommax_ipq60xx/mac80211-regular/backports-6.9.9/.pkgdir/kmod-ath11k-ahb/. /home/albresky/repos/openwrt-6.x/staging_dir/target-aarch64_cortex-a53_musl/root-qualcommax/'
touch /home/albresky/repos/openwrt-6.x/staging_dir/target-aarch64_cortex-a53_musl/root-qualcommax/stamp/.kmod-ath11k-ahb_installed
echo "kmod-ath11k-ahb" >> /home/albresky/repos/openwrt-6.x/staging_dir/target-aarch64_cortex-a53_musl/pkginfo/mac80211.regular.install
mkdir -p /home/albresky/repos/openwrt-6.x/staging_dir/target-aarch64_cortex-a53_musl/root-qualcommax/stamp
echo '6.9.9-1' | cmp -s - /home/albresky/repos/openwrt-6.x/staging_dir/target-aarch64_cortex-a53_musl/pkginfo/kmod-cfg80211.version || { echo '6.9.9-1' > /home/albresky/repos/openwrt-6.x/staging_dir/target-aarch64_cortex-a53_musl/pkginfo/kmod-cfg80211.version;  } 
SHELL= flock /home/albresky/repos/openwrt-6.x/tmp/.root-copy.flock -c 'cp -fpR /home/albresky/repos/openwrt-6.x/build_dir/target-aarch64_cortex-a53_musl/linux-qualcommax_ipq60xx/mac80211-regular/backports-6.9.9/.pkgdir/kmod-cfg80211/. /home/albresky/repos/openwrt-6.x/staging_dir/target-aarch64_cortex-a53_musl/root-qualcommax/'
touch /home/albresky/repos/openwrt-6.x/staging_dir/target-aarch64_cortex-a53_musl/root-qualcommax/stamp/.kmod-cfg80211_installed
echo "kmod-cfg80211" >> /home/albresky/repos/openwrt-6.x/staging_dir/target-aarch64_cortex-a53_musl/pkginfo/mac80211.regular.install
mkdir -p /home/albresky/repos/openwrt-6.x/staging_dir/target-aarch64_cortex-a53_musl/root-qualcommax/stamp
echo '6.9.9-1' | cmp -s - /home/albresky/repos/openwrt-6.x/staging_dir/target-aarch64_cortex-a53_musl/pkginfo/kmod-mac80211.version || { echo '6.9.9-1' > /home/albresky/repos/openwrt-6.x/staging_dir/target-aarch64_cortex-a53_musl/pkginfo/kmod-mac80211.version;  } 
SHELL= flock /home/albresky/repos/openwrt-6.x/tmp/.root-copy.flock -c 'cp -fpR /home/albresky/repos/openwrt-6.x/build_dir/target-aarch64_cortex-a53_musl/linux-qualcommax_ipq60xx/mac80211-regular/backports-6.9.9/.pkgdir/kmod-mac80211/. /home/albresky/repos/openwrt-6.x/staging_dir/target-aarch64_cortex-a53_musl/root-qualcommax/'
touch /home/albresky/repos/openwrt-6.x/staging_dir/target-aarch64_cortex-a53_musl/root-qualcommax/stamp/.kmod-mac80211_installed
echo "kmod-mac80211" >> /home/albresky/repos/openwrt-6.x/staging_dir/target-aarch64_cortex-a53_musl/pkginfo/mac80211.regular.install
make[3]: Leaving directory '/home/albresky/repos/openwrt-6.x/package/kernel/mac80211'
time: package/kernel/mac80211/regular/compile#0.19#0.45#0.58
make[3]: Entering directory '/home/albresky/repos/openwrt-6.x/package/libs/argp-standalone'
make[3]: Leaving directory '/home/albresky/repos/openwrt-6.x/package/libs/argp-standalone'
time: package/libs/argp-standalone/compile#0.17#0.17#0.29
make[3]: Entering directory '/home/albresky/repos/openwrt-6.x/package/libs/musl-fts'
make[3]: Leaving directory '/home/albresky/repos/openwrt-6.x/package/libs/musl-fts'
time: package/libs/musl-fts/compile#0.17#0.18#0.31
make[3]: Entering directory '/home/albresky/repos/openwrt-6.x/package/libs/elfutils'
mkdir -p /home/albresky/repos/openwrt-6.x/staging_dir/target-aarch64_cortex-a53_musl/root-qualcommax/stamp
echo '1' | cmp -s - /home/albresky/repos/openwrt-6.x/staging_dir/target-aarch64_cortex-a53_musl/pkginfo/libelf.version || { echo '1' > /home/albresky/repos/openwrt-6.x/staging_dir/target-aarch64_cortex-a53_musl/pkginfo/libelf.version;  cp /home/albresky/repos/openwrt-6.x/staging_dir/target-aarch64_cortex-a53_musl/pkginfo/libelf.version /home/albresky/repos/openwrt-6.x/staging_dir/target-aarch64_cortex-a53_musl/pkginfo/libelf1.version;  } 
SHELL= flock /home/albresky/repos/openwrt-6.x/tmp/.root-copy.flock -c 'cp -fpR /home/albresky/repos/openwrt-6.x/build_dir/target-aarch64_cortex-a53_musl/elfutils-0.191/.pkgdir/libelf/. /home/albresky/repos/openwrt-6.x/staging_dir/target-aarch64_cortex-a53_musl/root-qualcommax/'
touch /home/albresky/repos/openwrt-6.x/staging_dir/target-aarch64_cortex-a53_musl/root-qualcommax/stamp/.libelf_installed
echo "libelf" >> /home/albresky/repos/openwrt-6.x/staging_dir/target-aarch64_cortex-a53_musl/pkginfo/elfutils.default.install
make[3]: Leaving directory '/home/albresky/repos/openwrt-6.x/package/libs/elfutils'
time: package/libs/elfutils/compile#0.15#0.18#0.29
make[3]: Entering directory '/home/albresky/repos/openwrt-6.x/package/libs/libbpf'
mkdir -p /home/albresky/repos/openwrt-6.x/staging_dir/target-aarch64_cortex-a53_musl/root-qualcommax/stamp
echo '1' | cmp -s - /home/albresky/repos/openwrt-6.x/staging_dir/target-aarch64_cortex-a53_musl/pkginfo/libbpf.version || { echo '1' > /home/albresky/repos/openwrt-6.x/staging_dir/target-aarch64_cortex-a53_musl/pkginfo/libbpf.version;  } 
SHELL= flock /home/albresky/repos/openwrt-6.x/tmp/.root-copy.flock -c 'cp -fpR /home/albresky/repos/openwrt-6.x/build_dir/target-aarch64_cortex-a53_musl/libbpf-1.4.5/.pkgdir/libbpf/. /home/albresky/repos/openwrt-6.x/staging_dir/target-aarch64_cortex-a53_musl/root-qualcommax/'
touch /home/albresky/repos/openwrt-6.x/staging_dir/target-aarch64_cortex-a53_musl/root-qualcommax/stamp/.libbpf_installed
echo "libbpf" >> /home/albresky/repos/openwrt-6.x/staging_dir/target-aarch64_cortex-a53_musl/pkginfo/libbpf.default.install
make[3]: Leaving directory '/home/albresky/repos/openwrt-6.x/package/libs/libbpf'
time: package/libs/libbpf/compile#0.14#0.15#0.25
make[3]: Entering directory '/home/albresky/repos/openwrt-6.x/package/libs/libcap'
mkdir -p /home/albresky/repos/openwrt-6.x/staging_dir/target-aarch64_cortex-a53_musl/root-qualcommax/stamp
SHELL= flock /home/albresky/repos/openwrt-6.x/tmp/.root-copy.flock -c 'cp -fpR /home/albresky/repos/openwrt-6.x/build_dir/target-aarch64_cortex-a53_musl/libcap-2.69/.pkgdir/libcap/. /home/albresky/repos/openwrt-6.x/staging_dir/target-aarch64_cortex-a53_musl/root-qualcommax/'
touch /home/albresky/repos/openwrt-6.x/staging_dir/target-aarch64_cortex-a53_musl/root-qualcommax/stamp/.libcap_installed
echo "libcap" >> /home/albresky/repos/openwrt-6.x/staging_dir/target-aarch64_cortex-a53_musl/pkginfo/libcap.default.install
mkdir -p /home/albresky/repos/openwrt-6.x/staging_dir/target-aarch64_cortex-a53_musl/root-qualcommax/stamp
SHELL= flock /home/albresky/repos/openwrt-6.x/tmp/.root-copy.flock -c 'cp -fpR /home/albresky/repos/openwrt-6.x/build_dir/target-aarch64_cortex-a53_musl/libcap-2.69/.pkgdir/libcap-bin/. /home/albresky/repos/openwrt-6.x/staging_dir/target-aarch64_cortex-a53_musl/root-qualcommax/'
touch /home/albresky/repos/openwrt-6.x/staging_dir/target-aarch64_cortex-a53_musl/root-qualcommax/stamp/.libcap-bin_installed
echo "libcap-bin" >> /home/albresky/repos/openwrt-6.x/staging_dir/target-aarch64_cortex-a53_musl/pkginfo/libcap.default.install
make[3]: Leaving directory '/home/albresky/repos/openwrt-6.x/package/libs/libcap'
time: package/libs/libcap/compile#0.11#0.19#0.28
make[3]: Entering directory '/home/albresky/repos/openwrt-6.x/package/libs/libevent2'
mkdir -p /home/albresky/repos/openwrt-6.x/staging_dir/target-aarch64_cortex-a53_musl/root-qualcommax/stamp
echo '7' | cmp -s - /home/albresky/repos/openwrt-6.x/staging_dir/target-aarch64_cortex-a53_musl/pkginfo/libevent2.version || { echo '7' > /home/albresky/repos/openwrt-6.x/staging_dir/target-aarch64_cortex-a53_musl/pkginfo/libevent2.version;  } 
SHELL= flock /home/albresky/repos/openwrt-6.x/tmp/.root-copy.flock -c 'cp -fpR /home/albresky/repos/openwrt-6.x/build_dir/target-aarch64_cortex-a53_musl/libevent-2.1.12-stable/.pkgdir/libevent2/. /home/albresky/repos/openwrt-6.x/staging_dir/target-aarch64_cortex-a53_musl/root-qualcommax/'
touch /home/albresky/repos/openwrt-6.x/staging_dir/target-aarch64_cortex-a53_musl/root-qualcommax/stamp/.libevent2_installed
echo "libevent2" >> /home/albresky/repos/openwrt-6.x/staging_dir/target-aarch64_cortex-a53_musl/pkginfo/libevent2.default.install
mkdir -p /home/albresky/repos/openwrt-6.x/staging_dir/target-aarch64_cortex-a53_musl/root-qualcommax/stamp
echo '7' | cmp -s - /home/albresky/repos/openwrt-6.x/staging_dir/target-aarch64_cortex-a53_musl/pkginfo/libevent2-core.version || { echo '7' > /home/albresky/repos/openwrt-6.x/staging_dir/target-aarch64_cortex-a53_musl/pkginfo/libevent2-core.version;  } 
SHELL= flock /home/albresky/repos/openwrt-6.x/tmp/.root-copy.flock -c 'cp -fpR /home/albresky/repos/openwrt-6.x/build_dir/target-aarch64_cortex-a53_musl/libevent-2.1.12-stable/.pkgdir/libevent2-core/. /home/albresky/repos/openwrt-6.x/staging_dir/target-aarch64_cortex-a53_musl/root-qualcommax/'
touch /home/albresky/repos/openwrt-6.x/staging_dir/target-aarch64_cortex-a53_musl/root-qualcommax/stamp/.libevent2-core_installed
echo "libevent2-core" >> /home/albresky/repos/openwrt-6.x/staging_dir/target-aarch64_cortex-a53_musl/pkginfo/libevent2.default.install
mkdir -p /home/albresky/repos/openwrt-6.x/staging_dir/target-aarch64_cortex-a53_musl/root-qualcommax/stamp
echo '7' | cmp -s - /home/albresky/repos/openwrt-6.x/staging_dir/target-aarch64_cortex-a53_musl/pkginfo/libevent2-pthreads.version || { echo '7' > /home/albresky/repos/openwrt-6.x/staging_dir/target-aarch64_cortex-a53_musl/pkginfo/libevent2-pthreads.version;  } 
SHELL= flock /home/albresky/repos/openwrt-6.x/tmp/.root-copy.flock -c 'cp -fpR /home/albresky/repos/openwrt-6.x/build_dir/target-aarch64_cortex-a53_musl/libevent-2.1.12-stable/.pkgdir/libevent2-pthreads/. /home/albresky/repos/openwrt-6.x/staging_dir/target-aarch64_cortex-a53_musl/root-qualcommax/'
touch /home/albresky/repos/openwrt-6.x/staging_dir/target-aarch64_cortex-a53_musl/root-qualcommax/stamp/.libevent2-pthreads_installed
echo "libevent2-pthreads" >> /home/albresky/repos/openwrt-6.x/staging_dir/target-aarch64_cortex-a53_musl/pkginfo/libevent2.default.install
make[3]: Leaving directory '/home/albresky/repos/openwrt-6.x/package/libs/libevent2'
time: package/libs/libevent2/compile#0.16#0.17#0.30
make[3]: Entering directory '/home/albresky/repos/openwrt-6.x/package/libs/libunistring'
mkdir -p /home/albresky/repos/openwrt-6.x/staging_dir/target-aarch64_cortex-a53_musl/root-qualcommax/stamp
SHELL= flock /home/albresky/repos/openwrt-6.x/tmp/.root-copy.flock -c 'cp -fpR /home/albresky/repos/openwrt-6.x/build_dir/target-aarch64_cortex-a53_musl/libunistring-1.1/.pkgdir/libunistring/. /home/albresky/repos/openwrt-6.x/staging_dir/target-aarch64_cortex-a53_musl/root-qualcommax/'
touch /home/albresky/repos/openwrt-6.x/staging_dir/target-aarch64_cortex-a53_musl/root-qualcommax/stamp/.libunistring_installed
echo "libunistring" >> /home/albresky/repos/openwrt-6.x/staging_dir/target-aarch64_cortex-a53_musl/pkginfo/libunistring.default.install
make[3]: Leaving directory '/home/albresky/repos/openwrt-6.x/package/libs/libunistring'
time: package/libs/libunistring/compile#0.18#0.25#0.37
make[3]: Entering directory '/home/albresky/repos/openwrt-6.x/package/libs/mbedtls'
mkdir -p /home/albresky/repos/openwrt-6.x/staging_dir/target-aarch64_cortex-a53_musl/root-qualcommax/stamp
echo '21' | cmp -s - /home/albresky/repos/openwrt-6.x/staging_dir/target-aarch64_cortex-a53_musl/pkginfo/libmbedtls.version || { echo '21' > /home/albresky/repos/openwrt-6.x/staging_dir/target-aarch64_cortex-a53_musl/pkginfo/libmbedtls.version;  } 
SHELL= flock /home/albresky/repos/openwrt-6.x/tmp/.root-copy.flock -c 'cp -fpR /home/albresky/repos/openwrt-6.x/build_dir/target-aarch64_cortex-a53_musl/mbedtls-3.6.0/.pkgdir/libmbedtls/. /home/albresky/repos/openwrt-6.x/staging_dir/target-aarch64_cortex-a53_musl/root-qualcommax/'
touch /home/albresky/repos/openwrt-6.x/staging_dir/target-aarch64_cortex-a53_musl/root-qualcommax/stamp/.libmbedtls_installed
echo "libmbedtls" >> /home/albresky/repos/openwrt-6.x/staging_dir/target-aarch64_cortex-a53_musl/pkginfo/mbedtls.default.install
make[3]: Leaving directory '/home/albresky/repos/openwrt-6.x/package/libs/mbedtls'
time: package/libs/mbedtls/compile#0.15#0.16#0.28
make[3]: Entering directory '/home/albresky/repos/openwrt-6.x/package/network/services/dropbear'
mkdir -p /home/albresky/repos/openwrt-6.x/staging_dir/target-aarch64_cortex-a53_musl/root-qualcommax/stamp
SHELL= flock /home/albresky/repos/openwrt-6.x/tmp/.root-copy.flock -c 'cp -fpR /home/albresky/repos/openwrt-6.x/build_dir/target-aarch64_cortex-a53_musl/dropbear-2024.85/.pkgdir/dropbear/. /home/albresky/repos/openwrt-6.x/staging_dir/target-aarch64_cortex-a53_musl/root-qualcommax/'
touch /home/albresky/repos/openwrt-6.x/staging_dir/target-aarch64_cortex-a53_musl/root-qualcommax/stamp/.dropbear_installed
echo "dropbear" >> /home/albresky/repos/openwrt-6.x/staging_dir/target-aarch64_cortex-a53_musl/pkginfo/dropbear.default.install
make[3]: Leaving directory '/home/albresky/repos/openwrt-6.x/package/network/services/dropbear'
time: package/network/services/dropbear/compile#0.14#0.14#0.24
make[3]: Entering directory '/home/albresky/repos/openwrt-6.x/package/libs/libpcap'
make[3]: Leaving directory '/home/albresky/repos/openwrt-6.x/package/libs/libpcap'
time: package/libs/libpcap/compile#0.14#0.11#0.22
make[3]: Entering directory '/home/albresky/repos/openwrt-6.x/package/network/services/shellsync'
mkdir -p /home/albresky/repos/openwrt-6.x/staging_dir/target-aarch64_cortex-a53_musl/root-qualcommax/stamp
SHELL= flock /home/albresky/repos/openwrt-6.x/tmp/.root-copy.flock -c 'cp -fpR /home/albresky/repos/openwrt-6.x/build_dir/target-aarch64_cortex-a53_musl/shellsync-0.2/.pkgdir/shellsync/. /home/albresky/repos/openwrt-6.x/staging_dir/target-aarch64_cortex-a53_musl/root-qualcommax/'
touch /home/albresky/repos/openwrt-6.x/staging_dir/target-aarch64_cortex-a53_musl/root-qualcommax/stamp/.shellsync_installed
echo "shellsync" >> /home/albresky/repos/openwrt-6.x/staging_dir/target-aarch64_cortex-a53_musl/pkginfo/shellsync.default.install
make[3]: Leaving directory '/home/albresky/repos/openwrt-6.x/package/network/services/shellsync'
time: package/network/services/shellsync/compile#0.14#0.11#0.22
make[3]: Entering directory '/home/albresky/repos/openwrt-6.x/package/network/utils/linux-atm'
make[3]: Leaving directory '/home/albresky/repos/openwrt-6.x/package/network/utils/linux-atm'
time: package/network/utils/linux-atm/compile#0.13#0.16#0.26
make[3]: Entering directory '/home/albresky/repos/openwrt-6.x/package/network/utils/resolveip'
mkdir -p /home/albresky/repos/openwrt-6.x/staging_dir/target-aarch64_cortex-a53_musl/root-qualcommax/stamp
SHELL= flock /home/albresky/repos/openwrt-6.x/tmp/.root-copy.flock -c 'cp -fpR /home/albresky/repos/openwrt-6.x/build_dir/target-aarch64_cortex-a53_musl/resolveip/.pkgdir/resolveip/. /home/albresky/repos/openwrt-6.x/staging_dir/target-aarch64_cortex-a53_musl/root-qualcommax/'
touch /home/albresky/repos/openwrt-6.x/staging_dir/target-aarch64_cortex-a53_musl/root-qualcommax/stamp/.resolveip_installed
echo "resolveip" >> /home/albresky/repos/openwrt-6.x/staging_dir/target-aarch64_cortex-a53_musl/pkginfo/resolveip.default.install
make[3]: Leaving directory '/home/albresky/repos/openwrt-6.x/package/network/utils/resolveip'
time: package/network/utils/resolveip/compile#0.12#0.14#0.23
make[3]: Entering directory '/home/albresky/repos/openwrt-6.x/package/network/services/ppp'
mkdir -p /home/albresky/repos/openwrt-6.x/staging_dir/target-aarch64_cortex-a53_musl/root-qualcommax/stamp
SHELL= flock /home/albresky/repos/openwrt-6.x/tmp/.root-copy.flock -c 'cp -fpR /home/albresky/repos/openwrt-6.x/build_dir/target-aarch64_cortex-a53_musl/linux-qualcommax_ipq60xx/ppp-default/ppp-2.4.9_git20210104/.pkgdir/ppp/. /home/albresky/repos/openwrt-6.x/staging_dir/target-aarch64_cortex-a53_musl/root-qualcommax/'
touch /home/albresky/repos/openwrt-6.x/staging_dir/target-aarch64_cortex-a53_musl/root-qualcommax/stamp/.ppp_installed
echo "ppp" >> /home/albresky/repos/openwrt-6.x/staging_dir/target-aarch64_cortex-a53_musl/pkginfo/ppp.default.install
mkdir -p /home/albresky/repos/openwrt-6.x/staging_dir/target-aarch64_cortex-a53_musl/root-qualcommax/stamp
SHELL= flock /home/albresky/repos/openwrt-6.x/tmp/.root-copy.flock -c 'cp -fpR /home/albresky/repos/openwrt-6.x/build_dir/target-aarch64_cortex-a53_musl/linux-qualcommax_ipq60xx/ppp-default/ppp-2.4.9_git20210104/.pkgdir/ppp-mod-pppoe/. /home/albresky/repos/openwrt-6.x/staging_dir/target-aarch64_cortex-a53_musl/root-qualcommax/'
touch /home/albresky/repos/openwrt-6.x/staging_dir/target-aarch64_cortex-a53_musl/root-qualcommax/stamp/.ppp-mod-pppoe_installed
echo "ppp-mod-pppoe" >> /home/albresky/repos/openwrt-6.x/staging_dir/target-aarch64_cortex-a53_musl/pkginfo/ppp.default.install
make[3]: Leaving directory '/home/albresky/repos/openwrt-6.x/package/network/services/ppp'
time: package/network/services/ppp/default/compile#0.13#0.19#0.30
make[3]: Entering directory '/home/albresky/repos/openwrt-6.x/package/network/utils/fullconenat'
mkdir -p /home/albresky/repos/openwrt-6.x/staging_dir/target-aarch64_cortex-a53_musl/root-qualcommax/stamp
SHELL= flock /home/albresky/repos/openwrt-6.x/tmp/.root-copy.flock -c 'cp -fpR /home/albresky/repos/openwrt-6.x/build_dir/target-aarch64_cortex-a53_musl/linux-qualcommax_ipq60xx/fullconenat-2023.01.01~74c5e6f3/.pkgdir/ip6tables-mod-fullconenat/. /home/albresky/repos/openwrt-6.x/staging_dir/target-aarch64_cortex-a53_musl/root-qualcommax/'
touch /home/albresky/repos/openwrt-6.x/staging_dir/target-aarch64_cortex-a53_musl/root-qualcommax/stamp/.ip6tables-mod-fullconenat_installed
echo "ip6tables-mod-fullconenat" >> /home/albresky/repos/openwrt-6.x/staging_dir/target-aarch64_cortex-a53_musl/pkginfo/fullconenat.default.install
mkdir -p /home/albresky/repos/openwrt-6.x/staging_dir/target-aarch64_cortex-a53_musl/root-qualcommax/stamp
SHELL= flock /home/albresky/repos/openwrt-6.x/tmp/.root-copy.flock -c 'cp -fpR /home/albresky/repos/openwrt-6.x/build_dir/target-aarch64_cortex-a53_musl/linux-qualcommax_ipq60xx/fullconenat-2023.01.01~74c5e6f3/.pkgdir/kmod-ipt-fullconenat/. /home/albresky/repos/openwrt-6.x/staging_dir/target-aarch64_cortex-a53_musl/root-qualcommax/'
touch /home/albresky/repos/openwrt-6.x/staging_dir/target-aarch64_cortex-a53_musl/root-qualcommax/stamp/.kmod-ipt-fullconenat_installed
echo "kmod-ipt-fullconenat" >> /home/albresky/repos/openwrt-6.x/staging_dir/target-aarch64_cortex-a53_musl/pkginfo/fullconenat.default.install
make[3]: Leaving directory '/home/albresky/repos/openwrt-6.x/package/network/utils/fullconenat'
time: package/network/utils/fullconenat/compile#0.14#0.16#0.28
make[3]: Entering directory '/home/albresky/repos/openwrt-6.x/package/network/utils/iproute2'
mkdir -p /home/albresky/repos/openwrt-6.x/staging_dir/target-aarch64_cortex-a53_musl/root-qualcommax/stamp
SHELL= flock /home/albresky/repos/openwrt-6.x/tmp/.root-copy.flock -c 'cp -fpR /home/albresky/repos/openwrt-6.x/build_dir/target-aarch64_cortex-a53_musl/linux-qualcommax_ipq60xx/iproute2-ipfull/iproute2-6.9.0/.pkgdir/ip-full/. /home/albresky/repos/openwrt-6.x/staging_dir/target-aarch64_cortex-a53_musl/root-qualcommax/'
touch /home/albresky/repos/openwrt-6.x/staging_dir/target-aarch64_cortex-a53_musl/root-qualcommax/stamp/.ip-full_installed
echo "ip-full" >> /home/albresky/repos/openwrt-6.x/staging_dir/target-aarch64_cortex-a53_musl/pkginfo/iproute2.ipfull.install
make[3]: Leaving directory '/home/albresky/repos/openwrt-6.x/package/network/utils/iproute2'
time: package/network/utils/iproute2/ipfull/compile#0.14#0.21#0.32
make[3]: Entering directory '/home/albresky/repos/openwrt-6.x/package/system/mtd'
mkdir -p /home/albresky/repos/openwrt-6.x/staging_dir/target-aarch64_cortex-a53_musl/root-qualcommax/stamp
SHELL= flock /home/albresky/repos/openwrt-6.x/tmp/.root-copy.flock -c 'cp -fpR /home/albresky/repos/openwrt-6.x/build_dir/target-aarch64_cortex-a53_musl/linux-qualcommax_ipq60xx/mtd/.pkgdir/mtd/. /home/albresky/repos/openwrt-6.x/staging_dir/target-aarch64_cortex-a53_musl/root-qualcommax/'
touch /home/albresky/repos/openwrt-6.x/staging_dir/target-aarch64_cortex-a53_musl/root-qualcommax/stamp/.mtd_installed
echo "mtd" >> /home/albresky/repos/openwrt-6.x/staging_dir/target-aarch64_cortex-a53_musl/pkginfo/mtd.default.install
make[3]: Leaving directory '/home/albresky/repos/openwrt-6.x/package/system/mtd'
time: package/system/mtd/compile#0.13#0.15#0.26
make[3]: Entering directory '/home/albresky/repos/openwrt-6.x/package/libs/libsepol'
make[3]: Leaving directory '/home/albresky/repos/openwrt-6.x/package/libs/libsepol'
time: package/libs/libsepol/compile#0.16#0.19#0.30
make[3]: Entering directory '/home/albresky/repos/openwrt-6.x/package/libs/libselinux'
make[3]: Leaving directory '/home/albresky/repos/openwrt-6.x/package/libs/libselinux'
time: package/libs/libselinux/compile#0.18#0.19#0.32
make[3]: Entering directory '/home/albresky/repos/openwrt-6.x/package/system/procd'
mkdir -p /home/albresky/repos/openwrt-6.x/staging_dir/target-aarch64_cortex-a53_musl/root-qualcommax/stamp
SHELL= flock /home/albresky/repos/openwrt-6.x/tmp/.root-copy.flock -c 'cp -fpR /home/albresky/repos/openwrt-6.x/build_dir/target-aarch64_cortex-a53_musl/procd-default/procd-2024.07.07~f230c117/.pkgdir/procd/. /home/albresky/repos/openwrt-6.x/staging_dir/target-aarch64_cortex-a53_musl/root-qualcommax/'
touch /home/albresky/repos/openwrt-6.x/staging_dir/target-aarch64_cortex-a53_musl/root-qualcommax/stamp/.procd_installed
echo "procd" >> /home/albresky/repos/openwrt-6.x/staging_dir/target-aarch64_cortex-a53_musl/pkginfo/procd.default.install
mkdir -p /home/albresky/repos/openwrt-6.x/staging_dir/target-aarch64_cortex-a53_musl/root-qualcommax/stamp
SHELL= flock /home/albresky/repos/openwrt-6.x/tmp/.root-copy.flock -c 'cp -fpR /home/albresky/repos/openwrt-6.x/build_dir/target-aarch64_cortex-a53_musl/procd-default/procd-2024.07.07~f230c117/.pkgdir/procd-ujail/. /home/albresky/repos/openwrt-6.x/staging_dir/target-aarch64_cortex-a53_musl/root-qualcommax/'
touch /home/albresky/repos/openwrt-6.x/staging_dir/target-aarch64_cortex-a53_musl/root-qualcommax/stamp/.procd-ujail_installed
echo "procd-ujail" >> /home/albresky/repos/openwrt-6.x/staging_dir/target-aarch64_cortex-a53_musl/pkginfo/procd.default.install
mkdir -p /home/albresky/repos/openwrt-6.x/staging_dir/target-aarch64_cortex-a53_musl/root-qualcommax/stamp
SHELL= flock /home/albresky/repos/openwrt-6.x/tmp/.root-copy.flock -c 'cp -fpR /home/albresky/repos/openwrt-6.x/build_dir/target-aarch64_cortex-a53_musl/procd-default/procd-2024.07.07~f230c117/.pkgdir/procd-seccomp/. /home/albresky/repos/openwrt-6.x/staging_dir/target-aarch64_cortex-a53_musl/root-qualcommax/'
touch /home/albresky/repos/openwrt-6.x/staging_dir/target-aarch64_cortex-a53_musl/root-qualcommax/stamp/.procd-seccomp_installed
echo "procd-seccomp" >> /home/albresky/repos/openwrt-6.x/staging_dir/target-aarch64_cortex-a53_musl/pkginfo/procd.default.install
make[3]: Leaving directory '/home/albresky/repos/openwrt-6.x/package/system/procd'
time: package/system/procd/default/compile#0.15#0.19#0.32
make[3]: Entering directory '/home/albresky/repos/openwrt-6.x/package/system/urandom-seed'
mkdir -p /home/albresky/repos/openwrt-6.x/staging_dir/target-aarch64_cortex-a53_musl/root-qualcommax/stamp
SHELL= flock /home/albresky/repos/openwrt-6.x/tmp/.root-copy.flock -c 'cp -fpR /home/albresky/repos/openwrt-6.x/build_dir/target-aarch64_cortex-a53_musl/urandom-seed/.pkgdir/urandom-seed/. /home/albresky/repos/openwrt-6.x/staging_dir/target-aarch64_cortex-a53_musl/root-qualcommax/'
touch /home/albresky/repos/openwrt-6.x/staging_dir/target-aarch64_cortex-a53_musl/root-qualcommax/stamp/.urandom-seed_installed
echo "urandom-seed" >> /home/albresky/repos/openwrt-6.x/staging_dir/target-aarch64_cortex-a53_musl/pkginfo/urandom-seed.default.install
make[3]: Leaving directory '/home/albresky/repos/openwrt-6.x/package/system/urandom-seed'
time: package/system/urandom-seed/compile#0.13#0.12#0.22
make[3]: Entering directory '/home/albresky/repos/openwrt-6.x/package/system/urngd'
mkdir -p /home/albresky/repos/openwrt-6.x/staging_dir/target-aarch64_cortex-a53_musl/root-qualcommax/stamp
SHELL= flock /home/albresky/repos/openwrt-6.x/tmp/.root-copy.flock -c 'cp -fpR /home/albresky/repos/openwrt-6.x/build_dir/target-aarch64_cortex-a53_musl/urngd-2023.11.01~44365eb1/.pkgdir/urngd/. /home/albresky/repos/openwrt-6.x/staging_dir/target-aarch64_cortex-a53_musl/root-qualcommax/'
touch /home/albresky/repos/openwrt-6.x/staging_dir/target-aarch64_cortex-a53_musl/root-qualcommax/stamp/.urngd_installed
echo "urngd" >> /home/albresky/repos/openwrt-6.x/staging_dir/target-aarch64_cortex-a53_musl/pkginfo/urngd.default.install
make[3]: Leaving directory '/home/albresky/repos/openwrt-6.x/package/system/urngd'
time: package/system/urngd/compile#0.13#0.14#0.25
make[3]: Entering directory '/home/albresky/repos/openwrt-6.x/package/system/zram-swap'
mkdir -p /home/albresky/repos/openwrt-6.x/staging_dir/target-aarch64_cortex-a53_musl/root-qualcommax/stamp
SHELL= flock /home/albresky/repos/openwrt-6.x/tmp/.root-copy.flock -c 'cp -fpR /home/albresky/repos/openwrt-6.x/build_dir/target-aarch64_cortex-a53_musl/zram-swap/.pkgdir/zram-swap/. /home/albresky/repos/openwrt-6.x/staging_dir/target-aarch64_cortex-a53_musl/root-qualcommax/'
touch /home/albresky/repos/openwrt-6.x/staging_dir/target-aarch64_cortex-a53_musl/root-qualcommax/stamp/.zram-swap_installed
echo "zram-swap" >> /home/albresky/repos/openwrt-6.x/staging_dir/target-aarch64_cortex-a53_musl/pkginfo/zram-swap.default.install
make[3]: Leaving directory '/home/albresky/repos/openwrt-6.x/package/system/zram-swap'
time: package/system/zram-swap/compile#0.11#0.14#0.23
make[3]: Entering directory '/home/albresky/repos/openwrt-6.x/package/utils/busybox'
mkdir -p /home/albresky/repos/openwrt-6.x/staging_dir/target-aarch64_cortex-a53_musl/root-qualcommax/stamp
SHELL= flock /home/albresky/repos/openwrt-6.x/tmp/.root-copy.flock -c 'cp -fpR /home/albresky/repos/openwrt-6.x/build_dir/target-aarch64_cortex-a53_musl/busybox-default/busybox-1.36.1/.pkgdir/busybox/. /home/albresky/repos/openwrt-6.x/staging_dir/target-aarch64_cortex-a53_musl/root-qualcommax/'
touch /home/albresky/repos/openwrt-6.x/staging_dir/target-aarch64_cortex-a53_musl/root-qualcommax/stamp/.busybox_installed
echo "busybox" >> /home/albresky/repos/openwrt-6.x/staging_dir/target-aarch64_cortex-a53_musl/pkginfo/busybox.default.install
make[3]: Leaving directory '/home/albresky/repos/openwrt-6.x/package/utils/busybox'
time: package/utils/busybox/default/compile#0.13#0.19#0.27
make[3]: Entering directory '/home/albresky/repos/openwrt-6.x/package/utils/f2fs-tools'
mkdir -p /home/albresky/repos/openwrt-6.x/staging_dir/target-aarch64_cortex-a53_musl/root-qualcommax/stamp
echo '6' | cmp -s - /home/albresky/repos/openwrt-6.x/staging_dir/target-aarch64_cortex-a53_musl/pkginfo/libf2fs.version || { echo '6' > /home/albresky/repos/openwrt-6.x/staging_dir/target-aarch64_cortex-a53_musl/pkginfo/libf2fs.version;  } 
SHELL= flock /home/albresky/repos/openwrt-6.x/tmp/.root-copy.flock -c 'cp -fpR /home/albresky/repos/openwrt-6.x/build_dir/target-aarch64_cortex-a53_musl/f2fs-tools-default/f2fs-tools-1.16.0/.pkgdir/libf2fs/. /home/albresky/repos/openwrt-6.x/staging_dir/target-aarch64_cortex-a53_musl/root-qualcommax/'
touch /home/albresky/repos/openwrt-6.x/staging_dir/target-aarch64_cortex-a53_musl/root-qualcommax/stamp/.libf2fs_installed
echo "libf2fs" >> /home/albresky/repos/openwrt-6.x/staging_dir/target-aarch64_cortex-a53_musl/pkginfo/f2fs-tools.default.install
mkdir -p /home/albresky/repos/openwrt-6.x/staging_dir/target-aarch64_cortex-a53_musl/root-qualcommax/stamp
SHELL= flock /home/albresky/repos/openwrt-6.x/tmp/.root-copy.flock -c 'cp -fpR /home/albresky/repos/openwrt-6.x/build_dir/target-aarch64_cortex-a53_musl/f2fs-tools-default/f2fs-tools-1.16.0/.pkgdir/mkf2fs/. /home/albresky/repos/openwrt-6.x/staging_dir/target-aarch64_cortex-a53_musl/root-qualcommax/'
touch /home/albresky/repos/openwrt-6.x/staging_dir/target-aarch64_cortex-a53_musl/root-qualcommax/stamp/.mkf2fs_installed
echo "mkf2fs" >> /home/albresky/repos/openwrt-6.x/staging_dir/target-aarch64_cortex-a53_musl/pkginfo/f2fs-tools.default.install
mkdir -p /home/albresky/repos/openwrt-6.x/staging_dir/target-aarch64_cortex-a53_musl/root-qualcommax/stamp
SHELL= flock /home/albresky/repos/openwrt-6.x/tmp/.root-copy.flock -c 'cp -fpR /home/albresky/repos/openwrt-6.x/build_dir/target-aarch64_cortex-a53_musl/f2fs-tools-default/f2fs-tools-1.16.0/.pkgdir/f2fsck/. /home/albresky/repos/openwrt-6.x/staging_dir/target-aarch64_cortex-a53_musl/root-qualcommax/'
touch /home/albresky/repos/openwrt-6.x/staging_dir/target-aarch64_cortex-a53_musl/root-qualcommax/stamp/.f2fsck_installed
echo "f2fsck" >> /home/albresky/repos/openwrt-6.x/staging_dir/target-aarch64_cortex-a53_musl/pkginfo/f2fs-tools.default.install
mkdir -p /home/albresky/repos/openwrt-6.x/staging_dir/target-aarch64_cortex-a53_musl/root-qualcommax/stamp
SHELL= flock /home/albresky/repos/openwrt-6.x/tmp/.root-copy.flock -c 'cp -fpR /home/albresky/repos/openwrt-6.x/build_dir/target-aarch64_cortex-a53_musl/f2fs-tools-default/f2fs-tools-1.16.0/.pkgdir/f2fs-tools/. /home/albresky/repos/openwrt-6.x/staging_dir/target-aarch64_cortex-a53_musl/root-qualcommax/'
touch /home/albresky/repos/openwrt-6.x/staging_dir/target-aarch64_cortex-a53_musl/root-qualcommax/stamp/.f2fs-tools_installed
echo "f2fs-tools" >> /home/albresky/repos/openwrt-6.x/staging_dir/target-aarch64_cortex-a53_musl/pkginfo/f2fs-tools.default.install
make[3]: Leaving directory '/home/albresky/repos/openwrt-6.x/package/utils/f2fs-tools'
time: package/utils/f2fs-tools/default/compile#0.16#0.18#0.31
make[3]: Entering directory '/home/albresky/repos/openwrt-6.x/package/utils/f2fs-tools'
echo "libf2fs" >> /home/albresky/repos/openwrt-6.x/staging_dir/target-aarch64_cortex-a53_musl/pkginfo/f2fs-tools.default.install
echo "mkf2fs" >> /home/albresky/repos/openwrt-6.x/staging_dir/target-aarch64_cortex-a53_musl/pkginfo/f2fs-tools.default.install
echo "f2fsck" >> /home/albresky/repos/openwrt-6.x/staging_dir/target-aarch64_cortex-a53_musl/pkginfo/f2fs-tools.default.install
echo "f2fs-tools" >> /home/albresky/repos/openwrt-6.x/staging_dir/target-aarch64_cortex-a53_musl/pkginfo/f2fs-tools.default.install
make[3]: Leaving directory '/home/albresky/repos/openwrt-6.x/package/utils/f2fs-tools'
time: package/utils/f2fs-tools/default/compile#0.12#0.15#0.25
make[3]: Entering directory '/home/albresky/repos/openwrt-6.x/package/utils/f2fs-tools'
echo "libf2fs" >> /home/albresky/repos/openwrt-6.x/staging_dir/target-aarch64_cortex-a53_musl/pkginfo/f2fs-tools.default.install
echo "mkf2fs" >> /home/albresky/repos/openwrt-6.x/staging_dir/target-aarch64_cortex-a53_musl/pkginfo/f2fs-tools.default.install
echo "f2fsck" >> /home/albresky/repos/openwrt-6.x/staging_dir/target-aarch64_cortex-a53_musl/pkginfo/f2fs-tools.default.install
echo "f2fs-tools" >> /home/albresky/repos/openwrt-6.x/staging_dir/target-aarch64_cortex-a53_musl/pkginfo/f2fs-tools.default.install
make[3]: Leaving directory '/home/albresky/repos/openwrt-6.x/package/utils/f2fs-tools'
time: package/utils/f2fs-tools/default/compile#0.14#0.14#0.25
make[3]: Entering directory '/home/albresky/repos/openwrt-6.x/package/utils/f2fs-tools'
echo "libf2fs" >> /home/albresky/repos/openwrt-6.x/staging_dir/target-aarch64_cortex-a53_musl/pkginfo/f2fs-tools.default.install
echo "mkf2fs" >> /home/albresky/repos/openwrt-6.x/staging_dir/target-aarch64_cortex-a53_musl/pkginfo/f2fs-tools.default.install
echo "f2fsck" >> /home/albresky/repos/openwrt-6.x/staging_dir/target-aarch64_cortex-a53_musl/pkginfo/f2fs-tools.default.install
echo "f2fs-tools" >> /home/albresky/repos/openwrt-6.x/staging_dir/target-aarch64_cortex-a53_musl/pkginfo/f2fs-tools.default.install
make[3]: Leaving directory '/home/albresky/repos/openwrt-6.x/package/utils/f2fs-tools'
time: package/utils/f2fs-tools/default/compile#0.12#0.15#0.24
make[2]: Leaving directory '/home/albresky/repos/openwrt-6.x'
make[2]: Entering directory '/home/albresky/repos/openwrt-6.x'
rm -rf /home/albresky/repos/openwrt-6.x/staging_dir/packages/qualcommax
mkdir -p /home/albresky/repos/openwrt-6.x/staging_dir/packages/qualcommax
ln -s /home/albresky/repos/openwrt-6.x/bin/targets/qualcommax/ipq60xx/packages/*.ipk /home/albresky/repos/openwrt-6.x/staging_dir/packages/qualcommax; ln -s /home/albresky/repos/openwrt-6.x/bin/packages/aarch64_cortex-a53/base/*.ipk /home/albresky/repos/openwrt-6.x/staging_dir/packages/qualcommax; ln -s /home/albresky/repos/openwrt-6.x/bin/packages/aarch64_cortex-a53/luci/*.ipk /home/albresky/repos/openwrt-6.x/staging_dir/packages/qualcommax; ln -s /home/albresky/repos/openwrt-6.x/bin/packages/aarch64_cortex-a53/nss_packages/*.ipk /home/albresky/repos/openwrt-6.x/staging_dir/packages/qualcommax; ln -s /home/albresky/repos/openwrt-6.x/bin/packages/aarch64_cortex-a53/packages/*.ipk /home/albresky/repos/openwrt-6.x/staging_dir/packages/qualcommax;   
(cd /home/albresky/repos/openwrt-6.x/staging_dir/packages/qualcommax && /home/albresky/repos/openwrt-6.x/scripts/ipkg-make-index.sh . 2>&1 > Packages; )
Generating index for package ./6in4_28_all.ipk
Generating index for package ./6rd_13_all.ipk
Generating index for package ./alist_3.36.0-r1_aarch64_cortex-a53.ipk
Generating index for package ./ath11k-firmware-ipq6018_2024.07.23~14fc6d54-r1_aarch64_cortex-a53.ipk
Generating index for package ./autocore_42_aarch64_cortex-a53.ipk
Generating index for package ./autopart_0.9-r3_all.ipk
Generating index for package ./base-files_3~f6c274a210_aarch64_cortex-a53.ipk
Generating index for package ./bash_5.2.21-r1_aarch64_cortex-a53.ipk
Generating index for package ./bison_3.8.2-r1_aarch64_cortex-a53.ipk
Generating index for package ./blkid_2.40.1-r1_aarch64_cortex-a53.ipk
Generating index for package ./btrfs-progs_6.9-r1_aarch64_cortex-a53.ipk
Generating index for package ./busybox_1.36.1-r1_aarch64_cortex-a53.ipk
Generating index for package ./ca-bundle_20240203-r1_all.ipk
Generating index for package ./ca-certificates_20240203-r1_all.ipk
Generating index for package ./cgi-io_2022.08.10~901b0f04-r21_aarch64_cortex-a53.ipk
Generating index for package ./coreutils-nohup_9.3-r1_aarch64_cortex-a53.ipk
Generating index for package ./coreutils_9.3-r1_aarch64_cortex-a53.ipk
Generating index for package ./cpufreq_1_all.ipk
Generating index for package ./cpulimit_0.3.2-r1_aarch64_cortex-a53.ipk
Generating index for package ./cpusage_1_aarch64_cortex-a53.ipk
Generating index for package ./curl_8.9.0-r1_aarch64_cortex-a53.ipk
Generating index for package ./default-settings-chn_29_all.ipk
Generating index for package ./default-settings_29_all.ipk
Generating index for package ./dejavu-fonts-ttf-DejaVuSans_2.37-r1_aarch64_cortex-a53.ipk
Generating index for package ./dnsmasq-dhcpv6_2.90-r2_aarch64_cortex-a53.ipk
Generating index for package ./dnsmasq-full_2.90-r2_aarch64_cortex-a53.ipk
Generating index for package ./dnsmasq_2.90-r2_aarch64_cortex-a53.ipk
Generating index for package ./dropbear_2024.85-r1_aarch64_cortex-a53.ipk
Generating index for package ./e2fsprogs_1.47.0-r2_aarch64_cortex-a53.ipk
Generating index for package ./ethtool_6.6-r1_aarch64_cortex-a53.ipk
Generating index for package ./f2fs-tools_1.16.0-r3_aarch64_cortex-a53.ipk
Generating index for package ./f2fsck_1.16.0-r3_aarch64_cortex-a53.ipk
Generating index for package ./fdisk_2.40.1-r1_aarch64_cortex-a53.ipk
Generating index for package ./filebrowser_2.23.0-r2_aarch64_cortex-a53.ipk
Generating index for package ./findfs_2.40.1-r1_aarch64_cortex-a53.ipk
Generating index for package ./firewall4_2024.05.21~4c01d1eb-r1_aarch64_cortex-a53.ipk
Generating index for package ./fstools_2024.07.14~408c2cc4-r1_aarch64_cortex-a53.ipk
Generating index for package ./fuse-utils_2.9.9-r2_aarch64_cortex-a53.ipk
Generating index for package ./fwtool_2019.11.12~8f7fe925-r1_aarch64_cortex-a53.ipk
Generating index for package ./gdisk_1.0.10-r1_aarch64_cortex-a53.ipk
Generating index for package ./getrandom_2024.04.26~85f10530-r1_aarch64_cortex-a53.ipk
Generating index for package ./hostapd-common_2024.03.09~695277a5-r2_aarch64_cortex-a53.ipk
Generating index for package ./htop_3.3.0-r2_aarch64_cortex-a53.ipk
Generating index for package ./https-dns-proxy_2023.11.19-rr1_aarch64_cortex-a53.ipk
Generating index for package ./hwinfo_21.71-r4_aarch64_cortex-a53.ipk
Generating index for package ./ip-full_6.9.0-r1_aarch64_cortex-a53.ipk
Generating index for package ./ip6tables-extra_1.8.8-r2_aarch64_cortex-a53.ipk
Generating index for package ./ip6tables-mod-fullconenat_2023.01.01~74c5e6f3-r1_aarch64_cortex-a53.ipk
Generating index for package ./ip6tables-mod-nat_1.8.8-r2_aarch64_cortex-a53.ipk
Generating index for package ./ip6tables-nft_1.8.8-r2_aarch64_cortex-a53.ipk
Generating index for package ./ip6tables-zz-legacy_1.8.8-r2_aarch64_cortex-a53.ipk
Generating index for package ./iperf3-ssl_3.17.1-r2_aarch64_cortex-a53.ipk
Generating index for package ./iperf3_3.17.1-r2_aarch64_cortex-a53.ipk
Generating index for package ./iperf_2.1.9-r1_aarch64_cortex-a53.ipk
Generating index for package ./ipq-wifi-jdcloud_ax1800-pro_2024.07.04~fcdb2e74-r1_aarch64_cortex-a53.ipk
Generating index for package ./iputils-arping_20240117-r1_aarch64_cortex-a53.ipk
Generating index for package ./ipv6helper_5_all.ipk
Generating index for package ./iw_6.9-r1_aarch64_cortex-a53.ipk
Generating index for package ./iwinfo_2024.07.06~21582013-r1_aarch64_cortex-a53.ipk
Generating index for package ./jansson4_2.14-r3_aarch64_cortex-a53.ipk
Generating index for package ./jq_1.7.1-r1_aarch64_cortex-a53.ipk
Generating index for package ./jshn_2024.03.29~eb9bcb64-r1_aarch64_cortex-a53.ipk
Generating index for package ./jsonfilter_2024.01.23~594cfa86-r1_aarch64_cortex-a53.ipk
Generating index for package ./kmod-asn1-decoder_6.6.42-r1_aarch64_cortex-a53.ipk
Generating index for package ./kmod-asn1-encoder_6.6.42-r1_aarch64_cortex-a53.ipk
Generating index for package ./kmod-ath11k-ahb_6.6.42.6.9.9-r1_aarch64_cortex-a53.ipk
Generating index for package ./kmod-ath11k_6.6.42.6.9.9-r1_aarch64_cortex-a53.ipk
Generating index for package ./kmod-ath_6.6.42.6.9.9-r1_aarch64_cortex-a53.ipk
Generating index for package ./kmod-bonding_6.6.42-r1_aarch64_cortex-a53.ipk
Generating index for package ./kmod-cfg80211_6.6.42.6.9.9-r1_aarch64_cortex-a53.ipk
Generating index for package ./kmod-crypto-acompress_6.6.42-r1_aarch64_cortex-a53.ipk
Generating index for package ./kmod-crypto-aead_6.6.42-r1_aarch64_cortex-a53.ipk
Generating index for package ./kmod-crypto-arc4_6.6.42-r1_aarch64_cortex-a53.ipk
Generating index for package ./kmod-crypto-authenc_6.6.42-r1_aarch64_cortex-a53.ipk
Generating index for package ./kmod-crypto-blake2b_6.6.42-r1_aarch64_cortex-a53.ipk
Generating index for package ./kmod-crypto-cbc_6.6.42-r1_aarch64_cortex-a53.ipk
Generating index for package ./kmod-crypto-ccm_6.6.42-r1_aarch64_cortex-a53.ipk
Generating index for package ./kmod-crypto-cmac_6.6.42-r1_aarch64_cortex-a53.ipk
Generating index for package ./kmod-crypto-crc32_6.6.42-r1_aarch64_cortex-a53.ipk
Generating index for package ./kmod-crypto-crc32c_6.6.42-r1_aarch64_cortex-a53.ipk
Generating index for package ./kmod-crypto-ctr_6.6.42-r1_aarch64_cortex-a53.ipk
Generating index for package ./kmod-crypto-ecb_6.6.42-r1_aarch64_cortex-a53.ipk
Generating index for package ./kmod-crypto-gcm_6.6.42-r1_aarch64_cortex-a53.ipk
Generating index for package ./kmod-crypto-geniv_6.6.42-r1_aarch64_cortex-a53.ipk
Generating index for package ./kmod-crypto-gf128_6.6.42-r1_aarch64_cortex-a53.ipk
Generating index for package ./kmod-crypto-ghash_6.6.42-r1_aarch64_cortex-a53.ipk
Generating index for package ./kmod-crypto-hash_6.6.42-r1_aarch64_cortex-a53.ipk
Generating index for package ./kmod-crypto-hmac_6.6.42-r1_aarch64_cortex-a53.ipk
Generating index for package ./kmod-crypto-manager_6.6.42-r1_aarch64_cortex-a53.ipk
Generating index for package ./kmod-crypto-michael-mic_6.6.42-r1_aarch64_cortex-a53.ipk
Generating index for package ./kmod-crypto-null_6.6.42-r1_aarch64_cortex-a53.ipk
Generating index for package ./kmod-crypto-rng_6.6.42-r1_aarch64_cortex-a53.ipk
Generating index for package ./kmod-crypto-seqiv_6.6.42-r1_aarch64_cortex-a53.ipk
Generating index for package ./kmod-crypto-sha1_6.6.42-r1_aarch64_cortex-a53.ipk
Generating index for package ./kmod-crypto-sha256_6.6.42-r1_aarch64_cortex-a53.ipk
Generating index for package ./kmod-crypto-sha3_6.6.42-r1_aarch64_cortex-a53.ipk
Generating index for package ./kmod-crypto-sha512_6.6.42-r1_aarch64_cortex-a53.ipk
Generating index for package ./kmod-crypto-user_6.6.42-r1_aarch64_cortex-a53.ipk
Generating index for package ./kmod-crypto-xxhash_6.6.42-r1_aarch64_cortex-a53.ipk
Generating index for package ./kmod-cryptodev_6.6.42.1.13-r1_aarch64_cortex-a53.ipk
Generating index for package ./kmod-dax_6.6.42-r1_aarch64_cortex-a53.ipk
Generating index for package ./kmod-dm_6.6.42-r1_aarch64_cortex-a53.ipk
Generating index for package ./kmod-fs-btrfs_6.6.42-r1_aarch64_cortex-a53.ipk
Generating index for package ./kmod-fs-ext4_6.6.42-r1_aarch64_cortex-a53.ipk
Generating index for package ./kmod-fs-f2fs_6.6.42-r1_aarch64_cortex-a53.ipk
Generating index for package ./kmod-fuse_6.6.42-r1_aarch64_cortex-a53.ipk
Generating index for package ./kmod-gpio-button-hotplug_6.6.42-r3_aarch64_cortex-a53.ipk
Generating index for package ./kmod-gre6_6.6.42-r1_aarch64_cortex-a53.ipk
Generating index for package ./kmod-gre_6.6.42-r1_aarch64_cortex-a53.ipk
Generating index for package ./kmod-hwmon-core_6.6.42-r1_aarch64_cortex-a53.ipk
Generating index for package ./kmod-ifb_6.6.42-r1_aarch64_cortex-a53.ipk
Generating index for package ./kmod-inet-diag_6.6.42-r1_aarch64_cortex-a53.ipk
Generating index for package ./kmod-ip6-tunnel_6.6.42-r1_aarch64_cortex-a53.ipk
Generating index for package ./kmod-ip6tables-extra_6.6.42-r1_aarch64_cortex-a53.ipk
Generating index for package ./kmod-ip6tables_6.6.42-r1_aarch64_cortex-a53.ipk
Generating index for package ./kmod-ipt-conntrack_6.6.42-r1_aarch64_cortex-a53.ipk
Generating index for package ./kmod-ipt-core_6.6.42-r1_aarch64_cortex-a53.ipk
Generating index for package ./kmod-ipt-fullconenat_6.6.42.2023.01.01~74c5e6f3-r1_aarch64_cortex-a53.ipk
Generating index for package ./kmod-ipt-ipset_6.6.42-r1_aarch64_cortex-a53.ipk
Generating index for package ./kmod-ipt-nat6_6.6.42-r1_aarch64_cortex-a53.ipk
Generating index for package ./kmod-ipt-nat_6.6.42-r1_aarch64_cortex-a53.ipk
Generating index for package ./kmod-iptunnel4_6.6.42-r1_aarch64_cortex-a53.ipk
Generating index for package ./kmod-iptunnel6_6.6.42-r1_aarch64_cortex-a53.ipk
Generating index for package ./kmod-iptunnel_6.6.42-r1_aarch64_cortex-a53.ipk
Generating index for package ./kmod-keys-encrypted_6.6.42-r1_aarch64_cortex-a53.ipk
Generating index for package ./kmod-keys-trusted_6.6.42-r1_aarch64_cortex-a53.ipk
Generating index for package ./kmod-l2tp_6.6.42-r1_aarch64_cortex-a53.ipk
Generating index for package ./kmod-leds-gpio_6.6.42-r1_aarch64_cortex-a53.ipk
Generating index for package ./kmod-lib-crc-ccitt_6.6.42-r1_aarch64_cortex-a53.ipk
Generating index for package ./kmod-lib-crc16_6.6.42-r1_aarch64_cortex-a53.ipk
Generating index for package ./kmod-lib-crc32c_6.6.42-r1_aarch64_cortex-a53.ipk
Generating index for package ./kmod-lib-lzo_6.6.42-r1_aarch64_cortex-a53.ipk
Generating index for package ./kmod-lib-raid6_6.6.42-r1_aarch64_cortex-a53.ipk
Generating index for package ./kmod-lib-xor_6.6.42-r1_aarch64_cortex-a53.ipk
Generating index for package ./kmod-lib-xxhash_6.6.42-r1_aarch64_cortex-a53.ipk
Generating index for package ./kmod-lib-zlib-deflate_6.6.42-r1_aarch64_cortex-a53.ipk
Generating index for package ./kmod-lib-zlib-inflate_6.6.42-r1_aarch64_cortex-a53.ipk
Generating index for package ./kmod-lib-zstd_6.6.42-r1_aarch64_cortex-a53.ipk
Generating index for package ./kmod-mac80211_6.6.42.6.9.9-r1_aarch64_cortex-a53.ipk
Generating index for package ./kmod-macvlan_6.6.42-r1_aarch64_cortex-a53.ipk
Generating index for package ./kmod-md-mod_6.6.42-r1_aarch64_cortex-a53.ipk
Generating index for package ./kmod-md-raid0_6.6.42-r1_aarch64_cortex-a53.ipk
Generating index for package ./kmod-md-raid10_6.6.42-r1_aarch64_cortex-a53.ipk
Generating index for package ./kmod-md-raid1_6.6.42-r1_aarch64_cortex-a53.ipk
Generating index for package ./kmod-md-raid456_6.6.42-r1_aarch64_cortex-a53.ipk
Generating index for package ./kmod-mppe_6.6.42-r1_aarch64_cortex-a53.ipk
Generating index for package ./kmod-nat46_6.6.42.2022.09.19~4c5beee2-r1_aarch64_cortex-a53.ipk
Generating index for package ./kmod-nf-conntrack-netlink_6.6.42-r1_aarch64_cortex-a53.ipk
Generating index for package ./kmod-nf-conntrack6_6.6.42-r1_aarch64_cortex-a53.ipk
Generating index for package ./kmod-nf-conntrack_6.6.42-r1_aarch64_cortex-a53.ipk
Generating index for package ./kmod-nf-flow_6.6.42-r1_aarch64_cortex-a53.ipk
Generating index for package ./kmod-nf-ipt6_6.6.42-r1_aarch64_cortex-a53.ipk
Generating index for package ./kmod-nf-ipt_6.6.42-r1_aarch64_cortex-a53.ipk
Generating index for package ./kmod-nf-log6_6.6.42-r1_aarch64_cortex-a53.ipk
Generating index for package ./kmod-nf-log_6.6.42-r1_aarch64_cortex-a53.ipk
Generating index for package ./kmod-nf-nat6_6.6.42-r1_aarch64_cortex-a53.ipk
Generating index for package ./kmod-nf-nat_6.6.42-r1_aarch64_cortex-a53.ipk
Generating index for package ./kmod-nf-reject6_6.6.42-r1_aarch64_cortex-a53.ipk
Generating index for package ./kmod-nf-reject_6.6.42-r1_aarch64_cortex-a53.ipk
Generating index for package ./kmod-nf-tproxy_6.6.42-r1_aarch64_cortex-a53.ipk
Generating index for package ./kmod-nfnetlink_6.6.42-r1_aarch64_cortex-a53.ipk
Generating index for package ./kmod-nft-compat_6.6.42-r1_aarch64_cortex-a53.ipk
Generating index for package ./kmod-nft-core_6.6.42-r1_aarch64_cortex-a53.ipk
Generating index for package ./kmod-nft-fib_6.6.42-r1_aarch64_cortex-a53.ipk
Generating index for package ./kmod-nft-fullcone_6.6.42.2023.05.17~07d93b62-r1_aarch64_cortex-a53.ipk
Generating index for package ./kmod-nft-nat_6.6.42-r1_aarch64_cortex-a53.ipk
Generating index for package ./kmod-nft-offload_6.6.42-r1_aarch64_cortex-a53.ipk
Generating index for package ./kmod-nft-tproxy_6.6.42-r1_aarch64_cortex-a53.ipk
Generating index for package ./kmod-nls-base_6.6.42-r1_aarch64_cortex-a53.ipk
Generating index for package ./kmod-oid-registry_6.6.42-r1_aarch64_cortex-a53.ipk
Generating index for package ./kmod-ppp_6.6.42-r1_aarch64_cortex-a53.ipk
Generating index for package ./kmod-pppoe_6.6.42-r1_aarch64_cortex-a53.ipk
Generating index for package ./kmod-pppol2tp_6.6.42-r1_aarch64_cortex-a53.ipk
Generating index for package ./kmod-pppox_6.6.42-r1_aarch64_cortex-a53.ipk
Generating index for package ./kmod-pptp_6.6.42-r1_aarch64_cortex-a53.ipk
Generating index for package ./kmod-qca-mcs_6.6.42.12.5.2024.02.27~26d6424-r1_aarch64_cortex-a53.ipk
Generating index for package ./kmod-qca-nss-dp_6.6.42.2024.04.16~5bf8b91e-r1_aarch64_cortex-a53.ipk
Generating index for package ./kmod-qca-nss-drv-bridge-mgr_6.6.42.12.5.2024.06.12~1bcef16-r7_aarch64_cortex-a53.ipk
Generating index for package ./kmod-qca-nss-drv-eogremgr_6.6.42.12.5.2024.06.12~1bcef16-r7_aarch64_cortex-a53.ipk
Generating index for package ./kmod-qca-nss-drv-gre_6.6.42.12.5.2024.06.12~1bcef16-r7_aarch64_cortex-a53.ipk
Generating index for package ./kmod-qca-nss-drv-igs_6.6.42.12.5.2024.06.12~1bcef16-r7_aarch64_cortex-a53.ipk
Generating index for package ./kmod-qca-nss-drv-l2tpv2_6.6.42.12.5.2024.06.12~1bcef16-r7_aarch64_cortex-a53.ipk
Generating index for package ./kmod-qca-nss-drv-lag-mgr_6.6.42.12.5.2024.06.12~1bcef16-r7_aarch64_cortex-a53.ipk
Generating index for package ./kmod-qca-nss-drv-map-t_6.6.42.12.5.2024.06.12~1bcef16-r7_aarch64_cortex-a53.ipk
Generating index for package ./kmod-qca-nss-drv-match_6.6.42.12.5.2024.06.12~1bcef16-r7_aarch64_cortex-a53.ipk
Generating index for package ./kmod-qca-nss-drv-mirror_6.6.42.12.5.2024.06.12~1bcef16-r7_aarch64_cortex-a53.ipk
Generating index for package ./kmod-qca-nss-drv-pppoe_6.6.42.12.5.2024.06.12~1bcef16-r7_aarch64_cortex-a53.ipk
Generating index for package ./kmod-qca-nss-drv-pptp_6.6.42.12.5.2024.06.12~1bcef16-r7_aarch64_cortex-a53.ipk
Generating index for package ./kmod-qca-nss-drv-qdisc_6.6.42.12.5.2024.06.12~1bcef16-r7_aarch64_cortex-a53.ipk
Generating index for package ./kmod-qca-nss-drv-tun6rd_6.6.42.12.5.2024.06.12~1bcef16-r7_aarch64_cortex-a53.ipk
Generating index for package ./kmod-qca-nss-drv-tunipip6_6.6.42.12.5.2024.06.12~1bcef16-r7_aarch64_cortex-a53.ipk
Generating index for package ./kmod-qca-nss-drv-vlan-mgr_6.6.42.12.5.2024.06.12~1bcef16-r7_aarch64_cortex-a53.ipk
Generating index for package ./kmod-qca-nss-drv-vxlanmgr_6.6.42.12.5.2024.06.12~1bcef16-r7_aarch64_cortex-a53.ipk
Generating index for package ./kmod-qca-nss-drv_6.6.42.12.5.2024.04.06~53a0dc1-r11_aarch64_cortex-a53.ipk
Generating index for package ./kmod-qca-nss-ecm_6.6.42.12.5.2024.06.20~92c7fa1-r3_aarch64_cortex-a53.ipk
Generating index for package ./kmod-qca-nss-macsec_6.6.42.12.4.5.2023.10.16~b94e22d-r1_aarch64_cortex-a53.ipk
Generating index for package ./kmod-qca-ssdk_6.6.42.2024.06.13~c451136b-r3_aarch64_cortex-a53.ipk
Generating index for package ./kmod-qrtr-smd_6.6.42-r1_aarch64_cortex-a53.ipk
Generating index for package ./kmod-qrtr_6.6.42-r1_aarch64_cortex-a53.ipk
Generating index for package ./kmod-random-core_6.6.42-r1_aarch64_cortex-a53.ipk
Generating index for package ./kmod-sched-core_6.6.42-r1_aarch64_cortex-a53.ipk
Generating index for package ./kmod-sit_6.6.42-r1_aarch64_cortex-a53.ipk
Generating index for package ./kmod-slhc_6.6.42-r1_aarch64_cortex-a53.ipk
Generating index for package ./kmod-thermal_6.6.42-r1_aarch64_cortex-a53.ipk
Generating index for package ./kmod-tpm_6.6.42-r1_aarch64_cortex-a53.ipk
Generating index for package ./kmod-tun_6.6.42-r1_aarch64_cortex-a53.ipk
Generating index for package ./kmod-udptunnel4_6.6.42-r1_aarch64_cortex-a53.ipk
Generating index for package ./kmod-udptunnel6_6.6.42-r1_aarch64_cortex-a53.ipk
Generating index for package ./kmod-usb-core_6.6.42-r1_aarch64_cortex-a53.ipk
Generating index for package ./kmod-usb-dwc3-qcom_6.6.42-r1_aarch64_cortex-a53.ipk
Generating index for package ./kmod-usb-dwc3_6.6.42-r1_aarch64_cortex-a53.ipk
Generating index for package ./kmod-usb-xhci-hcd_6.6.42-r1_aarch64_cortex-a53.ipk
Generating index for package ./kmod-usb3_6.6.42-r1_aarch64_cortex-a53.ipk
Generating index for package ./kmod-vxlan_6.6.42-r1_aarch64_cortex-a53.ipk
Generating index for package ./kmod-zram_6.6.42-r1_aarch64_cortex-a53.ipk
Generating index for package ./libaio_0.3.113-r3_aarch64_cortex-a53.ipk
Generating index for package ./libatomic1_13.3.0-r4_aarch64_cortex-a53.ipk
Generating index for package ./libattr_2.5.2-r3_aarch64_cortex-a53.ipk
Generating index for package ./libblkid1_2.40.1-r1_aarch64_cortex-a53.ipk
Generating index for package ./libblobmsg-json20240329_2024.03.29~eb9bcb64-r1_aarch64_cortex-a53.ipk
Generating index for package ./libbpf1_1.4.5-r1_aarch64_cortex-a53.ipk
Generating index for package ./libbz2-1.0_1.0.8-r1_aarch64_cortex-a53.ipk
Generating index for package ./libcap-bin_2.69-r1_aarch64_cortex-a53.ipk
Generating index for package ./libcap-ng_0.8.4-r1_aarch64_cortex-a53.ipk
Generating index for package ./libcap_2.69-r1_aarch64_cortex-a53.ipk
Generating index for package ./libcares_1.32.3-r1_aarch64_cortex-a53.ipk
Generating index for package ./libcomerr0_1.47.0-r2_aarch64_cortex-a53.ipk
Generating index for package ./libcurl4_8.7.1-rr1_aarch64_cortex-a53.ipk
Generating index for package ./libcurl4_8.9.0-r1_aarch64_cortex-a53.ipk
Generating index for package ./libdeflate_1.20-r1_aarch64_cortex-a53.ipk
Generating index for package ./libdevmapper_1.02.197_aarch64_cortex-a53.ipk
Generating index for package ./libdht_2022.04.27~11123089-r1_aarch64_cortex-a53.ipk
Generating index for package ./libe2p2_1.47.0-r2_aarch64_cortex-a53.ipk
Generating index for package ./libelf1_0.191-r1_aarch64_cortex-a53.ipk
Generating index for package ./libev_4.33-r2_aarch64_cortex-a53.ipk
Generating index for package ./libevent2-7_2.1.12-r2_aarch64_cortex-a53.ipk
Generating index for package ./libevent2-core7_2.1.12-r2_aarch64_cortex-a53.ipk
Generating index for package ./libevent2-pthreads7_2.1.12-r2_aarch64_cortex-a53.ipk
Generating index for package ./libext2fs2_1.47.0-r2_aarch64_cortex-a53.ipk
Generating index for package ./libf2fs6_1.16.0-r3_aarch64_cortex-a53.ipk
Generating index for package ./libfdisk1_2.40.1-r1_aarch64_cortex-a53.ipk
Generating index for package ./libffi_3.4.6-r1_aarch64_cortex-a53.ipk
Generating index for package ./libfuse1_2.9.9-r2_aarch64_cortex-a53.ipk
Generating index for package ./libgcc1_13.3.0-r4_aarch64_cortex-a53.ipk
Generating index for package ./libgdbm_1.23-r1_aarch64_cortex-a53.ipk
Generating index for package ./libgmp10_6.3.0-r1_aarch64_cortex-a53.ipk
Generating index for package ./libidn2_2.3.7-r1_aarch64_cortex-a53.ipk
Generating index for package ./libip4tc2_1.8.8-r2_aarch64_cortex-a53.ipk
Generating index for package ./libip6tc2_1.8.8-r2_aarch64_cortex-a53.ipk
Generating index for package ./libiperf3_3.17.1-r2_aarch64_cortex-a53.ipk
Generating index for package ./libiptext-nft0_1.8.8-r2_aarch64_cortex-a53.ipk
Generating index for package ./libiptext0_1.8.8-r2_aarch64_cortex-a53.ipk
Generating index for package ./libiptext6-0_1.8.8-r2_aarch64_cortex-a53.ipk
Generating index for package ./libiwinfo-data_2024.07.06~21582013-r1_aarch64_cortex-a53.ipk
Generating index for package ./libiwinfo20230701_2024.07.06~21582013-r1_aarch64_cortex-a53.ipk
Generating index for package ./libjson-c5_0.17-r1_aarch64_cortex-a53.ipk
Generating index for package ./libjson-script20240329_2024.03.29~eb9bcb64-r1_aarch64_cortex-a53.ipk
Generating index for package ./liblua5.1.5_5.1.5-r11_aarch64_cortex-a53.ipk
Generating index for package ./liblucihttp-lua_2023.03.15~9b5b683f-r1_aarch64_cortex-a53.ipk
Generating index for package ./liblucihttp-ucode_2023.03.15~9b5b683f-r1_aarch64_cortex-a53.ipk
Generating index for package ./liblucihttp0_2023.03.15~9b5b683f-r1_aarch64_cortex-a53.ipk
Generating index for package ./liblzma_5.4.6-r1_aarch64_cortex-a53.ipk
Generating index for package ./liblzo2_2.10-r4_aarch64_cortex-a53.ipk
Generating index for package ./libmbedtls21_3.6.0-r1_aarch64_cortex-a53.ipk
Generating index for package ./libminiupnpc_2.2.8-r1_aarch64_cortex-a53.ipk
Generating index for package ./libmnl0_1.0.5-r1_aarch64_cortex-a53.ipk
Generating index for package ./libmount1_2.40.1-r1_aarch64_cortex-a53.ipk
Generating index for package ./libnatpmp1_20230423-r2_aarch64_cortex-a53.ipk
Generating index for package ./libncurses6_6.4-r2_aarch64_cortex-a53.ipk
Generating index for package ./libnetfilter-conntrack3_1.0.9-r2_aarch64_cortex-a53.ipk
Generating index for package ./libnettle8_3.9.1-r1_aarch64_cortex-a53.ipk
Generating index for package ./libnfnetlink0_1.0.2-r1_aarch64_cortex-a53.ipk
Generating index for package ./libnftnl11_1.2.6-r1_aarch64_cortex-a53.ipk
Generating index for package ./libnghttp2-14_1.62.1-r1_aarch64_cortex-a53.ipk
Generating index for package ./libnghttp3_1.4.0-r1_aarch64_cortex-a53.ipk
Generating index for package ./libngtcp2_1.6.0-r1_aarch64_cortex-a53.ipk
Generating index for package ./libnl-tiny1_2023.12.05~965c4bf4-r1_aarch64_cortex-a53.ipk
Generating index for package ./libopenssl-conf_3.0.14-r2_aarch64_cortex-a53.ipk
Generating index for package ./libopenssl-legacy_3.0.14-r2_aarch64_cortex-a53.ipk
Generating index for package ./libopenssl3_3.0.10-r1_aarch64_cortex-a53.ipk
Generating index for package ./libopenssl3_3.0.14-r2_aarch64_cortex-a53.ipk
Generating index for package ./libopenssl3_3.1.5-quic-r1_aarch64_cortex-a53.ipk
Generating index for package ./libparted_3.6-r1_aarch64_cortex-a53.ipk
Generating index for package ./libpcre2_10.42-r1_aarch64_cortex-a53.ipk
Generating index for package ./libpsl5_0.21.5-r1_aarch64_cortex-a53.ipk
Generating index for package ./libpthread_1.2.5-r4_aarch64_cortex-a53.ipk
Generating index for package ./libpython3-3.11_3.11.7-r2_aarch64_cortex-a53.ipk
Generating index for package ./libreadline8_8.2-r2_aarch64_cortex-a53.ipk
Generating index for package ./librt_1.2.5-r4_aarch64_cortex-a53.ipk
Generating index for package ./libruby3.3_3.3.3-r1_aarch64_cortex-a53.ipk
Generating index for package ./libsmartcols1_2.40.1-r1_aarch64_cortex-a53.ipk
Generating index for package ./libsqlite3-0_3410200-r1_aarch64_cortex-a53.ipk
Generating index for package ./libss2_1.47.0-r2_aarch64_cortex-a53.ipk
Generating index for package ./libstdcpp6_13.3.0-r4_aarch64_cortex-a53.ipk
Generating index for package ./libubox20240329_2024.03.29~eb9bcb64-r1_aarch64_cortex-a53.ipk
Generating index for package ./libubus-lua_2023.11.28~f84eb599-r1_aarch64_cortex-a53.ipk
Generating index for package ./libubus20231128_2023.11.28~f84eb599-r1_aarch64_cortex-a53.ipk
Generating index for package ./libuci20130104_2023.08.10~5781664d-r1_aarch64_cortex-a53.ipk
Generating index for package ./libuclient20201210_2024.04.19~e8780fa7-r1_aarch64_cortex-a53.ipk
Generating index for package ./libucode20230711_2024.07.11~1a8a0bcf-r1_aarch64_cortex-a53.ipk
Generating index for package ./libudebug_2023.12.06~6d3f51f9_aarch64_cortex-a53.ipk
Generating index for package ./libunistring_1.1-r1_aarch64_cortex-a53.ipk
Generating index for package ./libustream-openssl20201210_2024.04.19~524a76e5-r1_aarch64_cortex-a53.ipk
Generating index for package ./libutp_2023.02.14~c95738b1-r1_aarch64_cortex-a53.ipk
Generating index for package ./libuuid1_2.40.1-r1_aarch64_cortex-a53.ipk
Generating index for package ./libxtables12_1.8.8-r2_aarch64_cortex-a53.ipk
Generating index for package ./libyaml_0.2.5-r1_aarch64_cortex-a53.ipk
Generating index for package ./logd_2024.04.26~85f10530-r1_aarch64_cortex-a53.ipk
Generating index for package ./losetup_2.40.1-r1_aarch64_cortex-a53.ipk
Generating index for package ./lsblk_2.40.1-r1_aarch64_cortex-a53.ipk
Generating index for package ./lua-argparse_0.6.0-r1_all.ipk
Generating index for package ./lua_5.1.5-r11_aarch64_cortex-a53.ipk
Generating index for package ./luci-app-alist_24.204.07517~e72f477_all.ipk
Generating index for package ./luci-app-argon-config_24.204.07517~e72f477_all.ipk
Generating index for package ./luci-app-cpufreq_24.204.07517~e72f477_all.ipk
Generating index for package ./luci-app-cpulimit_24.204.07517~e72f477_all.ipk
Generating index for package ./luci-app-diskman_0.2.11-2_all.ipk
Generating index for package ./luci-app-filebrowser-go_24.204.07517~e72f477_all.ipk
Generating index for package ./luci-app-filebrowser_1.1.0-1_all.ipk
Generating index for package ./luci-app-firewall_24.204.07517~e72f477_all.ipk
Generating index for package ./luci-app-https-dns-proxy_2023.11.19-r3_all.ipk
Generating index for package ./luci-app-openclash_0.46.014-rbeta_all.ipk
Generating index for package ./luci-app-opkg_24.191.51591~bff2a43_all.ipk
Generating index for package ./luci-app-smartdns_1.2024.45-1_all.ipk
Generating index for package ./luci-app-transmission_24.204.07517~e72f477_all.ipk
Generating index for package ./luci-app-uhttpd_24.204.07517~e72f477_all.ipk
Generating index for package ./luci-app-unblockneteasemusic_3.2-3_all.ipk
Generating index for package ./luci-app-upnp_24.204.07517~e72f477_all.ipk
Generating index for package ./luci-app-wechatpush_3.4.2-1_all.ipk
Generating index for package ./luci-app-zerotier_24.204.07517~e72f477_all.ipk
Generating index for package ./luci-base_24.209.33969~31219a4_aarch64_cortex-a53.ipk
Generating index for package ./luci-compat_24.204.07517~e72f477_all.ipk
Generating index for package ./luci-i18n-alist-zh-cn_24.204.07517~e72f477_all.ipk
Generating index for package ./luci-i18n-argon-config-zh-cn_24.204.07517~e72f477_all.ipk
Generating index for package ./luci-i18n-base-zh-cn_24.209.33969~31219a4_all.ipk
Generating index for package ./luci-i18n-cpufreq-zh-cn_24.204.07517~e72f477_all.ipk
Generating index for package ./luci-i18n-cpulimit-zh-cn_24.204.07517~e72f477_all.ipk
Generating index for package ./luci-i18n-dashboard-zh-cn_24.204.07517~e72f477_all.ipk
Generating index for package ./luci-i18n-diskman-zh-cn_24.204.07517~e72f477_all.ipk
Generating index for package ./luci-i18n-dsl-zh-cn_24.203.77557~950daae_all.ipk
Generating index for package ./luci-i18n-filebrowser-go-zh-cn_24.204.07517~e72f477_all.ipk
Generating index for package ./luci-i18n-filebrowser-zh-cn_24.204.07517~e72f477_all.ipk
Generating index for package ./luci-i18n-firewall-zh-cn_24.209.33969~31219a4_all.ipk
Generating index for package ./luci-i18n-https-dns-proxy-zh-cn_24.204.07517~e72f477_all.ipk
Generating index for package ./luci-i18n-opkg-zh-cn_24.200.31954~f5d64f2_all.ipk
Generating index for package ./luci-i18n-smartdns-zh-cn_24.209.33969~31219a4_all.ipk
Generating index for package ./luci-i18n-transmission-zh-cn_24.204.07517~e72f477_all.ipk
Generating index for package ./luci-i18n-uhttpd-zh-cn_24.203.77557~950daae_all.ipk
Generating index for package ./luci-i18n-upnp-zh-cn_24.203.77557~950daae_all.ipk
Generating index for package ./luci-i18n-zerotier-zh-cn_24.204.07517~e72f477_all.ipk
Generating index for package ./luci-lib-base_24.204.07517~e72f477_all.ipk
Generating index for package ./luci-lib-chartjs_24.204.07517~e72f477_all.ipk
Generating index for package ./luci-lib-ip_24.204.07517~e72f477_aarch64_cortex-a53.ipk
Generating index for package ./luci-lib-ipkg_24.204.07517~e72f477_all.ipk
Generating index for package ./luci-lib-iptparser_24.204.07517~e72f477_all.ipk
Generating index for package ./luci-lib-json_24.204.07517~e72f477_all.ipk
Generating index for package ./luci-lib-jsonc_24.204.07517~e72f477_aarch64_cortex-a53.ipk
Generating index for package ./luci-lib-nixio_24.204.07517~e72f477_aarch64_cortex-a53.ipk
Generating index for package ./luci-lib-px5g_24.204.07517~e72f477_aarch64_cortex-a53.ipk
Generating index for package ./luci-lib-uqr_24.204.07517~e72f477_all.ipk
Generating index for package ./luci-light_24.204.07517~e72f477_all.ipk
Generating index for package ./luci-lua-runtime_24.204.07517~e72f477_aarch64_cortex-a53.ipk
Generating index for package ./luci-mod-admin-full_24.204.07517~e72f477_all.ipk
Generating index for package ./luci-mod-dashboard_24.204.07517~e72f477_all.ipk
Generating index for package ./luci-mod-dsl_24.204.07517~e72f477_all.ipk
Generating index for package ./luci-mod-network_24.209.33969~31219a4_all.ipk
Generating index for package ./luci-mod-status_24.209.33969~31219a4_aarch64_cortex-a53.ipk
Generating index for package ./luci-mod-system_24.204.07517~e72f477_all.ipk
Generating index for package ./luci-proto-ipv6_24.204.07517~e72f477_all.ipk
Generating index for package ./luci-proto-ppp_24.204.07517~e72f477_all.ipk
Generating index for package ./luci-ssl-openssl_24.204.07517~e72f477_all.ipk
Generating index for package ./luci-theme-argon_2.3.1-20230420_all.ipk
Generating index for package ./luci-theme-bootstrap_24.191.51591~991549c_all.ipk
Generating index for package ./luci-theme-material_24.191.51591~5119fa2_all.ipk
Generating index for package ./luci-theme-openwrt-2020_24.191.51591~c1621c6_all.ipk
Generating index for package ./luci_24.204.07517~e72f477_all.ipk
Generating index for package ./lvm2_2.03.23-r1_aarch64_cortex-a53.ipk
Generating index for package ./mdadm_4.3-r1_aarch64_cortex-a53.ipk
Generating index for package ./miniupnpd-nftables_2.3.6-r1_aarch64_cortex-a53.ipk
Generating index for package ./mkf2fs_1.16.0-r3_aarch64_cortex-a53.ipk
Generating index for package ./mtd_26_aarch64_cortex-a53.ipk
Generating index for package ./netcat_0.7.1-r2_aarch64_cortex-a53.ipk
Generating index for package ./netifd_2024.01.04~f01345ec-r1_aarch64_cortex-a53.ipk
Generating index for package ./nftables-json_1.0.9-r1_aarch64_cortex-a53.ipk
Generating index for package ./node115_v20.15.1-r1_aarch64_cortex-a53.ipk
Generating index for package ./nss-firmware-default_2024.07.22~8dceff47-r1_aarch64_cortex-a53.ipk
Generating index for package ./nss-firmware-ipq6018_2024.07.22~8dceff47-r1_aarch64_cortex-a53.ipk
Generating index for package ./odhcp6c_2023.05.12~bcd28363-r20_aarch64_cortex-a53.ipk
Generating index for package ./odhcpd-ipv6only_2024.05.08~a2988231-r1_aarch64_cortex-a53.ipk
Generating index for package ./openssh-client_9.8p1-r2_aarch64_cortex-a53.ipk
Generating index for package ./openssh-keygen_9.8p1-r2_aarch64_cortex-a53.ipk
Generating index for package ./openssl-util_3.0.14-r2_aarch64_cortex-a53.ipk
Generating index for package ./openwrt-keyring_2021.11.13~07d34f5c-r2_aarch64_cortex-a53.ipk
Generating index for package ./opkg_2022.02.24~d038e5b6-r2_aarch64_cortex-a53.ipk
Generating index for package ./parted_3.6-r1_aarch64_cortex-a53.ipk
Generating index for package ./partx-utils_2.40.1-r1_aarch64_cortex-a53.ipk
Generating index for package ./ppp-mod-pppoe_2.4.9_git20210104-r8_aarch64_cortex-a53.ipk
Generating index for package ./ppp_2.4.9_git20210104-r8_aarch64_cortex-a53.ipk
Generating index for package ./procd-seccomp_2024.07.07~f230c117-r1_aarch64_cortex-a53.ipk
Generating index for package ./procd-ujail_2024.07.07~f230c117-r1_aarch64_cortex-a53.ipk
Generating index for package ./procd_2024.07.07~f230c117-r1_aarch64_cortex-a53.ipk
Generating index for package ./python3-asyncio_3.11.7-r2_aarch64_cortex-a53.ipk
Generating index for package ./python3-base_3.11.7-r2_aarch64_cortex-a53.ipk
Generating index for package ./python3-cgi_3.11.7-r2_aarch64_cortex-a53.ipk
Generating index for package ./python3-cgitb_3.11.7-r2_aarch64_cortex-a53.ipk
Generating index for package ./python3-codecs_3.11.7-r2_aarch64_cortex-a53.ipk
Generating index for package ./python3-ctypes_3.11.7-r2_aarch64_cortex-a53.ipk
Generating index for package ./python3-dbm_3.11.7-r2_aarch64_cortex-a53.ipk
Generating index for package ./python3-decimal_3.11.7-r2_aarch64_cortex-a53.ipk
Generating index for package ./python3-distutils_3.11.7-r2_aarch64_cortex-a53.ipk
Generating index for package ./python3-email_3.11.7-r2_aarch64_cortex-a53.ipk
Generating index for package ./python3-light_3.11.7-r2_aarch64_cortex-a53.ipk
Generating index for package ./python3-logging_3.11.7-r2_aarch64_cortex-a53.ipk
Generating index for package ./python3-lzma_3.11.7-r2_aarch64_cortex-a53.ipk
Generating index for package ./python3-multiprocessing_3.11.7-r2_aarch64_cortex-a53.ipk
Generating index for package ./python3-ncurses_3.11.7-r2_aarch64_cortex-a53.ipk
Generating index for package ./python3-openssl_3.11.7-r2_aarch64_cortex-a53.ipk
Generating index for package ./python3-pydoc_3.11.7-r2_aarch64_cortex-a53.ipk
Generating index for package ./python3-readline_3.11.7-r2_aarch64_cortex-a53.ipk
Generating index for package ./python3-sqlite3_3.11.7-r2_aarch64_cortex-a53.ipk
Generating index for package ./python3-unittest_3.11.7-r2_aarch64_cortex-a53.ipk
Generating index for package ./python3-urllib_3.11.7-r2_aarch64_cortex-a53.ipk
Generating index for package ./python3-uuid_3.11.7-r2_aarch64_cortex-a53.ipk
Generating index for package ./python3-xml_3.11.7-r2_aarch64_cortex-a53.ipk
Generating index for package ./python3_3.11.7-r2_aarch64_cortex-a53.ipk
Generating index for package ./resolveip_2_aarch64_cortex-a53.ipk
Generating index for package ./rpcd-mod-file_2024.02.22~8ef4c258-r1_aarch64_cortex-a53.ipk
Generating index for package ./rpcd-mod-iwinfo_2024.02.22~8ef4c258-r1_aarch64_cortex-a53.ipk
Generating index for package ./rpcd-mod-luci_20240305-r1_aarch64_cortex-a53.ipk
Generating index for package ./rpcd-mod-rrdns_20170710_aarch64_cortex-a53.ipk
Generating index for package ./rpcd-mod-ucode_2024.02.22~8ef4c258-r1_aarch64_cortex-a53.ipk
Generating index for package ./rpcd_2024.02.22~8ef4c258-r1_aarch64_cortex-a53.ipk
Generating index for package ./ruby-bigdecimal_3.3.3-r1_aarch64_cortex-a53.ipk
Generating index for package ./ruby-date_3.3.3-r1_aarch64_cortex-a53.ipk
Generating index for package ./ruby-digest_3.3.3-r1_aarch64_cortex-a53.ipk
Generating index for package ./ruby-enc_3.3.3-r1_aarch64_cortex-a53.ipk
Generating index for package ./ruby-pstore_3.3.3-r1_aarch64_cortex-a53.ipk
Generating index for package ./ruby-psych_3.3.3-r1_aarch64_cortex-a53.ipk
Generating index for package ./ruby-stringio_3.3.3-r1_aarch64_cortex-a53.ipk
Generating index for package ./ruby-yaml_3.3.3-r1_aarch64_cortex-a53.ipk
Generating index for package ./ruby_3.3.3-r1_aarch64_cortex-a53.ipk
Generating index for package ./sfdisk_2.40.1-r1_aarch64_cortex-a53.ipk
Generating index for package ./shellsync_0.2-r2_aarch64_cortex-a53.ipk
Generating index for package ./smartdns_46-r1_aarch64_cortex-a53.ipk
Generating index for package ./smartmontools-drivedb_7.4-r1_all.ipk
Generating index for package ./smartmontools_7.4-r1_aarch64_cortex-a53.ipk
Generating index for package ./terminfo_6.4-r2_aarch64_cortex-a53.ipk
Generating index for package ./transmission-cli_4.0.6-r1_aarch64_cortex-a53.ipk
Generating index for package ./transmission-daemon_4.0.6-r1_aarch64_cortex-a53.ipk
Generating index for package ./transmission-remote_4.0.6-r1_aarch64_cortex-a53.ipk
Generating index for package ./transmission-web-control_2021.09.25~4b2e1858-r3_all.ipk
Generating index for package ./ubi-utils_2.2.0-r1_aarch64_cortex-a53.ipk
Generating index for package ./uboot-envtools_2024.07-r1_aarch64_cortex-a53.ipk
Generating index for package ./ubox_2024.04.26~85f10530-r1_aarch64_cortex-a53.ipk
Generating index for package ./ubus_2023.11.28~f84eb599-r1_aarch64_cortex-a53.ipk
Generating index for package ./ubusd_2023.11.28~f84eb599-r1_aarch64_cortex-a53.ipk
Generating index for package ./uci_2023.08.10~5781664d-r1_aarch64_cortex-a53.ipk
Generating index for package ./uclient-fetch_2024.04.19~e8780fa7-r1_aarch64_cortex-a53.ipk
Generating index for package ./ucode-mod-fs_2024.07.11~1a8a0bcf-r1_aarch64_cortex-a53.ipk
Generating index for package ./ucode-mod-html_1_aarch64_cortex-a53.ipk
Generating index for package ./ucode-mod-lua_1_aarch64_cortex-a53.ipk
Generating index for package ./ucode-mod-math_2024.07.11~1a8a0bcf-r1_aarch64_cortex-a53.ipk
Generating index for package ./ucode-mod-nl80211_2024.07.11~1a8a0bcf-r1_aarch64_cortex-a53.ipk
Generating index for package ./ucode-mod-rtnl_2024.07.11~1a8a0bcf-r1_aarch64_cortex-a53.ipk
Generating index for package ./ucode-mod-ubus_2024.07.11~1a8a0bcf-r1_aarch64_cortex-a53.ipk
Generating index for package ./ucode-mod-uci_2024.07.11~1a8a0bcf-r1_aarch64_cortex-a53.ipk
Generating index for package ./ucode-mod-uloop_2024.07.11~1a8a0bcf-r1_aarch64_cortex-a53.ipk
Generating index for package ./ucode_2024.07.11~1a8a0bcf-r1_aarch64_cortex-a53.ipk
Generating index for package ./uhttpd-mod-ubus_2023.06.25~34a8a74d-r3_aarch64_cortex-a53.ipk
Generating index for package ./uhttpd_2023.06.25~34a8a74d-r3_aarch64_cortex-a53.ipk
Generating index for package ./unzip_6.0-r8_aarch64_cortex-a53.ipk
Generating index for package ./urandom-seed_3_aarch64_cortex-a53.ipk
Generating index for package ./urngd_2023.11.01~44365eb1-r1_aarch64_cortex-a53.ipk
Generating index for package ./usign_2020.05.23~f1f65026-r1_aarch64_cortex-a53.ipk
Generating index for package ./vim_9.0-r1_aarch64_cortex-a53.ipk
Generating index for package ./wget-nossl_1.24.5-r1_aarch64_cortex-a53.ipk
Generating index for package ./wget-ssl_1.24.5-r1_aarch64_cortex-a53.ipk
Generating index for package ./wifi-scripts_1.0-r1_all.ipk
Generating index for package ./wireless-regdb_2024.07.04-r1_all.ipk
Generating index for package ./wpad-openssl_2024.03.09~695277a5-r2_aarch64_cortex-a53.ipk
Generating index for package ./xtables-legacy_1.8.8-r2_aarch64_cortex-a53.ipk
Generating index for package ./xtables-nft_1.8.8-r2_aarch64_cortex-a53.ipk
Generating index for package ./zerotier_1.14.0-r1_aarch64_cortex-a53.ipk
Generating index for package ./zlib_1.3.1-r1_aarch64_cortex-a53.ipk
Generating index for package ./zoneinfo-asia_2024a-r1_aarch64_cortex-a53.ipk
Generating index for package ./zoneinfo-core_2024a-r1_aarch64_cortex-a53.ipk
Generating index for package ./zram-swap_32_all.ipk
find /home/albresky/repos/openwrt-6.x/staging_dir/target-aarch64_cortex-a53_musl/root-qualcommax -type d | xargs -r chmod 0755
rm -rf /home/albresky/repos/openwrt-6.x/build_dir/target-aarch64_cortex-a53_musl/root-qualcommax /home/albresky/repos/openwrt-6.x/build_dir/target-aarch64_cortex-a53_musl/root.orig-qualcommax
mkdir -p /home/albresky/repos/openwrt-6.x/build_dir/target-aarch64_cortex-a53_musl/root-qualcommax/tmp
IPKG_NO_SCRIPT=1 IPKG_INSTROOT=/home/albresky/repos/openwrt-6.x/build_dir/target-aarch64_cortex-a53_musl/root-qualcommax TMPDIR=/home/albresky/repos/openwrt-6.x/build_dir/target-aarch64_cortex-a53_musl/root-qualcommax/tmp /home/albresky/repos/openwrt-6.x/staging_dir/host/bin/opkg --offline-root /home/albresky/repos/openwrt-6.x/build_dir/target-aarch64_cortex-a53_musl/root-qualcommax --force-postinstall --add-dest root:/ --add-arch all:100 --add-arch aarch64_cortex-a53:200 install $(cat /home/albresky/repos/openwrt-6.x/tmp/opkg_install_list)
Installing base-files (3~f6c274a210) to root...
Installing libgcc1 (13.3.0-r4) to root...
Installing libc (1.2.5-r4) to root...
Installing libubox20240329 (2024.03.29~eb9bcb64-r1) to root...
Installing libuci20130104 (2023.08.10~5781664d-r1) to root...
Installing libnl-tiny1 (2023.12.05~965c4bf4-r1) to root...
Installing libubus20231128 (2023.11.28~f84eb599-r1) to root...
Installing libjson-c5 (0.17-r1) to root...
Installing libblobmsg-json20240329 (2024.03.29~eb9bcb64-r1) to root...
Installing ubusd (2023.11.28~f84eb599-r1) to root...
Installing ubus (2023.11.28~f84eb599-r1) to root...
Installing jshn (2024.03.29~eb9bcb64-r1) to root...
Installing libudebug (2023.12.06~6d3f51f9) to root...
Installing libucode20230711 (2024.07.11~1a8a0bcf-r1) to root...
Installing ucode (2024.07.11~1a8a0bcf-r1) to root...
Installing ucode-mod-fs (2024.07.11~1a8a0bcf-r1) to root...
Installing netifd (2024.01.04~f01345ec-r1) to root...
Installing jsonfilter (2024.01.23~594cfa86-r1) to root...
Installing usign (2020.05.23~f1f65026-r1) to root...
Installing openwrt-keyring (2021.11.13~07d34f5c-r2) to root...
Installing ubi-utils (2.2.0-r1) to root...
Installing ubox (2024.04.26~85f10530-r1) to root...
Installing fstools (2024.07.14~408c2cc4-r1) to root...
Installing fwtool (2019.11.12~8f7fe925-r1) to root...
Installing uboot-envtools (2024.07-r1) to root...
Installing autocore (42) to root...
Installing kmod-qca-mcs (6.6.42.12.5.2024.02.27~26d6424-r1) to root...
Installing kernel (6.6.42~f4574e5493a5c9f53233fd5b70b10a78-r1) to root...
Installing kmod-qca-nss-drv-tun6rd (6.6.42.12.5.2024.06.12~1bcef16-r7) to root...
Installing kmod-iptunnel (6.6.42-r1) to root...
Installing kmod-iptunnel4 (6.6.42-r1) to root...
Installing kmod-sit (6.6.42-r1) to root...
Installing 6rd (13) to root...
Installing kmod-qca-ssdk (6.6.42.2024.06.13~c451136b-r3) to root...
Installing kmod-qca-nss-dp (6.6.42.2024.04.16~5bf8b91e-r1) to root...
Installing kmod-qca-nss-drv (6.6.42.12.5.2024.04.06~53a0dc1-r11) to root...
Installing kmod-qca-nss-drv-l2tpv2 (6.6.42.12.5.2024.06.12~1bcef16-r7) to root...
Installing kmod-lib-crc-ccitt (6.6.42-r1) to root...
Installing kmod-slhc (6.6.42-r1) to root...
Installing kmod-ppp (6.6.42-r1) to root...
Installing kmod-udptunnel4 (6.6.42-r1) to root...
Installing kmod-udptunnel6 (6.6.42-r1) to root...
Installing kmod-l2tp (6.6.42-r1) to root...
Installing kmod-qca-nss-drv-pptp (6.6.42.12.5.2024.06.12~1bcef16-r7) to root...
Installing kmod-gre (6.6.42-r1) to root...
Installing kmod-pppox (6.6.42-r1) to root...
Installing kmod-pptp (6.6.42-r1) to root...
Installing kmod-qca-nss-drv-pppoe (6.6.42.12.5.2024.06.12~1bcef16-r7) to root...
Installing kmod-pppoe (6.6.42-r1) to root...
Installing kmod-bonding (6.6.42-r1) to root...
Installing kmod-qca-nss-drv-map-t (6.6.42.12.5.2024.06.12~1bcef16-r7) to root...
Installing kmod-nf-conntrack (6.6.42-r1) to root...
Installing kmod-nf-conntrack6 (6.6.42-r1) to root...
Installing kmod-nat46 (6.6.42.2022.09.19~4c5beee2-r1) to root...
Installing kmod-qca-nss-drv-tunipip6 (6.6.42.12.5.2024.06.12~1bcef16-r7) to root...
Installing kmod-iptunnel6 (6.6.42-r1) to root...
Installing kmod-ip6-tunnel (6.6.42-r1) to root...
Installing kmod-qca-nss-drv-qdisc (6.6.42.12.5.2024.06.12~1bcef16-r7) to root...
Installing kmod-qca-nss-drv-igs (6.6.42.12.5.2024.06.12~1bcef16-r7) to root...
Installing kmod-sched-core (6.6.42-r1) to root...
Installing kmod-ifb (6.6.42-r1) to root...
Installing kmod-qca-nss-drv-bridge-mgr (6.6.42.12.5.2024.06.12~1bcef16-r7) to root...
Installing kmod-qca-nss-drv-vlan-mgr (6.6.42.12.5.2024.06.12~1bcef16-r7) to root...
Package kmod-qca-nss-drv-vlan-mgr (6.6.42.12.5.2024.06.12~1bcef16-r7) installed in root is up to date.
Installing kmod-qca-nss-drv-lag-mgr (6.6.42.12.5.2024.06.12~1bcef16-r7) to root...
Installing kmod-qca-nss-drv-gre (6.6.42.12.5.2024.06.12~1bcef16-r7) to root...
Installing kmod-gre6 (6.6.42-r1) to root...
Installing kmod-qca-nss-drv-eogremgr (6.6.42.12.5.2024.06.12~1bcef16-r7) to root...
Installing kmod-qca-nss-drv-vxlanmgr (6.6.42.12.5.2024.06.12~1bcef16-r7) to root...
Installing kmod-vxlan (6.6.42-r1) to root...
Installing kmod-qca-nss-drv-match (6.6.42.12.5.2024.06.12~1bcef16-r7) to root...
Installing kmod-qca-nss-drv-mirror (6.6.42.12.5.2024.06.12~1bcef16-r7) to root...
Package kmod-qca-nss-drv (6.6.42.12.5.2024.04.06~53a0dc1-r11) installed in root is up to date.
Installing kmod-qca-nss-ecm (6.6.42.12.5.2024.06.20~92c7fa1-r3) to root...
Installing ethtool (6.6-r1) to root...
Installing kmod-pppol2tp (6.6.42-r1) to root...
Installing kmod-qca-nss-macsec (6.6.42.12.4.5.2023.10.16~b94e22d-r1) to root...
Installing ipq-wifi-jdcloud_ax1800-pro (2024.07.04~fcdb2e74-r1) to root...
Installing kmod-cryptodev (6.6.42.1.13-r1) to root...
Installing kmod-crypto-hash (6.6.42-r1) to root...
Installing kmod-crypto-null (6.6.42-r1) to root...
Installing kmod-crypto-aead (6.6.42-r1) to root...
Installing kmod-crypto-manager (6.6.42-r1) to root...
Installing kmod-crypto-authenc (6.6.42-r1) to root...
Installing kmod-gpio-button-hotplug (6.6.42-r3) to root...
Package kernel (6.6.42~f4574e5493a5c9f53233fd5b70b10a78-r1) installed in root is up to date.
Installing kmod-dax (6.6.42-r1) to root...
Installing kmod-dm (6.6.42-r1) to root...
Installing kmod-crypto-cbc (6.6.42-r1) to root...
Installing kmod-crypto-hmac (6.6.42-r1) to root...
Installing kmod-crypto-sha512 (6.6.42-r1) to root...
Installing kmod-crypto-sha3 (6.6.42-r1) to root...
Installing kmod-crypto-rng (6.6.42-r1) to root...
Installing kmod-crypto-sha256 (6.6.42-r1) to root...
Installing kmod-crypto-sha1 (6.6.42-r1) to root...
Installing kmod-random-core (6.6.42-r1) to root...
Installing kmod-asn1-decoder (6.6.42-r1) to root...
Installing kmod-asn1-encoder (6.6.42-r1) to root...
Installing kmod-oid-registry (6.6.42-r1) to root...
Installing kmod-tpm (6.6.42-r1) to root...
Installing kmod-keys-trusted (6.6.42-r1) to root...
Installing kmod-keys-encrypted (6.6.42-r1) to root...
Installing kmod-md-mod (6.6.42-r1) to root...
Installing kmod-md-raid0 (6.6.42-r1) to root...
Installing kmod-md-raid1 (6.6.42-r1) to root...
Installing kmod-md-raid10 (6.6.42-r1) to root...
Installing kmod-md-raid456 (6.6.42-r1) to root...
Installing kmod-lib-raid6 (6.6.42-r1) to root...
Installing kmod-lib-xor (6.6.42-r1) to root...
Installing kmod-crypto-crc32c (6.6.42-r1) to root...
Installing kmod-lib-crc32c (6.6.42-r1) to root...
Installing kmod-crypto-acompress (6.6.42-r1) to root...
Package kmod-crypto-aead (6.6.42-r1) installed in root is up to date.
Installing kmod-crypto-arc4 (6.6.42-r1) to root...
Installing kmod-crypto-user (6.6.42-r1) to root...
Package kmod-crypto-authenc (6.6.42-r1) installed in root is up to date.
Installing kmod-crypto-blake2b (6.6.42-r1) to root...
Package kmod-crypto-cbc (6.6.42-r1) installed in root is up to date.
Installing kmod-crypto-ccm (6.6.42-r1) to root...
Installing kmod-crypto-geniv (6.6.42-r1) to root...
Installing kmod-crypto-seqiv (6.6.42-r1) to root...
Installing kmod-crypto-ctr (6.6.42-r1) to root...
Installing kmod-crypto-cmac (6.6.42-r1) to root...
Installing kmod-crypto-crc32 (6.6.42-r1) to root...
Package kmod-crypto-crc32c (6.6.42-r1) installed in root is up to date.
Package kmod-crypto-ctr (6.6.42-r1) installed in root is up to date.
Installing kmod-crypto-ecb (6.6.42-r1) to root...
Installing kmod-crypto-gcm (6.6.42-r1) to root...
Installing kmod-crypto-gf128 (6.6.42-r1) to root...
Installing kmod-crypto-ghash (6.6.42-r1) to root...
Package kmod-crypto-gf128 (6.6.42-r1) installed in root is up to date.
Package kmod-crypto-ghash (6.6.42-r1) installed in root is up to date.
Package kmod-crypto-hash (6.6.42-r1) installed in root is up to date.
Package kmod-crypto-hmac (6.6.42-r1) installed in root is up to date.
Package kmod-crypto-manager (6.6.42-r1) installed in root is up to date.
Installing kmod-crypto-michael-mic (6.6.42-r1) to root...
Package kmod-crypto-null (6.6.42-r1) installed in root is up to date.
Package kmod-crypto-rng (6.6.42-r1) installed in root is up to date.
Package kmod-crypto-geniv (6.6.42-r1) installed in root is up to date.
Package kmod-crypto-seqiv (6.6.42-r1) installed in root is up to date.
Package kmod-crypto-sha1 (6.6.42-r1) installed in root is up to date.
Package kmod-crypto-sha3 (6.6.42-r1) installed in root is up to date.
Package kmod-crypto-sha256 (6.6.42-r1) installed in root is up to date.
Package kmod-crypto-sha512 (6.6.42-r1) installed in root is up to date.
Package kmod-crypto-user (6.6.42-r1) installed in root is up to date.
Installing kmod-crypto-xxhash (6.6.42-r1) to root...
Installing kmod-lib-xxhash (6.6.42-r1) to root...
Installing kmod-fs-btrfs (6.6.42-r1) to root...
Installing kmod-lib-lzo (6.6.42-r1) to root...
Installing kmod-lib-zlib-inflate (6.6.42-r1) to root...
Installing kmod-lib-zlib-deflate (6.6.42-r1) to root...
Installing kmod-lib-zstd (6.6.42-r1) to root...
Installing kmod-fs-ext4 (6.6.42-r1) to root...
Installing kmod-lib-crc16 (6.6.42-r1) to root...
Installing kmod-fs-f2fs (6.6.42-r1) to root...
Installing kmod-nls-base (6.6.42-r1) to root...
Installing kmod-fuse (6.6.42-r1) to root...
Installing kmod-hwmon-core (6.6.42-r1) to root...
Installing kmod-leds-gpio (6.6.42-r1) to root...
Package kmod-lib-crc-ccitt (6.6.42-r1) installed in root is up to date.
Package kmod-lib-crc16 (6.6.42-r1) installed in root is up to date.
Package kmod-lib-crc32c (6.6.42-r1) installed in root is up to date.
Package kmod-lib-lzo (6.6.42-r1) installed in root is up to date.
Package kmod-lib-xxhash (6.6.42-r1) installed in root is up to date.
Package kmod-lib-zstd (6.6.42-r1) installed in root is up to date.
Package kmod-lib-raid6 (6.6.42-r1) installed in root is up to date.
Package kmod-lib-xor (6.6.42-r1) installed in root is up to date.
Package kmod-lib-zlib-inflate (6.6.42-r1) installed in root is up to date.
Package kmod-lib-zlib-deflate (6.6.42-r1) installed in root is up to date.
Package kmod-asn1-decoder (6.6.42-r1) installed in root is up to date.
Package kmod-asn1-encoder (6.6.42-r1) installed in root is up to date.
Package kmod-oid-registry (6.6.42-r1) installed in root is up to date.
Installing kmod-macvlan (6.6.42-r1) to root...
Package kmod-ifb (6.6.42-r1) installed in root is up to date.
Installing kmod-nf-reject (6.6.42-r1) to root...
Installing kmod-nf-reject6 (6.6.42-r1) to root...
Installing kmod-nf-ipt (6.6.42-r1) to root...
Installing kmod-nf-ipt6 (6.6.42-r1) to root...
Installing kmod-nf-log (6.6.42-r1) to root...
Installing kmod-nf-log6 (6.6.42-r1) to root...
Installing kmod-ipt-core (6.6.42-r1) to root...
Package kmod-nf-conntrack (6.6.42-r1) installed in root is up to date.
Package kmod-nf-conntrack6 (6.6.42-r1) installed in root is up to date.
Package kmod-nf-log (6.6.42-r1) installed in root is up to date.
Package kmod-nf-log6 (6.6.42-r1) installed in root is up to date.
Installing kmod-nf-nat (6.6.42-r1) to root...
Installing kmod-nf-nat6 (6.6.42-r1) to root...
Installing kmod-nf-flow (6.6.42-r1) to root...
Installing kmod-nf-tproxy (6.6.42-r1) to root...
Installing kmod-ipt-conntrack (6.6.42-r1) to root...
Installing kmod-ipt-ipset (6.6.42-r1) to root...
Installing kmod-nfnetlink (6.6.42-r1) to root...
Installing kmod-ipt-nat (6.6.42-r1) to root...
Installing kmod-ipt-nat6 (6.6.42-r1) to root...
Installing kmod-ip6tables (6.6.42-r1) to root...
Package kmod-ip6tables (6.6.42-r1) installed in root is up to date.
Installing kmod-ip6tables-extra (6.6.42-r1) to root...
Package kmod-nfnetlink (6.6.42-r1) installed in root is up to date.
Installing kmod-nf-conntrack-netlink (6.6.42-r1) to root...
Installing kmod-nft-core (6.6.42-r1) to root...
Installing kmod-nft-nat (6.6.42-r1) to root...
Installing kmod-nft-offload (6.6.42-r1) to root...
Installing kmod-nft-fib (6.6.42-r1) to root...
Installing kmod-nft-tproxy (6.6.42-r1) to root...
Installing kmod-nft-compat (6.6.42-r1) to root...
Package kmod-bonding (6.6.42-r1) installed in root is up to date.
Package kmod-udptunnel4 (6.6.42-r1) installed in root is up to date.
Package kmod-udptunnel6 (6.6.42-r1) installed in root is up to date.
Package kmod-vxlan (6.6.42-r1) installed in root is up to date.
Package kmod-iptunnel (6.6.42-r1) installed in root is up to date.
Package kmod-iptunnel4 (6.6.42-r1) installed in root is up to date.
Package kmod-iptunnel6 (6.6.42-r1) installed in root is up to date.
Package kmod-sit (6.6.42-r1) installed in root is up to date.
Package kmod-ip6-tunnel (6.6.42-r1) installed in root is up to date.
Package kmod-gre (6.6.42-r1) installed in root is up to date.
Package kmod-gre6 (6.6.42-r1) installed in root is up to date.
Installing kmod-tun (6.6.42-r1) to root...
Package kmod-slhc (6.6.42-r1) installed in root is up to date.
Package kmod-ppp (6.6.42-r1) installed in root is up to date.
Package kmod-pppox (6.6.42-r1) installed in root is up to date.
Package kmod-pppoe (6.6.42-r1) installed in root is up to date.
Package kmod-pptp (6.6.42-r1) installed in root is up to date.
Package kmod-pppol2tp (6.6.42-r1) installed in root is up to date.
Installing kmod-mppe (6.6.42-r1) to root...
Package kmod-sched-core (6.6.42-r1) installed in root is up to date.
Package kmod-l2tp (6.6.42-r1) installed in root is up to date.
Installing kmod-inet-diag (6.6.42-r1) to root...
Installing kmod-qrtr (6.6.42-r1) to root...
Installing kmod-qrtr-smd (6.6.42-r1) to root...
Package kmod-nls-base (6.6.42-r1) installed in root is up to date.
Installing kmod-zram (6.6.42-r1) to root...
Package kmod-random-core (6.6.42-r1) installed in root is up to date.
Installing kmod-thermal (6.6.42-r1) to root...
Package kmod-keys-encrypted (6.6.42-r1) installed in root is up to date.
Package kmod-keys-trusted (6.6.42-r1) installed in root is up to date.
Package kmod-tpm (6.6.42-r1) installed in root is up to date.
Installing kmod-usb-core (6.6.42-r1) to root...
Installing kmod-usb-dwc3 (6.6.42-r1) to root...
Installing kmod-usb-dwc3-qcom (6.6.42-r1) to root...
Installing kmod-usb3 (6.6.42-r1) to root...
Installing kmod-usb-xhci-hcd (6.6.42-r1) to root...
Package kmod-usb-xhci-hcd (6.6.42-r1) installed in root is up to date.
Installing kmod-ath (6.6.42.6.9.9-r1) to root...
Installing iw (6.9-r1) to root...
Installing libiwinfo-data (2024.07.06~21582013-r1) to root...
Installing libiwinfo20230701 (2024.07.06~21582013-r1) to root...
Installing iwinfo (2024.07.06~21582013-r1) to root...
Installing ucode-mod-nl80211 (2024.07.11~1a8a0bcf-r1) to root...
Installing ucode-mod-rtnl (2024.07.11~1a8a0bcf-r1) to root...
Installing ucode-mod-ubus (2024.07.11~1a8a0bcf-r1) to root...
Installing ucode-mod-uci (2024.07.11~1a8a0bcf-r1) to root...
Installing wifi-scripts (1.0-r1) to root...
Installing wireless-regdb (2024.07.04-r1) to root...
Installing kmod-cfg80211 (6.6.42.6.9.9-r1) to root...
Installing hostapd-common (2024.03.09~695277a5-r2) to root...
Installing kmod-mac80211 (6.6.42.6.9.9-r1) to root...
Installing kmod-ath11k (6.6.42.6.9.9-r1) to root...
Installing kmod-ath11k-ahb (6.6.42.6.9.9-r1) to root...
Package kmod-cfg80211 (6.6.42.6.9.9-r1) installed in root is up to date.
Package kmod-mac80211 (6.6.42.6.9.9-r1) installed in root is up to date.
Package kmod-nat46 (6.6.42.2022.09.19~4c5beee2-r1) installed in root is up to date.
Package kmod-qca-nss-dp (6.6.42.2024.04.16~5bf8b91e-r1) installed in root is up to date.
Package kmod-qca-ssdk (6.6.42.2024.06.13~c451136b-r3) installed in root is up to date.
Package libc (1.2.5-r4) installed in root is up to date.
Package libgcc1 (13.3.0-r4) installed in root is up to date.
Installing libatomic1 (13.3.0-r4) to root...
Installing libstdcpp6 (13.3.0-r4) to root...
Installing libpthread (1.2.5-r4) to root...
Installing librt (1.2.5-r4) to root...
Installing dropbear (2024.85-r1) to root...
Installing kmod-ipt-fullconenat (6.6.42.2023.01.01~74c5e6f3-r1) to root...
Installing kmod-nft-fullcone (6.6.42.2023.05.17~07d93b62-r1) to root...
Installing libxtables12 (1.8.8-r2) to root...
Installing libip4tc2 (1.8.8-r2) to root...
Installing libip6tc2 (1.8.8-r2) to root...
Installing libiptext0 (1.8.8-r2) to root...
Installing libiptext6-0 (1.8.8-r2) to root...
Installing libiptext-nft0 (1.8.8-r2) to root...
Installing xtables-legacy (1.8.8-r2) to root...
Installing xtables-nft (1.8.8-r2) to root...
Installing libmnl0 (1.0.5-r1) to root...
Installing libnftnl11 (1.2.6-r1) to root...
Installing ip6tables-nft (1.8.8-r2) to root...
Installing ip6tables-zz-legacy (1.8.8-r2) to root...
Installing ip6tables-extra (1.8.8-r2) to root...
Installing ip6tables-mod-nat (1.8.8-r2) to root...
Package fstools (2024.07.14~408c2cc4-r1) installed in root is up to date.
Package fwtool (2019.11.12~8f7fe925-r1) installed in root is up to date.
Installing mtd (26) to root...
Package ubi-utils (2.2.0-r1) installed in root is up to date.
Installing cpufreq (1) to root...
Installing default-settings (29) to root...
Installing luci-proto-ipv6 (24.204.07517~e72f477) to root...
Installing rpcd (2024.02.22~8ef4c258-r1) to root...
Installing rpcd-mod-file (2024.02.22~8ef4c258-r1) to root...
Installing rpcd-mod-luci (20240305-r1) to root...
Installing rpcd-mod-ucode (2024.02.22~8ef4c258-r1) to root...
Installing cgi-io (2022.08.10~901b0f04-r21) to root...
Installing ucode-mod-math (2024.07.11~1a8a0bcf-r1) to root...
Installing ucode-mod-html (1) to root...
Installing liblucihttp0 (2023.03.15~9b5b683f-r1) to root...
Installing liblucihttp-ucode (2023.03.15~9b5b683f-r1) to root...
Installing luci-base (24.209.33969~31219a4) to root...
Installing jansson4 (2.14-r3) to root...
Installing nftables-json (1.0.9-r1) to root...
Installing firewall4 (2024.05.21~4c01d1eb-r1) to root...
Installing luci-app-firewall (24.204.07517~e72f477) to root...
Installing rpcd-mod-iwinfo (2024.02.22~8ef4c258-r1) to root...
Installing luci-mod-status (24.209.33969~31219a4) to root...
Installing luci-mod-system (24.204.07517~e72f477) to root...
Installing luci-mod-network (24.209.33969~31219a4) to root...
Installing luci-mod-admin-full (24.204.07517~e72f477) to root...
Installing luci-proto-ppp (24.204.07517~e72f477) to root...
Installing luci-theme-bootstrap (24.191.51591~991549c) to root...
Installing rpcd-mod-rrdns (20170710) to root...
Installing libjson-script20240329 (2024.03.29~eb9bcb64-r1) to root...
Installing uhttpd (2023.06.25~34a8a74d-r3) to root...
Installing uhttpd-mod-ubus (2023.06.25~34a8a74d-r3) to root...
Installing luci-light (24.204.07517~e72f477) to root...
Installing libuclient20201210 (2024.04.19~e8780fa7-r1) to root...
Installing uclient-fetch (2024.04.19~e8780fa7-r1) to root...
Installing opkg (2022.02.24~d038e5b6-r2) to root...
Installing luci-app-opkg (24.191.51591~bff2a43) to root...
Installing luci (24.204.07517~e72f477) to root...
Installing default-settings-chn (29) to root...
Installing luci-i18n-base-zh-cn (24.209.33969~31219a4) to root...
Installing ipv6helper (5) to root...
Installing odhcpd-ipv6only (2024.05.08~a2988231-r1) to root...
Installing odhcp6c (2023.05.12~bcd28363-r20) to root...
Installing 6in4 (28) to root...
Installing ath11k-firmware-ipq6018 (2024.07.23~14fc6d54-r1) to root...
Package wireless-regdb (2024.07.04-r1) installed in root is up to date.
Installing libelf1 (0.191-r1) to root...
Installing zlib (1.3.1-r1) to root...
Installing libgmp10 (6.3.0-r1) to root...
Package jansson4 (2.14-r3) installed in root is up to date.
Installing libbpf1 (1.4.5-r1) to root...
Installing libcap (2.69-r1) to root...
Installing libcap-bin (2.69-r1) to root...
Installing libevent2-7 (2.1.12-r2) to root...
Installing libevent2-core7 (2.1.12-r2) to root...
Installing libevent2-pthreads7 (2.1.12-r2) to root...
Package libjson-c5 (0.17-r1) installed in root is up to date.
Package libmnl0 (1.0.5-r1) installed in root is up to date.
Installing libnetfilter-conntrack3 (1.0.9-r2) to root...
Installing libnfnetlink0 (1.0.2-r1) to root...
Package libnfnetlink0 (1.0.2-r1) installed in root is up to date.
Package libnftnl11 (1.2.6-r1) installed in root is up to date.
Package libnl-tiny1 (2023.12.05~965c4bf4-r1) installed in root is up to date.
Package libubox20240329 (2024.03.29~eb9bcb64-r1) installed in root is up to date.
Package libblobmsg-json20240329 (2024.03.29~eb9bcb64-r1) installed in root is up to date.
Package jshn (2024.03.29~eb9bcb64-r1) installed in root is up to date.
Package libjson-script20240329 (2024.03.29~eb9bcb64-r1) installed in root is up to date.
Installing libunistring (1.1-r1) to root...
Installing libmbedtls21 (3.6.0-r1) to root...
Installing terminfo (6.4-r2) to root...
Installing libncurses6 (6.4-r2) to root...
Installing libnettle8 (3.9.1-r1) to root...
Multiple packages (libopenssl3 and libopenssl3) providing same name marked HOLD or PREFER. Using latest.
Multiple packages (libopenssl3 and libopenssl3) providing same name marked HOLD or PREFER. Using latest.
Installing libopenssl3 (3.0.10-r1) to root...
Multiple packages (libopenssl3 and libopenssl3) providing same name marked HOLD or PREFER. Using latest.
Package libopenssl3 (3.0.10-r1) installed in root is up to date.
Multiple packages (libopenssl3 and libopenssl3) providing same name marked HOLD or PREFER. Using latest.
Package libopenssl3 (3.0.10-r1) installed in root is up to date.
Multiple packages (libopenssl3 and libopenssl3) providing same name marked HOLD or PREFER. Using latest.
Installing libopenssl-conf (3.0.14-r2) to root...
Multiple packages (libopenssl3 and libopenssl3) providing same name marked HOLD or PREFER. Using latest.
Multiple packages (libopenssl3 and libopenssl3) providing same name marked HOLD or PREFER. Using latest.
Installing libopenssl-legacy (3.0.14-r2) to root...
Multiple packages (libopenssl3 and libopenssl3) providing same name marked HOLD or PREFER. Using latest.
Multiple packages (libopenssl3 and libopenssl3) providing same name marked HOLD or PREFER. Using latest.
Installing openssl-util (3.0.14-r2) to root...
Multiple packages (libopenssl3 and libopenssl3) providing same name marked HOLD or PREFER. Using latest.
Installing libpcre2 (10.42-r1) to root...
Installing libreadline8 (8.2-r2) to root...
Package libuclient20201210 (2024.04.19~e8780fa7-r1) installed in root is up to date.
Package uclient-fetch (2024.04.19~e8780fa7-r1) installed in root is up to date.
Package libudebug (2023.12.06~6d3f51f9) installed in root is up to date.
Multiple packages (libopenssl3 and libopenssl3) providing same name marked HOLD or PREFER. Using latest.
Installing libustream-openssl20201210 (2024.04.19~524a76e5-r1) to root...
Multiple packages (libopenssl3 and libopenssl3) providing same name marked HOLD or PREFER. Using latest.
Package zlib (1.3.1-r1) installed in root is up to date.
Package firewall4 (2024.05.21~4c01d1eb-r1) installed in root is up to date.
Package netifd (2024.01.04~f01345ec-r1) installed in root is up to date.
Package wifi-scripts (1.0-r1) installed in root is up to date.
Package 6in4 (28) installed in root is up to date.
Package 6rd (13) installed in root is up to date.
Package odhcp6c (2023.05.12~bcd28363-r20) installed in root is up to date.
Installing dnsmasq-full (2.90-r2) to root...
Package hostapd-common (2024.03.09~695277a5-r2) installed in root is up to date.
Multiple packages (libopenssl3 and libopenssl3) providing same name marked HOLD or PREFER. Using latest.
Installing wpad-openssl (2024.03.09~695277a5-r2) to root...
Multiple packages (libopenssl3 and libopenssl3) providing same name marked HOLD or PREFER. Using latest.
Installing ucode-mod-uloop (2024.07.11~1a8a0bcf-r1) to root...
Package odhcpd-ipv6only (2024.05.08~a2988231-r1) installed in root is up to date.
Installing ppp (2.4.9_git20210104-r8) to root...
Installing shellsync (0.2-r2) to root...
Installing ppp-mod-pppoe (2.4.9_git20210104-r8) to root...
Package shellsync (0.2-r2) installed in root is up to date.
Package uhttpd (2023.06.25~34a8a74d-r3) installed in root is up to date.
Package uhttpd-mod-ubus (2023.06.25~34a8a74d-r3) installed in root is up to date.
Package ethtool (6.6-r1) installed in root is up to date.
Installing ip6tables-mod-fullconenat (2023.01.01~74c5e6f3-r1) to root...
Installing ip-full (6.9.0-r1) to root...
Package iw (6.9-r1) installed in root is up to date.
Package libiwinfo20230701 (2024.07.06~21582013-r1) installed in root is up to date.
Package libiwinfo-data (2024.07.06~21582013-r1) installed in root is up to date.
Package iwinfo (2024.07.06~21582013-r1) installed in root is up to date.
Package nftables-json (1.0.9-r1) installed in root is up to date.
Installing resolveip (2) to root...
Installing ca-bundle (20240203-r1) to root...
Installing ca-certificates (20240203-r1) to root...
Package openwrt-keyring (2021.11.13~07d34f5c-r2) installed in root is up to date.
Package opkg (2022.02.24~d038e5b6-r2) installed in root is up to date.
Installing procd (2024.07.07~f230c117-r1) to root...
Installing procd-ujail (2024.07.07~f230c117-r1) to root...
Installing procd-seccomp (2024.07.07~f230c117-r1) to root...
Package rpcd (2024.02.22~8ef4c258-r1) installed in root is up to date.
Package rpcd-mod-file (2024.02.22~8ef4c258-r1) installed in root is up to date.
Package rpcd-mod-iwinfo (2024.02.22~8ef4c258-r1) installed in root is up to date.
Package rpcd-mod-ucode (2024.02.22~8ef4c258-r1) installed in root is up to date.
Package ubox (2024.04.26~85f10530-r1) installed in root is up to date.
Installing getrandom (2024.04.26~85f10530-r1) to root...
Installing logd (2024.04.26~85f10530-r1) to root...
Package libubus20231128 (2023.11.28~f84eb599-r1) installed in root is up to date.
Installing libubus-lua (2023.11.28~f84eb599-r1) to root...
Installing liblua5.1.5 (5.1.5-r11) to root...
Package ubus (2023.11.28~f84eb599-r1) installed in root is up to date.
Package ubusd (2023.11.28~f84eb599-r1) installed in root is up to date.
Package libuci20130104 (2023.08.10~5781664d-r1) installed in root is up to date.
Installing uci (2023.08.10~5781664d-r1) to root...
Installing urandom-seed (3) to root...
Installing urngd (2023.11.01~44365eb1-r1) to root...
Package usign (2020.05.23~f1f65026-r1) installed in root is up to date.
Installing zram-swap (32) to root...
Installing busybox (1.36.1-r1) to root...
Installing libbz2-1.0 (1.0.8-r1) to root...
Installing libcomerr0 (1.47.0-r2) to root...
Installing libuuid1 (2.40.1-r1) to root...
Installing libss2 (1.47.0-r2) to root...
Installing libext2fs2 (1.47.0-r2) to root...
Installing libblkid1 (2.40.1-r1) to root...
Installing libe2p2 (1.47.0-r2) to root...
Installing e2fsprogs (1.47.0-r2) to root...
Installing libf2fs6 (1.16.0-r3) to root...
Installing mkf2fs (1.16.0-r3) to root...
Installing f2fsck (1.16.0-r3) to root...
Installing f2fs-tools (1.16.0-r3) to root...
Package libf2fs6 (1.16.0-r3) installed in root is up to date.
Package mkf2fs (1.16.0-r3) installed in root is up to date.
Package f2fsck (1.16.0-r3) installed in root is up to date.
Package f2fs-tools (1.16.0-r3) installed in root is up to date.
Package libf2fs6 (1.16.0-r3) installed in root is up to date.
Package mkf2fs (1.16.0-r3) installed in root is up to date.
Package f2fsck (1.16.0-r3) installed in root is up to date.
Package f2fs-tools (1.16.0-r3) installed in root is up to date.
Package libf2fs6 (1.16.0-r3) installed in root is up to date.
Package mkf2fs (1.16.0-r3) installed in root is up to date.
Package f2fsck (1.16.0-r3) installed in root is up to date.
Package f2fs-tools (1.16.0-r3) installed in root is up to date.
Package jsonfilter (2024.01.23~594cfa86-r1) installed in root is up to date.
Package liblua5.1.5 (5.1.5-r11) installed in root is up to date.
Installing lua (5.1.5-r11) to root...
Installing mdadm (4.3-r1) to root...
Package libucode20230711 (2024.07.11~1a8a0bcf-r1) installed in root is up to date.
Package ucode (2024.07.11~1a8a0bcf-r1) installed in root is up to date.
Package ucode-mod-fs (2024.07.11~1a8a0bcf-r1) installed in root is up to date.
Package ucode-mod-math (2024.07.11~1a8a0bcf-r1) installed in root is up to date.
Package ucode-mod-nl80211 (2024.07.11~1a8a0bcf-r1) installed in root is up to date.
Package ucode-mod-rtnl (2024.07.11~1a8a0bcf-r1) installed in root is up to date.
Package ucode-mod-ubus (2024.07.11~1a8a0bcf-r1) installed in root is up to date.
Package ucode-mod-uci (2024.07.11~1a8a0bcf-r1) installed in root is up to date.
Package ucode-mod-uloop (2024.07.11~1a8a0bcf-r1) installed in root is up to date.
Package libuuid1 (2.40.1-r1) installed in root is up to date.
Package libblkid1 (2.40.1-r1) installed in root is up to date.
Installing libfdisk1 (2.40.1-r1) to root...
Installing libmount1 (2.40.1-r1) to root...
Installing libsmartcols1 (2.40.1-r1) to root...
Installing blkid (2.40.1-r1) to root...
Installing fdisk (2.40.1-r1) to root...
Installing findfs (2.40.1-r1) to root...
Installing losetup (2.40.1-r1) to root...
Installing lsblk (2.40.1-r1) to root...
Installing partx-utils (2.40.1-r1) to root...
Installing sfdisk (2.40.1-r1) to root...
Package luci (24.204.07517~e72f477) installed in root is up to date.
Multiple packages (libopenssl3 and libopenssl3) providing same name marked HOLD or PREFER. Using latest.
Installing luci-app-argon-config (24.204.07517~e72f477) to root...
Installing luci-lib-nixio (24.204.07517~e72f477) to root...
Installing luci-lib-ip (24.204.07517~e72f477) to root...
Installing luci-lib-jsonc (24.204.07517~e72f477) to root...
Installing liblucihttp-lua (2023.03.15~9b5b683f-r1) to root...
Installing luci-lib-base (24.204.07517~e72f477) to root...
Installing ucode-mod-lua (1) to root...
Installing luci-lua-runtime (24.204.07517~e72f477) to root...
Installing luci-theme-argon (2.3.1-20230420) to root...
Installing luci-i18n-argon-config-zh-cn (24.204.07517~e72f477) to root...
Installing luci-app-diskman (0.2.11-2) to root...
Installing libparted (3.6-r1) to root...
Installing parted (3.6-r1) to root...
Installing smartmontools (7.4-r1) to root...
Installing libattr (2.5.2-r3) to root...
Installing liblzo2 (2.10-r4) to root...
Installing btrfs-progs (6.9-r1) to root...
Installing luci-i18n-diskman-zh-cn (24.204.07517~e72f477) to root...
Package luci-app-firewall (24.204.07517~e72f477) installed in root is up to date.
Installing luci-i18n-firewall-zh-cn (24.209.33969~31219a4) to root...
Package luci-app-opkg (24.191.51591~bff2a43) installed in root is up to date.
Installing luci-i18n-opkg-zh-cn (24.200.31954~f5d64f2) to root...
Multiple packages (libopenssl3 and libopenssl3) providing same name marked HOLD or PREFER. Using latest.
Installing luci-app-smartdns (1.2024.45-1) to root...
Multiple packages (libopenssl3 and libopenssl3) providing same name marked HOLD or PREFER. Using latest.
Installing smartdns (46-r1) to root...
Installing luci-i18n-smartdns-zh-cn (24.209.33969~31219a4) to root...
Installing luci-app-uhttpd (24.204.07517~e72f477) to root...
Installing luci-i18n-uhttpd-zh-cn (24.203.77557~950daae) to root...
Multiple packages (libopenssl3 and libopenssl3) providing same name marked HOLD or PREFER. Using latest.
Installing luci-app-unblockneteasemusic (3.2-3) to root...
Multiple packages (libopenssl3 and libopenssl3) providing same name marked HOLD or PREFER. Using latest.
Installing libnghttp2-14 (1.62.1-r1) to root...
Installing libcares (1.32.3-r1) to root...
Installing node115 (v20.15.1-r1) to root...
Installing luci-app-upnp (24.204.07517~e72f477) to root...
Installing libcap-ng (0.8.4-r1) to root...
Installing miniupnpd-nftables (2.3.6-r1) to root...
Installing luci-i18n-upnp-zh-cn (24.203.77557~950daae) to root...
Package luci-base (24.209.33969~31219a4) installed in root is up to date.
Package luci-i18n-base-zh-cn (24.209.33969~31219a4) installed in root is up to date.
Installing luci-compat (24.204.07517~e72f477) to root...
Package luci-lib-base (24.204.07517~e72f477) installed in root is up to date.
Installing luci-lib-chartjs (24.204.07517~e72f477) to root...
Package luci-lib-ip (24.204.07517~e72f477) installed in root is up to date.
Installing luci-lib-ipkg (24.204.07517~e72f477) to root...
Installing luci-lib-iptparser (24.204.07517~e72f477) to root...
Installing luci-lib-json (24.204.07517~e72f477) to root...
Package luci-lib-jsonc (24.204.07517~e72f477) installed in root is up to date.
Package luci-lib-nixio (24.204.07517~e72f477) installed in root is up to date.
Installing luci-lib-px5g (24.204.07517~e72f477) to root...
Installing luci-lib-uqr (24.204.07517~e72f477) to root...
Package luci-light (24.204.07517~e72f477) installed in root is up to date.
Package luci-lua-runtime (24.204.07517~e72f477) installed in root is up to date.
Package luci-mod-admin-full (24.204.07517~e72f477) installed in root is up to date.
Package luci-mod-network (24.209.33969~31219a4) installed in root is up to date.
Package luci-mod-status (24.209.33969~31219a4) installed in root is up to date.
Package luci-mod-system (24.204.07517~e72f477) installed in root is up to date.
Package luci-proto-ipv6 (24.204.07517~e72f477) installed in root is up to date.
Package luci-proto-ppp (24.204.07517~e72f477) installed in root is up to date.
Installing luci-ssl-openssl (24.204.07517~e72f477) to root...
Package luci-theme-argon (2.3.1-20230420) installed in root is up to date.
Package luci-theme-bootstrap (24.191.51591~991549c) installed in root is up to date.
Package liblucihttp0 (2023.03.15~9b5b683f-r1) installed in root is up to date.
Package liblucihttp-lua (2023.03.15~9b5b683f-r1) installed in root is up to date.
Package liblucihttp-ucode (2023.03.15~9b5b683f-r1) installed in root is up to date.
Package rpcd-mod-luci (20240305-r1) installed in root is up to date.
Package rpcd-mod-rrdns (20170710) installed in root is up to date.
Package ucode-mod-html (1) installed in root is up to date.
Package ucode-mod-lua (1) installed in root is up to date.
Installing nss-firmware-ipq6018 (2024.07.22~8dceff47-r1) to root...
Installing nss-firmware-default (2024.07.22~8dceff47-r1) to root...
Package nss-firmware-default (2024.07.22~8dceff47-r1) installed in root is up to date.
Package libattr (2.5.2-r3) installed in root is up to date.
Package btrfs-progs (6.9-r1) installed in root is up to date.
Package libcares (1.32.3-r1) installed in root is up to date.
Package cgi-io (2022.08.10~901b0f04-r21) installed in root is up to date.
Multiple packages (libopenssl3 and libopenssl3) providing same name marked HOLD or PREFER. Using latest.
Multiple packages (libopenssl3 and libopenssl3) providing same name marked HOLD or PREFER. Using latest.
Multiple packages (libcurl4 and libcurl4) providing same name marked HOLD or PREFER. Using latest.
Installing libcurl4 (8.7.1-rr1) to root...
Multiple packages (libopenssl3 and libopenssl3) providing same name marked HOLD or PREFER. Using latest.
Multiple packages (libopenssl3 and libopenssl3) providing same name marked HOLD or PREFER. Using latest.
Installing libnghttp3 (1.4.0-r1) to root...
Installing libngtcp2 (1.6.0-r1) to root...
Package libcurl4 (8.7.1-rr1) installed in root is up to date.
Installing curl (8.9.0-r1) to root...
Installing libgdbm (1.23-r1) to root...
Installing iperf (2.1.9-r1) to root...
Installing iperf3 (3.17.1-r2) to root...
Installing libiperf3 (3.17.1-r2) to root...
Package libiperf3 (3.17.1-r2) installed in root is up to date.
Package libcap-ng (0.8.4-r1) installed in root is up to date.
Installing libffi (3.4.6-r1) to root...
Installing lua-argparse (0.6.0-r1) to root...
Package liblzo2 (2.10-r4) installed in root is up to date.
Package miniupnpd-nftables (2.3.6-r1) installed in root is up to date.
Installing netcat (0.7.1-r2) to root...
Package libnghttp2-14 (1.62.1-r1) installed in root is up to date.
Package libnghttp3 (1.4.0-r1) installed in root is up to date.
Package libngtcp2 (1.6.0-r1) installed in root is up to date.
Package node115 (v20.15.1-r1) installed in root is up to date.
Package libparted (3.6-r1) installed in root is up to date.
Package parted (3.6-r1) installed in root is up to date.
Installing libpython3-3.11 (3.11.7-r2) to root...
Multiple packages (libopenssl3 and libopenssl3) providing same name marked HOLD or PREFER. Using latest.
Installing python3 (3.11.7-r2) to root...
Multiple packages (libopenssl3 and libopenssl3) providing same name marked HOLD or PREFER. Using latest.
Installing python3-base (3.11.7-r2) to root...
Installing python3-light (3.11.7-r2) to root...
Installing python3-asyncio (3.11.7-r2) to root...
Installing python3-email (3.11.7-r2) to root...
Installing python3-cgi (3.11.7-r2) to root...
Installing python3-pydoc (3.11.7-r2) to root...
Installing python3-cgitb (3.11.7-r2) to root...
Installing python3-codecs (3.11.7-r2) to root...
Installing python3-ctypes (3.11.7-r2) to root...
Installing python3-dbm (3.11.7-r2) to root...
Installing python3-decimal (3.11.7-r2) to root...
Installing python3-distutils (3.11.7-r2) to root...
Installing python3-logging (3.11.7-r2) to root...
Installing liblzma (5.4.6-r1) to root...
Installing python3-lzma (3.11.7-r2) to root...
Installing python3-multiprocessing (3.11.7-r2) to root...
Installing python3-ncurses (3.11.7-r2) to root...
Installing python3-openssl (3.11.7-r2) to root...
Installing python3-readline (3.11.7-r2) to root...
Installing libsqlite3-0 (3410200-r1) to root...
Installing python3-sqlite3 (3.11.7-r2) to root...
Installing python3-unittest (3.11.7-r2) to root...
Installing python3-urllib (3.11.7-r2) to root...
Installing python3-uuid (3.11.7-r2) to root...
Installing python3-xml (3.11.7-r2) to root...
Package python3-base (3.11.7-r2) installed in root is up to date.
Package python3-light (3.11.7-r2) installed in root is up to date.
Package python3-asyncio (3.11.7-r2) installed in root is up to date.
Package python3-cgi (3.11.7-r2) installed in root is up to date.
Package python3-cgitb (3.11.7-r2) installed in root is up to date.
Package python3-codecs (3.11.7-r2) installed in root is up to date.
Package python3-ctypes (3.11.7-r2) installed in root is up to date.
Package python3-dbm (3.11.7-r2) installed in root is up to date.
Package python3-decimal (3.11.7-r2) installed in root is up to date.
Package python3-distutils (3.11.7-r2) installed in root is up to date.
Package python3-email (3.11.7-r2) installed in root is up to date.
Package python3-logging (3.11.7-r2) installed in root is up to date.
Package python3-lzma (3.11.7-r2) installed in root is up to date.
Package python3-multiprocessing (3.11.7-r2) installed in root is up to date.
Package python3-ncurses (3.11.7-r2) installed in root is up to date.
Package python3-openssl (3.11.7-r2) installed in root is up to date.
Package python3-pydoc (3.11.7-r2) installed in root is up to date.
Package python3-readline (3.11.7-r2) installed in root is up to date.
Package python3-sqlite3 (3.11.7-r2) installed in root is up to date.
Package python3-unittest (3.11.7-r2) installed in root is up to date.
Package python3-urllib (3.11.7-r2) installed in root is up to date.
Package python3-uuid (3.11.7-r2) installed in root is up to date.
Package python3-xml (3.11.7-r2) installed in root is up to date.
Installing libruby3.3 (3.3.3-r1) to root...
Installing ruby (3.3.3-r1) to root...
Package smartdns (46-r1) installed in root is up to date.
Package smartmontools (7.4-r1) installed in root is up to date.
Package libsqlite3-0 (3410200-r1) installed in root is up to date.
Installing wget-ssl (1.24.5-r1) to root...
Multiple packages (libopenssl3 and libopenssl3) providing same name marked HOLD or PREFER. Using latest.
Package liblzma (5.4.6-r1) installed in root is up to date.
Configuring libgcc1.
Configuring libc.
Configuring kernel.
Configuring kmod-iptunnel.
Configuring kmod-udptunnel4.
Configuring kmod-udptunnel6.
Configuring kmod-vxlan.
Configuring kmod-nfnetlink.
Configuring kmod-nf-reject.
Configuring kmod-nf-reject6.
Configuring kmod-nf-conntrack.
Configuring kmod-nf-conntrack6.
Configuring kmod-nf-nat.
Configuring kmod-nf-log.
Configuring kmod-nf-log6.
Configuring kmod-crypto-hash.
Configuring kmod-crypto-crc32c.
Configuring kmod-lib-crc32c.
Configuring kmod-nft-core.
Configuring kmod-nf-tproxy.
Configuring kmod-nft-tproxy.
Configuring terminfo.
Configuring libnl-tiny1.
Configuring libubox20240329.
Configuring libuci20130104.
Configuring libubus20231128.
Configuring libiwinfo-data.
Configuring libiwinfo20230701.
Configuring iwinfo.
Configuring libopenssl3.
Configuring kmod-nf-ipt.
Configuring kmod-nf-ipt6.
Configuring kmod-ipt-core.
Configuring kmod-ip6tables.
Configuring kmod-ip6tables-extra.
Configuring liblucihttp0.
Configuring cgi-io.
Configuring liblua5.1.5.
Configuring lua.
Configuring luci-lib-nixio.
Configuring luci-lib-ip.
Configuring libjson-c5.
Configuring luci-lib-jsonc.
Configuring liblucihttp-lua.
Configuring luci-lib-base.
Configuring kmod-l2tp.
Configuring kmod-macvlan.
Configuring libbz2-1.0.
Configuring lua-argparse.
Configuring kmod-crypto-null.
Configuring kmod-crypto-aead.
Configuring kmod-crypto-manager.
Configuring kmod-crypto-hmac.
Configuring kmod-crypto-sha512.
Configuring kmod-crypto-sha3.
Configuring kmod-crypto-rng.
Configuring kmod-crypto-user.
Configuring libpthread.
Configuring librt.
Configuring libuuid1.
Configuring libf2fs6.
Configuring mkf2fs.
Configuring kmod-iptunnel6.
Configuring kmod-ip6-tunnel.
Configuring kmod-crypto-gf128.
Configuring libuclient20201210.
Configuring uclient-fetch.
Configuring jsonfilter.
Configuring libblobmsg-json20240329.
Configuring rpcd.
Configuring rpcd-mod-file.
Configuring rpcd-mod-luci.
Configuring libucode20230711.
Configuring rpcd-mod-ucode.
Configuring ucode.
Configuring ucode-mod-fs.
Configuring ucode-mod-uci.
Configuring ucode-mod-ubus.
Configuring ucode-mod-math.
Configuring ucode-mod-html.
Configuring liblucihttp-ucode.
Configuring luci-base.
Configuring libubus-lua.
Configuring ucode-mod-lua.
Configuring luci-lua-runtime.
Configuring luci-theme-argon.
Configuring luci-app-argon-config.
Configuring luci-i18n-argon-config-zh-cn.
Configuring libcap-ng.
Configuring libmnl0.
Configuring libnftnl11.
Configuring miniupnpd-nftables.
Configuring kmod-nft-compat.
Configuring opkg.
Configuring libstdcpp6.
Configuring iperf.
Configuring kmod-nls-base.
Configuring kmod-usb-core.
Configuring kmod-bonding.
Configuring luci-app-opkg.
Configuring libunistring.
Configuring libblkid1.
Configuring blkid.
Configuring libcomerr0.
Configuring libss2.
Configuring libext2fs2.
Configuring libe2p2.
Configuring e2fsprogs.
Configuring libparted.
Configuring libncurses6.
Configuring libreadline8.
Configuring parted.
Configuring smartmontools.
Configuring libattr.
Configuring libmount1.
Configuring zlib.
Configuring liblzo2.
Configuring kmod-crypto-acompress.
Configuring kmod-lib-lzo.
Configuring kmod-lib-zlib-inflate.
Configuring kmod-lib-zlib-deflate.
Configuring kmod-lib-raid6.
Configuring kmod-lib-xor.
Configuring kmod-lib-xxhash.
Configuring kmod-lib-zstd.
Configuring kmod-crypto-blake2b.
Configuring kmod-crypto-xxhash.
Configuring kmod-fs-btrfs.
Configuring btrfs-progs.
Configuring libsmartcols1.
Configuring lsblk.
Configuring kmod-md-mod.
Configuring kmod-md-raid0.
Configuring kmod-md-raid10.
Configuring kmod-md-raid1.
Configuring mdadm.
Configuring kmod-md-raid456.
Configuring luci-app-diskman.
Configuring luci-i18n-diskman-zh-cn.
Configuring kmod-qca-mcs.
Configuring ubusd.
Configuring ubus.
Configuring iw.
Configuring libatomic1.
Configuring libiperf3.
Configuring libfdisk1.
Configuring sfdisk.
Configuring kmod-nft-nat.
Configuring kmod-nft-fullcone.
Configuring kmod-gre.
Configuring kmod-gre6.
Configuring busybox.
Configuring libpython3-3.11.
Configuring python3-base.
Configuring python3-light.
Configuring python3-email.
Configuring python3-urllib.
Configuring kmod-crypto-geniv.
Configuring kmod-crypto-seqiv.
Configuring kmod-crypto-ctr.
Configuring f2fsck.
Configuring f2fs-tools.
Configuring kmod-qca-ssdk.
Configuring kmod-qca-nss-dp.
Configuring kmod-qca-nss-drv.
Configuring kmod-qca-nss-drv-tunipip6.
Configuring kmod-qca-nss-drv-vlan-mgr.
Configuring libelf1.
Configuring libbpf1.
Configuring ip-full.
Configuring kmod-nft-fib.
Configuring libxtables12.
Configuring libiptext0.
Configuring libiptext6-0.
Configuring libiptext-nft0.
Configuring xtables-nft.
Configuring ip6tables-nft.
Configuring kmod-nf-nat6.
Configuring kmod-ipt-fullconenat.
Configuring kmod-ipt-conntrack.
Configuring kmod-ipt-nat.
Configuring kmod-ipt-nat6.
Configuring ip6tables-mod-nat.
Configuring ip6tables-mod-fullconenat.
Configuring jshn.
Configuring libudebug.
Configuring netifd.
Configuring ucode-mod-nl80211.
Configuring ucode-mod-rtnl.
Configuring wifi-scripts.
Configuring wireless-regdb.
Configuring kmod-cfg80211.
Configuring kmod-crypto-cmac.
Configuring kmod-crypto-ccm.
Configuring kmod-crypto-ghash.
Configuring kmod-crypto-gcm.
Configuring hostapd-common.
Configuring kmod-mac80211.
Configuring kmod-ath.
Configuring kmod-crypto-michael-mic.
Configuring kmod-hwmon-core.
Configuring kmod-thermal.
Configuring kmod-ath11k.
Configuring kmod-zram.
Configuring zram-swap.
Configuring kmod-tun.
Configuring kmod-iptunnel4.
Configuring kmod-sit.
Configuring 6rd.
Configuring kmod-qca-nss-drv-tun6rd.
Configuring kmod-usb-dwc3.
Configuring python3-pydoc.
Configuring kmod-inet-diag.
Configuring liblzma.
Configuring luci-mod-system.
Configuring libopenssl-conf.
Configuring openssl-util.
Configuring kmod-nf-flow.
Configuring kmod-lib-crc-ccitt.
Configuring ucode-mod-uloop.
Configuring getrandom.
Configuring kmod-asn1-decoder.
Configuring libcap.
Configuring libcap-bin.
Configuring libustream-openssl20201210.
Configuring luci-theme-bootstrap.
Configuring kmod-slhc.
Configuring kmod-ppp.
Configuring kmod-pppox.
Configuring kmod-pppoe.
Configuring shellsync.
Configuring procd-ujail.
Configuring usign.
Configuring openwrt-keyring.
Configuring ubi-utils.
Configuring ubox.
Configuring fstools.
Configuring fwtool.
Configuring base-files.
Configuring kmod-lib-crc16.
Configuring libnghttp3.
Configuring libevent2-core7.
Configuring libevent2-pthreads7.
Configuring partx-utils.
Configuring kmod-qca-nss-drv-pppoe.
Configuring kmod-usb-dwc3-qcom.
Configuring 6in4.
Configuring libjson-script20240329.
Configuring uhttpd.
Configuring luci-app-uhttpd.
Configuring kmod-nft-offload.
Configuring jansson4.
Configuring nftables-json.
Configuring firewall4.
Configuring python3-cgi.
Configuring python3-cgitb.
Configuring uboot-envtools.
Configuring python3-decimal.
Configuring kmod-sched-core.
Configuring kmod-ifb.
Configuring kmod-qca-nss-drv-qdisc.
Configuring kmod-qca-nss-drv-igs.
Configuring kmod-usb-xhci-hcd.
Configuring procd.
Configuring resolveip.
Configuring kmod-oid-registry.
Configuring kmod-crypto-sha256.
Configuring autocore.
Configuring libnfnetlink0.
Configuring kmod-nf-conntrack-netlink.
Configuring libnetfilter-conntrack3.
Configuring kmod-dax.
Configuring kmod-crypto-cbc.
Configuring kmod-crypto-sha1.
Configuring kmod-random-core.
Configuring kmod-asn1-encoder.
Configuring kmod-tpm.
Configuring kmod-keys-trusted.
Configuring kmod-keys-encrypted.
Configuring kmod-dm.
Configuring python3-uuid.
Configuring kmod-qca-nss-drv-match.
Configuring rpcd-mod-iwinfo.
Configuring luci-mod-status.
Configuring nss-firmware-default.
Configuring kmod-nat46.
Configuring kmod-qca-nss-drv-map-t.
Configuring python3-xml.
Configuring kmod-pptp.
Configuring kmod-qca-nss-drv-bridge-mgr.
Configuring kmod-usb3.
Configuring luci-lib-iptparser.
Configuring libopenssl-legacy.
Configuring luci-proto-ipv6.
Configuring luci-app-firewall.
Configuring luci-mod-network.
Configuring luci-mod-admin-full.
Configuring luci-proto-ppp.
Configuring rpcd-mod-rrdns.
Configuring uhttpd-mod-ubus.
Configuring luci-light.
Configuring luci-ssl-openssl.
Configuring libgmp10.
Configuring libruby3.3.
Configuring ruby.
Configuring libmbedtls21.
Configuring luci-lib-ipkg.
Configuring libsqlite3-0.
Configuring wpad-openssl.
Configuring odhcp6c.
Configuring libnghttp2-14.
Configuring libcares.
Configuring node115.
Configuring ethtool.
Configuring uci.
Configuring kmod-fs-ext4.
Configuring odhcpd-ipv6only.
Configuring ipv6helper.
Configuring losetup.
Configuring libip4tc2.
Configuring dropbear.
Configuring libpcre2.
Configuring libngtcp2.
Configuring ca-bundle.
Configuring libcurl4.
Configuring curl.
Configuring kmod-crypto-authenc.
Configuring kmod-cryptodev.
Configuring luci-compat.
Configuring mtd.
Configuring python3-ncurses.
Configuring python3-distutils.
Configuring luci-i18n-uhttpd-zh-cn.
Configuring procd-seccomp.
Configuring kmod-qca-nss-drv-gre.
Configuring kmod-qrtr.
Configuring kmod-qrtr-smd.
Configuring python3-codecs.
Configuring kmod-qca-nss-drv-lag-mgr.
Configuring python3-multiprocessing.
Configuring kmod-qca-nss-drv-pptp.
Configuring urandom-seed.
Configuring libffi.
Configuring kmod-crypto-arc4.
Configuring kmod-crypto-ecb.
Configuring kmod-mppe.
Configuring ppp.
Configuring libnettle8.
Configuring kmod-leds-gpio.
Configuring kmod-gpio-button-hotplug.
Configuring logd.
Configuring libip6tc2.
Configuring xtables-legacy.
Configuring python3-asyncio.
Configuring python3-ctypes.
Configuring libgdbm.
Configuring python3-dbm.
Configuring python3-logging.
Configuring python3-lzma.
Configuring python3-openssl.
Configuring python3-readline.
Configuring python3-sqlite3.
Configuring python3-unittest.
Configuring python3.
Configuring kmod-qca-nss-drv-vxlanmgr.
Configuring kmod-qca-nss-drv-mirror.
Configuring cpufreq.
Configuring findfs.
Configuring kmod-ipt-ipset.
Configuring dnsmasq-full.
Configuring luci-app-unblockneteasemusic.
Configuring smartdns.
Configuring luci-app-smartdns.
Configuring luci-i18n-smartdns-zh-cn.
Configuring kmod-qca-nss-macsec.
Configuring kmod-fuse.
Configuring kmod-qca-nss-drv-eogremgr.
Configuring ca-certificates.
Configuring kmod-crypto-crc32.
Configuring kmod-fs-f2fs.
Configuring ipq-wifi-jdcloud_ax1800-pro.
Configuring netcat.
Configuring luci-app-upnp.
Configuring kmod-qca-nss-drv-l2tpv2.
Configuring luci.
Configuring default-settings.
Configuring luci-i18n-base-zh-cn.
Configuring default-settings-chn.
Configuring luci-lib-json.
Configuring luci-lib-px5g.
Configuring fdisk.
Configuring kmod-ath11k-ahb.
Configuring ath11k-firmware-ipq6018.
Configuring luci-i18n-opkg-zh-cn.
Configuring luci-lib-uqr.
Configuring ip6tables-extra.
Configuring libevent2-7.
Configuring luci-i18n-upnp-zh-cn.
Configuring wget-ssl.
Configuring iperf3.
Configuring kmod-pppol2tp.
Configuring urngd.
Configuring nss-firmware-ipq6018.
Configuring luci-i18n-firewall-zh-cn.
Configuring ip6tables-zz-legacy.
Configuring luci-lib-chartjs.
Configuring ppp-mod-pppoe.
Configuring kmod-qca-nss-ecm.
Setting flags for package libc to hold.
Setting flags for package libgcc1 to hold.
Setting flags for package libatomic1 to hold.
Setting flags for package libstdcpp6 to hold.
Setting flags for package libpthread to hold.
Setting flags for package librt to hold.
cp -fpR /home/albresky/repos/openwrt-6.x/build_dir/target-aarch64_cortex-a53_musl/root-qualcommax /home/albresky/repos/openwrt-6.x/build_dir/target-aarch64_cortex-a53_musl/root.orig-qualcommax
Enabling boot
Enabling bootcount
Enabling cpufreq
Enabling cron
Enabling dnsmasq
Enabling done
Enabling dropbear
Enabling firewall
Enabling gpio_switch
Enabling led
Enabling log
Enabling mdadm
Enabling miniupnpd
Enabling network
Enabling odhcpd
Enabling openssl
Enabling packet_steering
Enabling qca-nss-drv
Enabling qca-nss-pbuf
Enabling radius
Enabling rpcd
Enabling skb_recycler
Enabling smartdns
Enabling smp_affinity
Enabling sysctl
Enabling sysfixtime
Enabling sysntpd
Enabling system
Enabling ucitrack
Enabling uhttpd
Enabling umount
Enabling unblockneteasemusic
Enabling urandom_seed
Enabling urngd
Enabling wpad
Enabling zram
rm -rf /home/albresky/repos/openwrt-6.x/build_dir/target-aarch64_cortex-a53_musl/root-qualcommax/boot /home/albresky/repos/openwrt-6.x/build_dir/target-aarch64_cortex-a53_musl/root-qualcommax/tmp/* /home/albresky/repos/openwrt-6.x/build_dir/target-aarch64_cortex-a53_musl/root-qualcommax/lib/apk/db/*.post-install* /home/albresky/repos/openwrt-6.x/build_dir/target-aarch64_cortex-a53_musl/root-qualcommax/usr/lib/opkg/info/*.postinst* /home/albresky/repos/openwrt-6.x/build_dir/target-aarch64_cortex-a53_musl/root-qualcommax/usr/lib/opkg/lists/* /home/albresky/repos/openwrt-6.x/build_dir/target-aarch64_cortex-a53_musl/root-qualcommax/var/lock/*.lock
find /home/albresky/repos/openwrt-6.x/build_dir/target-aarch64_cortex-a53_musl/root-qualcommax/ -mindepth 1 -execdir touch -hcd "@1722179046" "{}" +
make[2]: Leaving directory '/home/albresky/repos/openwrt-6.x'
make[2]: Entering directory '/home/albresky/repos/openwrt-6.x'
make[3]: Entering directory '/home/albresky/repos/openwrt-6.x/target/linux'
make[4]: Entering directory '/home/albresky/repos/openwrt-6.x/target/linux/qualcommax'
rm -f /home/albresky/repos/openwrt-6.x/build_dir/target-aarch64_cortex-a53_musl/linux-qualcommax_ipq60xx/linux-6.6.42/localversion
/home/albresky/repos/openwrt-6.x/scripts/kconfig.pl  + + /home/albresky/repos/openwrt-6.x/target/linux/generic/config-6.6 /home/albresky/repos/openwrt-6.x/target/linux/qualcommax/config-6.6 /home/albresky/repos/openwrt-6.x/target/linux/qualcommax/ipq60xx/config-default > /home/albresky/repos/openwrt-6.x/build_dir/target-aarch64_cortex-a53_musl/linux-qualcommax_ipq60xx/linux-6.6.42/.config.target
awk '/^(#[[:space:]]+)?CONFIG_KERNEL/{sub("CONFIG_KERNEL_","CONFIG_");print}' /home/albresky/repos/openwrt-6.x/.config >> /home/albresky/repos/openwrt-6.x/build_dir/target-aarch64_cortex-a53_musl/linux-qualcommax_ipq60xx/linux-6.6.42/.config.target
echo "# CONFIG_KALLSYMS_EXTRA_PASS is not set" >> /home/albresky/repos/openwrt-6.x/build_dir/target-aarch64_cortex-a53_musl/linux-qualcommax_ipq60xx/linux-6.6.42/.config.target
echo "# CONFIG_KALLSYMS_ALL is not set" >> /home/albresky/repos/openwrt-6.x/build_dir/target-aarch64_cortex-a53_musl/linux-qualcommax_ipq60xx/linux-6.6.42/.config.target
echo "CONFIG_KALLSYMS_UNCOMPRESSED=y" >> /home/albresky/repos/openwrt-6.x/build_dir/target-aarch64_cortex-a53_musl/linux-qualcommax_ipq60xx/linux-6.6.42/.config.target
/home/albresky/repos/openwrt-6.x/scripts/package-metadata.pl kconfig /home/albresky/repos/openwrt-6.x/tmp/.packageinfo /home/albresky/repos/openwrt-6.x/.config 6.6 > /home/albresky/repos/openwrt-6.x/build_dir/target-aarch64_cortex-a53_musl/linux-qualcommax_ipq60xx/linux-6.6.42/.config.override
/home/albresky/repos/openwrt-6.x/scripts/kconfig.pl 'm+' '+' /home/albresky/repos/openwrt-6.x/build_dir/target-aarch64_cortex-a53_musl/linux-qualcommax_ipq60xx/linux-6.6.42/.config.target /dev/null /home/albresky/repos/openwrt-6.x/build_dir/target-aarch64_cortex-a53_musl/linux-qualcommax_ipq60xx/linux-6.6.42/.config.override > /home/albresky/repos/openwrt-6.x/build_dir/target-aarch64_cortex-a53_musl/linux-qualcommax_ipq60xx/linux-6.6.42/.config.set
mv /home/albresky/repos/openwrt-6.x/build_dir/target-aarch64_cortex-a53_musl/linux-qualcommax_ipq60xx/linux-6.6.42/.config.set /home/albresky/repos/openwrt-6.x/build_dir/target-aarch64_cortex-a53_musl/linux-qualcommax_ipq60xx/linux-6.6.42/.config.old
grep -v INITRAMFS /home/albresky/repos/openwrt-6.x/build_dir/target-aarch64_cortex-a53_musl/linux-qualcommax_ipq60xx/linux-6.6.42/.config.old > /home/albresky/repos/openwrt-6.x/build_dir/target-aarch64_cortex-a53_musl/linux-qualcommax_ipq60xx/linux-6.6.42/.config.set
echo 'CONFIG_INITRAMFS_SOURCE=""' >> /home/albresky/repos/openwrt-6.x/build_dir/target-aarch64_cortex-a53_musl/linux-qualcommax_ipq60xx/linux-6.6.42/.config.set
echo '# CONFIG_INITRAMFS_FORCE is not set' >> /home/albresky/repos/openwrt-6.x/build_dir/target-aarch64_cortex-a53_musl/linux-qualcommax_ipq60xx/linux-6.6.42/.config.set
echo "# CONFIG_INITRAMFS_PRESERVE_MTIME is not set" >> /home/albresky/repos/openwrt-6.x/build_dir/target-aarch64_cortex-a53_musl/linux-qualcommax_ipq60xx/linux-6.6.42/.config.set
rm -rf /home/albresky/repos/openwrt-6.x/build_dir/target-aarch64_cortex-a53_musl/linux-qualcommax_ipq60xx/modules
cmp -s /home/albresky/repos/openwrt-6.x/build_dir/target-aarch64_cortex-a53_musl/linux-qualcommax_ipq60xx/linux-6.6.42/.config.set /home/albresky/repos/openwrt-6.x/build_dir/target-aarch64_cortex-a53_musl/linux-qualcommax_ipq60xx/linux-6.6.42/.config.prev || { cp /home/albresky/repos/openwrt-6.x/build_dir/target-aarch64_cortex-a53_musl/linux-qualcommax_ipq60xx/linux-6.6.42/.config.set /home/albresky/repos/openwrt-6.x/build_dir/target-aarch64_cortex-a53_musl/linux-qualcommax_ipq60xx/linux-6.6.42/.config; cp /home/albresky/repos/openwrt-6.x/build_dir/target-aarch64_cortex-a53_musl/linux-qualcommax_ipq60xx/linux-6.6.42/.config.set /home/albresky/repos/openwrt-6.x/build_dir/target-aarch64_cortex-a53_musl/linux-qualcommax_ipq60xx/linux-6.6.42/.config.prev; }
export MAKEFLAGS= ; [ -d /home/albresky/repos/openwrt-6.x/build_dir/target-aarch64_cortex-a53_musl/linux-qualcommax_ipq60xx/linux-6.6.42/user_headers ] || make -C /home/albresky/repos/openwrt-6.x/build_dir/target-aarch64_cortex-a53_musl/linux-qualcommax_ipq60xx/linux-6.6.42 KCFLAGS="-fmacro-prefix-map=/home/albresky/repos/openwrt-6.x/build_dir/target-aarch64_cortex-a53_musl=target-aarch64_cortex-a53_musl -fno-caller-saves " HOSTCFLAGS="-O2 -I/home/albresky/repos/openwrt-6.x/staging_dir/host/include  -Wall -Wmissing-prototypes -Wstrict-prototypes" CROSS_COMPILE="aarch64-openwrt-linux-musl-" ARCH="arm64" KBUILD_HAVE_NLS=no KBUILD_BUILD_USER="Albresky" KBUILD_BUILD_HOST="" KBUILD_BUILD_TIMESTAMP="Sun Jul 28 15:04:06 2024" KBUILD_BUILD_VERSION="0" KBUILD_HOSTLDFLAGS="-L/home/albresky/repos/openwrt-6.x/staging_dir/host/lib" CONFIG_SHELL="bash" V=''  cmd_syscalls=  CC="aarch64-openwrt-linux-musl-gcc" KERNELRELEASE=6.6.42  INSTALL_HDR_PATH=/home/albresky/repos/openwrt-6.x/build_dir/target-aarch64_cortex-a53_musl/linux-qualcommax_ipq60xx/linux-6.6.42/user_headers headers_install
grep '=[ym]' /home/albresky/repos/openwrt-6.x/build_dir/target-aarch64_cortex-a53_musl/linux-qualcommax_ipq60xx/linux-6.6.42/.config.set | LC_ALL=C sort | /home/albresky/repos/openwrt-6.x/staging_dir/host/bin/mkhash md5 > /home/albresky/repos/openwrt-6.x/build_dir/target-aarch64_cortex-a53_musl/linux-qualcommax_ipq60xx/linux-6.6.42/.vermagic
touch /home/albresky/repos/openwrt-6.x/build_dir/target-aarch64_cortex-a53_musl/linux-qualcommax_ipq60xx/linux-6.6.42/.configured
rm -f /home/albresky/repos/openwrt-6.x/build_dir/target-aarch64_cortex-a53_musl/root-qualcommax/init
make -C /home/albresky/repos/openwrt-6.x/build_dir/target-aarch64_cortex-a53_musl/linux-qualcommax_ipq60xx/linux-6.6.42 KCFLAGS="-fmacro-prefix-map=/home/albresky/repos/openwrt-6.x/build_dir/target-aarch64_cortex-a53_musl=target-aarch64_cortex-a53_musl -fno-caller-saves " HOSTCFLAGS="-O2 -I/home/albresky/repos/openwrt-6.x/staging_dir/host/include  -Wall -Wmissing-prototypes -Wstrict-prototypes" CROSS_COMPILE="aarch64-openwrt-linux-musl-" ARCH="arm64" KBUILD_HAVE_NLS=no KBUILD_BUILD_USER="Albresky" KBUILD_BUILD_HOST="" KBUILD_BUILD_TIMESTAMP="Sun Jul 28 15:04:06 2024" KBUILD_BUILD_VERSION="0" KBUILD_HOSTLDFLAGS="-L/home/albresky/repos/openwrt-6.x/staging_dir/host/lib" CONFIG_SHELL="bash" V=''  cmd_syscalls=  CC="aarch64-openwrt-linux-musl-gcc" KERNELRELEASE=6.6.42  Image
make[5]: Entering directory '/home/albresky/repos/openwrt-6.x/build_dir/target-aarch64_cortex-a53_musl/linux-qualcommax_ipq60xx/linux-6.6.42'
  MODPOST vmlinux.symvers
make[5]: Leaving directory '/home/albresky/repos/openwrt-6.x/build_dir/target-aarch64_cortex-a53_musl/linux-qualcommax_ipq60xx/linux-6.6.42'
cmp -s /home/albresky/repos/openwrt-6.x/build_dir/target-aarch64_cortex-a53_musl/linux-qualcommax_ipq60xx/linux-6.6.42/vmlinux /home/albresky/repos/openwrt-6.x/build_dir/target-aarch64_cortex-a53_musl/linux-qualcommax_ipq60xx/vmlinux.debug || { aarch64-openwrt-linux-musl-objcopy -O binary -R .reginfo -R .notes -R .note -R .comment -R .mdebug -R .note.gnu.build-id -S /home/albresky/repos/openwrt-6.x/build_dir/target-aarch64_cortex-a53_musl/linux-qualcommax_ipq60xx/linux-6.6.42/vmlinux /home/albresky/repos/openwrt-6.x/build_dir/target-aarch64_cortex-a53_musl/linux-qualcommax_ipq60xx/vmlinux; aarch64-openwrt-linux-musl-objcopy -R .reginfo -R .notes -R .note -R .comment -R .mdebug -R .note.gnu.build-id -S /home/albresky/repos/openwrt-6.x/build_dir/target-aarch64_cortex-a53_musl/linux-qualcommax_ipq60xx/linux-6.6.42/vmlinux /home/albresky/repos/openwrt-6.x/build_dir/target-aarch64_cortex-a53_musl/linux-qualcommax_ipq60xx/vmlinux.elf; cp -fpR /home/albresky/repos/openwrt-6.x/build_dir/target-aarch64_cortex-a53_musl/linux-qualcommax_ipq60xx/linux-6.6.42/vmlinux /home/albresky/repos/openwrt-6.x/build_dir/target-aarch64_cortex-a53_musl/linux-qualcommax_ipq60xx/vmlinux.debug;  cp -fpR /home/albresky/repos/openwrt-6.x/build_dir/target-aarch64_cortex-a53_musl/linux-qualcommax_ipq60xx/linux-6.6.42/arch/arm64/boot//Image /home/albresky/repos/openwrt-6.x/build_dir/target-aarch64_cortex-a53_musl/linux-qualcommax_ipq60xx/Image;  }
rm -f /home/albresky/repos/openwrt-6.x/build_dir/target-aarch64_cortex-a53_musl/linux-qualcommax_ipq60xx/linux-6.6.42/.config.prev
mv /home/albresky/repos/openwrt-6.x/build_dir/target-aarch64_cortex-a53_musl/linux-qualcommax_ipq60xx/linux-6.6.42/.config /home/albresky/repos/openwrt-6.x/build_dir/target-aarch64_cortex-a53_musl/linux-qualcommax_ipq60xx/linux-6.6.42/.config.old
grep -v -e INITRAMFS -e CONFIG_RD_ -e CONFIG_BLK_DEV_INITRD /home/albresky/repos/openwrt-6.x/build_dir/target-aarch64_cortex-a53_musl/linux-qualcommax_ipq60xx/linux-6.6.42/.config.old > /home/albresky/repos/openwrt-6.x/build_dir/target-aarch64_cortex-a53_musl/linux-qualcommax_ipq60xx/linux-6.6.42/.config
echo 'CONFIG_BLK_DEV_INITRD=y' >> /home/albresky/repos/openwrt-6.x/build_dir/target-aarch64_cortex-a53_musl/linux-qualcommax_ipq60xx/linux-6.6.42/.config
echo 'CONFIG_INITRAMFS_SOURCE="/home/albresky/repos/openwrt-6.x/build_dir/target-aarch64_cortex-a53_musl/root-qualcommax /home/albresky/repos/openwrt-6.x/target/linux/generic/image/initramfs-base-files.txt"' >> /home/albresky/repos/openwrt-6.x/build_dir/target-aarch64_cortex-a53_musl/linux-qualcommax_ipq60xx/linux-6.6.42/.config
echo "# CONFIG_INITRAMFS_PRESERVE_MTIME is not set" >> /home/albresky/repos/openwrt-6.x/build_dir/target-aarch64_cortex-a53_musl/linux-qualcommax_ipq60xx/linux-6.6.42/.config
echo 'CONFIG_INITRAMFS_ROOT_UID=1000' >> /home/albresky/repos/openwrt-6.x/build_dir/target-aarch64_cortex-a53_musl/linux-qualcommax_ipq60xx/linux-6.6.42/.config
echo 'CONFIG_INITRAMFS_ROOT_GID=1000' >> /home/albresky/repos/openwrt-6.x/build_dir/target-aarch64_cortex-a53_musl/linux-qualcommax_ipq60xx/linux-6.6.42/.config
echo "# CONFIG_INITRAMFS_FORCE is not set" >> /home/albresky/repos/openwrt-6.x/build_dir/target-aarch64_cortex-a53_musl/linux-qualcommax_ipq60xx/linux-6.6.42/.config
echo "# CONFIG_INITRAMFS_COMPRESSION_NONE is not set" >> /home/albresky/repos/openwrt-6.x/build_dir/target-aarch64_cortex-a53_musl/linux-qualcommax_ipq60xx/linux-6.6.42/.config
echo -e "# CONFIG_INITRAMFS_COMPRESSION_GZIP is not set\n# CONFIG_RD_GZIP is not set" >> /home/albresky/repos/openwrt-6.x/build_dir/target-aarch64_cortex-a53_musl/linux-qualcommax_ipq60xx/linux-6.6.42/.config;   echo -e "# CONFIG_INITRAMFS_COMPRESSION_BZIP2 is not set\n# CONFIG_RD_BZIP2 is not set" >> /home/albresky/repos/openwrt-6.x/build_dir/target-aarch64_cortex-a53_musl/linux-qualcommax_ipq60xx/linux-6.6.42/.config;   echo -e "# CONFIG_INITRAMFS_COMPRESSION_LZMA is not set\n# CONFIG_RD_LZMA is not set" >> /home/albresky/repos/openwrt-6.x/build_dir/target-aarch64_cortex-a53_musl/linux-qualcommax_ipq60xx/linux-6.6.42/.config;   echo -e "# CONFIG_INITRAMFS_COMPRESSION_LZO is not set\n# CONFIG_RD_LZO is not set" >> /home/albresky/repos/openwrt-6.x/build_dir/target-aarch64_cortex-a53_musl/linux-qualcommax_ipq60xx/linux-6.6.42/.config;   echo -e "# CONFIG_INITRAMFS_COMPRESSION_XZ is not set\n# CONFIG_RD_XZ is not set" >> /home/albresky/repos/openwrt-6.x/build_dir/target-aarch64_cortex-a53_musl/linux-qualcommax_ipq60xx/linux-6.6.42/.config;   echo -e "# CONFIG_INITRAMFS_COMPRESSION_LZ4 is not set\n# CONFIG_RD_LZ4 is not set" >> /home/albresky/repos/openwrt-6.x/build_dir/target-aarch64_cortex-a53_musl/linux-qualcommax_ipq60xx/linux-6.6.42/.config;   echo -e "CONFIG_INITRAMFS_COMPRESSION_ZSTD=y\nCONFIG_RD_ZSTD=y" >> /home/albresky/repos/openwrt-6.x/build_dir/target-aarch64_cortex-a53_musl/linux-qualcommax_ipq60xx/linux-6.6.42/.config;
cp -fpR /home/albresky/repos/openwrt-6.x/target/linux/generic/other-files/init /home/albresky/repos/openwrt-6.x/build_dir/target-aarch64_cortex-a53_musl/root-qualcommax/init
touch -hcd "@1722179046" /home/albresky/repos/openwrt-6.x/build_dir/target-aarch64_cortex-a53_musl/root-qualcommax /home/albresky/repos/openwrt-6.x/build_dir/target-aarch64_cortex-a53_musl/root-qualcommax/init
SHELL= flock /home/albresky/repos/openwrt-6.x/tmp/.gen-initramfs.flock -c ' rm -rf /home/albresky/repos/openwrt-6.x/build_dir/target-aarch64_cortex-a53_musl/linux-qualcommax_ipq60xx/linux-6.6.42/usr/initramfs_data.cpio* /home/albresky/repos/openwrt-6.x/build_dir/target-aarch64_cortex-a53_musl/linux-qualcommax_ipq60xx/linux-6.6.42/.config.prev && make -C /home/albresky/repos/openwrt-6.x/build_dir/target-aarch64_cortex-a53_musl/linux-qualcommax_ipq60xx/linux-6.6.42 KCFLAGS="-fmacro-prefix-map=/home/albresky/repos/openwrt-6.x/build_dir/target-aarch64_cortex-a53_musl=target-aarch64_cortex-a53_musl -fno-caller-saves " HOSTCFLAGS="-O2 -I/home/albresky/repos/openwrt-6.x/staging_dir/host/include  -Wall -Wmissing-prototypes -Wstrict-prototypes" CROSS_COMPILE="aarch64-openwrt-linux-musl-" ARCH="arm64" KBUILD_HAVE_NLS=no KBUILD_BUILD_USER="Albresky" KBUILD_BUILD_HOST="" KBUILD_BUILD_TIMESTAMP="Sun Jul 28 15:04:06 2024" KBUILD_BUILD_VERSION="0" KBUILD_HOSTLDFLAGS="-L/home/albresky/repos/openwrt-6.x/staging_dir/host/lib" CONFIG_SHELL="bash" V='\'''\''  cmd_syscalls=  CC="aarch64-openwrt-linux-musl-gcc" KERNELRELEASE=6.6.42  Image && { 	cmp -s /home/albresky/repos/openwrt-6.x/build_dir/target-aarch64_cortex-a53_musl/linux-qualcommax_ipq60xx/linux-6.6.42/vmlinux /home/albresky/repos/openwrt-6.x/build_dir/target-aarch64_cortex-a53_musl/linux-qualcommax_ipq60xx/vmlinux-initramfs.debug || { aarch64-openwrt-linux-musl-objcopy -O binary -R .reginfo -R .notes -R .note -R .comment -R .mdebug -R .note.gnu.build-id -S /home/albresky/repos/openwrt-6.x/build_dir/target-aarch64_cortex-a53_musl/linux-qualcommax_ipq60xx/linux-6.6.42/vmlinux /home/albresky/repos/openwrt-6.x/build_dir/target-aarch64_cortex-a53_musl/linux-qualcommax_ipq60xx/vmlinux-initramfs; aarch64-openwrt-linux-musl-objcopy -R .reginfo -R .notes -R .note -R .comment -R .mdebug -R .note.gnu.build-id -S /home/albresky/repos/openwrt-6.x/build_dir/target-aarch64_cortex-a53_musl/linux-qualcommax_ipq60xx/linux-6.6.42/vmlinux /home/albresky/repos/openwrt-6.x/build_dir/target-aarch64_cortex-a53_musl/linux-qualcommax_ipq60xx/vmlinux-initramfs.elf; cp -fpR /home/albresky/repos/openwrt-6.x/build_dir/target-aarch64_cortex-a53_musl/linux-qualcommax_ipq60xx/linux-6.6.42/vmlinux /home/albresky/repos/openwrt-6.x/build_dir/target-aarch64_cortex-a53_musl/linux-qualcommax_ipq60xx/vmlinux-initramfs.debug;  cp -fpR /home/albresky/repos/openwrt-6.x/build_dir/target-aarch64_cortex-a53_musl/linux-qualcommax_ipq60xx/linux-6.6.42/arch/arm64/boot//Image /home/albresky/repos/openwrt-6.x/build_dir/target-aarch64_cortex-a53_musl/linux-qualcommax_ipq60xx/Image-initramfs;  } }'
make[5]: Entering directory '/home/albresky/repos/openwrt-6.x/build_dir/target-aarch64_cortex-a53_musl/linux-qualcommax_ipq60xx/linux-6.6.42'
  SYNC    include/config/auto.conf.cmd
  GEN     usr/initramfs_data.cpio
  ZSTD    usr/initramfs_inc_data
  AS      usr/initramfs_data.o
  AR      usr/built-in.a
  CC      lib/decompress.o
  AR      lib/lib.a
  AR      built-in.a
  AR      vmlinux.a
  LD      vmlinux.o
  OBJCOPY modules.builtin.modinfo
  GEN     modules.builtin
  MODPOST vmlinux.symvers
  LD      .tmp_vmlinux.kallsyms1
  NM      .tmp_vmlinux.kallsyms1.syms
  KSYMS   .tmp_vmlinux.kallsyms1.S
  AS      .tmp_vmlinux.kallsyms1.o
  LD      .tmp_vmlinux.kallsyms2
  NM      .tmp_vmlinux.kallsyms2.syms
  KSYMS   .tmp_vmlinux.kallsyms2.S
  AS      .tmp_vmlinux.kallsyms2.o
  LD      vmlinux
  NM      System.map
  SORTTAB vmlinux
  OBJCOPY arch/arm64/boot/Image
make[5]: Leaving directory '/home/albresky/repos/openwrt-6.x/build_dir/target-aarch64_cortex-a53_musl/linux-qualcommax_ipq60xx/linux-6.6.42'
touch /home/albresky/repos/openwrt-6.x/build_dir/target-aarch64_cortex-a53_musl/linux-qualcommax_ipq60xx/linux-6.6.42/.image
make -C image compile install TARGET_BUILD=
make[5]: Entering directory '/home/albresky/repos/openwrt-6.x/target/linux/qualcommax/image'
Makefile:41: warning: overriding recipe for target '/home/albresky/repos/openwrt-6.x/build_dir/target-aarch64_cortex-a53_musl/linux-qualcommax_ipq60xx/tmp/libwrt-qualcommax-ipq60xx-jdcloud_ax1800-pro-squashfs-sysupgrade.bin'
Makefile:41: warning: ignoring old recipe for target '/home/albresky/repos/openwrt-6.x/build_dir/target-aarch64_cortex-a53_musl/linux-qualcommax_ipq60xx/tmp/libwrt-qualcommax-ipq60xx-jdcloud_ax1800-pro-squashfs-sysupgrade.bin'
Makefile:41: warning: overriding recipe for target '/home/albresky/repos/openwrt-6.x/bin/targets/qualcommax/ipq60xx/libwrt-qualcommax-ipq60xx-jdcloud_ax1800-pro-squashfs-sysupgrade.bin.gz'
Makefile:41: warning: ignoring old recipe for target '/home/albresky/repos/openwrt-6.x/bin/targets/qualcommax/ipq60xx/libwrt-qualcommax-ipq60xx-jdcloud_ax1800-pro-squashfs-sysupgrade.bin.gz'
Makefile:41: warning: overriding recipe for target '/home/albresky/repos/openwrt-6.x/bin/targets/qualcommax/ipq60xx/libwrt-qualcommax-ipq60xx-jdcloud_ax1800-pro-squashfs-sysupgrade.bin'
Makefile:41: warning: ignoring old recipe for target '/home/albresky/repos/openwrt-6.x/bin/targets/qualcommax/ipq60xx/libwrt-qualcommax-ipq60xx-jdcloud_ax1800-pro-squashfs-sysupgrade.bin'
Makefile:41: warning: overriding recipe for target '/home/albresky/repos/openwrt-6.x/build_dir/target-aarch64_cortex-a53_musl/json_info_files/libwrt-qualcommax-ipq60xx-jdcloud_ax1800-pro-squashfs-sysupgrade.bin.json'
Makefile:41: warning: ignoring old recipe for target '/home/albresky/repos/openwrt-6.x/build_dir/target-aarch64_cortex-a53_musl/json_info_files/libwrt-qualcommax-ipq60xx-jdcloud_ax1800-pro-squashfs-sysupgrade.bin.json'
Makefile:41: warning: overriding recipe for target '/home/albresky/repos/openwrt-6.x/build_dir/target-aarch64_cortex-a53_musl/linux-qualcommax_ipq60xx/tmp/libwrt-qualcommax-ipq60xx-jdcloud_ax6600-squashfs-sysupgrade.bin'
Makefile:41: warning: ignoring old recipe for target '/home/albresky/repos/openwrt-6.x/build_dir/target-aarch64_cortex-a53_musl/linux-qualcommax_ipq60xx/tmp/libwrt-qualcommax-ipq60xx-jdcloud_ax6600-squashfs-sysupgrade.bin'
Makefile:41: warning: overriding recipe for target '/home/albresky/repos/openwrt-6.x/bin/targets/qualcommax/ipq60xx/libwrt-qualcommax-ipq60xx-jdcloud_ax6600-squashfs-sysupgrade.bin.gz'
Makefile:41: warning: ignoring old recipe for target '/home/albresky/repos/openwrt-6.x/bin/targets/qualcommax/ipq60xx/libwrt-qualcommax-ipq60xx-jdcloud_ax6600-squashfs-sysupgrade.bin.gz'
Makefile:41: warning: overriding recipe for target '/home/albresky/repos/openwrt-6.x/bin/targets/qualcommax/ipq60xx/libwrt-qualcommax-ipq60xx-jdcloud_ax6600-squashfs-sysupgrade.bin'
Makefile:41: warning: ignoring old recipe for target '/home/albresky/repos/openwrt-6.x/bin/targets/qualcommax/ipq60xx/libwrt-qualcommax-ipq60xx-jdcloud_ax6600-squashfs-sysupgrade.bin'
Makefile:41: warning: overriding recipe for target '/home/albresky/repos/openwrt-6.x/build_dir/target-aarch64_cortex-a53_musl/json_info_files/libwrt-qualcommax-ipq60xx-jdcloud_ax6600-squashfs-sysupgrade.bin.json'
Makefile:41: warning: ignoring old recipe for target '/home/albresky/repos/openwrt-6.x/build_dir/target-aarch64_cortex-a53_musl/json_info_files/libwrt-qualcommax-ipq60xx-jdcloud_ax6600-squashfs-sysupgrade.bin.json'
Makefile:41: warning: overriding recipe for target '/home/albresky/repos/openwrt-6.x/build_dir/target-aarch64_cortex-a53_musl/linux-qualcommax_ipq60xx/tmp/libwrt-qualcommax-ipq60xx-redmi_ax5-jdcloud-squashfs-sysupgrade.bin'
Makefile:41: warning: ignoring old recipe for target '/home/albresky/repos/openwrt-6.x/build_dir/target-aarch64_cortex-a53_musl/linux-qualcommax_ipq60xx/tmp/libwrt-qualcommax-ipq60xx-redmi_ax5-jdcloud-squashfs-sysupgrade.bin'
Makefile:41: warning: overriding recipe for target '/home/albresky/repos/openwrt-6.x/bin/targets/qualcommax/ipq60xx/libwrt-qualcommax-ipq60xx-redmi_ax5-jdcloud-squashfs-sysupgrade.bin.gz'
Makefile:41: warning: ignoring old recipe for target '/home/albresky/repos/openwrt-6.x/bin/targets/qualcommax/ipq60xx/libwrt-qualcommax-ipq60xx-redmi_ax5-jdcloud-squashfs-sysupgrade.bin.gz'
Makefile:41: warning: overriding recipe for target '/home/albresky/repos/openwrt-6.x/bin/targets/qualcommax/ipq60xx/libwrt-qualcommax-ipq60xx-redmi_ax5-jdcloud-squashfs-sysupgrade.bin'
Makefile:41: warning: ignoring old recipe for target '/home/albresky/repos/openwrt-6.x/bin/targets/qualcommax/ipq60xx/libwrt-qualcommax-ipq60xx-redmi_ax5-jdcloud-squashfs-sysupgrade.bin'
Makefile:41: warning: overriding recipe for target '/home/albresky/repos/openwrt-6.x/build_dir/target-aarch64_cortex-a53_musl/json_info_files/libwrt-qualcommax-ipq60xx-redmi_ax5-jdcloud-squashfs-sysupgrade.bin.json'
Makefile:41: warning: ignoring old recipe for target '/home/albresky/repos/openwrt-6.x/build_dir/target-aarch64_cortex-a53_musl/json_info_files/libwrt-qualcommax-ipq60xx-redmi_ax5-jdcloud-squashfs-sysupgrade.bin.json'
make[5]: Nothing to be done for 'compile'.
aarch64-openwrt-linux-musl-cpp -nostdinc -x assembler-with-cpp  -I/home/albresky/repos/openwrt-6.x/build_dir/target-aarch64_cortex-a53_musl/linux-qualcommax_ipq60xx/linux-6.6.42/arch/arm64/boot/dts -I/home/albresky/repos/openwrt-6.x/build_dir/target-aarch64_cortex-a53_musl/linux-qualcommax_ipq60xx/linux-6.6.42/arch/arm64/boot/dts/include -I/home/albresky/repos/openwrt-6.x/build_dir/target-aarch64_cortex-a53_musl/linux-qualcommax_ipq60xx/linux-6.6.42/include/ -I/home/albresky/repos/openwrt-6.x/build_dir/target-aarch64_cortex-a53_musl/linux-qualcommax_ipq60xx/linux-6.6.42/scripts/dtc/include-prefixes -undef -D__DTS__  -o /home/albresky/repos/openwrt-6.x/build_dir/target-aarch64_cortex-a53_musl/linux-qualcommax_ipq60xx/image-ipq6010-mango-dvk.dtb.tmp /home/albresky/repos/openwrt-6.x/build_dir/target-aarch64_cortex-a53_musl/linux-qualcommax_ipq60xx/linux-6.6.42/arch/arm64/boot/dts/qcom/ipq6010-mango-dvk.dts
/home/albresky/repos/openwrt-6.x/build_dir/target-aarch64_cortex-a53_musl/linux-qualcommax_ipq60xx/linux-6.6.42/scripts/dtc/dtc -O dtb -i/home/albresky/repos/openwrt-6.x/build_dir/target-aarch64_cortex-a53_musl/linux-qualcommax_ipq60xx/linux-6.6.42/arch/arm64/boot/dts/qcom/ -Wno-interrupt_provider -Wno-unique_unit_address -Wno-unit_address_vs_reg -Wno-avoid_unnecessary_addr_size -Wno-alias_paths -Wno-graph_child_address -Wno-simple_bus_reg    -o /home/albresky/repos/openwrt-6.x/build_dir/target-aarch64_cortex-a53_musl/linux-qualcommax_ipq60xx/image-ipq6010-mango-dvk.dtb /home/albresky/repos/openwrt-6.x/build_dir/target-aarch64_cortex-a53_musl/linux-qualcommax_ipq60xx/image-ipq6010-mango-dvk.dtb.tmp
rm -f /home/albresky/repos/openwrt-6.x/build_dir/target-aarch64_cortex-a53_musl/linux-qualcommax_ipq60xx/image-ipq6010-mango-dvk.dtb.tmp
aarch64-openwrt-linux-musl-cpp -nostdinc -x assembler-with-cpp  -I/home/albresky/repos/openwrt-6.x/build_dir/target-aarch64_cortex-a53_musl/linux-qualcommax_ipq60xx/linux-6.6.42/arch/arm64/boot/dts -I/home/albresky/repos/openwrt-6.x/build_dir/target-aarch64_cortex-a53_musl/linux-qualcommax_ipq60xx/linux-6.6.42/arch/arm64/boot/dts/include -I/home/albresky/repos/openwrt-6.x/build_dir/target-aarch64_cortex-a53_musl/linux-qualcommax_ipq60xx/linux-6.6.42/include/ -I/home/albresky/repos/openwrt-6.x/build_dir/target-aarch64_cortex-a53_musl/linux-qualcommax_ipq60xx/linux-6.6.42/scripts/dtc/include-prefixes -undef -D__DTS__  -o /home/albresky/repos/openwrt-6.x/build_dir/target-aarch64_cortex-a53_musl/linux-qualcommax_ipq60xx/image-ipq6018-gl-ax1800.dtb.tmp /home/albresky/repos/openwrt-6.x/build_dir/target-aarch64_cortex-a53_musl/linux-qualcommax_ipq60xx/linux-6.6.42/arch/arm64/boot/dts/qcom/ipq6018-gl-ax1800.dts
/home/albresky/repos/openwrt-6.x/build_dir/target-aarch64_cortex-a53_musl/linux-qualcommax_ipq60xx/linux-6.6.42/scripts/dtc/dtc -O dtb -i/home/albresky/repos/openwrt-6.x/build_dir/target-aarch64_cortex-a53_musl/linux-qualcommax_ipq60xx/linux-6.6.42/arch/arm64/boot/dts/qcom/ -Wno-interrupt_provider -Wno-unique_unit_address -Wno-unit_address_vs_reg -Wno-avoid_unnecessary_addr_size -Wno-alias_paths -Wno-graph_child_address -Wno-simple_bus_reg    -o /home/albresky/repos/openwrt-6.x/build_dir/target-aarch64_cortex-a53_musl/linux-qualcommax_ipq60xx/image-ipq6018-gl-ax1800.dtb /home/albresky/repos/openwrt-6.x/build_dir/target-aarch64_cortex-a53_musl/linux-qualcommax_ipq60xx/image-ipq6018-gl-ax1800.dtb.tmp
/home/albresky/repos/openwrt-6.x/build_dir/target-aarch64_cortex-a53_musl/linux-qualcommax_ipq60xx/linux-6.6.42/arch/arm64/boot/dts/qcom/ipq6018-nss.dtsi:112.3-10: Warning (ranges_format): /soc@0/qcom,nss_crypto:ranges: empty "ranges" property but its #address-cells (1) differs from /soc@0 (2)
/home/albresky/repos/openwrt-6.x/build_dir/target-aarch64_cortex-a53_musl/linux-qualcommax_ipq60xx/linux-6.6.42/arch/arm64/boot/dts/qcom/ipq6018-nss.dtsi:112.3-10: Warning (ranges_format): /soc@0/qcom,nss_crypto:ranges: empty "ranges" property but its #size-cells (1) differs from /soc@0 (2)
rm -f /home/albresky/repos/openwrt-6.x/build_dir/target-aarch64_cortex-a53_musl/linux-qualcommax_ipq60xx/image-ipq6018-gl-ax1800.dtb.tmp
aarch64-openwrt-linux-musl-cpp -nostdinc -x assembler-with-cpp  -I/home/albresky/repos/openwrt-6.x/build_dir/target-aarch64_cortex-a53_musl/linux-qualcommax_ipq60xx/linux-6.6.42/arch/arm64/boot/dts -I/home/albresky/repos/openwrt-6.x/build_dir/target-aarch64_cortex-a53_musl/linux-qualcommax_ipq60xx/linux-6.6.42/arch/arm64/boot/dts/include -I/home/albresky/repos/openwrt-6.x/build_dir/target-aarch64_cortex-a53_musl/linux-qualcommax_ipq60xx/linux-6.6.42/include/ -I/home/albresky/repos/openwrt-6.x/build_dir/target-aarch64_cortex-a53_musl/linux-qualcommax_ipq60xx/linux-6.6.42/scripts/dtc/include-prefixes -undef -D__DTS__  -o /home/albresky/repos/openwrt-6.x/build_dir/target-aarch64_cortex-a53_musl/linux-qualcommax_ipq60xx/image-ipq6018-gl-axt1800.dtb.tmp /home/albresky/repos/openwrt-6.x/build_dir/target-aarch64_cortex-a53_musl/linux-qualcommax_ipq60xx/linux-6.6.42/arch/arm64/boot/dts/qcom/ipq6018-gl-axt1800.dts
/home/albresky/repos/openwrt-6.x/build_dir/target-aarch64_cortex-a53_musl/linux-qualcommax_ipq60xx/linux-6.6.42/scripts/dtc/dtc -O dtb -i/home/albresky/repos/openwrt-6.x/build_dir/target-aarch64_cortex-a53_musl/linux-qualcommax_ipq60xx/linux-6.6.42/arch/arm64/boot/dts/qcom/ -Wno-interrupt_provider -Wno-unique_unit_address -Wno-unit_address_vs_reg -Wno-avoid_unnecessary_addr_size -Wno-alias_paths -Wno-graph_child_address -Wno-simple_bus_reg    -o /home/albresky/repos/openwrt-6.x/build_dir/target-aarch64_cortex-a53_musl/linux-qualcommax_ipq60xx/image-ipq6018-gl-axt1800.dtb /home/albresky/repos/openwrt-6.x/build_dir/target-aarch64_cortex-a53_musl/linux-qualcommax_ipq60xx/image-ipq6018-gl-axt1800.dtb.tmp
/home/albresky/repos/openwrt-6.x/build_dir/target-aarch64_cortex-a53_musl/linux-qualcommax_ipq60xx/linux-6.6.42/arch/arm64/boot/dts/qcom/ipq6018-nss.dtsi:112.3-10: Warning (ranges_format): /soc@0/qcom,nss_crypto:ranges: empty "ranges" property but its #address-cells (1) differs from /soc@0 (2)
/home/albresky/repos/openwrt-6.x/build_dir/target-aarch64_cortex-a53_musl/linux-qualcommax_ipq60xx/linux-6.6.42/arch/arm64/boot/dts/qcom/ipq6018-nss.dtsi:112.3-10: Warning (ranges_format): /soc@0/qcom,nss_crypto:ranges: empty "ranges" property but its #size-cells (1) differs from /soc@0 (2)
rm -f /home/albresky/repos/openwrt-6.x/build_dir/target-aarch64_cortex-a53_musl/linux-qualcommax_ipq60xx/image-ipq6018-gl-axt1800.dtb.tmp
aarch64-openwrt-linux-musl-cpp -nostdinc -x assembler-with-cpp  -I/home/albresky/repos/openwrt-6.x/build_dir/target-aarch64_cortex-a53_musl/linux-qualcommax_ipq60xx/linux-6.6.42/arch/arm64/boot/dts -I/home/albresky/repos/openwrt-6.x/build_dir/target-aarch64_cortex-a53_musl/linux-qualcommax_ipq60xx/linux-6.6.42/arch/arm64/boot/dts/include -I/home/albresky/repos/openwrt-6.x/build_dir/target-aarch64_cortex-a53_musl/linux-qualcommax_ipq60xx/linux-6.6.42/include/ -I/home/albresky/repos/openwrt-6.x/build_dir/target-aarch64_cortex-a53_musl/linux-qualcommax_ipq60xx/linux-6.6.42/scripts/dtc/include-prefixes -undef -D__DTS__  -o /home/albresky/repos/openwrt-6.x/build_dir/target-aarch64_cortex-a53_musl/linux-qualcommax_ipq60xx/image-ipq6018-jdcloud-ax1800-pro.dtb.tmp /home/albresky/repos/openwrt-6.x/build_dir/target-aarch64_cortex-a53_musl/linux-qualcommax_ipq60xx/linux-6.6.42/arch/arm64/boot/dts/qcom/ipq6018-jdcloud-ax1800-pro.dts
/home/albresky/repos/openwrt-6.x/build_dir/target-aarch64_cortex-a53_musl/linux-qualcommax_ipq60xx/linux-6.6.42/scripts/dtc/dtc -O dtb -i/home/albresky/repos/openwrt-6.x/build_dir/target-aarch64_cortex-a53_musl/linux-qualcommax_ipq60xx/linux-6.6.42/arch/arm64/boot/dts/qcom/ -Wno-interrupt_provider -Wno-unique_unit_address -Wno-unit_address_vs_reg -Wno-avoid_unnecessary_addr_size -Wno-alias_paths -Wno-graph_child_address -Wno-simple_bus_reg    -o /home/albresky/repos/openwrt-6.x/build_dir/target-aarch64_cortex-a53_musl/linux-qualcommax_ipq60xx/image-ipq6018-jdcloud-ax1800-pro.dtb /home/albresky/repos/openwrt-6.x/build_dir/target-aarch64_cortex-a53_musl/linux-qualcommax_ipq60xx/image-ipq6018-jdcloud-ax1800-pro.dtb.tmp
/home/albresky/repos/openwrt-6.x/build_dir/target-aarch64_cortex-a53_musl/linux-qualcommax_ipq60xx/linux-6.6.42/arch/arm64/boot/dts/qcom/ipq6018-nss.dtsi:112.3-10: Warning (ranges_format): /soc@0/qcom,nss_crypto:ranges: empty "ranges" property but its #address-cells (1) differs from /soc@0 (2)
/home/albresky/repos/openwrt-6.x/build_dir/target-aarch64_cortex-a53_musl/linux-qualcommax_ipq60xx/linux-6.6.42/arch/arm64/boot/dts/qcom/ipq6018-nss.dtsi:112.3-10: Warning (ranges_format): /soc@0/qcom,nss_crypto:ranges: empty "ranges" property but its #size-cells (1) differs from /soc@0 (2)
rm -f /home/albresky/repos/openwrt-6.x/build_dir/target-aarch64_cortex-a53_musl/linux-qualcommax_ipq60xx/image-ipq6018-jdcloud-ax1800-pro.dtb.tmp
aarch64-openwrt-linux-musl-cpp -nostdinc -x assembler-with-cpp  -I/home/albresky/repos/openwrt-6.x/build_dir/target-aarch64_cortex-a53_musl/linux-qualcommax_ipq60xx/linux-6.6.42/arch/arm64/boot/dts -I/home/albresky/repos/openwrt-6.x/build_dir/target-aarch64_cortex-a53_musl/linux-qualcommax_ipq60xx/linux-6.6.42/arch/arm64/boot/dts/include -I/home/albresky/repos/openwrt-6.x/build_dir/target-aarch64_cortex-a53_musl/linux-qualcommax_ipq60xx/linux-6.6.42/include/ -I/home/albresky/repos/openwrt-6.x/build_dir/target-aarch64_cortex-a53_musl/linux-qualcommax_ipq60xx/linux-6.6.42/scripts/dtc/include-prefixes -undef -D__DTS__  -o /home/albresky/repos/openwrt-6.x/build_dir/target-aarch64_cortex-a53_musl/linux-qualcommax_ipq60xx/image-ipq6018-jdcloud-ax6600.dtb.tmp /home/albresky/repos/openwrt-6.x/build_dir/target-aarch64_cortex-a53_musl/linux-qualcommax_ipq60xx/linux-6.6.42/arch/arm64/boot/dts/qcom/ipq6018-jdcloud-ax6600.dts
/home/albresky/repos/openwrt-6.x/build_dir/target-aarch64_cortex-a53_musl/linux-qualcommax_ipq60xx/linux-6.6.42/scripts/dtc/dtc -O dtb -i/home/albresky/repos/openwrt-6.x/build_dir/target-aarch64_cortex-a53_musl/linux-qualcommax_ipq60xx/linux-6.6.42/arch/arm64/boot/dts/qcom/ -Wno-interrupt_provider -Wno-unique_unit_address -Wno-unit_address_vs_reg -Wno-avoid_unnecessary_addr_size -Wno-alias_paths -Wno-graph_child_address -Wno-simple_bus_reg    -o /home/albresky/repos/openwrt-6.x/build_dir/target-aarch64_cortex-a53_musl/linux-qualcommax_ipq60xx/image-ipq6018-jdcloud-ax6600.dtb /home/albresky/repos/openwrt-6.x/build_dir/target-aarch64_cortex-a53_musl/linux-qualcommax_ipq60xx/image-ipq6018-jdcloud-ax6600.dtb.tmp
/home/albresky/repos/openwrt-6.x/build_dir/target-aarch64_cortex-a53_musl/linux-qualcommax_ipq60xx/linux-6.6.42/arch/arm64/boot/dts/qcom/ipq6018-nss.dtsi:112.3-10: Warning (ranges_format): /soc@0/qcom,nss_crypto:ranges: empty "ranges" property but its #address-cells (1) differs from /soc@0 (2)
/home/albresky/repos/openwrt-6.x/build_dir/target-aarch64_cortex-a53_musl/linux-qualcommax_ipq60xx/linux-6.6.42/arch/arm64/boot/dts/qcom/ipq6018-nss.dtsi:112.3-10: Warning (ranges_format): /soc@0/qcom,nss_crypto:ranges: empty "ranges" property but its #size-cells (1) differs from /soc@0 (2)
rm -f /home/albresky/repos/openwrt-6.x/build_dir/target-aarch64_cortex-a53_musl/linux-qualcommax_ipq60xx/image-ipq6018-jdcloud-ax6600.dtb.tmp
aarch64-openwrt-linux-musl-cpp -nostdinc -x assembler-with-cpp  -I/home/albresky/repos/openwrt-6.x/build_dir/target-aarch64_cortex-a53_musl/linux-qualcommax_ipq60xx/linux-6.6.42/arch/arm64/boot/dts -I/home/albresky/repos/openwrt-6.x/build_dir/target-aarch64_cortex-a53_musl/linux-qualcommax_ipq60xx/linux-6.6.42/arch/arm64/boot/dts/include -I/home/albresky/repos/openwrt-6.x/build_dir/target-aarch64_cortex-a53_musl/linux-qualcommax_ipq60xx/linux-6.6.42/include/ -I/home/albresky/repos/openwrt-6.x/build_dir/target-aarch64_cortex-a53_musl/linux-qualcommax_ipq60xx/linux-6.6.42/scripts/dtc/include-prefixes -undef -D__DTS__  -o /home/albresky/repos/openwrt-6.x/build_dir/target-aarch64_cortex-a53_musl/linux-qualcommax_ipq60xx/image-ipq6010-wax214.dtb.tmp /home/albresky/repos/openwrt-6.x/build_dir/target-aarch64_cortex-a53_musl/linux-qualcommax_ipq60xx/linux-6.6.42/arch/arm64/boot/dts/qcom/ipq6010-wax214.dts
/home/albresky/repos/openwrt-6.x/build_dir/target-aarch64_cortex-a53_musl/linux-qualcommax_ipq60xx/linux-6.6.42/scripts/dtc/dtc -O dtb -i/home/albresky/repos/openwrt-6.x/build_dir/target-aarch64_cortex-a53_musl/linux-qualcommax_ipq60xx/linux-6.6.42/arch/arm64/boot/dts/qcom/ -Wno-interrupt_provider -Wno-unique_unit_address -Wno-unit_address_vs_reg -Wno-avoid_unnecessary_addr_size -Wno-alias_paths -Wno-graph_child_address -Wno-simple_bus_reg    -o /home/albresky/repos/openwrt-6.x/build_dir/target-aarch64_cortex-a53_musl/linux-qualcommax_ipq60xx/image-ipq6010-wax214.dtb /home/albresky/repos/openwrt-6.x/build_dir/target-aarch64_cortex-a53_musl/linux-qualcommax_ipq60xx/image-ipq6010-wax214.dtb.tmp
rm -f /home/albresky/repos/openwrt-6.x/build_dir/target-aarch64_cortex-a53_musl/linux-qualcommax_ipq60xx/image-ipq6010-wax214.dtb.tmp
aarch64-openwrt-linux-musl-cpp -nostdinc -x assembler-with-cpp  -I/home/albresky/repos/openwrt-6.x/build_dir/target-aarch64_cortex-a53_musl/linux-qualcommax_ipq60xx/linux-6.6.42/arch/arm64/boot/dts -I/home/albresky/repos/openwrt-6.x/build_dir/target-aarch64_cortex-a53_musl/linux-qualcommax_ipq60xx/linux-6.6.42/arch/arm64/boot/dts/include -I/home/albresky/repos/openwrt-6.x/build_dir/target-aarch64_cortex-a53_musl/linux-qualcommax_ipq60xx/linux-6.6.42/include/ -I/home/albresky/repos/openwrt-6.x/build_dir/target-aarch64_cortex-a53_musl/linux-qualcommax_ipq60xx/linux-6.6.42/scripts/dtc/include-prefixes -undef -D__DTS__  -o /home/albresky/repos/openwrt-6.x/build_dir/target-aarch64_cortex-a53_musl/linux-qualcommax_ipq60xx/image-ipq6018-ax5.dtb.tmp /home/albresky/repos/openwrt-6.x/build_dir/target-aarch64_cortex-a53_musl/linux-qualcommax_ipq60xx/linux-6.6.42/arch/arm64/boot/dts/qcom/ipq6018-ax5.dts
/home/albresky/repos/openwrt-6.x/build_dir/target-aarch64_cortex-a53_musl/linux-qualcommax_ipq60xx/linux-6.6.42/scripts/dtc/dtc -O dtb -i/home/albresky/repos/openwrt-6.x/build_dir/target-aarch64_cortex-a53_musl/linux-qualcommax_ipq60xx/linux-6.6.42/arch/arm64/boot/dts/qcom/ -Wno-interrupt_provider -Wno-unique_unit_address -Wno-unit_address_vs_reg -Wno-avoid_unnecessary_addr_size -Wno-alias_paths -Wno-graph_child_address -Wno-simple_bus_reg    -o /home/albresky/repos/openwrt-6.x/build_dir/target-aarch64_cortex-a53_musl/linux-qualcommax_ipq60xx/image-ipq6018-ax5.dtb /home/albresky/repos/openwrt-6.x/build_dir/target-aarch64_cortex-a53_musl/linux-qualcommax_ipq60xx/image-ipq6018-ax5.dtb.tmp
/home/albresky/repos/openwrt-6.x/build_dir/target-aarch64_cortex-a53_musl/linux-qualcommax_ipq60xx/linux-6.6.42/arch/arm64/boot/dts/qcom/ipq6018-nss.dtsi:112.3-10: Warning (ranges_format): /soc@0/qcom,nss_crypto:ranges: empty "ranges" property but its #address-cells (1) differs from /soc@0 (2)
/home/albresky/repos/openwrt-6.x/build_dir/target-aarch64_cortex-a53_musl/linux-qualcommax_ipq60xx/linux-6.6.42/arch/arm64/boot/dts/qcom/ipq6018-nss.dtsi:112.3-10: Warning (ranges_format): /soc@0/qcom,nss_crypto:ranges: empty "ranges" property but its #size-cells (1) differs from /soc@0 (2)
rm -f /home/albresky/repos/openwrt-6.x/build_dir/target-aarch64_cortex-a53_musl/linux-qualcommax_ipq60xx/image-ipq6018-ax5.dtb.tmp
aarch64-openwrt-linux-musl-cpp -nostdinc -x assembler-with-cpp  -I/home/albresky/repos/openwrt-6.x/build_dir/target-aarch64_cortex-a53_musl/linux-qualcommax_ipq60xx/linux-6.6.42/arch/arm64/boot/dts -I/home/albresky/repos/openwrt-6.x/build_dir/target-aarch64_cortex-a53_musl/linux-qualcommax_ipq60xx/linux-6.6.42/arch/arm64/boot/dts/include -I/home/albresky/repos/openwrt-6.x/build_dir/target-aarch64_cortex-a53_musl/linux-qualcommax_ipq60xx/linux-6.6.42/include/ -I/home/albresky/repos/openwrt-6.x/build_dir/target-aarch64_cortex-a53_musl/linux-qualcommax_ipq60xx/linux-6.6.42/scripts/dtc/include-prefixes -undef -D__DTS__  -o /home/albresky/repos/openwrt-6.x/build_dir/target-aarch64_cortex-a53_musl/linux-qualcommax_ipq60xx/image-ipq6018-ax5-jdcloud.dtb.tmp /home/albresky/repos/openwrt-6.x/build_dir/target-aarch64_cortex-a53_musl/linux-qualcommax_ipq60xx/linux-6.6.42/arch/arm64/boot/dts/qcom/ipq6018-ax5-jdcloud.dts
/home/albresky/repos/openwrt-6.x/build_dir/target-aarch64_cortex-a53_musl/linux-qualcommax_ipq60xx/linux-6.6.42/scripts/dtc/dtc -O dtb -i/home/albresky/repos/openwrt-6.x/build_dir/target-aarch64_cortex-a53_musl/linux-qualcommax_ipq60xx/linux-6.6.42/arch/arm64/boot/dts/qcom/ -Wno-interrupt_provider -Wno-unique_unit_address -Wno-unit_address_vs_reg -Wno-avoid_unnecessary_addr_size -Wno-alias_paths -Wno-graph_child_address -Wno-simple_bus_reg    -o /home/albresky/repos/openwrt-6.x/build_dir/target-aarch64_cortex-a53_musl/linux-qualcommax_ipq60xx/image-ipq6018-ax5-jdcloud.dtb /home/albresky/repos/openwrt-6.x/build_dir/target-aarch64_cortex-a53_musl/linux-qualcommax_ipq60xx/image-ipq6018-ax5-jdcloud.dtb.tmp
/home/albresky/repos/openwrt-6.x/build_dir/target-aarch64_cortex-a53_musl/linux-qualcommax_ipq60xx/linux-6.6.42/arch/arm64/boot/dts/qcom/ipq6018-nss.dtsi:112.3-10: Warning (ranges_format): /soc@0/qcom,nss_crypto:ranges: empty "ranges" property but its #address-cells (1) differs from /soc@0 (2)
/home/albresky/repos/openwrt-6.x/build_dir/target-aarch64_cortex-a53_musl/linux-qualcommax_ipq60xx/linux-6.6.42/arch/arm64/boot/dts/qcom/ipq6018-nss.dtsi:112.3-10: Warning (ranges_format): /soc@0/qcom,nss_crypto:ranges: empty "ranges" property but its #size-cells (1) differs from /soc@0 (2)
rm -f /home/albresky/repos/openwrt-6.x/build_dir/target-aarch64_cortex-a53_musl/linux-qualcommax_ipq60xx/image-ipq6018-ax5-jdcloud.dtb.tmp
aarch64-openwrt-linux-musl-cpp -nostdinc -x assembler-with-cpp  -I/home/albresky/repos/openwrt-6.x/build_dir/target-aarch64_cortex-a53_musl/linux-qualcommax_ipq60xx/linux-6.6.42/arch/arm64/boot/dts -I/home/albresky/repos/openwrt-6.x/build_dir/target-aarch64_cortex-a53_musl/linux-qualcommax_ipq60xx/linux-6.6.42/arch/arm64/boot/dts/include -I/home/albresky/repos/openwrt-6.x/build_dir/target-aarch64_cortex-a53_musl/linux-qualcommax_ipq60xx/linux-6.6.42/include/ -I/home/albresky/repos/openwrt-6.x/build_dir/target-aarch64_cortex-a53_musl/linux-qualcommax_ipq60xx/linux-6.6.42/scripts/dtc/include-prefixes -undef -D__DTS__  -o /home/albresky/repos/openwrt-6.x/build_dir/target-aarch64_cortex-a53_musl/linux-qualcommax_ipq60xx/image-ipq6018-ax1800.dtb.tmp /home/albresky/repos/openwrt-6.x/build_dir/target-aarch64_cortex-a53_musl/linux-qualcommax_ipq60xx/linux-6.6.42/arch/arm64/boot/dts/qcom/ipq6018-ax1800.dts
/home/albresky/repos/openwrt-6.x/build_dir/target-aarch64_cortex-a53_musl/linux-qualcommax_ipq60xx/linux-6.6.42/scripts/dtc/dtc -O dtb -i/home/albresky/repos/openwrt-6.x/build_dir/target-aarch64_cortex-a53_musl/linux-qualcommax_ipq60xx/linux-6.6.42/arch/arm64/boot/dts/qcom/ -Wno-interrupt_provider -Wno-unique_unit_address -Wno-unit_address_vs_reg -Wno-avoid_unnecessary_addr_size -Wno-alias_paths -Wno-graph_child_address -Wno-simple_bus_reg    -o /home/albresky/repos/openwrt-6.x/build_dir/target-aarch64_cortex-a53_musl/linux-qualcommax_ipq60xx/image-ipq6018-ax1800.dtb /home/albresky/repos/openwrt-6.x/build_dir/target-aarch64_cortex-a53_musl/linux-qualcommax_ipq60xx/image-ipq6018-ax1800.dtb.tmp
/home/albresky/repos/openwrt-6.x/build_dir/target-aarch64_cortex-a53_musl/linux-qualcommax_ipq60xx/linux-6.6.42/arch/arm64/boot/dts/qcom/ipq6018-nss.dtsi:112.3-10: Warning (ranges_format): /soc@0/qcom,nss_crypto:ranges: empty "ranges" property but its #address-cells (1) differs from /soc@0 (2)
/home/albresky/repos/openwrt-6.x/build_dir/target-aarch64_cortex-a53_musl/linux-qualcommax_ipq60xx/linux-6.6.42/arch/arm64/boot/dts/qcom/ipq6018-nss.dtsi:112.3-10: Warning (ranges_format): /soc@0/qcom,nss_crypto:ranges: empty "ranges" property but its #size-cells (1) differs from /soc@0 (2)
rm -f /home/albresky/repos/openwrt-6.x/build_dir/target-aarch64_cortex-a53_musl/linux-qualcommax_ipq60xx/image-ipq6018-ax1800.dtb.tmp
aarch64-openwrt-linux-musl-cpp -nostdinc -x assembler-with-cpp  -I/home/albresky/repos/openwrt-6.x/build_dir/target-aarch64_cortex-a53_musl/linux-qualcommax_ipq60xx/linux-6.6.42/arch/arm64/boot/dts -I/home/albresky/repos/openwrt-6.x/build_dir/target-aarch64_cortex-a53_musl/linux-qualcommax_ipq60xx/linux-6.6.42/arch/arm64/boot/dts/include -I/home/albresky/repos/openwrt-6.x/build_dir/target-aarch64_cortex-a53_musl/linux-qualcommax_ipq60xx/linux-6.6.42/include/ -I/home/albresky/repos/openwrt-6.x/build_dir/target-aarch64_cortex-a53_musl/linux-qualcommax_ipq60xx/linux-6.6.42/scripts/dtc/include-prefixes -undef -D__DTS__  -o /home/albresky/repos/openwrt-6.x/build_dir/target-aarch64_cortex-a53_musl/linux-qualcommax_ipq60xx/image-ipq6018-v6.dtb.tmp /home/albresky/repos/openwrt-6.x/build_dir/target-aarch64_cortex-a53_musl/linux-qualcommax_ipq60xx/linux-6.6.42/arch/arm64/boot/dts/qcom/ipq6018-v6.dts
/home/albresky/repos/openwrt-6.x/build_dir/target-aarch64_cortex-a53_musl/linux-qualcommax_ipq60xx/linux-6.6.42/scripts/dtc/dtc -O dtb -i/home/albresky/repos/openwrt-6.x/build_dir/target-aarch64_cortex-a53_musl/linux-qualcommax_ipq60xx/linux-6.6.42/arch/arm64/boot/dts/qcom/ -Wno-interrupt_provider -Wno-unique_unit_address -Wno-unit_address_vs_reg -Wno-avoid_unnecessary_addr_size -Wno-alias_paths -Wno-graph_child_address -Wno-simple_bus_reg    -o /home/albresky/repos/openwrt-6.x/build_dir/target-aarch64_cortex-a53_musl/linux-qualcommax_ipq60xx/image-ipq6018-v6.dtb /home/albresky/repos/openwrt-6.x/build_dir/target-aarch64_cortex-a53_musl/linux-qualcommax_ipq60xx/image-ipq6018-v6.dtb.tmp
/home/albresky/repos/openwrt-6.x/build_dir/target-aarch64_cortex-a53_musl/linux-qualcommax_ipq60xx/linux-6.6.42/arch/arm64/boot/dts/qcom/ipq6018-nss.dtsi:112.3-10: Warning (ranges_format): /soc@0/qcom,nss_crypto:ranges: empty "ranges" property but its #address-cells (1) differs from /soc@0 (2)
/home/albresky/repos/openwrt-6.x/build_dir/target-aarch64_cortex-a53_musl/linux-qualcommax_ipq60xx/linux-6.6.42/arch/arm64/boot/dts/qcom/ipq6018-nss.dtsi:112.3-10: Warning (ranges_format): /soc@0/qcom,nss_crypto:ranges: empty "ranges" property but its #size-cells (1) differs from /soc@0 (2)
rm -f /home/albresky/repos/openwrt-6.x/build_dir/target-aarch64_cortex-a53_musl/linux-qualcommax_ipq60xx/image-ipq6018-v6.dtb.tmp
aarch64-openwrt-linux-musl-cpp -nostdinc -x assembler-with-cpp  -I/home/albresky/repos/openwrt-6.x/build_dir/target-aarch64_cortex-a53_musl/linux-qualcommax_ipq60xx/linux-6.6.42/arch/arm64/boot/dts -I/home/albresky/repos/openwrt-6.x/build_dir/target-aarch64_cortex-a53_musl/linux-qualcommax_ipq60xx/linux-6.6.42/arch/arm64/boot/dts/include -I/home/albresky/repos/openwrt-6.x/build_dir/target-aarch64_cortex-a53_musl/linux-qualcommax_ipq60xx/linux-6.6.42/include/ -I/home/albresky/repos/openwrt-6.x/build_dir/target-aarch64_cortex-a53_musl/linux-qualcommax_ipq60xx/linux-6.6.42/scripts/dtc/include-prefixes -undef -D__DTS__  -o /home/albresky/repos/openwrt-6.x/build_dir/target-aarch64_cortex-a53_musl/linux-qualcommax_ipq60xx/image-ipq6018-ax18.dtb.tmp /home/albresky/repos/openwrt-6.x/build_dir/target-aarch64_cortex-a53_musl/linux-qualcommax_ipq60xx/linux-6.6.42/arch/arm64/boot/dts/qcom/ipq6018-ax18.dts
/home/albresky/repos/openwrt-6.x/build_dir/target-aarch64_cortex-a53_musl/linux-qualcommax_ipq60xx/linux-6.6.42/scripts/dtc/dtc -O dtb -i/home/albresky/repos/openwrt-6.x/build_dir/target-aarch64_cortex-a53_musl/linux-qualcommax_ipq60xx/linux-6.6.42/arch/arm64/boot/dts/qcom/ -Wno-interrupt_provider -Wno-unique_unit_address -Wno-unit_address_vs_reg -Wno-avoid_unnecessary_addr_size -Wno-alias_paths -Wno-graph_child_address -Wno-simple_bus_reg    -o /home/albresky/repos/openwrt-6.x/build_dir/target-aarch64_cortex-a53_musl/linux-qualcommax_ipq60xx/image-ipq6018-ax18.dtb /home/albresky/repos/openwrt-6.x/build_dir/target-aarch64_cortex-a53_musl/linux-qualcommax_ipq60xx/image-ipq6018-ax18.dtb.tmp
/home/albresky/repos/openwrt-6.x/build_dir/target-aarch64_cortex-a53_musl/linux-qualcommax_ipq60xx/linux-6.6.42/arch/arm64/boot/dts/qcom/ipq6018-nss.dtsi:112.3-10: Warning (ranges_format): /soc@0/qcom,nss_crypto:ranges: empty "ranges" property but its #address-cells (1) differs from /soc@0 (2)
/home/albresky/repos/openwrt-6.x/build_dir/target-aarch64_cortex-a53_musl/linux-qualcommax_ipq60xx/linux-6.6.42/arch/arm64/boot/dts/qcom/ipq6018-nss.dtsi:112.3-10: Warning (ranges_format): /soc@0/qcom,nss_crypto:ranges: empty "ranges" property but its #size-cells (1) differs from /soc@0 (2)
rm -f /home/albresky/repos/openwrt-6.x/build_dir/target-aarch64_cortex-a53_musl/linux-qualcommax_ipq60xx/image-ipq6018-ax18.dtb.tmp
aarch64-openwrt-linux-musl-cpp -nostdinc -x assembler-with-cpp  -I/home/albresky/repos/openwrt-6.x/build_dir/target-aarch64_cortex-a53_musl/linux-qualcommax_ipq60xx/linux-6.6.42/arch/arm64/boot/dts -I/home/albresky/repos/openwrt-6.x/build_dir/target-aarch64_cortex-a53_musl/linux-qualcommax_ipq60xx/linux-6.6.42/arch/arm64/boot/dts/include -I/home/albresky/repos/openwrt-6.x/build_dir/target-aarch64_cortex-a53_musl/linux-qualcommax_ipq60xx/linux-6.6.42/include/ -I/home/albresky/repos/openwrt-6.x/build_dir/target-aarch64_cortex-a53_musl/linux-qualcommax_ipq60xx/linux-6.6.42/scripts/dtc/include-prefixes -undef -D__DTS__  -o /home/albresky/repos/openwrt-6.x/build_dir/target-aarch64_cortex-a53_musl/linux-qualcommax_ipq60xx/image-ipq6018-m2.dtb.tmp /home/albresky/repos/openwrt-6.x/build_dir/target-aarch64_cortex-a53_musl/linux-qualcommax_ipq60xx/linux-6.6.42/arch/arm64/boot/dts/qcom/ipq6018-m2.dts
/home/albresky/repos/openwrt-6.x/build_dir/target-aarch64_cortex-a53_musl/linux-qualcommax_ipq60xx/linux-6.6.42/scripts/dtc/dtc -O dtb -i/home/albresky/repos/openwrt-6.x/build_dir/target-aarch64_cortex-a53_musl/linux-qualcommax_ipq60xx/linux-6.6.42/arch/arm64/boot/dts/qcom/ -Wno-interrupt_provider -Wno-unique_unit_address -Wno-unit_address_vs_reg -Wno-avoid_unnecessary_addr_size -Wno-alias_paths -Wno-graph_child_address -Wno-simple_bus_reg    -o /home/albresky/repos/openwrt-6.x/build_dir/target-aarch64_cortex-a53_musl/linux-qualcommax_ipq60xx/image-ipq6018-m2.dtb /home/albresky/repos/openwrt-6.x/build_dir/target-aarch64_cortex-a53_musl/linux-qualcommax_ipq60xx/image-ipq6018-m2.dtb.tmp
/home/albresky/repos/openwrt-6.x/build_dir/target-aarch64_cortex-a53_musl/linux-qualcommax_ipq60xx/linux-6.6.42/arch/arm64/boot/dts/qcom/ipq6018-nss.dtsi:112.3-10: Warning (ranges_format): /soc@0/qcom,nss_crypto:ranges: empty "ranges" property but its #address-cells (1) differs from /soc@0 (2)
/home/albresky/repos/openwrt-6.x/build_dir/target-aarch64_cortex-a53_musl/linux-qualcommax_ipq60xx/linux-6.6.42/arch/arm64/boot/dts/qcom/ipq6018-nss.dtsi:112.3-10: Warning (ranges_format): /soc@0/qcom,nss_crypto:ranges: empty "ranges" property but its #size-cells (1) differs from /soc@0 (2)
rm -f /home/albresky/repos/openwrt-6.x/build_dir/target-aarch64_cortex-a53_musl/linux-qualcommax_ipq60xx/image-ipq6018-m2.dtb.tmp
aarch64-openwrt-linux-musl-cpp -nostdinc -x assembler-with-cpp  -I/home/albresky/repos/openwrt-6.x/build_dir/target-aarch64_cortex-a53_musl/linux-qualcommax_ipq60xx/linux-6.6.42/arch/arm64/boot/dts -I/home/albresky/repos/openwrt-6.x/build_dir/target-aarch64_cortex-a53_musl/linux-qualcommax_ipq60xx/linux-6.6.42/arch/arm64/boot/dts/include -I/home/albresky/repos/openwrt-6.x/build_dir/target-aarch64_cortex-a53_musl/linux-qualcommax_ipq60xx/linux-6.6.42/include/ -I/home/albresky/repos/openwrt-6.x/build_dir/target-aarch64_cortex-a53_musl/linux-qualcommax_ipq60xx/linux-6.6.42/scripts/dtc/include-prefixes -undef -D__DTS__  -o /home/albresky/repos/openwrt-6.x/build_dir/target-aarch64_cortex-a53_musl/linux-qualcommax_ipq60xx/image-ipq6018-fap650.dtb.tmp /home/albresky/repos/openwrt-6.x/build_dir/target-aarch64_cortex-a53_musl/linux-qualcommax_ipq60xx/linux-6.6.42/arch/arm64/boot/dts/qcom/ipq6018-fap650.dts
/home/albresky/repos/openwrt-6.x/build_dir/target-aarch64_cortex-a53_musl/linux-qualcommax_ipq60xx/linux-6.6.42/scripts/dtc/dtc -O dtb -i/home/albresky/repos/openwrt-6.x/build_dir/target-aarch64_cortex-a53_musl/linux-qualcommax_ipq60xx/linux-6.6.42/arch/arm64/boot/dts/qcom/ -Wno-interrupt_provider -Wno-unique_unit_address -Wno-unit_address_vs_reg -Wno-avoid_unnecessary_addr_size -Wno-alias_paths -Wno-graph_child_address -Wno-simple_bus_reg    -o /home/albresky/repos/openwrt-6.x/build_dir/target-aarch64_cortex-a53_musl/linux-qualcommax_ipq60xx/image-ipq6018-fap650.dtb /home/albresky/repos/openwrt-6.x/build_dir/target-aarch64_cortex-a53_musl/linux-qualcommax_ipq60xx/image-ipq6018-fap650.dtb.tmp
/home/albresky/repos/openwrt-6.x/build_dir/target-aarch64_cortex-a53_musl/linux-qualcommax_ipq60xx/linux-6.6.42/arch/arm64/boot/dts/qcom/ipq6018-fap650.dts:231.5-35: Warning (reg_format): /soc@0/spi@78b5000/flash@0/partitions/partition@0:reg: property has invalid length (8 bytes) (#address-cells == 2, #size-cells == 1)
/home/albresky/repos/openwrt-6.x/build_dir/target-aarch64_cortex-a53_musl/linux-qualcommax_ipq60xx/linux-6.6.42/arch/arm64/boot/dts/qcom/ipq6018-fap650.dts:236.5-35: Warning (reg_format): /soc@0/spi@78b5000/flash@0/partitions/partition@c0000:reg: property has invalid length (8 bytes) (#address-cells == 2, #size-cells == 1)
/home/albresky/repos/openwrt-6.x/build_dir/target-aarch64_cortex-a53_musl/linux-qualcommax_ipq60xx/linux-6.6.42/arch/arm64/boot/dts/qcom/ipq6018-fap650.dts:241.5-35: Warning (reg_format): /soc@0/spi@78b5000/flash@0/partitions/partition@d0000:reg: property has invalid length (8 bytes) (#address-cells == 2, #size-cells == 1)
/home/albresky/repos/openwrt-6.x/build_dir/target-aarch64_cortex-a53_musl/linux-qualcommax_ipq60xx/linux-6.6.42/arch/arm64/boot/dts/qcom/ipq6018-fap650.dts:246.5-35: Warning (reg_format): /soc@0/spi@78b5000/flash@0/partitions/partition@f0000:reg: property has invalid length (8 bytes) (#address-cells == 2, #size-cells == 1)
/home/albresky/repos/openwrt-6.x/build_dir/target-aarch64_cortex-a53_musl/linux-qualcommax_ipq60xx/linux-6.6.42/arch/arm64/boot/dts/qcom/ipq6018-fap650.dts:251.5-35: Warning (reg_format): /soc@0/spi@78b5000/flash@0/partitions/partition@110000:reg: property has invalid length (8 bytes) (#address-cells == 2, #size-cells == 1)
/home/albresky/repos/openwrt-6.x/build_dir/target-aarch64_cortex-a53_musl/linux-qualcommax_ipq60xx/linux-6.6.42/arch/arm64/boot/dts/qcom/ipq6018-fap650.dts:256.5-35: Warning (reg_format): /soc@0/spi@78b5000/flash@0/partitions/partition@2b0000:reg: property has invalid length (8 bytes) (#address-cells == 2, #size-cells == 1)
/home/albresky/repos/openwrt-6.x/build_dir/target-aarch64_cortex-a53_musl/linux-qualcommax_ipq60xx/linux-6.6.42/arch/arm64/boot/dts/qcom/ipq6018-fap650.dts:261.5-35: Warning (reg_format): /soc@0/spi@78b5000/flash@0/partitions/partition@450000:reg: property has invalid length (8 bytes) (#address-cells == 2, #size-cells == 1)
/home/albresky/repos/openwrt-6.x/build_dir/target-aarch64_cortex-a53_musl/linux-qualcommax_ipq60xx/linux-6.6.42/arch/arm64/boot/dts/qcom/ipq6018-fap650.dts:266.5-35: Warning (reg_format): /soc@0/spi@78b5000/flash@0/partitions/partition@460000:reg: property has invalid length (8 bytes) (#address-cells == 2, #size-cells == 1)
/home/albresky/repos/openwrt-6.x/build_dir/target-aarch64_cortex-a53_musl/linux-qualcommax_ipq60xx/linux-6.6.42/arch/arm64/boot/dts/qcom/ipq6018-fap650.dts:271.5-35: Warning (reg_format): /soc@0/spi@78b5000/flash@0/partitions/partition@470000:reg: property has invalid length (8 bytes) (#address-cells == 2, #size-cells == 1)
/home/albresky/repos/openwrt-6.x/build_dir/target-aarch64_cortex-a53_musl/linux-qualcommax_ipq60xx/linux-6.6.42/arch/arm64/boot/dts/qcom/ipq6018-fap650.dts:276.5-35: Warning (reg_format): /soc@0/spi@78b5000/flash@0/partitions/partition@4b0000:reg: property has invalid length (8 bytes) (#address-cells == 2, #size-cells == 1)
/home/albresky/repos/openwrt-6.x/build_dir/target-aarch64_cortex-a53_musl/linux-qualcommax_ipq60xx/linux-6.6.42/arch/arm64/boot/dts/qcom/ipq6018-fap650.dts:281.5-35: Warning (reg_format): /soc@0/spi@78b5000/flash@0/partitions/partition@4f0000:reg: property has invalid length (8 bytes) (#address-cells == 2, #size-cells == 1)
/home/albresky/repos/openwrt-6.x/build_dir/target-aarch64_cortex-a53_musl/linux-qualcommax_ipq60xx/linux-6.6.42/arch/arm64/boot/dts/qcom/ipq6018-fap650.dts:286.5-35: Warning (reg_format): /soc@0/spi@78b5000/flash@0/partitions/partition@500000:reg: property has invalid length (8 bytes) (#address-cells == 2, #size-cells == 1)
/home/albresky/repos/openwrt-6.x/build_dir/target-aarch64_cortex-a53_musl/linux-qualcommax_ipq60xx/linux-6.6.42/arch/arm64/boot/dts/qcom/ipq6018-fap650.dts:291.5-35: Warning (reg_format): /soc@0/spi@78b5000/flash@0/partitions/partition@510000:reg: property has invalid length (8 bytes) (#address-cells == 2, #size-cells == 1)
/home/albresky/repos/openwrt-6.x/build_dir/target-aarch64_cortex-a53_musl/linux-qualcommax_ipq60xx/linux-6.6.42/arch/arm64/boot/dts/qcom/ipq6018-fap650.dts:296.5-35: Warning (reg_format): /soc@0/spi@78b5000/flash@0/partitions/partition@520000:reg: property has invalid length (8 bytes) (#address-cells == 2, #size-cells == 1)
/home/albresky/repos/openwrt-6.x/build_dir/target-aarch64_cortex-a53_musl/linux-qualcommax_ipq60xx/linux-6.6.42/arch/arm64/boot/dts/qcom/ipq6018-fap650.dts:301.5-35: Warning (reg_format): /soc@0/spi@78b5000/flash@0/partitions/partition@5c0000:reg: property has invalid length (8 bytes) (#address-cells == 2, #size-cells == 1)
/home/albresky/repos/openwrt-6.x/build_dir/target-aarch64_cortex-a53_musl/linux-qualcommax_ipq60xx/linux-6.6.42/arch/arm64/boot/dts/qcom/ipq6018-fap650.dts:306.5-35: Warning (reg_format): /soc@0/spi@78b5000/flash@0/partitions/partition@660000:reg: property has invalid length (8 bytes) (#address-cells == 2, #size-cells == 1)
/home/albresky/repos/openwrt-6.x/build_dir/target-aarch64_cortex-a53_musl/linux-qualcommax_ipq60xx/image-ipq6018-fap650.dtb: Warning (pci_device_reg): Failed prerequisite 'reg_format'
/home/albresky/repos/openwrt-6.x/build_dir/target-aarch64_cortex-a53_musl/linux-qualcommax_ipq60xx/image-ipq6018-fap650.dtb: Warning (pci_device_bus_num): Failed prerequisite 'reg_format'
/home/albresky/repos/openwrt-6.x/build_dir/target-aarch64_cortex-a53_musl/linux-qualcommax_ipq60xx/image-ipq6018-fap650.dtb: Warning (i2c_bus_reg): Failed prerequisite 'reg_format'
/home/albresky/repos/openwrt-6.x/build_dir/target-aarch64_cortex-a53_musl/linux-qualcommax_ipq60xx/image-ipq6018-fap650.dtb: Warning (spi_bus_reg): Failed prerequisite 'reg_format'
/home/albresky/repos/openwrt-6.x/build_dir/target-aarch64_cortex-a53_musl/linux-qualcommax_ipq60xx/linux-6.6.42/arch/arm64/boot/dts/qcom/ipq6018-fap650.dts:230.16-233.6: Warning (avoid_default_addr_size): /soc@0/spi@78b5000/flash@0/partitions/partition@0: Relying on default #address-cells value
/home/albresky/repos/openwrt-6.x/build_dir/target-aarch64_cortex-a53_musl/linux-qualcommax_ipq60xx/linux-6.6.42/arch/arm64/boot/dts/qcom/ipq6018-fap650.dts:230.16-233.6: Warning (avoid_default_addr_size): /soc@0/spi@78b5000/flash@0/partitions/partition@0: Relying on default #size-cells value
/home/albresky/repos/openwrt-6.x/build_dir/target-aarch64_cortex-a53_musl/linux-qualcommax_ipq60xx/linux-6.6.42/arch/arm64/boot/dts/qcom/ipq6018-fap650.dts:235.20-238.6: Warning (avoid_default_addr_size): /soc@0/spi@78b5000/flash@0/partitions/partition@c0000: Relying on default #address-cells value
/home/albresky/repos/openwrt-6.x/build_dir/target-aarch64_cortex-a53_musl/linux-qualcommax_ipq60xx/linux-6.6.42/arch/arm64/boot/dts/qcom/ipq6018-fap650.dts:235.20-238.6: Warning (avoid_default_addr_size): /soc@0/spi@78b5000/flash@0/partitions/partition@c0000: Relying on default #size-cells value
/home/albresky/repos/openwrt-6.x/build_dir/target-aarch64_cortex-a53_musl/linux-qualcommax_ipq60xx/linux-6.6.42/arch/arm64/boot/dts/qcom/ipq6018-fap650.dts:240.20-243.6: Warning (avoid_default_addr_size): /soc@0/spi@78b5000/flash@0/partitions/partition@d0000: Relying on default #address-cells value
/home/albresky/repos/openwrt-6.x/build_dir/target-aarch64_cortex-a53_musl/linux-qualcommax_ipq60xx/linux-6.6.42/arch/arm64/boot/dts/qcom/ipq6018-fap650.dts:240.20-243.6: Warning (avoid_default_addr_size): /soc@0/spi@78b5000/flash@0/partitions/partition@d0000: Relying on default #size-cells value
/home/albresky/repos/openwrt-6.x/build_dir/target-aarch64_cortex-a53_musl/linux-qualcommax_ipq60xx/linux-6.6.42/arch/arm64/boot/dts/qcom/ipq6018-fap650.dts:245.20-248.6: Warning (avoid_default_addr_size): /soc@0/spi@78b5000/flash@0/partitions/partition@f0000: Relying on default #address-cells value
/home/albresky/repos/openwrt-6.x/build_dir/target-aarch64_cortex-a53_musl/linux-qualcommax_ipq60xx/linux-6.6.42/arch/arm64/boot/dts/qcom/ipq6018-fap650.dts:245.20-248.6: Warning (avoid_default_addr_size): /soc@0/spi@78b5000/flash@0/partitions/partition@f0000: Relying on default #size-cells value
/home/albresky/repos/openwrt-6.x/build_dir/target-aarch64_cortex-a53_musl/linux-qualcommax_ipq60xx/linux-6.6.42/arch/arm64/boot/dts/qcom/ipq6018-fap650.dts:250.21-253.6: Warning (avoid_default_addr_size): /soc@0/spi@78b5000/flash@0/partitions/partition@110000: Relying on default #address-cells value
/home/albresky/repos/openwrt-6.x/build_dir/target-aarch64_cortex-a53_musl/linux-qualcommax_ipq60xx/linux-6.6.42/arch/arm64/boot/dts/qcom/ipq6018-fap650.dts:250.21-253.6: Warning (avoid_default_addr_size): /soc@0/spi@78b5000/flash@0/partitions/partition@110000: Relying on default #size-cells value
/home/albresky/repos/openwrt-6.x/build_dir/target-aarch64_cortex-a53_musl/linux-qualcommax_ipq60xx/linux-6.6.42/arch/arm64/boot/dts/qcom/ipq6018-fap650.dts:255.21-258.6: Warning (avoid_default_addr_size): /soc@0/spi@78b5000/flash@0/partitions/partition@2b0000: Relying on default #address-cells value
/home/albresky/repos/openwrt-6.x/build_dir/target-aarch64_cortex-a53_musl/linux-qualcommax_ipq60xx/linux-6.6.42/arch/arm64/boot/dts/qcom/ipq6018-fap650.dts:255.21-258.6: Warning (avoid_default_addr_size): /soc@0/spi@78b5000/flash@0/partitions/partition@2b0000: Relying on default #size-cells value
/home/albresky/repos/openwrt-6.x/build_dir/target-aarch64_cortex-a53_musl/linux-qualcommax_ipq60xx/linux-6.6.42/arch/arm64/boot/dts/qcom/ipq6018-fap650.dts:260.21-263.6: Warning (avoid_default_addr_size): /soc@0/spi@78b5000/flash@0/partitions/partition@450000: Relying on default #address-cells value
/home/albresky/repos/openwrt-6.x/build_dir/target-aarch64_cortex-a53_musl/linux-qualcommax_ipq60xx/linux-6.6.42/arch/arm64/boot/dts/qcom/ipq6018-fap650.dts:260.21-263.6: Warning (avoid_default_addr_size): /soc@0/spi@78b5000/flash@0/partitions/partition@450000: Relying on default #size-cells value
/home/albresky/repos/openwrt-6.x/build_dir/target-aarch64_cortex-a53_musl/linux-qualcommax_ipq60xx/linux-6.6.42/arch/arm64/boot/dts/qcom/ipq6018-fap650.dts:265.21-268.6: Warning (avoid_default_addr_size): /soc@0/spi@78b5000/flash@0/partitions/partition@460000: Relying on default #address-cells value
/home/albresky/repos/openwrt-6.x/build_dir/target-aarch64_cortex-a53_musl/linux-qualcommax_ipq60xx/linux-6.6.42/arch/arm64/boot/dts/qcom/ipq6018-fap650.dts:265.21-268.6: Warning (avoid_default_addr_size): /soc@0/spi@78b5000/flash@0/partitions/partition@460000: Relying on default #size-cells value
/home/albresky/repos/openwrt-6.x/build_dir/target-aarch64_cortex-a53_musl/linux-qualcommax_ipq60xx/linux-6.6.42/arch/arm64/boot/dts/qcom/ipq6018-fap650.dts:270.21-273.6: Warning (avoid_default_addr_size): /soc@0/spi@78b5000/flash@0/partitions/partition@470000: Relying on default #address-cells value
/home/albresky/repos/openwrt-6.x/build_dir/target-aarch64_cortex-a53_musl/linux-qualcommax_ipq60xx/linux-6.6.42/arch/arm64/boot/dts/qcom/ipq6018-fap650.dts:270.21-273.6: Warning (avoid_default_addr_size): /soc@0/spi@78b5000/flash@0/partitions/partition@470000: Relying on default #size-cells value
/home/albresky/repos/openwrt-6.x/build_dir/target-aarch64_cortex-a53_musl/linux-qualcommax_ipq60xx/linux-6.6.42/arch/arm64/boot/dts/qcom/ipq6018-fap650.dts:275.21-278.6: Warning (avoid_default_addr_size): /soc@0/spi@78b5000/flash@0/partitions/partition@4b0000: Relying on default #address-cells value
/home/albresky/repos/openwrt-6.x/build_dir/target-aarch64_cortex-a53_musl/linux-qualcommax_ipq60xx/linux-6.6.42/arch/arm64/boot/dts/qcom/ipq6018-fap650.dts:275.21-278.6: Warning (avoid_default_addr_size): /soc@0/spi@78b5000/flash@0/partitions/partition@4b0000: Relying on default #size-cells value
/home/albresky/repos/openwrt-6.x/build_dir/target-aarch64_cortex-a53_musl/linux-qualcommax_ipq60xx/linux-6.6.42/arch/arm64/boot/dts/qcom/ipq6018-fap650.dts:280.21-283.6: Warning (avoid_default_addr_size): /soc@0/spi@78b5000/flash@0/partitions/partition@4f0000: Relying on default #address-cells value
/home/albresky/repos/openwrt-6.x/build_dir/target-aarch64_cortex-a53_musl/linux-qualcommax_ipq60xx/linux-6.6.42/arch/arm64/boot/dts/qcom/ipq6018-fap650.dts:280.21-283.6: Warning (avoid_default_addr_size): /soc@0/spi@78b5000/flash@0/partitions/partition@4f0000: Relying on default #size-cells value
/home/albresky/repos/openwrt-6.x/build_dir/target-aarch64_cortex-a53_musl/linux-qualcommax_ipq60xx/linux-6.6.42/arch/arm64/boot/dts/qcom/ipq6018-fap650.dts:285.21-288.6: Warning (avoid_default_addr_size): /soc@0/spi@78b5000/flash@0/partitions/partition@500000: Relying on default #address-cells value
/home/albresky/repos/openwrt-6.x/build_dir/target-aarch64_cortex-a53_musl/linux-qualcommax_ipq60xx/linux-6.6.42/arch/arm64/boot/dts/qcom/ipq6018-fap650.dts:285.21-288.6: Warning (avoid_default_addr_size): /soc@0/spi@78b5000/flash@0/partitions/partition@500000: Relying on default #size-cells value
/home/albresky/repos/openwrt-6.x/build_dir/target-aarch64_cortex-a53_musl/linux-qualcommax_ipq60xx/linux-6.6.42/arch/arm64/boot/dts/qcom/ipq6018-fap650.dts:290.21-293.6: Warning (avoid_default_addr_size): /soc@0/spi@78b5000/flash@0/partitions/partition@510000: Relying on default #address-cells value
/home/albresky/repos/openwrt-6.x/build_dir/target-aarch64_cortex-a53_musl/linux-qualcommax_ipq60xx/linux-6.6.42/arch/arm64/boot/dts/qcom/ipq6018-fap650.dts:290.21-293.6: Warning (avoid_default_addr_size): /soc@0/spi@78b5000/flash@0/partitions/partition@510000: Relying on default #size-cells value
/home/albresky/repos/openwrt-6.x/build_dir/target-aarch64_cortex-a53_musl/linux-qualcommax_ipq60xx/linux-6.6.42/arch/arm64/boot/dts/qcom/ipq6018-fap650.dts:295.21-298.6: Warning (avoid_default_addr_size): /soc@0/spi@78b5000/flash@0/partitions/partition@520000: Relying on default #address-cells value
/home/albresky/repos/openwrt-6.x/build_dir/target-aarch64_cortex-a53_musl/linux-qualcommax_ipq60xx/linux-6.6.42/arch/arm64/boot/dts/qcom/ipq6018-fap650.dts:295.21-298.6: Warning (avoid_default_addr_size): /soc@0/spi@78b5000/flash@0/partitions/partition@520000: Relying on default #size-cells value
/home/albresky/repos/openwrt-6.x/build_dir/target-aarch64_cortex-a53_musl/linux-qualcommax_ipq60xx/linux-6.6.42/arch/arm64/boot/dts/qcom/ipq6018-fap650.dts:300.21-303.6: Warning (avoid_default_addr_size): /soc@0/spi@78b5000/flash@0/partitions/partition@5c0000: Relying on default #address-cells value
/home/albresky/repos/openwrt-6.x/build_dir/target-aarch64_cortex-a53_musl/linux-qualcommax_ipq60xx/linux-6.6.42/arch/arm64/boot/dts/qcom/ipq6018-fap650.dts:300.21-303.6: Warning (avoid_default_addr_size): /soc@0/spi@78b5000/flash@0/partitions/partition@5c0000: Relying on default #size-cells value
/home/albresky/repos/openwrt-6.x/build_dir/target-aarch64_cortex-a53_musl/linux-qualcommax_ipq60xx/linux-6.6.42/arch/arm64/boot/dts/qcom/ipq6018-fap650.dts:305.21-308.6: Warning (avoid_default_addr_size): /soc@0/spi@78b5000/flash@0/partitions/partition@660000: Relying on default #address-cells value
/home/albresky/repos/openwrt-6.x/build_dir/target-aarch64_cortex-a53_musl/linux-qualcommax_ipq60xx/linux-6.6.42/arch/arm64/boot/dts/qcom/ipq6018-fap650.dts:305.21-308.6: Warning (avoid_default_addr_size): /soc@0/spi@78b5000/flash@0/partitions/partition@660000: Relying on default #size-cells value
rm -f /home/albresky/repos/openwrt-6.x/build_dir/target-aarch64_cortex-a53_musl/linux-qualcommax_ipq60xx/image-ipq6018-fap650.dtb.tmp
aarch64-openwrt-linux-musl-cpp -nostdinc -x assembler-with-cpp  -I/home/albresky/repos/openwrt-6.x/build_dir/target-aarch64_cortex-a53_musl/linux-qualcommax_ipq60xx/linux-6.6.42/arch/arm64/boot/dts -I/home/albresky/repos/openwrt-6.x/build_dir/target-aarch64_cortex-a53_musl/linux-qualcommax_ipq60xx/linux-6.6.42/arch/arm64/boot/dts/include -I/home/albresky/repos/openwrt-6.x/build_dir/target-aarch64_cortex-a53_musl/linux-qualcommax_ipq60xx/linux-6.6.42/include/ -I/home/albresky/repos/openwrt-6.x/build_dir/target-aarch64_cortex-a53_musl/linux-qualcommax_ipq60xx/linux-6.6.42/scripts/dtc/include-prefixes -undef -D__DTS__  -o /home/albresky/repos/openwrt-6.x/build_dir/target-aarch64_cortex-a53_musl/linux-qualcommax_ipq60xx/image-ipq6000-mr7350.dtb.tmp /home/albresky/repos/openwrt-6.x/build_dir/target-aarch64_cortex-a53_musl/linux-qualcommax_ipq60xx/linux-6.6.42/arch/arm64/boot/dts/qcom/ipq6000-mr7350.dts
/home/albresky/repos/openwrt-6.x/build_dir/target-aarch64_cortex-a53_musl/linux-qualcommax_ipq60xx/linux-6.6.42/scripts/dtc/dtc -O dtb -i/home/albresky/repos/openwrt-6.x/build_dir/target-aarch64_cortex-a53_musl/linux-qualcommax_ipq60xx/linux-6.6.42/arch/arm64/boot/dts/qcom/ -Wno-interrupt_provider -Wno-unique_unit_address -Wno-unit_address_vs_reg -Wno-avoid_unnecessary_addr_size -Wno-alias_paths -Wno-graph_child_address -Wno-simple_bus_reg    -o /home/albresky/repos/openwrt-6.x/build_dir/target-aarch64_cortex-a53_musl/linux-qualcommax_ipq60xx/image-ipq6000-mr7350.dtb /home/albresky/repos/openwrt-6.x/build_dir/target-aarch64_cortex-a53_musl/linux-qualcommax_ipq60xx/image-ipq6000-mr7350.dtb.tmp
/home/albresky/repos/openwrt-6.x/build_dir/target-aarch64_cortex-a53_musl/linux-qualcommax_ipq60xx/linux-6.6.42/arch/arm64/boot/dts/qcom/ipq6018-nss.dtsi:112.3-10: Warning (ranges_format): /soc@0/qcom,nss_crypto:ranges: empty "ranges" property but its #address-cells (1) differs from /soc@0 (2)
/home/albresky/repos/openwrt-6.x/build_dir/target-aarch64_cortex-a53_musl/linux-qualcommax_ipq60xx/linux-6.6.42/arch/arm64/boot/dts/qcom/ipq6018-nss.dtsi:112.3-10: Warning (ranges_format): /soc@0/qcom,nss_crypto:ranges: empty "ranges" property but its #size-cells (1) differs from /soc@0 (2)
rm -f /home/albresky/repos/openwrt-6.x/build_dir/target-aarch64_cortex-a53_musl/linux-qualcommax_ipq60xx/image-ipq6000-mr7350.dtb.tmp
mkdir -p /home/albresky/repos/openwrt-6.x/bin/targets/qualcommax/ipq60xx /home/albresky/repos/openwrt-6.x/build_dir/target-aarch64_cortex-a53_musl/linux-qualcommax_ipq60xx/tmp
rm -rf /home/albresky/repos/openwrt-6.x/build_dir/target-aarch64_cortex-a53_musl/json_info_files
tar -cp --numeric-owner --owner=0 --group=0 --mode=a-s --sort=name --mtime="@1722179046" -C /home/albresky/repos/openwrt-6.x/build_dir/target-aarch64_cortex-a53_musl/root-qualcommax/ . | gzip -9n > /home/albresky/repos/openwrt-6.x/bin/targets/qualcommax/ipq60xx/libwrt-qualcommax-ipq60xx-jdcloud_ax1800-pro-rootfs.tar.gz
/home/albresky/repos/openwrt-6.x/staging_dir/host/bin/mksquashfs4 /home/albresky/repos/openwrt-6.x/build_dir/target-aarch64_cortex-a53_musl/root-qualcommax /home/albresky/repos/openwrt-6.x/build_dir/target-aarch64_cortex-a53_musl/linux-qualcommax_ipq60xx/root.squashfs -nopad -noappend -root-owned -comp xz -Xpreset 9 -Xe -Xlc 0 -Xlp 2 -Xpb 2  -b 256k -p '/dev d 755 0 0' -p '/dev/console c 600 0 0 5 1' -no-xattrs
Pseudo file "dev" exists in source filesystem "/home/albresky/repos/openwrt-6.x/build_dir/target-aarch64_cortex-a53_musl/root-qualcommax/dev".
Ignoring, exclude it (-e/-ef) to override.
Parallel mksquashfs: Using 8 processors
Creating 4.0 filesystem on /home/albresky/repos/openwrt-6.x/build_dir/target-aarch64_cortex-a53_musl/linux-qualcommax_ipq60xx/root.squashfs, block size 262144.
[|                                                             ]    0/3644   0%[=============================================================\] 3644/3644 100%

Exportable Squashfs 4.0 filesystem, xz compressed, data block size 262144
	compressed data, compressed metadata, compressed fragments,
	no xattrs, compressed ids
	duplicates are removed
Filesystem size 35162.94 Kbytes (34.34 Mbytes)
	25.99% of uncompressed filesystem size (135277.89 Kbytes)
Inode table size 29386 bytes (28.70 Kbytes)
	21.39% of uncompressed inode table size (137407 bytes)
Directory table size 39312 bytes (38.39 Kbytes)
	41.07% of uncompressed directory table size (95716 bytes)
Number of duplicate files found 443
Number of inodes 4052
Number of files 3326
Number of fragments 209
Number of symbolic links 494
Number of device nodes 1
Number of fifo nodes 0
Number of socket nodes 0
Number of directories 231
Number of hard-links 0
Number of ids (unique uids + gids) 1
Number of uids 1
	root (0)
Number of gids 1
	root (0)
rm -f /home/albresky/repos/openwrt-6.x/build_dir/target-aarch64_cortex-a53_musl/linux-qualcommax_ipq60xx/tmp/libwrt-qualcommax-ipq60xx-jdcloud_ax1800-pro-initramfs-uImage.itb
cp /home/albresky/repos/openwrt-6.x/build_dir/target-aarch64_cortex-a53_musl/linux-qualcommax_ipq60xx/Image-initramfs /home/albresky/repos/openwrt-6.x/build_dir/target-aarch64_cortex-a53_musl/linux-qualcommax_ipq60xx/tmp/libwrt-qualcommax-ipq60xx-jdcloud_ax1800-pro-initramfs-uImage.itb
/home/albresky/repos/openwrt-6.x/staging_dir/host/bin/libdeflate-gzip -f -12 -c /home/albresky/repos/openwrt-6.x/build_dir/target-aarch64_cortex-a53_musl/linux-qualcommax_ipq60xx/tmp/libwrt-qualcommax-ipq60xx-jdcloud_ax1800-pro-initramfs-uImage.itb  > /home/albresky/repos/openwrt-6.x/build_dir/target-aarch64_cortex-a53_musl/linux-qualcommax_ipq60xx/tmp/libwrt-qualcommax-ipq60xx-jdcloud_ax1800-pro-initramfs-uImage.itb.new
/home/albresky/repos/openwrt-6.x/scripts/mkits.sh -D jdcloud_ax1800-pro -o /home/albresky/repos/openwrt-6.x/build_dir/target-aarch64_cortex-a53_musl/linux-qualcommax_ipq60xx/tmp/libwrt-qualcommax-ipq60xx-jdcloud_ax1800-pro-initramfs-uImage.itb.its -k /home/albresky/repos/openwrt-6.x/build_dir/target-aarch64_cortex-a53_musl/linux-qualcommax_ipq60xx/tmp/libwrt-qualcommax-ipq60xx-jdcloud_ax1800-pro-initramfs-uImage.itb -C gzip   -d /home/albresky/repos/openwrt-6.x/build_dir/target-aarch64_cortex-a53_musl/linux-qualcommax_ipq60xx/image-ipq6018-jdcloud-ax1800-pro.dtb   -a 0x41000000 -e 0x41000000     -c config@cp03-c2 -A arm64 -v 6.6.42
PATH=/home/albresky/repos/openwrt-6.x/build_dir/target-aarch64_cortex-a53_musl/linux-qualcommax_ipq60xx/linux-6.6.42/scripts/dtc:/home/albresky/repos/openwrt-6.x/staging_dir/toolchain-aarch64_cortex-a53_gcc-13.3.0_musl/bin:/home/albresky/repos/openwrt-6.x/staging_dir/toolchain-aarch64_cortex-a53_gcc-13.3.0_musl/bin:/home/albresky/repos/openwrt-6.x/staging_dir/toolchain-aarch64_cortex-a53_gcc-13.3.0_musl/bin:/home/albresky/repos/openwrt-6.x/staging_dir/toolchain-aarch64_cortex-a53_gcc-13.3.0_musl/bin:/home/albresky/repos/openwrt-6.x/staging_dir/host/bin:/home/albresky/repos/openwrt-6.x/staging_dir/toolchain-aarch64_cortex-a53_gcc-13.3.0_musl/bin:/home/albresky/repos/openwrt-6.x/staging_dir/host/bin:/home/albresky/repos/openwrt-6.x/staging_dir/host/bin:/usr/local/sbin:/usr/local/bin:/usr/sbin:/usr/bin:/sbin:/bin:/usr/games:/usr/local/games:/snap/bin mkimage  -f /home/albresky/repos/openwrt-6.x/build_dir/target-aarch64_cortex-a53_musl/linux-qualcommax_ipq60xx/tmp/libwrt-qualcommax-ipq60xx-jdcloud_ax1800-pro-initramfs-uImage.itb.its /home/albresky/repos/openwrt-6.x/build_dir/target-aarch64_cortex-a53_musl/linux-qualcommax_ipq60xx/tmp/libwrt-qualcommax-ipq60xx-jdcloud_ax1800-pro-initramfs-uImage.itb.new
/home/albresky/repos/openwrt-6.x/build_dir/target-aarch64_cortex-a53_musl/linux-qualcommax_ipq60xx/tmp/libwrt-qualcommax-ipq60xx-jdcloud_ax1800-pro-initramfs-uImage.itb.its:48.18-55.5: Warning (unit_address_vs_reg): /configurations/config@cp03-c2: node has a unit name, but no reg or ranges property
FIT description: ARM64 OpenWrt FIT (Flattened Image Tree)
Created:         Sun Jul 28 15:04:06 2024
 Image 0 (kernel-1)
  Description:  ARM64 OpenWrt Linux-6.6.42
  Created:      Sun Jul 28 15:04:06 2024
  Type:         Kernel Image
  Compression:  gzip compressed
  Data Size:    41778112 Bytes = 40798.94 KiB = 39.84 MiB
  Architecture: AArch64
  OS:           Linux
  Load Address: 0x41000000
  Entry Point:  0x41000000
  Hash algo:    crc32
  Hash value:   27a3539b
  Hash algo:    sha1
  Hash value:   4d9cab73d31084e7cb3243aa20e2582ca4c6b1e4
 Image 1 (fdt-1)
  Description:  ARM64 OpenWrt jdcloud_ax1800-pro device tree blob
  Created:      Sun Jul 28 15:04:06 2024
  Type:         Flat Device Tree
  Compression:  uncompressed
  Data Size:    38201 Bytes = 37.31 KiB = 0.04 MiB
  Architecture: AArch64
  Hash algo:    crc32
  Hash value:   c24151c1
  Hash algo:    sha1
  Hash value:   e203c8efdd69eaad0256eadbbef32d9491298e6a
 Default Configuration: 'config@cp03-c2'
 Configuration 0 (config@cp03-c2)
  Description:  OpenWrt jdcloud_ax1800-pro
  Kernel:       kernel-1
  FDT:          fdt-1
cp /home/albresky/repos/openwrt-6.x/build_dir/target-aarch64_cortex-a53_musl/linux-qualcommax_ipq60xx/tmp/libwrt-qualcommax-ipq60xx-jdcloud_ax1800-pro-initramfs-uImage.itb /home/albresky/repos/openwrt-6.x/bin/targets/qualcommax/ipq60xx/libwrt-qualcommax-ipq60xx-jdcloud_ax1800-pro-initramfs-uImage.itb
DEVICE_ID="jdcloud_ax1800-pro" SOURCE_DATE_EPOCH=1722179046 FILE_NAME="libwrt-qualcommax-ipq60xx-jdcloud_ax1800-pro-initramfs-uImage.itb" FILE_DIR="/home/albresky/repos/openwrt-6.x/build_dir/target-aarch64_cortex-a53_musl/linux-qualcommax_ipq60xx/tmp" FILE_TYPE="kernel" FILE_FILESYSTEM="initramfs" DEVICE_IMG_PREFIX="libwrt-qualcommax-ipq60xx-jdcloud_ax1800-pro" DEVICE_VENDOR="JDCloud" DEVICE_MODEL="AX1800 Pro" DEVICE_VARIANT="" DEVICE_ALT0_VENDOR="" DEVICE_ALT0_MODEL="" DEVICE_ALT0_VARIANT="" DEVICE_ALT1_VENDOR="" DEVICE_ALT1_MODEL="" DEVICE_ALT1_VARIANT="" DEVICE_ALT2_VENDOR="" DEVICE_ALT2_MODEL="" DEVICE_ALT2_VARIANT="" DEVICE_ALT3_VENDOR="" DEVICE_ALT3_MODEL="" DEVICE_ALT3_VARIANT="" DEVICE_ALT4_VENDOR="" DEVICE_ALT4_MODEL="" DEVICE_ALT4_VARIANT="" DEVICE_ALT5_VENDOR="" DEVICE_ALT5_MODEL="" DEVICE_ALT5_VARIANT="" DEVICE_TITLE="JDCloud AX1800 Pro" DEVICE_PACKAGES="ipq-wifi-jdcloud_ax1800-pro kmod-fs-ext4 mkf2fs f2fsck kmod-fs-f2fs" TARGET="qualcommax" SUBTARGET="ipq60xx" VERSION_NUMBER="SNAPSHOT" VERSION_CODE="r28014-f6c274a210" SUPPORTED_DEVICES="jdcloud,ax1800-pro" /home/albresky/repos/openwrt-6.x/scripts/json_add_image_info.py /home/albresky/repos/openwrt-6.x/build_dir/target-aarch64_cortex-a53_musl/json_info_files/libwrt-qualcommax-ipq60xx-jdcloud_ax1800-pro-initramfs-uImage.itb.json
rm -f /home/albresky/repos/openwrt-6.x/build_dir/target-aarch64_cortex-a53_musl/linux-qualcommax_ipq60xx/jdcloud_ax1800-pro-uImage.itb
cp /home/albresky/repos/openwrt-6.x/build_dir/target-aarch64_cortex-a53_musl/linux-qualcommax_ipq60xx/Image /home/albresky/repos/openwrt-6.x/build_dir/target-aarch64_cortex-a53_musl/linux-qualcommax_ipq60xx/jdcloud_ax1800-pro-uImage.itb
/home/albresky/repos/openwrt-6.x/staging_dir/host/bin/libdeflate-gzip -f -12 -c /home/albresky/repos/openwrt-6.x/build_dir/target-aarch64_cortex-a53_musl/linux-qualcommax_ipq60xx/jdcloud_ax1800-pro-uImage.itb  > /home/albresky/repos/openwrt-6.x/build_dir/target-aarch64_cortex-a53_musl/linux-qualcommax_ipq60xx/jdcloud_ax1800-pro-uImage.itb.new
/home/albresky/repos/openwrt-6.x/scripts/mkits.sh -D jdcloud_ax1800-pro -o /home/albresky/repos/openwrt-6.x/build_dir/target-aarch64_cortex-a53_musl/linux-qualcommax_ipq60xx/jdcloud_ax1800-pro-uImage.itb.its -k /home/albresky/repos/openwrt-6.x/build_dir/target-aarch64_cortex-a53_musl/linux-qualcommax_ipq60xx/jdcloud_ax1800-pro-uImage.itb -C gzip   -d /home/albresky/repos/openwrt-6.x/build_dir/target-aarch64_cortex-a53_musl/linux-qualcommax_ipq60xx/image-ipq6018-jdcloud-ax1800-pro.dtb   -a 0x41000000 -e 0x41000000     -c config@cp03-c2 -A arm64 -v 6.6.42
PATH=/home/albresky/repos/openwrt-6.x/build_dir/target-aarch64_cortex-a53_musl/linux-qualcommax_ipq60xx/linux-6.6.42/scripts/dtc:/home/albresky/repos/openwrt-6.x/staging_dir/toolchain-aarch64_cortex-a53_gcc-13.3.0_musl/bin:/home/albresky/repos/openwrt-6.x/staging_dir/toolchain-aarch64_cortex-a53_gcc-13.3.0_musl/bin:/home/albresky/repos/openwrt-6.x/staging_dir/toolchain-aarch64_cortex-a53_gcc-13.3.0_musl/bin:/home/albresky/repos/openwrt-6.x/staging_dir/toolchain-aarch64_cortex-a53_gcc-13.3.0_musl/bin:/home/albresky/repos/openwrt-6.x/staging_dir/host/bin:/home/albresky/repos/openwrt-6.x/staging_dir/toolchain-aarch64_cortex-a53_gcc-13.3.0_musl/bin:/home/albresky/repos/openwrt-6.x/staging_dir/host/bin:/home/albresky/repos/openwrt-6.x/staging_dir/host/bin:/usr/local/sbin:/usr/local/bin:/usr/sbin:/usr/bin:/sbin:/bin:/usr/games:/usr/local/games:/snap/bin mkimage  -f /home/albresky/repos/openwrt-6.x/build_dir/target-aarch64_cortex-a53_musl/linux-qualcommax_ipq60xx/jdcloud_ax1800-pro-uImage.itb.its /home/albresky/repos/openwrt-6.x/build_dir/target-aarch64_cortex-a53_musl/linux-qualcommax_ipq60xx/jdcloud_ax1800-pro-uImage.itb.new
/home/albresky/repos/openwrt-6.x/build_dir/target-aarch64_cortex-a53_musl/linux-qualcommax_ipq60xx/jdcloud_ax1800-pro-uImage.itb.its:48.18-55.5: Warning (unit_address_vs_reg): /configurations/config@cp03-c2: node has a unit name, but no reg or ranges property
FIT description: ARM64 OpenWrt FIT (Flattened Image Tree)
Created:         Sun Jul 28 15:04:06 2024
 Image 0 (kernel-1)
  Description:  ARM64 OpenWrt Linux-6.6.42
  Created:      Sun Jul 28 15:04:06 2024
  Type:         Kernel Image
  Compression:  gzip compressed
  Data Size:    5308040 Bytes = 5183.63 KiB = 5.06 MiB
  Architecture: AArch64
  OS:           Linux
  Load Address: 0x41000000
  Entry Point:  0x41000000
  Hash algo:    crc32
  Hash value:   dfbe0870
  Hash algo:    sha1
  Hash value:   f2f3d827bcc178e8c13ad9151c6a05adb9dea755
 Image 1 (fdt-1)
  Description:  ARM64 OpenWrt jdcloud_ax1800-pro device tree blob
  Created:      Sun Jul 28 15:04:06 2024
  Type:         Flat Device Tree
  Compression:  uncompressed
  Data Size:    38201 Bytes = 37.31 KiB = 0.04 MiB
  Architecture: AArch64
  Hash algo:    crc32
  Hash value:   c24151c1
  Hash algo:    sha1
  Hash value:   e203c8efdd69eaad0256eadbbef32d9491298e6a
 Default Configuration: 'config@cp03-c2'
 Configuration 0 (config@cp03-c2)
  Description:  OpenWrt jdcloud_ax1800-pro
  Kernel:       kernel-1
  FDT:          fdt-1
[ -f /home/albresky/repos/openwrt-6.x/build_dir/target-aarch64_cortex-a53_musl/linux-qualcommax_ipq60xx/jdcloud_ax1800-pro-uImage.itb -a -f /home/albresky/repos/openwrt-6.x/build_dir/target-aarch64_cortex-a53_musl/linux-qualcommax_ipq60xx/root.squashfs ]
dd if=/home/albresky/repos/openwrt-6.x/build_dir/target-aarch64_cortex-a53_musl/linux-qualcommax_ipq60xx/root.squashfs >> /home/albresky/repos/openwrt-6.x/build_dir/target-aarch64_cortex-a53_musl/linux-qualcommax_ipq60xx/tmp/libwrt-qualcommax-ipq60xx-jdcloud_ax1800-pro-squashfs-sysupgrade.bin
70325+1 records in
70325+1 records out
36006854 bytes (36 MB, 34 MiB) copied, 0.269247 s, 134 MB/s
dd if=/home/albresky/repos/openwrt-6.x/build_dir/target-aarch64_cortex-a53_musl/linux-qualcommax_ipq60xx/tmp/libwrt-qualcommax-ipq60xx-jdcloud_ax1800-pro-squashfs-sysupgrade.bin of=/home/albresky/repos/openwrt-6.x/build_dir/target-aarch64_cortex-a53_musl/linux-qualcommax_ipq60xx/tmp/libwrt-qualcommax-ipq60xx-jdcloud_ax1800-pro-squashfs-sysupgrade.bin.new bs=64k conv=sync
549+1 records in
550+0 records out
36044800 bytes (36 MB, 34 MiB) copied, 0.09748 s, 370 MB/s
mv /home/albresky/repos/openwrt-6.x/build_dir/target-aarch64_cortex-a53_musl/linux-qualcommax_ipq60xx/tmp/libwrt-qualcommax-ipq60xx-jdcloud_ax1800-pro-squashfs-sysupgrade.bin.new /home/albresky/repos/openwrt-6.x/build_dir/target-aarch64_cortex-a53_musl/linux-qualcommax_ipq60xx/tmp/libwrt-qualcommax-ipq60xx-jdcloud_ax1800-pro-squashfs-sysupgrade.bin
sh /home/albresky/repos/openwrt-6.x/scripts/sysupgrade-tar.sh --board jdcloud_ax1800-pro --kernel /home/albresky/repos/openwrt-6.x/build_dir/target-aarch64_cortex-a53_musl/linux-qualcommax_ipq60xx/jdcloud_ax1800-pro-uImage.itb --rootfs /home/albresky/repos/openwrt-6.x/build_dir/target-aarch64_cortex-a53_musl/linux-qualcommax_ipq60xx/tmp/libwrt-qualcommax-ipq60xx-jdcloud_ax1800-pro-squashfs-sysupgrade.bin /home/albresky/repos/openwrt-6.x/build_dir/target-aarch64_cortex-a53_musl/linux-qualcommax_ipq60xx/tmp/libwrt-qualcommax-ipq60xx-jdcloud_ax1800-pro-squashfs-sysupgrade.bin
35200+0 records in
35200+0 records out
36044800 bytes (36 MB, 34 MiB) copied, 0.13174 s, 274 MB/s
tar: Option --mtime: Treating date '@1722179046' as 2024-07-28 15:04:06
sysupgrade-jdcloud_ax1800-pro/
sysupgrade-jdcloud_ax1800-pro/CONTROL
sysupgrade-jdcloud_ax1800-pro/kernel
sysupgrade-jdcloud_ax1800-pro/root
echo '{  "metadata_version": "1.1", "compat_version": "1.0",   "supported_devices":["jdcloud,ax1800-pro"], "version": { "dist": "LiBwrt", "version": "SNAPSHOT", "revision": "r28014-f6c274a210", "target": "qualcommax/ipq60xx", "board": "jdcloud_ax1800-pro" } }' | fwtool -I - /home/albresky/repos/openwrt-6.x/build_dir/target-aarch64_cortex-a53_musl/linux-qualcommax_ipq60xx/tmp/libwrt-qualcommax-ipq60xx-jdcloud_ax1800-pro-squashfs-sysupgrade.bin
sha256sum "/home/albresky/repos/openwrt-6.x/build_dir/target-aarch64_cortex-a53_musl/linux-qualcommax_ipq60xx/tmp/libwrt-qualcommax-ipq60xx-jdcloud_ax1800-pro-squashfs-sysupgrade.bin" | cut -d" " -f1 > "/home/albresky/repos/openwrt-6.x/build_dir/target-aarch64_cortex-a53_musl/linux-qualcommax_ipq60xx/tmp/libwrt-qualcommax-ipq60xx-jdcloud_ax1800-pro-squashfs-sysupgrade.bin.sha256sum"
[ ! -s "/home/albresky/repos/openwrt-6.x/key-build" -o ! -s "/home/albresky/repos/openwrt-6.x/key-build.ucert" -o ! -s "/home/albresky/repos/openwrt-6.x/build_dir/target-aarch64_cortex-a53_musl/linux-qualcommax_ipq60xx/tmp/libwrt-qualcommax-ipq60xx-jdcloud_ax1800-pro-squashfs-sysupgrade.bin" ] || { cp "/home/albresky/repos/openwrt-6.x/key-build.ucert" "/home/albresky/repos/openwrt-6.x/build_dir/target-aarch64_cortex-a53_musl/linux-qualcommax_ipq60xx/tmp/libwrt-qualcommax-ipq60xx-jdcloud_ax1800-pro-squashfs-sysupgrade.bin.ucert" ; usign -S -m "/home/albresky/repos/openwrt-6.x/build_dir/target-aarch64_cortex-a53_musl/linux-qualcommax_ipq60xx/tmp/libwrt-qualcommax-ipq60xx-jdcloud_ax1800-pro-squashfs-sysupgrade.bin" -s "/home/albresky/repos/openwrt-6.x/key-build" -x "/home/albresky/repos/openwrt-6.x/build_dir/target-aarch64_cortex-a53_musl/linux-qualcommax_ipq60xx/tmp/libwrt-qualcommax-ipq60xx-jdcloud_ax1800-pro-squashfs-sysupgrade.bin.sig" ; ucert -A -c "/home/albresky/repos/openwrt-6.x/build_dir/target-aarch64_cortex-a53_musl/linux-qualcommax_ipq60xx/tmp/libwrt-qualcommax-ipq60xx-jdcloud_ax1800-pro-squashfs-sysupgrade.bin.ucert" -x "/home/albresky/repos/openwrt-6.x/build_dir/target-aarch64_cortex-a53_musl/linux-qualcommax_ipq60xx/tmp/libwrt-qualcommax-ipq60xx-jdcloud_ax1800-pro-squashfs-sysupgrade.bin.sig" ; fwtool -S "/home/albresky/repos/openwrt-6.x/build_dir/target-aarch64_cortex-a53_musl/linux-qualcommax_ipq60xx/tmp/libwrt-qualcommax-ipq60xx-jdcloud_ax1800-pro-squashfs-sysupgrade.bin.ucert" "/home/albresky/repos/openwrt-6.x/build_dir/target-aarch64_cortex-a53_musl/linux-qualcommax_ipq60xx/tmp/libwrt-qualcommax-ipq60xx-jdcloud_ax1800-pro-squashfs-sysupgrade.bin" ; }
cp /home/albresky/repos/openwrt-6.x/build_dir/target-aarch64_cortex-a53_musl/linux-qualcommax_ipq60xx/tmp/libwrt-qualcommax-ipq60xx-jdcloud_ax1800-pro-squashfs-sysupgrade.bin /home/albresky/repos/openwrt-6.x/bin/targets/qualcommax/ipq60xx/libwrt-qualcommax-ipq60xx-jdcloud_ax1800-pro-squashfs-sysupgrade.bin
DEVICE_ID="jdcloud_ax1800-pro" SOURCE_DATE_EPOCH=1722179046 FILE_NAME="libwrt-qualcommax-ipq60xx-jdcloud_ax1800-pro-squashfs-sysupgrade.bin" FILE_DIR="/home/albresky/repos/openwrt-6.x/build_dir/target-aarch64_cortex-a53_musl/linux-qualcommax_ipq60xx/tmp" FILE_TYPE=sysupgrade FILE_FILESYSTEM="squashfs" DEVICE_IMG_PREFIX="libwrt-qualcommax-ipq60xx-jdcloud_ax1800-pro" DEVICE_VENDOR="JDCloud" DEVICE_MODEL="AX1800 Pro" DEVICE_VARIANT="" DEVICE_ALT0_VENDOR="" DEVICE_ALT0_MODEL="" DEVICE_ALT0_VARIANT="" DEVICE_ALT1_VENDOR="" DEVICE_ALT1_MODEL="" DEVICE_ALT1_VARIANT="" DEVICE_ALT2_VENDOR="" DEVICE_ALT2_MODEL="" DEVICE_ALT2_VARIANT="" DEVICE_ALT3_VENDOR="" DEVICE_ALT3_MODEL="" DEVICE_ALT3_VARIANT="" DEVICE_ALT4_VENDOR="" DEVICE_ALT4_MODEL="" DEVICE_ALT4_VARIANT="" DEVICE_ALT5_VENDOR="" DEVICE_ALT5_MODEL="" DEVICE_ALT5_VARIANT="" DEVICE_TITLE="JDCloud AX1800 Pro" DEVICE_PACKAGES="ipq-wifi-jdcloud_ax1800-pro kmod-fs-ext4 mkf2fs f2fsck kmod-fs-f2fs" TARGET="qualcommax" SUBTARGET="ipq60xx" VERSION_NUMBER="SNAPSHOT" VERSION_CODE="r28014-f6c274a210" SUPPORTED_DEVICES="jdcloud,ax1800-pro" /home/albresky/repos/openwrt-6.x/scripts/json_add_image_info.py /home/albresky/repos/openwrt-6.x/build_dir/target-aarch64_cortex-a53_musl/json_info_files/libwrt-qualcommax-ipq60xx-jdcloud_ax1800-pro-squashfs-sysupgrade.bin.json
[ -f /home/albresky/repos/openwrt-6.x/build_dir/target-aarch64_cortex-a53_musl/linux-qualcommax_ipq60xx/jdcloud_ax1800-pro-uImage.itb -a -f /home/albresky/repos/openwrt-6.x/build_dir/target-aarch64_cortex-a53_musl/linux-qualcommax_ipq60xx/root.squashfs ]
dd if=/home/albresky/repos/openwrt-6.x/build_dir/target-aarch64_cortex-a53_musl/linux-qualcommax_ipq60xx/jdcloud_ax1800-pro-uImage.itb >> /home/albresky/repos/openwrt-6.x/build_dir/target-aarch64_cortex-a53_musl/linux-qualcommax_ipq60xx/tmp/libwrt-qualcommax-ipq60xx-jdcloud_ax1800-pro-squashfs-factory.bin
10445+1 records in
10445+1 records out
5348160 bytes (5.3 MB, 5.1 MiB) copied, 0.0470594 s, 114 MB/s
dd if=/home/albresky/repos/openwrt-6.x/build_dir/target-aarch64_cortex-a53_musl/linux-qualcommax_ipq60xx/tmp/libwrt-qualcommax-ipq60xx-jdcloud_ax1800-pro-squashfs-factory.bin of=/home/albresky/repos/openwrt-6.x/build_dir/target-aarch64_cortex-a53_musl/linux-qualcommax_ipq60xx/tmp/libwrt-qualcommax-ipq60xx-jdcloud_ax1800-pro-squashfs-factory.bin.new bs=6144k conv=sync
0+1 records in
1+0 records out
6291456 bytes (6.3 MB, 6.0 MiB) copied, 0.0342797 s, 184 MB/s
mv /home/albresky/repos/openwrt-6.x/build_dir/target-aarch64_cortex-a53_musl/linux-qualcommax_ipq60xx/tmp/libwrt-qualcommax-ipq60xx-jdcloud_ax1800-pro-squashfs-factory.bin.new /home/albresky/repos/openwrt-6.x/build_dir/target-aarch64_cortex-a53_musl/linux-qualcommax_ipq60xx/tmp/libwrt-qualcommax-ipq60xx-jdcloud_ax1800-pro-squashfs-factory.bin
dd if=/home/albresky/repos/openwrt-6.x/build_dir/target-aarch64_cortex-a53_musl/linux-qualcommax_ipq60xx/root.squashfs >> /home/albresky/repos/openwrt-6.x/build_dir/target-aarch64_cortex-a53_musl/linux-qualcommax_ipq60xx/tmp/libwrt-qualcommax-ipq60xx-jdcloud_ax1800-pro-squashfs-factory.bin
70325+1 records in
70325+1 records out
36006854 bytes (36 MB, 34 MiB) copied, 0.323525 s, 111 MB/s
echo '{  "metadata_version": "1.1", "compat_version": "1.0",   "supported_devices":["jdcloud,ax1800-pro"], "version": { "dist": "LiBwrt", "version": "SNAPSHOT", "revision": "r28014-f6c274a210", "target": "qualcommax/ipq60xx", "board": "jdcloud_ax1800-pro" } }' | fwtool -I - /home/albresky/repos/openwrt-6.x/build_dir/target-aarch64_cortex-a53_musl/linux-qualcommax_ipq60xx/tmp/libwrt-qualcommax-ipq60xx-jdcloud_ax1800-pro-squashfs-factory.bin
sha256sum "/home/albresky/repos/openwrt-6.x/build_dir/target-aarch64_cortex-a53_musl/linux-qualcommax_ipq60xx/tmp/libwrt-qualcommax-ipq60xx-jdcloud_ax1800-pro-squashfs-factory.bin" | cut -d" " -f1 > "/home/albresky/repos/openwrt-6.x/build_dir/target-aarch64_cortex-a53_musl/linux-qualcommax_ipq60xx/tmp/libwrt-qualcommax-ipq60xx-jdcloud_ax1800-pro-squashfs-factory.bin.sha256sum"
[ ! -s "/home/albresky/repos/openwrt-6.x/key-build" -o ! -s "/home/albresky/repos/openwrt-6.x/key-build.ucert" -o ! -s "/home/albresky/repos/openwrt-6.x/build_dir/target-aarch64_cortex-a53_musl/linux-qualcommax_ipq60xx/tmp/libwrt-qualcommax-ipq60xx-jdcloud_ax1800-pro-squashfs-factory.bin" ] || { cp "/home/albresky/repos/openwrt-6.x/key-build.ucert" "/home/albresky/repos/openwrt-6.x/build_dir/target-aarch64_cortex-a53_musl/linux-qualcommax_ipq60xx/tmp/libwrt-qualcommax-ipq60xx-jdcloud_ax1800-pro-squashfs-factory.bin.ucert" ; usign -S -m "/home/albresky/repos/openwrt-6.x/build_dir/target-aarch64_cortex-a53_musl/linux-qualcommax_ipq60xx/tmp/libwrt-qualcommax-ipq60xx-jdcloud_ax1800-pro-squashfs-factory.bin" -s "/home/albresky/repos/openwrt-6.x/key-build" -x "/home/albresky/repos/openwrt-6.x/build_dir/target-aarch64_cortex-a53_musl/linux-qualcommax_ipq60xx/tmp/libwrt-qualcommax-ipq60xx-jdcloud_ax1800-pro-squashfs-factory.bin.sig" ; ucert -A -c "/home/albresky/repos/openwrt-6.x/build_dir/target-aarch64_cortex-a53_musl/linux-qualcommax_ipq60xx/tmp/libwrt-qualcommax-ipq60xx-jdcloud_ax1800-pro-squashfs-factory.bin.ucert" -x "/home/albresky/repos/openwrt-6.x/build_dir/target-aarch64_cortex-a53_musl/linux-qualcommax_ipq60xx/tmp/libwrt-qualcommax-ipq60xx-jdcloud_ax1800-pro-squashfs-factory.bin.sig" ; fwtool -S "/home/albresky/repos/openwrt-6.x/build_dir/target-aarch64_cortex-a53_musl/linux-qualcommax_ipq60xx/tmp/libwrt-qualcommax-ipq60xx-jdcloud_ax1800-pro-squashfs-factory.bin.ucert" "/home/albresky/repos/openwrt-6.x/build_dir/target-aarch64_cortex-a53_musl/linux-qualcommax_ipq60xx/tmp/libwrt-qualcommax-ipq60xx-jdcloud_ax1800-pro-squashfs-factory.bin" ; }
cp /home/albresky/repos/openwrt-6.x/build_dir/target-aarch64_cortex-a53_musl/linux-qualcommax_ipq60xx/tmp/libwrt-qualcommax-ipq60xx-jdcloud_ax1800-pro-squashfs-factory.bin /home/albresky/repos/openwrt-6.x/bin/targets/qualcommax/ipq60xx/libwrt-qualcommax-ipq60xx-jdcloud_ax1800-pro-squashfs-factory.bin
DEVICE_ID="jdcloud_ax1800-pro" SOURCE_DATE_EPOCH=1722179046 FILE_NAME="libwrt-qualcommax-ipq60xx-jdcloud_ax1800-pro-squashfs-factory.bin" FILE_DIR="/home/albresky/repos/openwrt-6.x/build_dir/target-aarch64_cortex-a53_musl/linux-qualcommax_ipq60xx/tmp" FILE_TYPE=factory FILE_FILESYSTEM="squashfs" DEVICE_IMG_PREFIX="libwrt-qualcommax-ipq60xx-jdcloud_ax1800-pro" DEVICE_VENDOR="JDCloud" DEVICE_MODEL="AX1800 Pro" DEVICE_VARIANT="" DEVICE_ALT0_VENDOR="" DEVICE_ALT0_MODEL="" DEVICE_ALT0_VARIANT="" DEVICE_ALT1_VENDOR="" DEVICE_ALT1_MODEL="" DEVICE_ALT1_VARIANT="" DEVICE_ALT2_VENDOR="" DEVICE_ALT2_MODEL="" DEVICE_ALT2_VARIANT="" DEVICE_ALT3_VENDOR="" DEVICE_ALT3_MODEL="" DEVICE_ALT3_VARIANT="" DEVICE_ALT4_VENDOR="" DEVICE_ALT4_MODEL="" DEVICE_ALT4_VARIANT="" DEVICE_ALT5_VENDOR="" DEVICE_ALT5_MODEL="" DEVICE_ALT5_VARIANT="" DEVICE_TITLE="JDCloud AX1800 Pro" DEVICE_PACKAGES="ipq-wifi-jdcloud_ax1800-pro kmod-fs-ext4 mkf2fs f2fsck kmod-fs-f2fs" TARGET="qualcommax" SUBTARGET="ipq60xx" VERSION_NUMBER="SNAPSHOT" VERSION_CODE="r28014-f6c274a210" SUPPORTED_DEVICES="jdcloud,ax1800-pro" /home/albresky/repos/openwrt-6.x/scripts/json_add_image_info.py /home/albresky/repos/openwrt-6.x/build_dir/target-aarch64_cortex-a53_musl/json_info_files/libwrt-qualcommax-ipq60xx-jdcloud_ax1800-pro-squashfs-factory.bin.json
IPKG_NO_SCRIPT=1 IPKG_INSTROOT=/home/albresky/repos/openwrt-6.x/build_dir/target-aarch64_cortex-a53_musl/root.orig-qualcommax TMPDIR=/home/albresky/repos/openwrt-6.x/build_dir/target-aarch64_cortex-a53_musl/root.orig-qualcommax/tmp /home/albresky/repos/openwrt-6.x/staging_dir/host/bin/opkg --offline-root /home/albresky/repos/openwrt-6.x/build_dir/target-aarch64_cortex-a53_musl/root.orig-qualcommax --force-postinstall --add-dest root:/ --add-arch all:100 --add-arch aarch64_cortex-a53:200 list-installed > /home/albresky/repos/openwrt-6.x/bin/targets/qualcommax/ipq60xx/libwrt-qualcommax-ipq60xx-jdcloud_ax1800-pro.manifest 
make[5]: Leaving directory '/home/albresky/repos/openwrt-6.x/target/linux/qualcommax/image'
make[4]: Leaving directory '/home/albresky/repos/openwrt-6.x/target/linux/qualcommax'
make[3]: Leaving directory '/home/albresky/repos/openwrt-6.x/target/linux'
time: target/linux/install#138.14#62.70#156.74
make[2]: Leaving directory '/home/albresky/repos/openwrt-6.x'
export MAKEFLAGS= ;make -w -r package/index
make[2]: Entering directory '/home/albresky/repos/openwrt-6.x'
Generating package index...
Generating index for package ./autocore_42_aarch64_cortex-a53.ipk
Generating index for package ./base-files_3~f6c274a210_aarch64_cortex-a53.ipk
Generating index for package ./dropbear_2024.85-r1_aarch64_cortex-a53.ipk
Generating index for package ./fstools_2024.07.14~408c2cc4-r1_aarch64_cortex-a53.ipk
Generating index for package ./fwtool_2019.11.12~8f7fe925-r1_aarch64_cortex-a53.ipk
Generating index for package ./ip6tables-extra_1.8.8-r2_aarch64_cortex-a53.ipk
Generating index for package ./ip6tables-mod-nat_1.8.8-r2_aarch64_cortex-a53.ipk
Generating index for package ./ip6tables-nft_1.8.8-r2_aarch64_cortex-a53.ipk
Generating index for package ./ip6tables-zz-legacy_1.8.8-r2_aarch64_cortex-a53.ipk
Generating index for package ./ipq-wifi-jdcloud_ax1800-pro_2024.07.04~fcdb2e74-r1_aarch64_cortex-a53.ipk
Generating index for package ./kmod-asn1-decoder_6.6.42-r1_aarch64_cortex-a53.ipk
Generating index for package ./kmod-asn1-encoder_6.6.42-r1_aarch64_cortex-a53.ipk
Generating index for package ./kmod-ath11k-ahb_6.6.42.6.9.9-r1_aarch64_cortex-a53.ipk
Generating index for package ./kmod-ath11k_6.6.42.6.9.9-r1_aarch64_cortex-a53.ipk
Generating index for package ./kmod-ath_6.6.42.6.9.9-r1_aarch64_cortex-a53.ipk
Generating index for package ./kmod-bonding_6.6.42-r1_aarch64_cortex-a53.ipk
Generating index for package ./kmod-cfg80211_6.6.42.6.9.9-r1_aarch64_cortex-a53.ipk
Generating index for package ./kmod-crypto-acompress_6.6.42-r1_aarch64_cortex-a53.ipk
Generating index for package ./kmod-crypto-aead_6.6.42-r1_aarch64_cortex-a53.ipk
Generating index for package ./kmod-crypto-arc4_6.6.42-r1_aarch64_cortex-a53.ipk
Generating index for package ./kmod-crypto-authenc_6.6.42-r1_aarch64_cortex-a53.ipk
Generating index for package ./kmod-crypto-blake2b_6.6.42-r1_aarch64_cortex-a53.ipk
Generating index for package ./kmod-crypto-cbc_6.6.42-r1_aarch64_cortex-a53.ipk
Generating index for package ./kmod-crypto-ccm_6.6.42-r1_aarch64_cortex-a53.ipk
Generating index for package ./kmod-crypto-cmac_6.6.42-r1_aarch64_cortex-a53.ipk
Generating index for package ./kmod-crypto-crc32_6.6.42-r1_aarch64_cortex-a53.ipk
Generating index for package ./kmod-crypto-crc32c_6.6.42-r1_aarch64_cortex-a53.ipk
Generating index for package ./kmod-crypto-ctr_6.6.42-r1_aarch64_cortex-a53.ipk
Generating index for package ./kmod-crypto-ecb_6.6.42-r1_aarch64_cortex-a53.ipk
Generating index for package ./kmod-crypto-gcm_6.6.42-r1_aarch64_cortex-a53.ipk
Generating index for package ./kmod-crypto-geniv_6.6.42-r1_aarch64_cortex-a53.ipk
Generating index for package ./kmod-crypto-gf128_6.6.42-r1_aarch64_cortex-a53.ipk
Generating index for package ./kmod-crypto-ghash_6.6.42-r1_aarch64_cortex-a53.ipk
Generating index for package ./kmod-crypto-hash_6.6.42-r1_aarch64_cortex-a53.ipk
Generating index for package ./kmod-crypto-hmac_6.6.42-r1_aarch64_cortex-a53.ipk
Generating index for package ./kmod-crypto-manager_6.6.42-r1_aarch64_cortex-a53.ipk
Generating index for package ./kmod-crypto-michael-mic_6.6.42-r1_aarch64_cortex-a53.ipk
Generating index for package ./kmod-crypto-null_6.6.42-r1_aarch64_cortex-a53.ipk
Generating index for package ./kmod-crypto-rng_6.6.42-r1_aarch64_cortex-a53.ipk
Generating index for package ./kmod-crypto-seqiv_6.6.42-r1_aarch64_cortex-a53.ipk
Generating index for package ./kmod-crypto-sha1_6.6.42-r1_aarch64_cortex-a53.ipk
Generating index for package ./kmod-crypto-sha256_6.6.42-r1_aarch64_cortex-a53.ipk
Generating index for package ./kmod-crypto-sha3_6.6.42-r1_aarch64_cortex-a53.ipk
Generating index for package ./kmod-crypto-sha512_6.6.42-r1_aarch64_cortex-a53.ipk
Generating index for package ./kmod-crypto-user_6.6.42-r1_aarch64_cortex-a53.ipk
Generating index for package ./kmod-crypto-xxhash_6.6.42-r1_aarch64_cortex-a53.ipk
Generating index for package ./kmod-cryptodev_6.6.42.1.13-r1_aarch64_cortex-a53.ipk
Generating index for package ./kmod-dax_6.6.42-r1_aarch64_cortex-a53.ipk
Generating index for package ./kmod-dm_6.6.42-r1_aarch64_cortex-a53.ipk
Generating index for package ./kmod-fs-btrfs_6.6.42-r1_aarch64_cortex-a53.ipk
Generating index for package ./kmod-fs-ext4_6.6.42-r1_aarch64_cortex-a53.ipk
Generating index for package ./kmod-fs-f2fs_6.6.42-r1_aarch64_cortex-a53.ipk
Generating index for package ./kmod-fuse_6.6.42-r1_aarch64_cortex-a53.ipk
Generating index for package ./kmod-gpio-button-hotplug_6.6.42-r3_aarch64_cortex-a53.ipk
Generating index for package ./kmod-gre6_6.6.42-r1_aarch64_cortex-a53.ipk
Generating index for package ./kmod-gre_6.6.42-r1_aarch64_cortex-a53.ipk
Generating index for package ./kmod-hwmon-core_6.6.42-r1_aarch64_cortex-a53.ipk
Generating index for package ./kmod-ifb_6.6.42-r1_aarch64_cortex-a53.ipk
Generating index for package ./kmod-inet-diag_6.6.42-r1_aarch64_cortex-a53.ipk
Generating index for package ./kmod-ip6-tunnel_6.6.42-r1_aarch64_cortex-a53.ipk
Generating index for package ./kmod-ip6tables-extra_6.6.42-r1_aarch64_cortex-a53.ipk
Generating index for package ./kmod-ip6tables_6.6.42-r1_aarch64_cortex-a53.ipk
Generating index for package ./kmod-ipt-conntrack_6.6.42-r1_aarch64_cortex-a53.ipk
Generating index for package ./kmod-ipt-core_6.6.42-r1_aarch64_cortex-a53.ipk
Generating index for package ./kmod-ipt-fullconenat_6.6.42.2023.01.01~74c5e6f3-r1_aarch64_cortex-a53.ipk
Generating index for package ./kmod-ipt-ipset_6.6.42-r1_aarch64_cortex-a53.ipk
Generating index for package ./kmod-ipt-nat6_6.6.42-r1_aarch64_cortex-a53.ipk
Generating index for package ./kmod-ipt-nat_6.6.42-r1_aarch64_cortex-a53.ipk
Generating index for package ./kmod-iptunnel4_6.6.42-r1_aarch64_cortex-a53.ipk
Generating index for package ./kmod-iptunnel6_6.6.42-r1_aarch64_cortex-a53.ipk
Generating index for package ./kmod-iptunnel_6.6.42-r1_aarch64_cortex-a53.ipk
Generating index for package ./kmod-keys-encrypted_6.6.42-r1_aarch64_cortex-a53.ipk
Generating index for package ./kmod-keys-trusted_6.6.42-r1_aarch64_cortex-a53.ipk
Generating index for package ./kmod-l2tp_6.6.42-r1_aarch64_cortex-a53.ipk
Generating index for package ./kmod-leds-gpio_6.6.42-r1_aarch64_cortex-a53.ipk
Generating index for package ./kmod-lib-crc-ccitt_6.6.42-r1_aarch64_cortex-a53.ipk
Generating index for package ./kmod-lib-crc16_6.6.42-r1_aarch64_cortex-a53.ipk
Generating index for package ./kmod-lib-crc32c_6.6.42-r1_aarch64_cortex-a53.ipk
Generating index for package ./kmod-lib-lzo_6.6.42-r1_aarch64_cortex-a53.ipk
Generating index for package ./kmod-lib-raid6_6.6.42-r1_aarch64_cortex-a53.ipk
Generating index for package ./kmod-lib-xor_6.6.42-r1_aarch64_cortex-a53.ipk
Generating index for package ./kmod-lib-xxhash_6.6.42-r1_aarch64_cortex-a53.ipk
Generating index for package ./kmod-lib-zlib-deflate_6.6.42-r1_aarch64_cortex-a53.ipk
Generating index for package ./kmod-lib-zlib-inflate_6.6.42-r1_aarch64_cortex-a53.ipk
Generating index for package ./kmod-lib-zstd_6.6.42-r1_aarch64_cortex-a53.ipk
Generating index for package ./kmod-mac80211_6.6.42.6.9.9-r1_aarch64_cortex-a53.ipk
Generating index for package ./kmod-macvlan_6.6.42-r1_aarch64_cortex-a53.ipk
Generating index for package ./kmod-md-mod_6.6.42-r1_aarch64_cortex-a53.ipk
Generating index for package ./kmod-md-raid0_6.6.42-r1_aarch64_cortex-a53.ipk
Generating index for package ./kmod-md-raid10_6.6.42-r1_aarch64_cortex-a53.ipk
Generating index for package ./kmod-md-raid1_6.6.42-r1_aarch64_cortex-a53.ipk
Generating index for package ./kmod-md-raid456_6.6.42-r1_aarch64_cortex-a53.ipk
Generating index for package ./kmod-mppe_6.6.42-r1_aarch64_cortex-a53.ipk
Generating index for package ./kmod-nat46_6.6.42.2022.09.19~4c5beee2-r1_aarch64_cortex-a53.ipk
Generating index for package ./kmod-nf-conntrack-netlink_6.6.42-r1_aarch64_cortex-a53.ipk
Generating index for package ./kmod-nf-conntrack6_6.6.42-r1_aarch64_cortex-a53.ipk
Generating index for package ./kmod-nf-conntrack_6.6.42-r1_aarch64_cortex-a53.ipk
Generating index for package ./kmod-nf-flow_6.6.42-r1_aarch64_cortex-a53.ipk
Generating index for package ./kmod-nf-ipt6_6.6.42-r1_aarch64_cortex-a53.ipk
Generating index for package ./kmod-nf-ipt_6.6.42-r1_aarch64_cortex-a53.ipk
Generating index for package ./kmod-nf-log6_6.6.42-r1_aarch64_cortex-a53.ipk
Generating index for package ./kmod-nf-log_6.6.42-r1_aarch64_cortex-a53.ipk
Generating index for package ./kmod-nf-nat6_6.6.42-r1_aarch64_cortex-a53.ipk
Generating index for package ./kmod-nf-nat_6.6.42-r1_aarch64_cortex-a53.ipk
Generating index for package ./kmod-nf-reject6_6.6.42-r1_aarch64_cortex-a53.ipk
Generating index for package ./kmod-nf-reject_6.6.42-r1_aarch64_cortex-a53.ipk
Generating index for package ./kmod-nf-tproxy_6.6.42-r1_aarch64_cortex-a53.ipk
Generating index for package ./kmod-nfnetlink_6.6.42-r1_aarch64_cortex-a53.ipk
Generating index for package ./kmod-nft-compat_6.6.42-r1_aarch64_cortex-a53.ipk
Generating index for package ./kmod-nft-core_6.6.42-r1_aarch64_cortex-a53.ipk
Generating index for package ./kmod-nft-fib_6.6.42-r1_aarch64_cortex-a53.ipk
Generating index for package ./kmod-nft-fullcone_6.6.42.2023.05.17~07d93b62-r1_aarch64_cortex-a53.ipk
Generating index for package ./kmod-nft-nat_6.6.42-r1_aarch64_cortex-a53.ipk
Generating index for package ./kmod-nft-offload_6.6.42-r1_aarch64_cortex-a53.ipk
Generating index for package ./kmod-nft-tproxy_6.6.42-r1_aarch64_cortex-a53.ipk
Generating index for package ./kmod-nls-base_6.6.42-r1_aarch64_cortex-a53.ipk
Generating index for package ./kmod-oid-registry_6.6.42-r1_aarch64_cortex-a53.ipk
Generating index for package ./kmod-ppp_6.6.42-r1_aarch64_cortex-a53.ipk
Generating index for package ./kmod-pppoe_6.6.42-r1_aarch64_cortex-a53.ipk
Generating index for package ./kmod-pppol2tp_6.6.42-r1_aarch64_cortex-a53.ipk
Generating index for package ./kmod-pppox_6.6.42-r1_aarch64_cortex-a53.ipk
Generating index for package ./kmod-pptp_6.6.42-r1_aarch64_cortex-a53.ipk
Generating index for package ./kmod-qca-mcs_6.6.42.12.5.2024.02.27~26d6424-r1_aarch64_cortex-a53.ipk
Generating index for package ./kmod-qca-nss-dp_6.6.42.2024.04.16~5bf8b91e-r1_aarch64_cortex-a53.ipk
Generating index for package ./kmod-qca-nss-drv-bridge-mgr_6.6.42.12.5.2024.06.12~1bcef16-r7_aarch64_cortex-a53.ipk
Generating index for package ./kmod-qca-nss-drv-eogremgr_6.6.42.12.5.2024.06.12~1bcef16-r7_aarch64_cortex-a53.ipk
Generating index for package ./kmod-qca-nss-drv-gre_6.6.42.12.5.2024.06.12~1bcef16-r7_aarch64_cortex-a53.ipk
Generating index for package ./kmod-qca-nss-drv-igs_6.6.42.12.5.2024.06.12~1bcef16-r7_aarch64_cortex-a53.ipk
Generating index for package ./kmod-qca-nss-drv-l2tpv2_6.6.42.12.5.2024.06.12~1bcef16-r7_aarch64_cortex-a53.ipk
Generating index for package ./kmod-qca-nss-drv-lag-mgr_6.6.42.12.5.2024.06.12~1bcef16-r7_aarch64_cortex-a53.ipk
Generating index for package ./kmod-qca-nss-drv-map-t_6.6.42.12.5.2024.06.12~1bcef16-r7_aarch64_cortex-a53.ipk
Generating index for package ./kmod-qca-nss-drv-match_6.6.42.12.5.2024.06.12~1bcef16-r7_aarch64_cortex-a53.ipk
Generating index for package ./kmod-qca-nss-drv-mirror_6.6.42.12.5.2024.06.12~1bcef16-r7_aarch64_cortex-a53.ipk
Generating index for package ./kmod-qca-nss-drv-pppoe_6.6.42.12.5.2024.06.12~1bcef16-r7_aarch64_cortex-a53.ipk
Generating index for package ./kmod-qca-nss-drv-pptp_6.6.42.12.5.2024.06.12~1bcef16-r7_aarch64_cortex-a53.ipk
Generating index for package ./kmod-qca-nss-drv-qdisc_6.6.42.12.5.2024.06.12~1bcef16-r7_aarch64_cortex-a53.ipk
Generating index for package ./kmod-qca-nss-drv-tun6rd_6.6.42.12.5.2024.06.12~1bcef16-r7_aarch64_cortex-a53.ipk
Generating index for package ./kmod-qca-nss-drv-tunipip6_6.6.42.12.5.2024.06.12~1bcef16-r7_aarch64_cortex-a53.ipk
Generating index for package ./kmod-qca-nss-drv-vlan-mgr_6.6.42.12.5.2024.06.12~1bcef16-r7_aarch64_cortex-a53.ipk
Generating index for package ./kmod-qca-nss-drv-vxlanmgr_6.6.42.12.5.2024.06.12~1bcef16-r7_aarch64_cortex-a53.ipk
Generating index for package ./kmod-qca-nss-drv_6.6.42.12.5.2024.04.06~53a0dc1-r11_aarch64_cortex-a53.ipk
Generating index for package ./kmod-qca-nss-ecm_6.6.42.12.5.2024.06.20~92c7fa1-r3_aarch64_cortex-a53.ipk
Generating index for package ./kmod-qca-nss-macsec_6.6.42.12.4.5.2023.10.16~b94e22d-r1_aarch64_cortex-a53.ipk
Generating index for package ./kmod-qca-ssdk_6.6.42.2024.06.13~c451136b-r3_aarch64_cortex-a53.ipk
Generating index for package ./kmod-qrtr-smd_6.6.42-r1_aarch64_cortex-a53.ipk
Generating index for package ./kmod-qrtr_6.6.42-r1_aarch64_cortex-a53.ipk
Generating index for package ./kmod-random-core_6.6.42-r1_aarch64_cortex-a53.ipk
Generating index for package ./kmod-sched-core_6.6.42-r1_aarch64_cortex-a53.ipk
Generating index for package ./kmod-sit_6.6.42-r1_aarch64_cortex-a53.ipk
Generating index for package ./kmod-slhc_6.6.42-r1_aarch64_cortex-a53.ipk
Generating index for package ./kmod-thermal_6.6.42-r1_aarch64_cortex-a53.ipk
Generating index for package ./kmod-tpm_6.6.42-r1_aarch64_cortex-a53.ipk
Generating index for package ./kmod-tun_6.6.42-r1_aarch64_cortex-a53.ipk
Generating index for package ./kmod-udptunnel4_6.6.42-r1_aarch64_cortex-a53.ipk
Generating index for package ./kmod-udptunnel6_6.6.42-r1_aarch64_cortex-a53.ipk
Generating index for package ./kmod-usb-core_6.6.42-r1_aarch64_cortex-a53.ipk
Generating index for package ./kmod-usb-dwc3-qcom_6.6.42-r1_aarch64_cortex-a53.ipk
Generating index for package ./kmod-usb-dwc3_6.6.42-r1_aarch64_cortex-a53.ipk
Generating index for package ./kmod-usb-xhci-hcd_6.6.42-r1_aarch64_cortex-a53.ipk
Generating index for package ./kmod-usb3_6.6.42-r1_aarch64_cortex-a53.ipk
Generating index for package ./kmod-vxlan_6.6.42-r1_aarch64_cortex-a53.ipk
Generating index for package ./kmod-zram_6.6.42-r1_aarch64_cortex-a53.ipk
Generating index for package ./libatomic1_13.3.0-r4_aarch64_cortex-a53.ipk
Generating index for package ./libgcc1_13.3.0-r4_aarch64_cortex-a53.ipk
Generating index for package ./libip4tc2_1.8.8-r2_aarch64_cortex-a53.ipk
Generating index for package ./libip6tc2_1.8.8-r2_aarch64_cortex-a53.ipk
Generating index for package ./libiptext-nft0_1.8.8-r2_aarch64_cortex-a53.ipk
Generating index for package ./libiptext0_1.8.8-r2_aarch64_cortex-a53.ipk
Generating index for package ./libiptext6-0_1.8.8-r2_aarch64_cortex-a53.ipk
Generating index for package ./libpthread_1.2.5-r4_aarch64_cortex-a53.ipk
Generating index for package ./librt_1.2.5-r4_aarch64_cortex-a53.ipk
Generating index for package ./libstdcpp6_13.3.0-r4_aarch64_cortex-a53.ipk
Generating index for package ./libxtables12_1.8.8-r2_aarch64_cortex-a53.ipk
Generating index for package ./mtd_26_aarch64_cortex-a53.ipk
Generating index for package ./ubi-utils_2.2.0-r1_aarch64_cortex-a53.ipk
Generating index for package ./uboot-envtools_2024.07-r1_aarch64_cortex-a53.ipk
Generating index for package ./xtables-legacy_1.8.8-r2_aarch64_cortex-a53.ipk
Generating index for package ./xtables-nft_1.8.8-r2_aarch64_cortex-a53.ipk
Generating index for package ./6in4_28_all.ipk
Generating index for package ./6rd_13_all.ipk
Generating index for package ./ath11k-firmware-ipq6018_2024.07.23~14fc6d54-r1_aarch64_cortex-a53.ipk
Generating index for package ./blkid_2.40.1-r1_aarch64_cortex-a53.ipk
Generating index for package ./busybox_1.36.1-r1_aarch64_cortex-a53.ipk
Generating index for package ./ca-bundle_20240203-r1_all.ipk
Generating index for package ./ca-certificates_20240203-r1_all.ipk
Generating index for package ./cpufreq_1_all.ipk
Generating index for package ./default-settings-chn_29_all.ipk
Generating index for package ./default-settings_29_all.ipk
Generating index for package ./dnsmasq-dhcpv6_2.90-r2_aarch64_cortex-a53.ipk
Generating index for package ./dnsmasq-full_2.90-r2_aarch64_cortex-a53.ipk
Generating index for package ./dnsmasq_2.90-r2_aarch64_cortex-a53.ipk
Generating index for package ./e2fsprogs_1.47.0-r2_aarch64_cortex-a53.ipk
Generating index for package ./ethtool_6.6-r1_aarch64_cortex-a53.ipk
Generating index for package ./f2fs-tools_1.16.0-r3_aarch64_cortex-a53.ipk
Generating index for package ./f2fsck_1.16.0-r3_aarch64_cortex-a53.ipk
Generating index for package ./fdisk_2.40.1-r1_aarch64_cortex-a53.ipk
Generating index for package ./findfs_2.40.1-r1_aarch64_cortex-a53.ipk
Generating index for package ./firewall4_2024.05.21~4c01d1eb-r1_aarch64_cortex-a53.ipk
Generating index for package ./getrandom_2024.04.26~85f10530-r1_aarch64_cortex-a53.ipk
Generating index for package ./hostapd-common_2024.03.09~695277a5-r2_aarch64_cortex-a53.ipk
Generating index for package ./ip-full_6.9.0-r1_aarch64_cortex-a53.ipk
Generating index for package ./ip6tables-mod-fullconenat_2023.01.01~74c5e6f3-r1_aarch64_cortex-a53.ipk
Generating index for package ./ipv6helper_5_all.ipk
Generating index for package ./iw_6.9-r1_aarch64_cortex-a53.ipk
Generating index for package ./iwinfo_2024.07.06~21582013-r1_aarch64_cortex-a53.ipk
Generating index for package ./jansson4_2.14-r3_aarch64_cortex-a53.ipk
Generating index for package ./jshn_2024.03.29~eb9bcb64-r1_aarch64_cortex-a53.ipk
Generating index for package ./jsonfilter_2024.01.23~594cfa86-r1_aarch64_cortex-a53.ipk
Generating index for package ./libblkid1_2.40.1-r1_aarch64_cortex-a53.ipk
Generating index for package ./libblobmsg-json20240329_2024.03.29~eb9bcb64-r1_aarch64_cortex-a53.ipk
Generating index for package ./libbpf1_1.4.5-r1_aarch64_cortex-a53.ipk
Generating index for package ./libbz2-1.0_1.0.8-r1_aarch64_cortex-a53.ipk
Generating index for package ./libcap-bin_2.69-r1_aarch64_cortex-a53.ipk
Generating index for package ./libcap_2.69-r1_aarch64_cortex-a53.ipk
Generating index for package ./libcomerr0_1.47.0-r2_aarch64_cortex-a53.ipk
Generating index for package ./libe2p2_1.47.0-r2_aarch64_cortex-a53.ipk
Generating index for package ./libelf1_0.191-r1_aarch64_cortex-a53.ipk
Generating index for package ./libevent2-7_2.1.12-r2_aarch64_cortex-a53.ipk
Generating index for package ./libevent2-core7_2.1.12-r2_aarch64_cortex-a53.ipk
Generating index for package ./libevent2-pthreads7_2.1.12-r2_aarch64_cortex-a53.ipk
Generating index for package ./libext2fs2_1.47.0-r2_aarch64_cortex-a53.ipk
Generating index for package ./libf2fs6_1.16.0-r3_aarch64_cortex-a53.ipk
Generating index for package ./libfdisk1_2.40.1-r1_aarch64_cortex-a53.ipk
Generating index for package ./libgmp10_6.3.0-r1_aarch64_cortex-a53.ipk
Generating index for package ./libiwinfo-data_2024.07.06~21582013-r1_aarch64_cortex-a53.ipk
Generating index for package ./libiwinfo20230701_2024.07.06~21582013-r1_aarch64_cortex-a53.ipk
Generating index for package ./libjson-c5_0.17-r1_aarch64_cortex-a53.ipk
Generating index for package ./libjson-script20240329_2024.03.29~eb9bcb64-r1_aarch64_cortex-a53.ipk
Generating index for package ./liblua5.1.5_5.1.5-r11_aarch64_cortex-a53.ipk
Generating index for package ./libmbedtls21_3.6.0-r1_aarch64_cortex-a53.ipk
Generating index for package ./libmnl0_1.0.5-r1_aarch64_cortex-a53.ipk
Generating index for package ./libmount1_2.40.1-r1_aarch64_cortex-a53.ipk
Generating index for package ./libncurses6_6.4-r2_aarch64_cortex-a53.ipk
Generating index for package ./libnetfilter-conntrack3_1.0.9-r2_aarch64_cortex-a53.ipk
Generating index for package ./libnettle8_3.9.1-r1_aarch64_cortex-a53.ipk
Generating index for package ./libnfnetlink0_1.0.2-r1_aarch64_cortex-a53.ipk
Generating index for package ./libnftnl11_1.2.6-r1_aarch64_cortex-a53.ipk
Generating index for package ./libnl-tiny1_2023.12.05~965c4bf4-r1_aarch64_cortex-a53.ipk
Generating index for package ./libopenssl-conf_3.0.14-r2_aarch64_cortex-a53.ipk
Generating index for package ./libopenssl-legacy_3.0.14-r2_aarch64_cortex-a53.ipk
Generating index for package ./libopenssl3_3.0.10-r1_aarch64_cortex-a53.ipk
Generating index for package ./libopenssl3_3.0.14-r2_aarch64_cortex-a53.ipk
Generating index for package ./libopenssl3_3.1.5-quic-r1_aarch64_cortex-a53.ipk
Generating index for package ./libpcre2_10.42-r1_aarch64_cortex-a53.ipk
Generating index for package ./libreadline8_8.2-r2_aarch64_cortex-a53.ipk
Generating index for package ./libsmartcols1_2.40.1-r1_aarch64_cortex-a53.ipk
Generating index for package ./libss2_1.47.0-r2_aarch64_cortex-a53.ipk
Generating index for package ./libubox20240329_2024.03.29~eb9bcb64-r1_aarch64_cortex-a53.ipk
Generating index for package ./libubus-lua_2023.11.28~f84eb599-r1_aarch64_cortex-a53.ipk
Generating index for package ./libubus20231128_2023.11.28~f84eb599-r1_aarch64_cortex-a53.ipk
Generating index for package ./libuci20130104_2023.08.10~5781664d-r1_aarch64_cortex-a53.ipk
Generating index for package ./libuclient20201210_2024.04.19~e8780fa7-r1_aarch64_cortex-a53.ipk
Generating index for package ./libucode20230711_2024.07.11~1a8a0bcf-r1_aarch64_cortex-a53.ipk
Generating index for package ./libudebug_2023.12.06~6d3f51f9_aarch64_cortex-a53.ipk
Generating index for package ./libunistring_1.1-r1_aarch64_cortex-a53.ipk
Generating index for package ./libustream-openssl20201210_2024.04.19~524a76e5-r1_aarch64_cortex-a53.ipk
Generating index for package ./libuuid1_2.40.1-r1_aarch64_cortex-a53.ipk
Generating index for package ./logd_2024.04.26~85f10530-r1_aarch64_cortex-a53.ipk
Generating index for package ./losetup_2.40.1-r1_aarch64_cortex-a53.ipk
Generating index for package ./lsblk_2.40.1-r1_aarch64_cortex-a53.ipk
Generating index for package ./lua_5.1.5-r11_aarch64_cortex-a53.ipk
Generating index for package ./mdadm_4.3-r1_aarch64_cortex-a53.ipk
Generating index for package ./mkf2fs_1.16.0-r3_aarch64_cortex-a53.ipk
Generating index for package ./netifd_2024.01.04~f01345ec-r1_aarch64_cortex-a53.ipk
Generating index for package ./nftables-json_1.0.9-r1_aarch64_cortex-a53.ipk
Generating index for package ./odhcp6c_2023.05.12~bcd28363-r20_aarch64_cortex-a53.ipk
Generating index for package ./odhcpd-ipv6only_2024.05.08~a2988231-r1_aarch64_cortex-a53.ipk
Generating index for package ./openssl-util_3.0.14-r2_aarch64_cortex-a53.ipk
Generating index for package ./openwrt-keyring_2021.11.13~07d34f5c-r2_aarch64_cortex-a53.ipk
Generating index for package ./opkg_2022.02.24~d038e5b6-r2_aarch64_cortex-a53.ipk
Generating index for package ./partx-utils_2.40.1-r1_aarch64_cortex-a53.ipk
Generating index for package ./ppp-mod-pppoe_2.4.9_git20210104-r8_aarch64_cortex-a53.ipk
Generating index for package ./ppp_2.4.9_git20210104-r8_aarch64_cortex-a53.ipk
Generating index for package ./procd-seccomp_2024.07.07~f230c117-r1_aarch64_cortex-a53.ipk
Generating index for package ./procd-ujail_2024.07.07~f230c117-r1_aarch64_cortex-a53.ipk
Generating index for package ./procd_2024.07.07~f230c117-r1_aarch64_cortex-a53.ipk
Generating index for package ./resolveip_2_aarch64_cortex-a53.ipk
Generating index for package ./rpcd-mod-file_2024.02.22~8ef4c258-r1_aarch64_cortex-a53.ipk
Generating index for package ./rpcd-mod-iwinfo_2024.02.22~8ef4c258-r1_aarch64_cortex-a53.ipk
Generating index for package ./rpcd-mod-ucode_2024.02.22~8ef4c258-r1_aarch64_cortex-a53.ipk
Generating index for package ./rpcd_2024.02.22~8ef4c258-r1_aarch64_cortex-a53.ipk
Generating index for package ./sfdisk_2.40.1-r1_aarch64_cortex-a53.ipk
Generating index for package ./shellsync_0.2-r2_aarch64_cortex-a53.ipk
Generating index for package ./terminfo_6.4-r2_aarch64_cortex-a53.ipk
Generating index for package ./ubox_2024.04.26~85f10530-r1_aarch64_cortex-a53.ipk
Generating index for package ./ubus_2023.11.28~f84eb599-r1_aarch64_cortex-a53.ipk
Generating index for package ./ubusd_2023.11.28~f84eb599-r1_aarch64_cortex-a53.ipk
Generating index for package ./uci_2023.08.10~5781664d-r1_aarch64_cortex-a53.ipk
Generating index for package ./uclient-fetch_2024.04.19~e8780fa7-r1_aarch64_cortex-a53.ipk
Generating index for package ./ucode-mod-fs_2024.07.11~1a8a0bcf-r1_aarch64_cortex-a53.ipk
Generating index for package ./ucode-mod-math_2024.07.11~1a8a0bcf-r1_aarch64_cortex-a53.ipk
Generating index for package ./ucode-mod-nl80211_2024.07.11~1a8a0bcf-r1_aarch64_cortex-a53.ipk
Generating index for package ./ucode-mod-rtnl_2024.07.11~1a8a0bcf-r1_aarch64_cortex-a53.ipk
Generating index for package ./ucode-mod-ubus_2024.07.11~1a8a0bcf-r1_aarch64_cortex-a53.ipk
Generating index for package ./ucode-mod-uci_2024.07.11~1a8a0bcf-r1_aarch64_cortex-a53.ipk
Generating index for package ./ucode-mod-uloop_2024.07.11~1a8a0bcf-r1_aarch64_cortex-a53.ipk
Generating index for package ./ucode_2024.07.11~1a8a0bcf-r1_aarch64_cortex-a53.ipk
Generating index for package ./uhttpd-mod-ubus_2023.06.25~34a8a74d-r3_aarch64_cortex-a53.ipk
Generating index for package ./uhttpd_2023.06.25~34a8a74d-r3_aarch64_cortex-a53.ipk
Generating index for package ./urandom-seed_3_aarch64_cortex-a53.ipk
Generating index for package ./urngd_2023.11.01~44365eb1-r1_aarch64_cortex-a53.ipk
Generating index for package ./usign_2020.05.23~f1f65026-r1_aarch64_cortex-a53.ipk
Generating index for package ./wifi-scripts_1.0-r1_all.ipk
Generating index for package ./wireless-regdb_2024.07.04-r1_all.ipk
Generating index for package ./wpad-openssl_2024.03.09~695277a5-r2_aarch64_cortex-a53.ipk
Generating index for package ./zlib_1.3.1-r1_aarch64_cortex-a53.ipk
Generating index for package ./zram-swap_32_all.ipk
Generating index for package ./liblucihttp-lua_2023.03.15~9b5b683f-r1_aarch64_cortex-a53.ipk
Generating index for package ./liblucihttp-ucode_2023.03.15~9b5b683f-r1_aarch64_cortex-a53.ipk
Generating index for package ./liblucihttp0_2023.03.15~9b5b683f-r1_aarch64_cortex-a53.ipk
Generating index for package ./luci-app-alist_24.204.07517~e72f477_all.ipk
Generating index for package ./luci-app-argon-config_24.204.07517~e72f477_all.ipk
Generating index for package ./luci-app-cpufreq_24.204.07517~e72f477_all.ipk
Generating index for package ./luci-app-cpulimit_24.204.07517~e72f477_all.ipk
Generating index for package ./luci-app-diskman_0.2.11-2_all.ipk
Generating index for package ./luci-app-filebrowser-go_24.204.07517~e72f477_all.ipk
Generating index for package ./luci-app-filebrowser_1.1.0-1_all.ipk
Generating index for package ./luci-app-firewall_24.204.07517~e72f477_all.ipk
Generating index for package ./luci-app-https-dns-proxy_2023.11.19-r3_all.ipk
Generating index for package ./luci-app-openclash_0.46.014-rbeta_all.ipk
Generating index for package ./luci-app-opkg_24.191.51591~bff2a43_all.ipk
Generating index for package ./luci-app-smartdns_1.2024.45-1_all.ipk
Generating index for package ./luci-app-transmission_24.204.07517~e72f477_all.ipk
Generating index for package ./luci-app-uhttpd_24.204.07517~e72f477_all.ipk
Generating index for package ./luci-app-unblockneteasemusic_3.2-3_all.ipk
Generating index for package ./luci-app-upnp_24.204.07517~e72f477_all.ipk
Generating index for package ./luci-app-wechatpush_3.4.2-1_all.ipk
Generating index for package ./luci-app-zerotier_24.204.07517~e72f477_all.ipk
Generating index for package ./luci-base_24.209.33969~31219a4_aarch64_cortex-a53.ipk
Generating index for package ./luci-compat_24.204.07517~e72f477_all.ipk
Generating index for package ./luci-i18n-alist-zh-cn_24.204.07517~e72f477_all.ipk
Generating index for package ./luci-i18n-argon-config-zh-cn_24.204.07517~e72f477_all.ipk
Generating index for package ./luci-i18n-base-zh-cn_24.209.33969~31219a4_all.ipk
Generating index for package ./luci-i18n-cpufreq-zh-cn_24.204.07517~e72f477_all.ipk
Generating index for package ./luci-i18n-cpulimit-zh-cn_24.204.07517~e72f477_all.ipk
Generating index for package ./luci-i18n-dashboard-zh-cn_24.204.07517~e72f477_all.ipk
Generating index for package ./luci-i18n-diskman-zh-cn_24.204.07517~e72f477_all.ipk
Generating index for package ./luci-i18n-dsl-zh-cn_24.203.77557~950daae_all.ipk
Generating index for package ./luci-i18n-filebrowser-go-zh-cn_24.204.07517~e72f477_all.ipk
Generating index for package ./luci-i18n-filebrowser-zh-cn_24.204.07517~e72f477_all.ipk
Generating index for package ./luci-i18n-firewall-zh-cn_24.209.33969~31219a4_all.ipk
Generating index for package ./luci-i18n-https-dns-proxy-zh-cn_24.204.07517~e72f477_all.ipk
Generating index for package ./luci-i18n-opkg-zh-cn_24.200.31954~f5d64f2_all.ipk
Generating index for package ./luci-i18n-smartdns-zh-cn_24.209.33969~31219a4_all.ipk
Generating index for package ./luci-i18n-transmission-zh-cn_24.204.07517~e72f477_all.ipk
Generating index for package ./luci-i18n-uhttpd-zh-cn_24.203.77557~950daae_all.ipk
Generating index for package ./luci-i18n-upnp-zh-cn_24.203.77557~950daae_all.ipk
Generating index for package ./luci-i18n-zerotier-zh-cn_24.204.07517~e72f477_all.ipk
Generating index for package ./luci-lib-base_24.204.07517~e72f477_all.ipk
Generating index for package ./luci-lib-chartjs_24.204.07517~e72f477_all.ipk
Generating index for package ./luci-lib-ip_24.204.07517~e72f477_aarch64_cortex-a53.ipk
Generating index for package ./luci-lib-ipkg_24.204.07517~e72f477_all.ipk
Generating index for package ./luci-lib-iptparser_24.204.07517~e72f477_all.ipk
Generating index for package ./luci-lib-json_24.204.07517~e72f477_all.ipk
Generating index for package ./luci-lib-jsonc_24.204.07517~e72f477_aarch64_cortex-a53.ipk
Generating index for package ./luci-lib-nixio_24.204.07517~e72f477_aarch64_cortex-a53.ipk
Generating index for package ./luci-lib-px5g_24.204.07517~e72f477_aarch64_cortex-a53.ipk
Generating index for package ./luci-lib-uqr_24.204.07517~e72f477_all.ipk
Generating index for package ./luci-light_24.204.07517~e72f477_all.ipk
Generating index for package ./luci-lua-runtime_24.204.07517~e72f477_aarch64_cortex-a53.ipk
Generating index for package ./luci-mod-admin-full_24.204.07517~e72f477_all.ipk
Generating index for package ./luci-mod-dashboard_24.204.07517~e72f477_all.ipk
Generating index for package ./luci-mod-dsl_24.204.07517~e72f477_all.ipk
Generating index for package ./luci-mod-network_24.209.33969~31219a4_all.ipk
Generating index for package ./luci-mod-status_24.209.33969~31219a4_aarch64_cortex-a53.ipk
Generating index for package ./luci-mod-system_24.204.07517~e72f477_all.ipk
Generating index for package ./luci-proto-ipv6_24.204.07517~e72f477_all.ipk
Generating index for package ./luci-proto-ppp_24.204.07517~e72f477_all.ipk
Generating index for package ./luci-ssl-openssl_24.204.07517~e72f477_all.ipk
Generating index for package ./luci-theme-argon_2.3.1-20230420_all.ipk
Generating index for package ./luci-theme-bootstrap_24.191.51591~991549c_all.ipk
Generating index for package ./luci-theme-material_24.191.51591~5119fa2_all.ipk
Generating index for package ./luci-theme-openwrt-2020_24.191.51591~c1621c6_all.ipk
Generating index for package ./luci_24.204.07517~e72f477_all.ipk
Generating index for package ./rpcd-mod-luci_20240305-r1_aarch64_cortex-a53.ipk
Generating index for package ./rpcd-mod-rrdns_20170710_aarch64_cortex-a53.ipk
Generating index for package ./ucode-mod-html_1_aarch64_cortex-a53.ipk
Generating index for package ./ucode-mod-lua_1_aarch64_cortex-a53.ipk
Generating index for package ./nss-firmware-default_2024.07.22~8dceff47-r1_aarch64_cortex-a53.ipk
Generating index for package ./nss-firmware-ipq6018_2024.07.22~8dceff47-r1_aarch64_cortex-a53.ipk
Generating index for package ./alist_3.36.0-r1_aarch64_cortex-a53.ipk
Generating index for package ./autopart_0.9-r3_all.ipk
Generating index for package ./bash_5.2.21-r1_aarch64_cortex-a53.ipk
Generating index for package ./bison_3.8.2-r1_aarch64_cortex-a53.ipk
Generating index for package ./btrfs-progs_6.9-r1_aarch64_cortex-a53.ipk
Generating index for package ./cgi-io_2022.08.10~901b0f04-r21_aarch64_cortex-a53.ipk
Generating index for package ./coreutils-nohup_9.3-r1_aarch64_cortex-a53.ipk
Generating index for package ./coreutils_9.3-r1_aarch64_cortex-a53.ipk
Generating index for package ./cpulimit_0.3.2-r1_aarch64_cortex-a53.ipk
Generating index for package ./cpusage_1_aarch64_cortex-a53.ipk
Generating index for package ./curl_8.9.0-r1_aarch64_cortex-a53.ipk
Generating index for package ./dejavu-fonts-ttf-DejaVuSans_2.37-r1_aarch64_cortex-a53.ipk
Generating index for package ./filebrowser_2.23.0-r2_aarch64_cortex-a53.ipk
Generating index for package ./fuse-utils_2.9.9-r2_aarch64_cortex-a53.ipk
Generating index for package ./gdisk_1.0.10-r1_aarch64_cortex-a53.ipk
Generating index for package ./htop_3.3.0-r2_aarch64_cortex-a53.ipk
Generating index for package ./https-dns-proxy_2023.11.19-rr1_aarch64_cortex-a53.ipk
Generating index for package ./hwinfo_21.71-r4_aarch64_cortex-a53.ipk
Generating index for package ./iperf3-ssl_3.17.1-r2_aarch64_cortex-a53.ipk
Generating index for package ./iperf3_3.17.1-r2_aarch64_cortex-a53.ipk
Generating index for package ./iperf_2.1.9-r1_aarch64_cortex-a53.ipk
Generating index for package ./iputils-arping_20240117-r1_aarch64_cortex-a53.ipk
Generating index for package ./jq_1.7.1-r1_aarch64_cortex-a53.ipk
Generating index for package ./libaio_0.3.113-r3_aarch64_cortex-a53.ipk
Generating index for package ./libattr_2.5.2-r3_aarch64_cortex-a53.ipk
Generating index for package ./libcap-ng_0.8.4-r1_aarch64_cortex-a53.ipk
Generating index for package ./libcares_1.32.3-r1_aarch64_cortex-a53.ipk
Generating index for package ./libcurl4_8.7.1-rr1_aarch64_cortex-a53.ipk
Generating index for package ./libcurl4_8.9.0-r1_aarch64_cortex-a53.ipk
Generating index for package ./libdeflate_1.20-r1_aarch64_cortex-a53.ipk
Generating index for package ./libdevmapper_1.02.197_aarch64_cortex-a53.ipk
Generating index for package ./libdht_2022.04.27~11123089-r1_aarch64_cortex-a53.ipk
Generating index for package ./libev_4.33-r2_aarch64_cortex-a53.ipk
Generating index for package ./libffi_3.4.6-r1_aarch64_cortex-a53.ipk
Generating index for package ./libfuse1_2.9.9-r2_aarch64_cortex-a53.ipk
Generating index for package ./libgdbm_1.23-r1_aarch64_cortex-a53.ipk
Generating index for package ./libidn2_2.3.7-r1_aarch64_cortex-a53.ipk
Generating index for package ./libiperf3_3.17.1-r2_aarch64_cortex-a53.ipk
Generating index for package ./liblzma_5.4.6-r1_aarch64_cortex-a53.ipk
Generating index for package ./liblzo2_2.10-r4_aarch64_cortex-a53.ipk
Generating index for package ./libminiupnpc_2.2.8-r1_aarch64_cortex-a53.ipk
Generating index for package ./libnatpmp1_20230423-r2_aarch64_cortex-a53.ipk
Generating index for package ./libnghttp2-14_1.62.1-r1_aarch64_cortex-a53.ipk
Generating index for package ./libnghttp3_1.4.0-r1_aarch64_cortex-a53.ipk
Generating index for package ./libngtcp2_1.6.0-r1_aarch64_cortex-a53.ipk
Generating index for package ./libparted_3.6-r1_aarch64_cortex-a53.ipk
Generating index for package ./libpsl5_0.21.5-r1_aarch64_cortex-a53.ipk
Generating index for package ./libpython3-3.11_3.11.7-r2_aarch64_cortex-a53.ipk
Generating index for package ./libruby3.3_3.3.3-r1_aarch64_cortex-a53.ipk
Generating index for package ./libsqlite3-0_3410200-r1_aarch64_cortex-a53.ipk
Generating index for package ./libutp_2023.02.14~c95738b1-r1_aarch64_cortex-a53.ipk
Generating index for package ./libyaml_0.2.5-r1_aarch64_cortex-a53.ipk
Generating index for package ./lua-argparse_0.6.0-r1_all.ipk
Generating index for package ./lvm2_2.03.23-r1_aarch64_cortex-a53.ipk
Generating index for package ./miniupnpd-nftables_2.3.6-r1_aarch64_cortex-a53.ipk
Generating index for package ./netcat_0.7.1-r2_aarch64_cortex-a53.ipk
Generating index for package ./node115_v20.15.1-r1_aarch64_cortex-a53.ipk
Generating index for package ./openssh-client_9.8p1-r2_aarch64_cortex-a53.ipk
Generating index for package ./openssh-keygen_9.8p1-r2_aarch64_cortex-a53.ipk
Generating index for package ./parted_3.6-r1_aarch64_cortex-a53.ipk
Generating index for package ./python3-asyncio_3.11.7-r2_aarch64_cortex-a53.ipk
Generating index for package ./python3-base_3.11.7-r2_aarch64_cortex-a53.ipk
Generating index for package ./python3-cgi_3.11.7-r2_aarch64_cortex-a53.ipk
Generating index for package ./python3-cgitb_3.11.7-r2_aarch64_cortex-a53.ipk
Generating index for package ./python3-codecs_3.11.7-r2_aarch64_cortex-a53.ipk
Generating index for package ./python3-ctypes_3.11.7-r2_aarch64_cortex-a53.ipk
Generating index for package ./python3-dbm_3.11.7-r2_aarch64_cortex-a53.ipk
Generating index for package ./python3-decimal_3.11.7-r2_aarch64_cortex-a53.ipk
Generating index for package ./python3-distutils_3.11.7-r2_aarch64_cortex-a53.ipk
Generating index for package ./python3-email_3.11.7-r2_aarch64_cortex-a53.ipk
Generating index for package ./python3-light_3.11.7-r2_aarch64_cortex-a53.ipk
Generating index for package ./python3-logging_3.11.7-r2_aarch64_cortex-a53.ipk
Generating index for package ./python3-lzma_3.11.7-r2_aarch64_cortex-a53.ipk
Generating index for package ./python3-multiprocessing_3.11.7-r2_aarch64_cortex-a53.ipk
Generating index for package ./python3-ncurses_3.11.7-r2_aarch64_cortex-a53.ipk
Generating index for package ./python3-openssl_3.11.7-r2_aarch64_cortex-a53.ipk
Generating index for package ./python3-pydoc_3.11.7-r2_aarch64_cortex-a53.ipk
Generating index for package ./python3-readline_3.11.7-r2_aarch64_cortex-a53.ipk
Generating index for package ./python3-sqlite3_3.11.7-r2_aarch64_cortex-a53.ipk
Generating index for package ./python3-unittest_3.11.7-r2_aarch64_cortex-a53.ipk
Generating index for package ./python3-urllib_3.11.7-r2_aarch64_cortex-a53.ipk
Generating index for package ./python3-uuid_3.11.7-r2_aarch64_cortex-a53.ipk
Generating index for package ./python3-xml_3.11.7-r2_aarch64_cortex-a53.ipk
Generating index for package ./python3_3.11.7-r2_aarch64_cortex-a53.ipk
Generating index for package ./ruby-bigdecimal_3.3.3-r1_aarch64_cortex-a53.ipk
Generating index for package ./ruby-date_3.3.3-r1_aarch64_cortex-a53.ipk
Generating index for package ./ruby-digest_3.3.3-r1_aarch64_cortex-a53.ipk
Generating index for package ./ruby-enc_3.3.3-r1_aarch64_cortex-a53.ipk
Generating index for package ./ruby-pstore_3.3.3-r1_aarch64_cortex-a53.ipk
Generating index for package ./ruby-psych_3.3.3-r1_aarch64_cortex-a53.ipk
Generating index for package ./ruby-stringio_3.3.3-r1_aarch64_cortex-a53.ipk
Generating index for package ./ruby-yaml_3.3.3-r1_aarch64_cortex-a53.ipk
Generating index for package ./ruby_3.3.3-r1_aarch64_cortex-a53.ipk
Generating index for package ./smartdns_46-r1_aarch64_cortex-a53.ipk
Generating index for package ./smartmontools-drivedb_7.4-r1_all.ipk
Generating index for package ./smartmontools_7.4-r1_aarch64_cortex-a53.ipk
Generating index for package ./transmission-cli_4.0.6-r1_aarch64_cortex-a53.ipk
Generating index for package ./transmission-daemon_4.0.6-r1_aarch64_cortex-a53.ipk
Generating index for package ./transmission-remote_4.0.6-r1_aarch64_cortex-a53.ipk
Generating index for package ./transmission-web-control_2021.09.25~4b2e1858-r3_all.ipk
Generating index for package ./unzip_6.0-r8_aarch64_cortex-a53.ipk
Generating index for package ./vim_9.0-r1_aarch64_cortex-a53.ipk
Generating index for package ./wget-nossl_1.24.5-r1_aarch64_cortex-a53.ipk
Generating index for package ./wget-ssl_1.24.5-r1_aarch64_cortex-a53.ipk
Generating index for package ./zerotier_1.14.0-r1_aarch64_cortex-a53.ipk
Generating index for package ./zoneinfo-asia_2024a-r1_aarch64_cortex-a53.ipk
Generating index for package ./zoneinfo-core_2024a-r1_aarch64_cortex-a53.ipk
Signing package index...
make[2]: Leaving directory '/home/albresky/repos/openwrt-6.x'
export MAKEFLAGS= ;make -w -r json_overview_image_info
make[2]: Entering directory '/home/albresky/repos/openwrt-6.x'
WORK_DIR=/home/albresky/repos/openwrt-6.x/build_dir/target-aarch64_cortex-a53_musl/json_info_files /home/albresky/repos/openwrt-6.x/scripts/json_overview_image_info.py /home/albresky/repos/openwrt-6.x/bin/targets/qualcommax/ipq60xx/profiles.json 
make[2]: Leaving directory '/home/albresky/repos/openwrt-6.x'
export MAKEFLAGS= ;make -w -r checksum
make[2]: Entering directory '/home/albresky/repos/openwrt-6.x'
make[2]: Leaving directory '/home/albresky/repos/openwrt-6.x'
make[1]: Leaving directory '/home/albresky/repos/openwrt-6.x'
